✔ a pump crossing the cue start requests drawing even if its timer never fires (4.666042ms)
✔ cue end is recovered when its deadline is cancelled too (0.735833ms)
✔ render immediately before a cue retains the boundary despite timer look-ahead (0.438167ms)
✔ a delivered deadline followed by a render does not cause duplicate pump drawing (0.450583ms)
✔ seek clears the old timeline boundary (0.803959ms)
✔ select clears the old timeline boundary (0.41825ms)
✔ automatic backward clock recovery redraws even with an unchanged timing epoch (0.498958ms)
✔ automatic forward clock recovery redraws even without a future boundary (0.389375ms)
✔ the first pump detects decoded timing changes since the last render (0.680792ms)
✔ pause cancellation suppresses wakeups and resume still recovers a crossed boundary (0.675667ms)
✔ ASS profile is read-only and normal decoding can qualify complete timing (0.512333ms)
✔ EOF after a partial seek or track switch cannot qualify a complete ASS timeline (0.426833ms)
✔ a full 1080p mpv overlay fits and unchanged snapshots are reused (18.013125ms)
✔ display conversion preserves premultiplied colors, positioning and pending snapshots (0.86375ms)
✔ invalid bounds and obsolete tile engines cannot reach the display (0.749458ms)
✔ malformed export and fallback budget errors remain distinct (0.210709ms)
✔ YUV presents composed overlays and clears moved or hidden subtitles (2.681625ms)
ℹ tests 17
ℹ suites 0
ℹ pass 17
ℹ fail 0
ℹ cancelled 0
ℹ skipped 0
ℹ todo 0
ℹ duration_ms 265.257417
