shared:INFO: (Emscripten: Running sanity checks)
cache:INFO: generating system headers: sysroot_install.stamp... (this will be cached in "/Volumes/seed2/Projects/demuxe-nonisolated-full-playback-20260929/playback-full-link-01/cache/sysroot_install.stamp" for subsequent builds)
cache:INFO:  - ok
[1m/Volumes/seed2/Projects/demuxe-nonisolated-full-playback-20260929/playback-full-link-01/inputs/native/player.c:11:26: [0m[0;1;35mwarning: [0m[1mno previous prototype for function 'web_audio_capacity' [-Wmissing-prototypes][0m
   11 | EMSCRIPTEN_KEEPALIVE [0;34mint[0m web_audio_capacity([0;34mvoid[0m) { [0;34mreturn[0m WEB_AUDIO_CAPACITY; }[0m
      | [0;1;32m                         ^
[0m[1m/Volumes/seed2/Projects/demuxe-nonisolated-full-playback-20260929/playback-full-link-01/inputs/native/player.c:11:22: [0m[0;1;36mnote: [0mdeclare 'static' if the function is not intended to be used outside of this translation unit[0m
   11 | EMSCRIPTEN_KEEPALIVE [0;34mint[0m web_audio_capacity([0;34mvoid[0m) { [0;34mreturn[0m WEB_AUDIO_CAPACITY; }[0m
      | [0;1;32m                     ^
[0m      | [0;32m                     static 
[0m[1m/Volumes/seed2/Projects/demuxe-nonisolated-full-playback-20260929/playback-full-link-01/inputs/native/player.c:21:32: [0m[0;1;35mwarning: [0m[1mno previous prototype for function 'web_audio_ptr' [-Wmissing-prototypes][0m
   21 | EMSCRIPTEN_KEEPALIVE uintptr_t web_audio_ptr([0;34mvoid[0m) { [0;34mreturn[0m (uintptr_t)&web_audio; }[0m
      | [0;1;32m                               ^
[0m[1m/Volumes/seed2/Projects/demuxe-nonisolated-full-playback-20260929/playback-full-link-01/inputs/native/player.c:21:22: [0m[0;1;36mnote: [0mdeclare 'static' if the function is not intended to be used outside of this translation unit[0m
   21 | EMSCRIPTEN_KEEPALIVE uintptr_t web_audio_ptr([0;34mvoid[0m) { [0;34mreturn[0m (uintptr_t)&web_audio; }[0m
      | [0;1;32m                     ^
[0m      | [0;32m                     static 
[0m[1m/Volumes/seed2/Projects/demuxe-nonisolated-full-playback-20260929/playback-full-link-01/inputs/native/player.c:24:44: [0m[0;1;35mwarning: [0m[1mdeclaration shadows a variable in the global scope [-Wshadow][0m
   24 | EMSCRIPTEN_KEEPALIVE [0;34mint[0m web_configure([0;34mint[0m pixels, [0;34mint[0m allocation) {[0m
      | [0;1;32m                                           ^
[0m[1m/Volumes/seed2/Projects/demuxe-nonisolated-full-playback-20260929/playback-full-link-01/inputs/native/player.c:17:23: [0m[0;1;36mnote: [0mprevious declaration is here[0m
   17 | [0;34mstatic[0m [0;34munsigned[0m [0;34mchar[0m *pixels;[0m
      | [0;1;32m                      ^
[0m[1m/Volumes/seed2/Projects/demuxe-nonisolated-full-playback-20260929/playback-full-link-01/inputs/native/player.c:24:26: [0m[0;1;35mwarning: [0m[1mno previous prototype for function 'web_configure' [-Wmissing-prototypes][0m
   24 | EMSCRIPTEN_KEEPALIVE [0;34mint[0m web_configure([0;34mint[0m pixels, [0;34mint[0m allocation) {[0m
      | [0;1;32m                         ^
[0m[1m/Volumes/seed2/Projects/demuxe-nonisolated-full-playback-20260929/playback-full-link-01/inputs/native/player.c:24:22: [0m[0;1;36mnote: [0mdeclare 'static' if the function is not intended to be used outside of this translation unit[0m
   24 | EMSCRIPTEN_KEEPALIVE [0;34mint[0m web_configure([0;34mint[0m pixels, [0;34mint[0m allocation) {[0m
      | [0;1;32m                     ^
[0m      | [0;32m                     static 
[0m[1m/Volumes/seed2/Projects/demuxe-nonisolated-full-playback-20260929/playback-full-link-01/inputs/native/player.c:28:26: [0m[0;1;35mwarning: [0m[1mno previous prototype for function 'web_create' [-Wmissing-prototypes][0m
   28 | EMSCRIPTEN_KEEPALIVE [0;34mint[0m web_create([0;34mint[0m rate)[0m
      | [0;1;32m                         ^
[0m[1m/Volumes/seed2/Projects/demuxe-nonisolated-full-playback-20260929/playback-full-link-01/inputs/native/player.c:28:22: [0m[0;1;36mnote: [0mdeclare 'static' if the function is not intended to be used outside of this translation unit[0m
   28 | EMSCRIPTEN_KEEPALIVE [0;34mint[0m web_create([0;34mint[0m rate)[0m
      | [0;1;32m                     ^
[0m      | [0;32m                     static 
[0m[1m/Volumes/seed2/Projects/demuxe-nonisolated-full-playback-20260929/playback-full-link-01/inputs/native/player.c:74:26: [0m[0;1;35mwarning: [0m[1mno previous prototype for function 'web_command_args' [-Wmissing-prototypes][0m
   74 | EMSCRIPTEN_KEEPALIVE [0;34mint[0m web_command_args(uint32_t id,[0;34mconst[0m [0;34mchar[0m *a,[0;34mconst[0m [0;34mchar[0m *b,[0;34mconst[0m [0;34mchar[0m *c,[0;34mconst[0m [0;34mchar[0m *d)[0m
      | [0;1;32m                         ^
[0m[1m/Volumes/seed2/Projects/demuxe-nonisolated-full-playback-20260929/playback-full-link-01/inputs/native/player.c:74:22: [0m[0;1;36mnote: [0mdeclare 'static' if the function is not intended to be used outside of this translation unit[0m
   74 | EMSCRIPTEN_KEEPALIVE [0;34mint[0m web_command_args(uint32_t id,[0;34mconst[0m [0;34mchar[0m *a,[0;34mconst[0m [0;34mchar[0m *b,[0;34mconst[0m [0;34mchar[0m *c,[0;34mconst[0m [0;34mchar[0m *d)[0m
      | [0;1;32m                     ^
[0m      | [0;32m                     static 
[0m[1m/Volumes/seed2/Projects/demuxe-nonisolated-full-playback-20260929/playback-full-link-01/inputs/native/player.c:79:26: [0m[0;1;35mwarning: [0m[1mno previous prototype for function 'web_add_subtitle' [-Wmissing-prototypes][0m
   79 | EMSCRIPTEN_KEEPALIVE [0;34mint[0m web_add_subtitle(uint32_t id, [0;34mconst[0m [0;34mchar[0m *path,[0m
      | [0;1;32m                         ^
[0m[1m/Volumes/seed2/Projects/demuxe-nonisolated-full-playback-20260929/playback-full-link-01/inputs/native/player.c:79:22: [0m[0;1;36mnote: [0mdeclare 'static' if the function is not intended to be used outside of this translation unit[0m
   79 | EMSCRIPTEN_KEEPALIVE [0;34mint[0m web_add_subtitle(uint32_t id, [0;34mconst[0m [0;34mchar[0m *path,[0m
      | [0;1;32m                     ^
[0m      | [0;32m                     static 
[0m[1m/Volumes/seed2/Projects/demuxe-nonisolated-full-playback-20260929/playback-full-link-01/inputs/native/player.c:85:28: [0m[0;1;35mwarning: [0m[1mno previous prototype for function 'web_event' [-Wmissing-prototypes][0m
   85 | EMSCRIPTEN_KEEPALIVE [0;34mchar[0m *web_event([0;34mvoid[0m)[0m
      | [0;1;32m                           ^
[0m[1m/Volumes/seed2/Projects/demuxe-nonisolated-full-playback-20260929/playback-full-link-01/inputs/native/player.c:85:22: [0m[0;1;36mnote: [0mdeclare 'static' if the function is not intended to be used outside of this translation unit[0m
   85 | EMSCRIPTEN_KEEPALIVE [0;34mchar[0m *web_event([0;34mvoid[0m)[0m
      | [0;1;32m                     ^
[0m      | [0;32m                     static 
[0m[1m/Volumes/seed2/Projects/demuxe-nonisolated-full-playback-20260929/playback-full-link-01/inputs/native/player.c:98:32: [0m[0;1;35mwarning: [0m[1mno previous prototype for function 'web_render' [-Wmissing-prototypes][0m
   98 | EMSCRIPTEN_KEEPALIVE uintptr_t web_render([0;34mint[0m w,[0;34mint[0m h,[0;34mint[0m force)[0m
      | [0;1;32m                               ^
[0m[1m/Volumes/seed2/Projects/demuxe-nonisolated-full-playback-20260929/playback-full-link-01/inputs/native/player.c:98:22: [0m[0;1;36mnote: [0mdeclare 'static' if the function is not intended to be used outside of this translation unit[0m
   98 | EMSCRIPTEN_KEEPALIVE uintptr_t web_render([0;34mint[0m w,[0;34mint[0m h,[0;34mint[0m force)[0m
      | [0;1;32m                     ^
[0m      | [0;32m                     static 
[0m[1m/Volumes/seed2/Projects/demuxe-nonisolated-full-playback-20260929/playback-full-link-01/inputs/native/player.c:120:27: [0m[0;1;35mwarning: [0m[1mno previous prototype for function 'web_presented' [-Wmissing-prototypes][0m
  120 | EMSCRIPTEN_KEEPALIVE [0;34mvoid[0m web_presented([0;34mvoid[0m)[0m
      | [0;1;32m                          ^
[0m[1m/Volumes/seed2/Projects/demuxe-nonisolated-full-playback-20260929/playback-full-link-01/inputs/native/player.c:120:22: [0m[0;1;36mnote: [0mdeclare 'static' if the function is not intended to be used outside of this translation unit[0m
  120 | EMSCRIPTEN_KEEPALIVE [0;34mvoid[0m web_presented([0;34mvoid[0m)[0m
      | [0;1;32m                     ^
[0m      | [0;32m                     static 
[0m[1m/Volumes/seed2/Projects/demuxe-nonisolated-full-playback-20260929/playback-full-link-01/inputs/native/player.c:124:27: [0m[0;1;35mwarning: [0m[1mno previous prototype for function 'web_destroy' [-Wmissing-prototypes][0m
  124 | EMSCRIPTEN_KEEPALIVE [0;34mvoid[0m web_destroy([0;34mvoid[0m)[0m
      | [0;1;32m                          ^
[0m[1m/Volumes/seed2/Projects/demuxe-nonisolated-full-playback-20260929/playback-full-link-01/inputs/native/player.c:124:22: [0m[0;1;36mnote: [0mdeclare 'static' if the function is not intended to be used outside of this translation unit[0m
  124 | EMSCRIPTEN_KEEPALIVE [0;34mvoid[0m web_destroy([0;34mvoid[0m)[0m
      | [0;1;32m                     ^
[0m      | [0;32m                     static 
[0m11 warnings generated.
[1m/Volumes/seed2/Projects/demuxe-nonisolated-full-playback-20260929/playback-full-link-01/inputs/native/events.c:48:7: [0m[0;1;35mwarning: [0m[1mno previous prototype for function 'web_node_json' [-Wmissing-prototypes][0m
   48 | [0;34mchar[0m *web_node_json(mpv_node *v) {[0m
      | [0;1;32m      ^
[0m[1m/Volumes/seed2/Projects/demuxe-nonisolated-full-playback-20260929/playback-full-link-01/inputs/native/events.c:48:1: [0m[0;1;36mnote: [0mdeclare 'static' if the function is not intended to be used outside of this translation unit[0m
   48 | [0;34mchar[0m *web_node_json(mpv_node *v) {[0m
      | [0;1;32m^
[0m      | [0;32mstatic 
[0m1 warning generated.
[1m/Volumes/seed2/Projects/demuxe-nonisolated-full-playback-20260929/playback-full-link-01/inputs/experiments/jspi-asyncify/stage2/native/stream-coop.c:59:5: [0m[0;1;35mwarning: [0m[1mno previous prototype for function 'web_register_stream' [-Wmissing-prototypes][0m
   59 | [0;34mint[0m web_register_stream(mpv_handle *player) {[0;34mreturn[0m mpv_stream_cb_add_ro(player,[0;32m"brange"[0m,NULL,open_data);}[0m
      | [0;1;32m    ^
[0m[1m/Volumes/seed2/Projects/demuxe-nonisolated-full-playback-20260929/playback-full-link-01/inputs/experiments/jspi-asyncify/stage2/native/stream-coop.c:59:1: [0m[0;1;36mnote: [0mdeclare 'static' if the function is not intended to be used outside of this translation unit[0m
   59 | [0;34mint[0m web_register_stream(mpv_handle *player) {[0;34mreturn[0m mpv_stream_cb_add_ro(player,[0;32m"brange"[0m,NULL,open_data);}[0m
      | [0;1;32m^
[0m      | [0;32mstatic 
[0m[1m/Volumes/seed2/Projects/demuxe-nonisolated-full-playback-20260929/playback-full-link-01/inputs/experiments/jspi-asyncify/stage2/native/stream-coop.c:60:6: [0m[0;1;35mwarning: [0m[1mno previous prototype for function 'web_io_cancel' [-Wmissing-prototypes][0m
   60 | [0;34mvoid[0m web_io_cancel([0;34mvoid[0m) {source_cancel_all();}[0m
      | [0;1;32m     ^
[0m[1m/Volumes/seed2/Projects/demuxe-nonisolated-full-playback-20260929/playback-full-link-01/inputs/experiments/jspi-asyncify/stage2/native/stream-coop.c:60:1: [0m[0;1;36mnote: [0mdeclare 'static' if the function is not intended to be used outside of this translation unit[0m
   60 | [0;34mvoid[0m web_io_cancel([0;34mvoid[0m) {source_cancel_all();}[0m
      | [0;1;32m^
[0m      | [0;32mstatic 
[0m[1m/Volumes/seed2/Projects/demuxe-nonisolated-full-playback-20260929/playback-full-link-01/inputs/experiments/jspi-asyncify/stage2/native/stream-coop.c:61:5: [0m[0;1;35mwarning: [0m[1mno previous prototype for function 'demuxe_source_live' [-Wmissing-prototypes][0m
   61 | [0;34mint[0m demuxe_source_live([0;34mvoid[0m) {[0;34mint[0m n=[0;32m0[0m;[0;34mfor[0m([0;34munsigned[0m i=[0;32m0[0m;i<[0;32m64[0m;i++)n+=!!sources[i].used;[0;34mreturn[0m n;}[0m
      | [0;1;32m    ^
[0m[1m/Volumes/seed2/Projects/demuxe-nonisolated-full-playback-20260929/playback-full-link-01/inputs/experiments/jspi-asyncify/stage2/native/stream-coop.c:61:1: [0m[0;1;36mnote: [0mdeclare 'static' if the function is not intended to be used outside of this translation unit[0m
   61 | [0;34mint[0m demuxe_source_live([0;34mvoid[0m) {[0;34mint[0m n=[0;32m0[0m;[0;34mfor[0m([0;34munsigned[0m i=[0;32m0[0m;i<[0;32m64[0m;i++)n+=!!sources[i].used;[0;34mreturn[0m n;}[0m
      | [0;1;32m^
[0m      | [0;32mstatic 
[0m3 warnings generated.
clang: [0;1;35mwarning: [0m[1margument unused during compilation: '-fvisibility=hidden' [-Wunused-command-line-argument][0m
clang: [0;1;35mwarning: [0m[1margument unused during compilation: '-fdiagnostics-color=always' [-Wunused-command-line-argument][0m
clang: [0;1;35mwarning: [0m[1margument unused during compilation: '-O3' [-Wunused-command-line-argument][0m
clang: [0;1;35mwarning: [0m[1margument unused during compilation: '-D _FILE_OFFSET_BITS=64' [-Wunused-command-line-argument][0m
clang: [0;1;35mwarning: [0m[1margument unused during compilation: '-fno-math-errno' [-Wunused-command-line-argument][0m
clang: [0;1;35mwarning: [0m[1margument unused during compilation: '-fno-signed-zeros' [-Wunused-command-line-argument][0m
clang: [0;1;35mwarning: [0m[1margument unused during compilation: '-fno-trapping-math' [-Wunused-command-line-argument][0m
clang: [0;1;35mwarning: [0m[1margument unused during compilation: '-D _GNU_SOURCE' [-Wunused-command-line-argument][0m
clang: [0;1;35mwarning: [0m[1margument unused during compilation: '-D NO_BUILD_TIMESTAMPS' [-Wunused-command-line-argument][0m
clang: [0;1;35mwarning: [0m[1margument unused during compilation: '-O2' [-Wunused-command-line-argument][0m
clang: [0;1;35mwarning: [0m[1margument unused during compilation: '-D DEMUXE_COOP_THREADS=1' [-Wunused-command-line-argument][0m
clang: [0;1;35mwarning: [0m[1margument unused during compilation: '-D PL_HAVE_PTHREAD' [-Wunused-command-line-argument][0m
clang: [0;1;35mwarning: [0m[1margument unused during compilation: '-D PTHREAD_HAS_SETCLOCK' [-Wunused-command-line-argument][0m
clang: [0;1;35mwarning: [0m[1margument unused during compilation: '-D PL_STATIC' [-Wunused-command-line-argument][0m
clang: [0;1;35mwarning: [0m[1margument unused during compilation: '-D DEMUXE_COOP_THREADS=1' [-Wunused-command-line-argument][0m
clang: [0;1;35mwarning: [0m[1margument unused during compilation: '-D PL_HAVE_PTHREAD' [-Wunused-command-line-argument][0m
clang: [0;1;35mwarning: [0m[1margument unused during compilation: '-D PTHREAD_HAS_SETCLOCK' [-Wunused-command-line-argument][0m
clang: [0;1;35mwarning: [0m[1margument unused during compilation: '-D PL_STATIC' [-Wunused-command-line-argument][0m
[1m/Volumes/seed2/Projects/demuxe-nonisolated-full-playback-20260929/playback-full-link-01/inputs/experiments/jspi-asyncify/runtime/asyncify-stacks.c:21:5: [0m[0;1;35mwarning: [0m[1mno previous prototype for function 'demuxe_asyncify_count' [-Wmissing-prototypes][0m
   21 | [0;34mint[0m demuxe_asyncify_count([0;34mvoid[0m) {[0;34mreturn[0m DEMUXE_COOP_SLOTS;}[0m
      | [0;1;32m    ^
[0m[1m/Volumes/seed2/Projects/demuxe-nonisolated-full-playback-20260929/playback-full-link-01/inputs/experiments/jspi-asyncify/runtime/asyncify-stacks.c:21:1: [0m[0;1;36mnote: [0mdeclare 'static' if the function is not intended to be used outside of this translation unit[0m
   21 | [0;34mint[0m demuxe_asyncify_count([0;34mvoid[0m) {[0;34mreturn[0m DEMUXE_COOP_SLOTS;}[0m
      | [0;1;32m^
[0m      | [0;32mstatic 
[0m[1m/Volumes/seed2/Projects/demuxe-nonisolated-full-playback-20260929/playback-full-link-01/inputs/experiments/jspi-asyncify/runtime/asyncify-stacks.c:22:11: [0m[0;1;35mwarning: [0m[1mno previous prototype for function 'demuxe_asyncify_data' [-Wmissing-prototypes][0m
   22 | uintptr_t demuxe_asyncify_data([0;34mint[0m i) {[0m
      | [0;1;32m          ^
[0m[1m/Volumes/seed2/Projects/demuxe-nonisolated-full-playback-20260929/playback-full-link-01/inputs/experiments/jspi-asyncify/runtime/asyncify-stacks.c:22:1: [0m[0;1;36mnote: [0mdeclare 'static' if the function is not intended to be used outside of this translation unit[0m
   22 | uintptr_t demuxe_asyncify_data([0;34mint[0m i) {[0m
      | [0;1;32m^
[0m      | [0;32mstatic 
[0m[1m/Volumes/seed2/Projects/demuxe-nonisolated-full-playback-20260929/playback-full-link-01/inputs/experiments/jspi-asyncify/runtime/asyncify-stacks.c:26:11: [0m[0;1;35mwarning: [0m[1mno previous prototype for function 'demuxe_asyncify_base' [-Wmissing-prototypes][0m
   26 | uintptr_t demuxe_asyncify_base([0;34mint[0m i) {[0m
      | [0;1;32m          ^
[0m[1m/Volumes/seed2/Projects/demuxe-nonisolated-full-playback-20260929/playback-full-link-01/inputs/experiments/jspi-asyncify/runtime/asyncify-stacks.c:26:1: [0m[0;1;36mnote: [0mdeclare 'static' if the function is not intended to be used outside of this translation unit[0m
   26 | uintptr_t demuxe_asyncify_base([0;34mint[0m i) {[0m
      | [0;1;32m^
[0m      | [0;32mstatic 
[0m[1m/Volumes/seed2/Projects/demuxe-nonisolated-full-playback-20260929/playback-full-link-01/inputs/experiments/jspi-asyncify/runtime/asyncify-stacks.c:30:11: [0m[0;1;35mwarning: [0m[1mno previous prototype for function 'demuxe_asyncify_end' [-Wmissing-prototypes][0m
   30 | uintptr_t demuxe_asyncify_end([0;34mint[0m i) {[0;34mreturn[0m demuxe_asyncify_base(i)+DEMUXE_ASYNCIFY_BYTES;}[0m
      | [0;1;32m          ^
[0m[1m/Volumes/seed2/Projects/demuxe-nonisolated-full-playback-20260929/playback-full-link-01/inputs/experiments/jspi-asyncify/runtime/asyncify-stacks.c:30:1: [0m[0;1;36mnote: [0mdeclare 'static' if the function is not intended to be used outside of this translation unit[0m
   30 | uintptr_t demuxe_asyncify_end([0;34mint[0m i) {[0;34mreturn[0m demuxe_asyncify_base(i)+DEMUXE_ASYNCIFY_BYTES;}[0m
      | [0;1;32m^
[0m      | [0;32mstatic 
[0m4 warnings generated.
[1m/Volumes/seed2/Projects/demuxe-nonisolated-full-playback-20260929/playback-full-link-01/inputs/experiments/jspi-asyncify/mpv/native/context.c:6:5: [0m[0;1;35mwarning: [0m[1mno previous prototype for function 'demuxe_context_errno' [-Wmissing-prototypes][0m
    6 | [0;34mint[0m demuxe_context_errno([0;34mvoid[0m) { [0;34mreturn[0m errno; }[0m
      | [0;1;32m    ^
[0m[1m/Volumes/seed2/Projects/demuxe-nonisolated-full-playback-20260929/playback-full-link-01/inputs/experiments/jspi-asyncify/mpv/native/context.c:6:1: [0m[0;1;36mnote: [0mdeclare 'static' if the function is not intended to be used outside of this translation unit[0m
    6 | [0;34mint[0m demuxe_context_errno([0;34mvoid[0m) { [0;34mreturn[0m errno; }[0m
      | [0;1;32m^
[0m      | [0;32mstatic 
[0m[1m/Volumes/seed2/Projects/demuxe-nonisolated-full-playback-20260929/playback-full-link-01/inputs/experiments/jspi-asyncify/mpv/native/context.c:7:11: [0m[0;1;35mwarning: [0m[1mno previous prototype for function 'demuxe_context_stack_base' [-Wmissing-prototypes][0m
    7 | uintptr_t demuxe_context_stack_base([0;34mvoid[0m) { [0;34mreturn[0m emscripten_stack_get_base(); }[0m
      | [0;1;32m          ^
[0m[1m/Volumes/seed2/Projects/demuxe-nonisolated-full-playback-20260929/playback-full-link-01/inputs/experiments/jspi-asyncify/mpv/native/context.c:7:1: [0m[0;1;36mnote: [0mdeclare 'static' if the function is not intended to be used outside of this translation unit[0m
    7 | uintptr_t demuxe_context_stack_base([0;34mvoid[0m) { [0;34mreturn[0m emscripten_stack_get_base(); }[0m
      | [0;1;32m^
[0m      | [0;32mstatic 
[0m[1m/Volumes/seed2/Projects/demuxe-nonisolated-full-playback-20260929/playback-full-link-01/inputs/experiments/jspi-asyncify/mpv/native/context.c:8:11: [0m[0;1;35mwarning: [0m[1mno previous prototype for function 'demuxe_context_stack_end' [-Wmissing-prototypes][0m
    8 | uintptr_t demuxe_context_stack_end([0;34mvoid[0m) { [0;34mreturn[0m emscripten_stack_get_end(); }[0m
      | [0;1;32m          ^
[0m[1m/Volumes/seed2/Projects/demuxe-nonisolated-full-playback-20260929/playback-full-link-01/inputs/experiments/jspi-asyncify/mpv/native/context.c:8:1: [0m[0;1;36mnote: [0mdeclare 'static' if the function is not intended to be used outside of this translation unit[0m
    8 | uintptr_t demuxe_context_stack_end([0;34mvoid[0m) { [0;34mreturn[0m emscripten_stack_get_end(); }[0m
      | [0;1;32m^
[0m      | [0;32mstatic 
[0m[1m/Volumes/seed2/Projects/demuxe-nonisolated-full-playback-20260929/playback-full-link-01/inputs/experiments/jspi-asyncify/mpv/native/context.c:9:6: [0m[0;1;35mwarning: [0m[1mno previous prototype for function 'demuxe_context_enter' [-Wmissing-prototypes][0m
    9 | [0;34mvoid[0m demuxe_context_enter(uintptr_t lo, uintptr_t hi, [0;34mint[0m error) {[0m
      | [0;1;32m     ^
[0m[1m/Volumes/seed2/Projects/demuxe-nonisolated-full-playback-20260929/playback-full-link-01/inputs/experiments/jspi-asyncify/mpv/native/context.c:9:1: [0m[0;1;36mnote: [0mdeclare 'static' if the function is not intended to be used outside of this translation unit[0m
    9 | [0;34mvoid[0m demuxe_context_enter(uintptr_t lo, uintptr_t hi, [0;34mint[0m error) {[0m
      | [0;1;32m^
[0m      | [0;32mstatic 
[0m4 warnings generated.
[1m/Volumes/seed2/Projects/demuxe-nonisolated-full-playback-20260929/playback-full-link-01/inputs/experiments/jspi-asyncify/mpv/native/finite-source.c:5:13: [0m[0;1;35mwarning: [0m[1mno previous prototype for function 'web_resource_url' [-Wmissing-prototypes][0m
    5 | [0;34mconst[0m [0;34mchar[0m *web_resource_url([0;34mvoid[0m) { [0;34mreturn[0m NULL; }[0m
      | [0;1;32m            ^
[0m[1m/Volumes/seed2/Projects/demuxe-nonisolated-full-playback-20260929/playback-full-link-01/inputs/experiments/jspi-asyncify/mpv/native/finite-source.c:5:7: [0m[0;1;36mnote: [0mdeclare 'static' if the function is not intended to be used outside of this translation unit[0m
    5 | [0;34mconst[0m [0;34mchar[0m *web_resource_url([0;34mvoid[0m) { [0;34mreturn[0m NULL; }[0m
      | [0;1;32m      ^
[0m      | [0;32mstatic 
[0m[1m/Volumes/seed2/Projects/demuxe-nonisolated-full-playback-20260929/playback-full-link-01/inputs/experiments/jspi-asyncify/mpv/native/finite-source.c:6:5: [0m[0;1;35mwarning: [0m[1mno previous prototype for function 'web_resource_avio_open' [-Wmissing-prototypes][0m
    6 | [0;34mint[0m web_resource_avio_open(AVFormatContext *s, AVIOContext **pb,[0m
      | [0;1;32m    ^
[0m[1m/Volumes/seed2/Projects/demuxe-nonisolated-full-playback-20260929/playback-full-link-01/inputs/experiments/jspi-asyncify/mpv/native/finite-source.c:6:1: [0m[0;1;36mnote: [0mdeclare 'static' if the function is not intended to be used outside of this translation unit[0m
    6 | [0;34mint[0m web_resource_avio_open(AVFormatContext *s, AVIOContext **pb,[0m
      | [0;1;32m^
[0m      | [0;32mstatic 
[0m[1m/Volumes/seed2/Projects/demuxe-nonisolated-full-playback-20260929/playback-full-link-01/inputs/experiments/jspi-asyncify/mpv/native/finite-source.c:11:5: [0m[0;1;35mwarning: [0m[1mno previous prototype for function 'web_resource_avio_close' [-Wmissing-prototypes][0m
   11 | [0;34mint[0m web_resource_avio_close(AVFormatContext *s, AVIOContext *pb) {[0m
      | [0;1;32m    ^
[0m[1m/Volumes/seed2/Projects/demuxe-nonisolated-full-playback-20260929/playback-full-link-01/inputs/experiments/jspi-asyncify/mpv/native/finite-source.c:11:1: [0m[0;1;36mnote: [0mdeclare 'static' if the function is not intended to be used outside of this translation unit[0m
   11 | [0;34mint[0m web_resource_avio_close(AVFormatContext *s, AVIOContext *pb) {[0m
      | [0;1;32m^
[0m      | [0;32mstatic 
[0m3 warnings generated.
cache:INFO: generating system library: sysroot/lib/wasm32-emscripten/libGL-getprocaddr.a... (this will be cached in "/Volumes/seed2/Projects/demuxe-nonisolated-full-playback-20260929/playback-full-link-01/cache/sysroot/lib/wasm32-emscripten/libGL-getprocaddr.a" for subsequent builds)
system_libs:INFO: compiled 4 inputs in 0.82s
cache:INFO:  - ok
cache:INFO: generating system library: sysroot/lib/wasm32-emscripten/libal.a... (this will be cached in "/Volumes/seed2/Projects/demuxe-nonisolated-full-playback-20260929/playback-full-link-01/cache/sysroot/lib/wasm32-emscripten/libal.a" for subsequent builds)
system_libs:INFO: compiled 1 inputs in 0.28s
cache:INFO:  - ok
cache:INFO: generating system library: sysroot/lib/wasm32-emscripten/libhtml5.a... (this will be cached in "/Volumes/seed2/Projects/demuxe-nonisolated-full-playback-20260929/playback-full-link-01/cache/sysroot/lib/wasm32-emscripten/libhtml5.a" for subsequent builds)
system_libs:INFO: compiled 5 inputs in 0.25s
cache:INFO:  - ok
cache:INFO: generating system library: sysroot/lib/wasm32-emscripten/libstubs-debug.a... (this will be cached in "/Volumes/seed2/Projects/demuxe-nonisolated-full-playback-20260929/playback-full-link-01/cache/sysroot/lib/wasm32-emscripten/libstubs-debug.a" for subsequent builds)
system_libs:INFO: compiled 2 inputs in 0.34s
cache:INFO:  - ok
cache:INFO: generating system library: sysroot/lib/wasm32-emscripten/libnoexit.a... (this will be cached in "/Volumes/seed2/Projects/demuxe-nonisolated-full-playback-20260929/playback-full-link-01/cache/sysroot/lib/wasm32-emscripten/libnoexit.a" for subsequent builds)
system_libs:INFO: compiled 1 inputs in 0.13s
cache:INFO:  - ok
cache:INFO: generating system library: sysroot/lib/wasm32-emscripten/libc-debug.a... (this will be cached in "/Volumes/seed2/Projects/demuxe-nonisolated-full-playback-20260929/playback-full-link-01/cache/sysroot/lib/wasm32-emscripten/libc-debug.a" for subsequent builds)
system_libs:INFO: compiled 1045 inputs in 9.71s
cache:INFO:  - ok
cache:INFO: generating system library: sysroot/lib/wasm32-emscripten/libdlmalloc-debug.a... (this will be cached in "/Volumes/seed2/Projects/demuxe-nonisolated-full-playback-20260929/playback-full-link-01/cache/sysroot/lib/wasm32-emscripten/libdlmalloc-debug.a" for subsequent builds)
system_libs:INFO: compiled 2 inputs in 0.59s
cache:INFO:  - ok
cache:INFO: generating system library: sysroot/lib/wasm32-emscripten/libcompiler_rt.a... (this will be cached in "/Volumes/seed2/Projects/demuxe-nonisolated-full-playback-20260929/playback-full-link-01/cache/sysroot/lib/wasm32-emscripten/libcompiler_rt.a" for subsequent builds)
system_libs:INFO: compiled 182 inputs in 2.44s
cache:INFO:  - ok
cache:INFO: generating system library: sysroot/lib/wasm32-emscripten/libc++-debug-noexcept.a... (this will be cached in "/Volumes/seed2/Projects/demuxe-nonisolated-full-playback-20260929/playback-full-link-01/cache/sysroot/lib/wasm32-emscripten/libc++-debug-noexcept.a" for subsequent builds)
system_libs:INFO: compiled 56 inputs in 7.45s
cache:INFO:  - ok
cache:INFO: generating system library: sysroot/lib/wasm32-emscripten/libc++abi-debug-noexcept.a... (this will be cached in "/Volumes/seed2/Projects/demuxe-nonisolated-full-playback-20260929/playback-full-link-01/cache/sysroot/lib/wasm32-emscripten/libc++abi-debug-noexcept.a" for subsequent builds)
system_libs:INFO: compiled 16 inputs in 1.63s
cache:INFO:  - ok
cache:INFO: generating system library: sysroot/lib/wasm32-emscripten/libsockets.a... (this will be cached in "/Volumes/seed2/Projects/demuxe-nonisolated-full-playback-20260929/playback-full-link-01/cache/sysroot/lib/wasm32-emscripten/libsockets.a" for subsequent builds)
system_libs:INFO: compiled 27 inputs in 1.03s
cache:INFO:  - ok
