{
  "source_sha256": "01ff63292a4e4cec2b20eb98fd49b9946a5016d74859d567e7089951bac073cf",
  "source_bytes": 116757,
  "init_bytes": 1256,
  "tracks": {
    "1": {
      "kind": "vide",
      "scale": 12800,
      "sample_count": 75,
      "dts0": 0,
      "sample_bytes": 58995,
      "duration_ticks": 38400,
      "payload_sha256": "13426dba896d4d77c1741910923a0e749fd45fd3b60749ca56491a512cc008c9"
    },
    "2": {
      "kind": "soun",
      "scale": 48000,
      "sample_count": 142,
      "dts0": 0,
      "sample_bytes": 54176,
      "duration_ticks": 145024,
      "payload_sha256": "f4ff67bc2fd558799d6c0bdab5075cff5640ab556f5a81cc5a9300b2b21f0e16"
    }
  },
  "layouts": {
    "grouped": {
      "moof_bytes": 3624,
      "payload_bytes": 113171,
      "run_count": 2,
      "first_three_quarters_prefix_bytes": 116803,
      "runs": [
        {
          "track": 1,
          "samples": 75,
          "offset": 3632,
          "end": 62627,
          "first_dts": 0
        },
        {
          "track": 2,
          "samples": 142,
          "offset": 62627,
          "end": 116803,
          "first_dts": 0
        }
      ],
      "packet_identity": true,
      "raw_sample_table_identity": true,
      "all_ffprobe_fields_equal": true,
      "ffprobe_field_differences": [],
      "packet_count": 217,
      "fragment_bytes": 116803,
      "sha256": "3b300b417b0c19dc88aaacae7053a7a826b75a9e87530599745a5b8c009231b1",
      "video_decoded_exact": true,
      "video_decoded_bytes": 2419200,
      "video_sha256": "856d05f08dbf6016841c15f69c912aadfaf722b5908f938a9163e72478872f12",
      "audio_decoded_exact": true,
      "audio_decoded_bytes": 1163264,
      "audio_sha256": "2d3d60d6e6a027738ea1c505cb3ce679b1b3b3d2493957f91514c09953d9992d"
    },
    "quarter": {
      "moof_bytes": 4084,
      "payload_bytes": 113171,
      "run_count": 25,
      "first_three_quarters_prefix_bytes": 32971,
      "runs": [
        {
          "track": 1,
          "samples": 7,
          "offset": 4092,
          "end": 12014,
          "first_dts": 0
        },
        {
          "track": 2,
          "samples": 12,
          "offset": 12014,
          "end": 16260,
          "first_dts": 0
        },
        {
          "track": 1,
          "samples": 6,
          "offset": 16260,
          "end": 20388,
          "first_dts": 3584
        },
        {
          "track": 2,
          "samples": 12,
          "offset": 20388,
          "end": 24942,
          "first_dts": 12288
        },
        {
          "track": 1,
          "samples": 6,
          "offset": 24942,
          "end": 28448,
          "first_dts": 6656
        },
        {
          "track": 2,
          "samples": 12,
          "offset": 28448,
          "end": 32971,
          "first_dts": 24576
        },
        {
          "track": 1,
          "samples": 6,
          "offset": 32971,
          "end": 37371,
          "first_dts": 9728
        },
        {
          "track": 2,
          "samples": 11,
          "offset": 37371,
          "end": 41646,
          "first_dts": 36864
        },
        {
          "track": 1,
          "samples": 7,
          "offset": 41646,
          "end": 49063,
          "first_dts": 12800
        },
        {
          "track": 2,
          "samples": 12,
          "offset": 49063,
          "end": 53742,
          "first_dts": 48128
        },
        {
          "track": 1,
          "samples": 6,
          "offset": 53742,
          "end": 57051,
          "first_dts": 16384
        },
        {
          "track": 2,
          "samples": 12,
          "offset": 57051,
          "end": 61586,
          "first_dts": 60416
        },
        {
          "track": 1,
          "samples": 6,
          "offset": 61586,
          "end": 65679,
          "first_dts": 19456
        },
        {
          "track": 2,
          "samples": 12,
          "offset": 65679,
          "end": 70270,
          "first_dts": 72704
        },
        {
          "track": 1,
          "samples": 6,
          "offset": 70270,
          "end": 73847,
          "first_dts": 22528
        },
        {
          "track": 2,
          "samples": 11,
          "offset": 73847,
          "end": 78136,
          "first_dts": 84992
        },
        {
          "track": 1,
          "samples": 7,
          "offset": 78136,
          "end": 86041,
          "first_dts": 25600
        },
        {
          "track": 2,
          "samples": 12,
          "offset": 86041,
          "end": 90662,
          "first_dts": 96256
        },
        {
          "track": 1,
          "samples": 6,
          "offset": 90662,
          "end": 94877,
          "first_dts": 29184
        },
        {
          "track": 2,
          "samples": 12,
          "offset": 94877,
          "end": 99438,
          "first_dts": 108544
        },
        {
          "track": 1,
          "samples": 6,
          "offset": 99438,
          "end": 104067,
          "first_dts": 32256
        },
        {
          "track": 2,
          "samples": 11,
          "offset": 104067,
          "end": 108323,
          "first_dts": 120832
        },
        {
          "track": 1,
          "samples": 6,
          "offset": 108323,
          "end": 112217,
          "first_dts": 35328
        },
        {
          "track": 2,
          "samples": 12,
          "offset": 112217,
          "end": 116905,
          "first_dts": 132096
        },
        {
          "track": 2,
          "samples": 1,
          "offset": 116905,
          "end": 117263,
          "first_dts": 144384
        }
      ],
      "packet_identity": true,
      "raw_sample_table_identity": true,
      "all_ffprobe_fields_equal": false,
      "ffprobe_field_differences": [
        {
          "reference": {
            "stream_index": 1,
            "pts": 0,
            "dts": 0,
            "duration": null,
            "size": "338",
            "data_hash": "SHA256:d91d7212fbe5e471860ad81ae19a259fb7cc7fe552f3af9b587de1fc9366afad"
          },
          "candidate": {
            "stream_index": 1,
            "pts": 0,
            "dts": 0,
            "duration": 1024,
            "size": "338",
            "data_hash": "SHA256:d91d7212fbe5e471860ad81ae19a259fb7cc7fe552f3af9b587de1fc9366afad"
          }
        }
      ],
      "packet_count": 217,
      "fragment_bytes": 117263,
      "sha256": "c213f2a5fbc7b738bc076d480c1cff8706db5211768e891e120e5772c77a0e8b",
      "video_decoded_exact": true,
      "video_decoded_bytes": 2419200,
      "video_sha256": "856d05f08dbf6016841c15f69c912aadfaf722b5908f938a9163e72478872f12",
      "audio_decoded_exact": true,
      "audio_decoded_bytes": 1163264,
      "audio_sha256": "2d3d60d6e6a027738ea1c505cb3ce679b1b3b3d2493957f91514c09953d9992d"
    }
  },
  "ledger": {
    "init": "ledger.init",
    "fragments": [
      {
        "file": "ledger_0.m4s",
        "tfdt": 0,
        "bytes": 20268
      },
      {
        "file": "ledger_1.m4s",
        "tfdt": 12800,
        "bytes": 18708
      },
      {
        "file": "ledger_2.m4s",
        "tfdt": 25600,
        "bytes": 20955
      }
    ],
    "targets": [
      0.1,
      0.54,
      1.1,
      1.54,
      2.1,
      2.54,
      0.38
    ],
    "mime": "video/mp4; codecs=\"avc1.64000b\""
  },
  "mime": "video/mp4; codecs=\"avc1.64000b,mp4a.40.2\""
}
[{'kind': 'vide', 'track': 1, 'head': 16852, 'samples_in_head': 19, 'init': 'vide.init', 'frag': 'vide.m4s', 'mime': 'video/mp4; codecs="avc1.64000b"', 'host_decoded_matches_source': True}, {'kind': 'soun', 'track': 2, 'head': 15691, 'samples_in_head': 36, 'init': 'soun.init', 'frag': 'soun.m4s', 'mime': 'audio/mp4; codecs="mp4a.40.2"', 'host_decoded_matches_source': True}]
