PASS 92 / 92
{
  "D87": {
    "track_fragments": [
      {
        "kind": "vide",
        "track": 1,
        "head": 16852,
        "samples_in_head": 19,
        "init": "vide.init",
        "frag": "vide.m4s",
        "mime": "video/mp4; codecs=\"avc1.64000b\"",
        "host_decoded_matches_source": true
      },
      {
        "kind": "soun",
        "track": 2,
        "head": 15691,
        "samples_in_head": 36,
        "init": "soun.init",
        "frag": "soun.m4s",
        "mime": "audio/mp4; codecs=\"mp4a.40.2\"",
        "host_decoded_matches_source": true
      }
    ],
    "head_media_bytes": 32543,
    "head_init_bytes": 1501,
    "retained_early_video_checks": 14,
    "pre_tail": {
      "time": 0.501333,
      "readyState": 4,
      "buffered": [
        [
          0,
          0.76
        ]
      ],
      "frameCount": 14,
      "firstAudio": {
        "wall": 12,
        "time": 0.008136,
        "peak": 0.0012666754191741347,
        "beforeTail": true
      }
    },
    "audio_held_control": {
      "time": 0,
      "readyState": 1,
      "buffered": [],
      "frameCount": 1,
      "firstAudio": null
    },
    "seven_seek_checks_per_arm": true,
    "channel_tone_frequencies": [
      503.90625,
      943.359375
    ]
  },
  "v0": {
    "overwrite_v0": {
      "wrong_seek_outputs": 2,
      "checks": 7,
      "ended": true,
      "coverage": [
        [
          0,
          3
        ]
      ],
      "counts": {
        "requests": 5,
        "mediaAppends": 4,
        "bytes": 78443,
        "pendingJoins": 0,
        "committedSkips": 1,
        "aborts": 0
      }
    },
    "pending_aba_v0": {
      "wrong_seek_outputs": 3,
      "checks": 7,
      "ended": true,
      "coverage": [
        [
          0,
          3
        ]
      ],
      "counts": {
        "requests": 5,
        "mediaAppends": 4,
        "bytes": 80541,
        "pendingJoins": 1,
        "committedSkips": 0,
        "aborts": 0
      }
    }
  }
}
