["ffmpeg", "-v", "error", "-i", "research/shared/runs/20260919T_audio_flac_bits/promoted24.flac", "-f", "s32le", "-"]
["ffmpeg", "-v", "error", "-i", "research/shared/runs/20260919T_audio_flac_bits/R174-cost-True.flac", "-f", "s32le", "-"]
["ffmpeg", "-v", "error", "-y", "-i", "research/shared/runs/20260919T_audio_flac_bits/fixed20.flac", "-c:a", "flac", "-sample_fmt", "s32", "-bits_per_raw_sample", "24", "research/shared/runs/20260919T_audio_flac_bits/R174-cost-False.flac"]
["ffmpeg", "-v", "error", "-i", "research/shared/runs/20260919T_audio_flac_bits/R174-cost-False.flac", "-f", "s32le", "-"]
["ffmpeg", "-v", "error", "-y", "-i", "research/shared/runs/20260919T_audio_flac_bits/fixed20.flac", "-c:a", "flac", "-sample_fmt", "s32", "-bits_per_raw_sample", "24", "research/shared/runs/20260919T_audio_flac_bits/R174-cost-False.flac"]
["ffmpeg", "-v", "error", "-i", "research/shared/runs/20260919T_audio_flac_bits/R174-cost-False.flac", "-f", "s32le", "-"]
["ffmpeg", "-v", "error", "-i", "research/shared/runs/20260919T_audio_flac_bits/R174-cost-True.flac", "-f", "s32le", "-"]
["ffmpeg", "-v", "error", "-i", "research/shared/runs/20260919T_audio_flac_bits/R174-cost-True.flac", "-f", "s32le", "-"]
["ffmpeg", "-v", "error", "-y", "-i", "research/shared/runs/20260919T_audio_flac_bits/fixed20.flac", "-c:a", "flac", "-sample_fmt", "s32", "-bits_per_raw_sample", "24", "research/shared/runs/20260919T_audio_flac_bits/R174-cost-False.flac"]
["ffmpeg", "-v", "error", "-i", "research/shared/runs/20260919T_audio_flac_bits/R174-cost-False.flac", "-f", "s32le", "-"]
["ffmpeg", "-v", "error", "-y", "-i", "research/shared/runs/20260919T_audio_flac_bits/fixed20.flac", "-c:a", "flac", "-sample_fmt", "s32", "-bits_per_raw_sample", "24", "research/shared/runs/20260919T_audio_flac_bits/R174-cost-False.flac"]
["ffmpeg", "-v", "error", "-i", "research/shared/runs/20260919T_audio_flac_bits/R174-cost-False.flac", "-f", "s32le", "-"]
["ffmpeg", "-v", "error", "-i", "research/shared/runs/20260919T_audio_flac_bits/R174-cost-True.flac", "-f", "s32le", "-"]
["ffmpeg", "-v", "error", "-i", "research/shared/runs/20260919T_audio_flac_bits/R174-cost-True.flac", "-f", "s32le", "-"]
["ffmpeg", "-v", "error", "-y", "-i", "research/shared/runs/20260919T_audio_flac_bits/fixed20.flac", "-c:a", "flac", "-sample_fmt", "s32", "-bits_per_raw_sample", "24", "research/shared/runs/20260919T_audio_flac_bits/R174-cost-False.flac"]
["ffmpeg", "-v", "error", "-i", "research/shared/runs/20260919T_audio_flac_bits/R174-cost-False.flac", "-f", "s32le", "-"]
["ffmpeg", "-v", "error", "-y", "-i", "research/shared/runs/20260919T_audio_flac_bits/fixed20.flac", "-c:a", "flac", "-sample_fmt", "s32", "-bits_per_raw_sample", "24", "research/shared/runs/20260919T_audio_flac_bits/R174-cost-False.flac"]
["ffmpeg", "-v", "error", "-i", "research/shared/runs/20260919T_audio_flac_bits/R174-cost-False.flac", "-f", "s32le", "-"]
["ffmpeg", "-v", "error", "-i", "research/shared/runs/20260919T_audio_flac_bits/R174-cost-True.flac", "-f", "s32le", "-"]
["ffmpeg", "-v", "error", "-i", "research/shared/runs/20260919T_audio_flac_bits/selected.flac", "-f", "s32le", "-"]
["ffmpeg", "-v", "error", "-i", "research/shared/runs/20260919T_audio_flac_bits/R103-cost-True.flac", "-f", "s32le", "-"]
["ffmpeg", "-v", "error", "-y", "-i", "research/shared/runs/20260919T_audio_flac_bits/four20.flac", "-af", "pan=stereo|c0=c3|c1=c1", "-c:a", "flac", "-sample_fmt", "s32", "-bits_per_raw_sample", "24", "research/shared/runs/20260919T_audio_flac_bits/R103-cost-False.flac"]
["ffmpeg", "-v", "error", "-i", "research/shared/runs/20260919T_audio_flac_bits/R103-cost-False.flac", "-f", "s32le", "-"]
["ffmpeg", "-v", "error", "-y", "-i", "research/shared/runs/20260919T_audio_flac_bits/four20.flac", "-af", "pan=stereo|c0=c3|c1=c1", "-c:a", "flac", "-sample_fmt", "s32", "-bits_per_raw_sample", "24", "research/shared/runs/20260919T_audio_flac_bits/R103-cost-False.flac"]
["ffmpeg", "-v", "error", "-i", "research/shared/runs/20260919T_audio_flac_bits/R103-cost-False.flac", "-f", "s32le", "-"]
["ffmpeg", "-v", "error", "-i", "research/shared/runs/20260919T_audio_flac_bits/R103-cost-True.flac", "-f", "s32le", "-"]
["ffmpeg", "-v", "error", "-i", "research/shared/runs/20260919T_audio_flac_bits/R103-cost-True.flac", "-f", "s32le", "-"]
["ffmpeg", "-v", "error", "-y", "-i", "research/shared/runs/20260919T_audio_flac_bits/four20.flac", "-af", "pan=stereo|c0=c3|c1=c1", "-c:a", "flac", "-sample_fmt", "s32", "-bits_per_raw_sample", "24", "research/shared/runs/20260919T_audio_flac_bits/R103-cost-False.flac"]
["ffmpeg", "-v", "error", "-i", "research/shared/runs/20260919T_audio_flac_bits/R103-cost-False.flac", "-f", "s32le", "-"]
["ffmpeg", "-v", "error", "-y", "-i", "research/shared/runs/20260919T_audio_flac_bits/four20.flac", "-af", "pan=stereo|c0=c3|c1=c1", "-c:a", "flac", "-sample_fmt", "s32", "-bits_per_raw_sample", "24", "research/shared/runs/20260919T_audio_flac_bits/R103-cost-False.flac"]
["ffmpeg", "-v", "error", "-i", "research/shared/runs/20260919T_audio_flac_bits/R103-cost-False.flac", "-f", "s32le", "-"]
["ffmpeg", "-v", "error", "-i", "research/shared/runs/20260919T_audio_flac_bits/R103-cost-True.flac", "-f", "s32le", "-"]
["ffmpeg", "-v", "error", "-i", "research/shared/runs/20260919T_audio_flac_bits/R103-cost-True.flac", "-f", "s32le", "-"]
["ffmpeg", "-v", "error", "-y", "-i", "research/shared/runs/20260919T_audio_flac_bits/four20.flac", "-af", "pan=stereo|c0=c3|c1=c1", "-c:a", "flac", "-sample_fmt", "s32", "-bits_per_raw_sample", "24", "research/shared/runs/20260919T_audio_flac_bits/R103-cost-False.flac"]
["ffmpeg", "-v", "error", "-i", "research/shared/runs/20260919T_audio_flac_bits/R103-cost-False.flac", "-f", "s32le", "-"]
["ffmpeg", "-v", "error", "-y", "-i", "research/shared/runs/20260919T_audio_flac_bits/four20.flac", "-af", "pan=stereo|c0=c3|c1=c1", "-c:a", "flac", "-sample_fmt", "s32", "-bits_per_raw_sample", "24", "research/shared/runs/20260919T_audio_flac_bits/R103-cost-False.flac"]
["ffmpeg", "-v", "error", "-i", "research/shared/runs/20260919T_audio_flac_bits/R103-cost-False.flac", "-f", "s32le", "-"]
["ffmpeg", "-v", "error", "-i", "research/shared/runs/20260919T_audio_flac_bits/R103-cost-True.flac", "-f", "s32le", "-"]
["ffmpeg", "-v", "error", "-i", "research/shared/runs/20260919T_audio_flac_bits/verbatim1.flac", "-f", "s32le", "-"]
["ffmpeg", "-v", "error", "-i", "research/shared/runs/20260919T_audio_flac_bits/carrier1-verbatim.flac", "-f", "s32le", "-"]
["ffmpeg", "-v", "error", "-y", "-f", "s16le", "-ar", "48000", "-ac", "1", "-i", "research/shared/runs/20260919T_audio_flac_bits/verbatim1.s16", "-c:a", "flac", "-compression_level", "0", "-frame_size", "4096", "research/shared/runs/20260919T_audio_flac_bits/carrier1-level0.flac"]
["ffmpeg", "-v", "error", "-i", "research/shared/runs/20260919T_audio_flac_bits/carrier1-level0.flac", "-f", "s32le", "-"]
["ffmpeg", "-v", "error", "-y", "-f", "s16le", "-ar", "48000", "-ac", "1", "-i", "research/shared/runs/20260919T_audio_flac_bits/verbatim1.s16", "-c:a", "flac", "-compression_level", "5", "-frame_size", "4096", "research/shared/runs/20260919T_audio_flac_bits/carrier1-level5.flac"]
["ffmpeg", "-v", "error", "-i", "research/shared/runs/20260919T_audio_flac_bits/carrier1-level5.flac", "-f", "s32le", "-"]
["ffmpeg", "-v", "error", "-y", "-f", "s16le", "-ar", "48000", "-ac", "1", "-i", "research/shared/runs/20260919T_audio_flac_bits/verbatim1.s16", "-c:a", "flac", "-compression_level", "5", "-frame_size", "4096", "research/shared/runs/20260919T_audio_flac_bits/carrier1-level5.flac"]
["ffmpeg", "-v", "error", "-i", "research/shared/runs/20260919T_audio_flac_bits/carrier1-level5.flac", "-f", "s32le", "-"]
["ffmpeg", "-v", "error", "-y", "-f", "s16le", "-ar", "48000", "-ac", "1", "-i", "research/shared/runs/20260919T_audio_flac_bits/verbatim1.s16", "-c:a", "flac", "-compression_level", "0", "-frame_size", "4096", "research/shared/runs/20260919T_audio_flac_bits/carrier1-level0.flac"]
["ffmpeg", "-v", "error", "-i", "research/shared/runs/20260919T_audio_flac_bits/carrier1-level0.flac", "-f", "s32le", "-"]
["ffmpeg", "-v", "error", "-i", "research/shared/runs/20260919T_audio_flac_bits/carrier1-verbatim.flac", "-f", "s32le", "-"]
["ffmpeg", "-v", "error", "-i", "research/shared/runs/20260919T_audio_flac_bits/carrier1-verbatim.flac", "-f", "s32le", "-"]
["ffmpeg", "-v", "error", "-y", "-f", "s16le", "-ar", "48000", "-ac", "1", "-i", "research/shared/runs/20260919T_audio_flac_bits/verbatim1.s16", "-c:a", "flac", "-compression_level", "0", "-frame_size", "4096", "research/shared/runs/20260919T_audio_flac_bits/carrier1-level0.flac"]
["ffmpeg", "-v", "error", "-i", "research/shared/runs/20260919T_audio_flac_bits/carrier1-level0.flac", "-f", "s32le", "-"]
["ffmpeg", "-v", "error", "-y", "-f", "s16le", "-ar", "48000", "-ac", "1", "-i", "research/shared/runs/20260919T_audio_flac_bits/verbatim1.s16", "-c:a", "flac", "-compression_level", "5", "-frame_size", "4096", "research/shared/runs/20260919T_audio_flac_bits/carrier1-level5.flac"]
["ffmpeg", "-v", "error", "-i", "research/shared/runs/20260919T_audio_flac_bits/carrier1-level5.flac", "-f", "s32le", "-"]
["ffmpeg", "-v", "error", "-y", "-f", "s16le", "-ar", "48000", "-ac", "1", "-i", "research/shared/runs/20260919T_audio_flac_bits/verbatim1.s16", "-c:a", "flac", "-compression_level", "5", "-frame_size", "4096", "research/shared/runs/20260919T_audio_flac_bits/carrier1-level5.flac"]
["ffmpeg", "-v", "error", "-i", "research/shared/runs/20260919T_audio_flac_bits/carrier1-level5.flac", "-f", "s32le", "-"]
["ffmpeg", "-v", "error", "-y", "-f", "s16le", "-ar", "48000", "-ac", "1", "-i", "research/shared/runs/20260919T_audio_flac_bits/verbatim1.s16", "-c:a", "flac", "-compression_level", "0", "-frame_size", "4096", "research/shared/runs/20260919T_audio_flac_bits/carrier1-level0.flac"]
["ffmpeg", "-v", "error", "-i", "research/shared/runs/20260919T_audio_flac_bits/carrier1-level0.flac", "-f", "s32le", "-"]
["ffmpeg", "-v", "error", "-i", "research/shared/runs/20260919T_audio_flac_bits/carrier1-verbatim.flac", "-f", "s32le", "-"]
["ffmpeg", "-v", "error", "-i", "research/shared/runs/20260919T_audio_flac_bits/carrier1-verbatim.flac", "-f", "s32le", "-"]
["ffmpeg", "-v", "error", "-y", "-f", "s16le", "-ar", "48000", "-ac", "1", "-i", "research/shared/runs/20260919T_audio_flac_bits/verbatim1.s16", "-c:a", "flac", "-compression_level", "0", "-frame_size", "4096", "research/shared/runs/20260919T_audio_flac_bits/carrier1-level0.flac"]
["ffmpeg", "-v", "error", "-i", "research/shared/runs/20260919T_audio_flac_bits/carrier1-level0.flac", "-f", "s32le", "-"]
["ffmpeg", "-v", "error", "-y", "-f", "s16le", "-ar", "48000", "-ac", "1", "-i", "research/shared/runs/20260919T_audio_flac_bits/verbatim1.s16", "-c:a", "flac", "-compression_level", "5", "-frame_size", "4096", "research/shared/runs/20260919T_audio_flac_bits/carrier1-level5.flac"]
["ffmpeg", "-v", "error", "-i", "research/shared/runs/20260919T_audio_flac_bits/carrier1-level5.flac", "-f", "s32le", "-"]
["ffmpeg", "-v", "error", "-y", "-f", "s16le", "-ar", "48000", "-ac", "1", "-i", "research/shared/runs/20260919T_audio_flac_bits/verbatim1.s16", "-c:a", "flac", "-compression_level", "5", "-frame_size", "4096", "research/shared/runs/20260919T_audio_flac_bits/carrier1-level5.flac"]
["ffmpeg", "-v", "error", "-i", "research/shared/runs/20260919T_audio_flac_bits/carrier1-level5.flac", "-f", "s32le", "-"]
["ffmpeg", "-v", "error", "-y", "-f", "s16le", "-ar", "48000", "-ac", "1", "-i", "research/shared/runs/20260919T_audio_flac_bits/verbatim1.s16", "-c:a", "flac", "-compression_level", "0", "-frame_size", "4096", "research/shared/runs/20260919T_audio_flac_bits/carrier1-level0.flac"]
["ffmpeg", "-v", "error", "-i", "research/shared/runs/20260919T_audio_flac_bits/carrier1-level0.flac", "-f", "s32le", "-"]
["ffmpeg", "-v", "error", "-i", "research/shared/runs/20260919T_audio_flac_bits/carrier1-verbatim.flac", "-f", "s32le", "-"]
["ffmpeg", "-v", "error", "-i", "research/shared/runs/20260919T_audio_flac_bits/verbatim2.flac", "-f", "s32le", "-"]
["ffmpeg", "-v", "error", "-i", "research/shared/runs/20260919T_audio_flac_bits/carrier2-verbatim.flac", "-f", "s32le", "-"]
["ffmpeg", "-v", "error", "-y", "-f", "s16le", "-ar", "48000", "-ac", "2", "-i", "research/shared/runs/20260919T_audio_flac_bits/verbatim2.s16", "-c:a", "flac", "-compression_level", "0", "-frame_size", "4096", "research/shared/runs/20260919T_audio_flac_bits/carrier2-level0.flac"]
["ffmpeg", "-v", "error", "-i", "research/shared/runs/20260919T_audio_flac_bits/carrier2-level0.flac", "-f", "s32le", "-"]
["ffmpeg", "-v", "error", "-y", "-f", "s16le", "-ar", "48000", "-ac", "2", "-i", "research/shared/runs/20260919T_audio_flac_bits/verbatim2.s16", "-c:a", "flac", "-compression_level", "5", "-frame_size", "4096", "research/shared/runs/20260919T_audio_flac_bits/carrier2-level5.flac"]
["ffmpeg", "-v", "error", "-i", "research/shared/runs/20260919T_audio_flac_bits/carrier2-level5.flac", "-f", "s32le", "-"]
["ffmpeg", "-v", "error", "-y", "-f", "s16le", "-ar", "48000", "-ac", "2", "-i", "research/shared/runs/20260919T_audio_flac_bits/verbatim2.s16", "-c:a", "flac", "-compression_level", "5", "-frame_size", "4096", "research/shared/runs/20260919T_audio_flac_bits/carrier2-level5.flac"]
["ffmpeg", "-v", "error", "-i", "research/shared/runs/20260919T_audio_flac_bits/carrier2-level5.flac", "-f", "s32le", "-"]
["ffmpeg", "-v", "error", "-y", "-f", "s16le", "-ar", "48000", "-ac", "2", "-i", "research/shared/runs/20260919T_audio_flac_bits/verbatim2.s16", "-c:a", "flac", "-compression_level", "0", "-frame_size", "4096", "research/shared/runs/20260919T_audio_flac_bits/carrier2-level0.flac"]
["ffmpeg", "-v", "error", "-i", "research/shared/runs/20260919T_audio_flac_bits/carrier2-level0.flac", "-f", "s32le", "-"]
["ffmpeg", "-v", "error", "-i", "research/shared/runs/20260919T_audio_flac_bits/carrier2-verbatim.flac", "-f", "s32le", "-"]
["ffmpeg", "-v", "error", "-i", "research/shared/runs/20260919T_audio_flac_bits/carrier2-verbatim.flac", "-f", "s32le", "-"]
["ffmpeg", "-v", "error", "-y", "-f", "s16le", "-ar", "48000", "-ac", "2", "-i", "research/shared/runs/20260919T_audio_flac_bits/verbatim2.s16", "-c:a", "flac", "-compression_level", "0", "-frame_size", "4096", "research/shared/runs/20260919T_audio_flac_bits/carrier2-level0.flac"]
["ffmpeg", "-v", "error", "-i", "research/shared/runs/20260919T_audio_flac_bits/carrier2-level0.flac", "-f", "s32le", "-"]
["ffmpeg", "-v", "error", "-y", "-f", "s16le", "-ar", "48000", "-ac", "2", "-i", "research/shared/runs/20260919T_audio_flac_bits/verbatim2.s16", "-c:a", "flac", "-compression_level", "5", "-frame_size", "4096", "research/shared/runs/20260919T_audio_flac_bits/carrier2-level5.flac"]
["ffmpeg", "-v", "error", "-i", "research/shared/runs/20260919T_audio_flac_bits/carrier2-level5.flac", "-f", "s32le", "-"]
["ffmpeg", "-v", "error", "-y", "-f", "s16le", "-ar", "48000", "-ac", "2", "-i", "research/shared/runs/20260919T_audio_flac_bits/verbatim2.s16", "-c:a", "flac", "-compression_level", "5", "-frame_size", "4096", "research/shared/runs/20260919T_audio_flac_bits/carrier2-level5.flac"]
["ffmpeg", "-v", "error", "-i", "research/shared/runs/20260919T_audio_flac_bits/carrier2-level5.flac", "-f", "s32le", "-"]
["ffmpeg", "-v", "error", "-y", "-f", "s16le", "-ar", "48000", "-ac", "2", "-i", "research/shared/runs/20260919T_audio_flac_bits/verbatim2.s16", "-c:a", "flac", "-compression_level", "0", "-frame_size", "4096", "research/shared/runs/20260919T_audio_flac_bits/carrier2-level0.flac"]
["ffmpeg", "-v", "error", "-i", "research/shared/runs/20260919T_audio_flac_bits/carrier2-level0.flac", "-f", "s32le", "-"]
["ffmpeg", "-v", "error", "-i", "research/shared/runs/20260919T_audio_flac_bits/carrier2-verbatim.flac", "-f", "s32le", "-"]
["ffmpeg", "-v", "error", "-i", "research/shared/runs/20260919T_audio_flac_bits/carrier2-verbatim.flac", "-f", "s32le", "-"]
["ffmpeg", "-v", "error", "-y", "-f", "s16le", "-ar", "48000", "-ac", "2", "-i", "research/shared/runs/20260919T_audio_flac_bits/verbatim2.s16", "-c:a", "flac", "-compression_level", "0", "-frame_size", "4096", "research/shared/runs/20260919T_audio_flac_bits/carrier2-level0.flac"]
["ffmpeg", "-v", "error", "-i", "research/shared/runs/20260919T_audio_flac_bits/carrier2-level0.flac", "-f", "s32le", "-"]
["ffmpeg", "-v", "error", "-y", "-f", "s16le", "-ar", "48000", "-ac", "2", "-i", "research/shared/runs/20260919T_audio_flac_bits/verbatim2.s16", "-c:a", "flac", "-compression_level", "5", "-frame_size", "4096", "research/shared/runs/20260919T_audio_flac_bits/carrier2-level5.flac"]
["ffmpeg", "-v", "error", "-i", "research/shared/runs/20260919T_audio_flac_bits/carrier2-level5.flac", "-f", "s32le", "-"]
["ffmpeg", "-v", "error", "-y", "-f", "s16le", "-ar", "48000", "-ac", "2", "-i", "research/shared/runs/20260919T_audio_flac_bits/verbatim2.s16", "-c:a", "flac", "-compression_level", "5", "-frame_size", "4096", "research/shared/runs/20260919T_audio_flac_bits/carrier2-level5.flac"]
["ffmpeg", "-v", "error", "-i", "research/shared/runs/20260919T_audio_flac_bits/carrier2-level5.flac", "-f", "s32le", "-"]
["ffmpeg", "-v", "error", "-y", "-f", "s16le", "-ar", "48000", "-ac", "2", "-i", "research/shared/runs/20260919T_audio_flac_bits/verbatim2.s16", "-c:a", "flac", "-compression_level", "0", "-frame_size", "4096", "research/shared/runs/20260919T_audio_flac_bits/carrier2-level0.flac"]
["ffmpeg", "-v", "error", "-i", "research/shared/runs/20260919T_audio_flac_bits/carrier2-level0.flac", "-f", "s32le", "-"]
["ffmpeg", "-v", "error", "-i", "research/shared/runs/20260919T_audio_flac_bits/carrier2-verbatim.flac", "-f", "s32le", "-"]
