[
  {
    "argv": [
      "/Volumes/seed2/Projects/demuxe-release-closeout-20260916/build/emsdk-4.0.14/upstream/emscripten/emcc",
      "-Ilibmpv.a.p",
      "-I.",
      "-I../../sources/mpv",
      "-I../../sources/mpv/include",
      "-Icommon",
      "-Ietc",
      "-Iplayer/javascript",
      "-Iplayer/lua",
      "-Isub",
      "-I/Volumes/seed2/Projects/demuxe-nonisolated-full-playback-20260929/playback-deps-03/prefix/include",
      "-I/Volumes/seed2/Projects/demuxe-nonisolated-full-playback-20260929/playback-deps-03/prefix/include/fribidi",
      "-I/Volumes/seed2/Projects/demuxe-nonisolated-full-playback-20260929/playback-deps-03/prefix/include/harfbuzz",
      "-I/Volumes/seed2/Projects/demuxe-nonisolated-full-playback-20260929/playback-deps-03/prefix/include/freetype2",
      "-fvisibility=hidden",
      "-fdiagnostics-color=always",
      "-Wall",
      "-Winvalid-pch",
      "-Wextra",
      "-std=c11",
      "-O3",
      "-D_FILE_OFFSET_BITS=64",
      "-Wdisabled-optimization",
      "-Wempty-body",
      "-Wformat",
      "-Wimplicit-fallthrough",
      "-Woverflow",
      "-Wparentheses",
      "-Wpointer-arith",
      "-Wshadow",
      "-Wundef",
      "-Wvla",
      "-Wno-cast-function-type",
      "-Wno-format-zero-length",
      "-Wno-missing-field-initializers",
      "-Wno-sign-compare",
      "-Wno-switch",
      "-Wno-unused-parameter",
      "-fno-math-errno",
      "-fno-signed-zeros",
      "-fno-trapping-math",
      "-Werror=format-security",
      "-D_GNU_SOURCE",
      "-DNO_BUILD_TIMESTAMPS",
      "-Wmissing-prototypes",
      "-Wstrict-prototypes",
      "-Werror=implicit-function-declaration",
      "-Wno-pointer-sign",
      "-O2",
      "-msimd128",
      "-ffile-prefix-map=/Volumes/seed2/Projects/demuxe-nonisolated-full-playback-20260929/playback-deps-03=/demuxe-mpv-private",
      "-fPIC",
      "-DDEMUXE_COOP_THREADS=1",
      "-DPL_HAVE_PTHREAD",
      "-DPTHREAD_HAS_SETCLOCK",
      "-DPL_STATIC",
      "-I/Volumes/seed2/Projects/demuxe-nonisolated-full-playback-20260929/playback-link-01/inputs/native",
      "/Volumes/seed2/Projects/demuxe-nonisolated-full-playback-20260929/playback-link-01/inputs/native/player.c",
      "/Volumes/seed2/Projects/demuxe-nonisolated-full-playback-20260929/playback-link-01/inputs/native/events.c",
      "/Volumes/seed2/Projects/demuxe-nonisolated-full-playback-20260929/playback-link-01/inputs/experiments/jspi-asyncify/stage2/native/stream-coop.c",
      "/Volumes/seed2/Projects/demuxe-nonisolated-full-playback-20260929/playback-link-01/inputs/experiments/jspi-asyncify/runtime/stack.s",
      "/Volumes/seed2/Projects/demuxe-nonisolated-full-playback-20260929/playback-link-01/inputs/experiments/jspi-asyncify/runtime/asyncify-stacks.c",
      "/Volumes/seed2/Projects/demuxe-nonisolated-full-playback-20260929/playback-link-01/inputs/experiments/jspi-asyncify/mpv/native/context.c",
      "/Volumes/seed2/Projects/demuxe-nonisolated-full-playback-20260929/playback-link-01/inputs/experiments/jspi-asyncify/mpv/native/finite-source.c",
      "-I/Volumes/seed2/Projects/demuxe-nonisolated-full-playback-20260929/playback-deps-03/prefix/include",
      "-DDEMUXE_COOP_THREADS=1",
      "-I/Volumes/seed2/Projects/demuxe-nonisolated-full-playback-20260929/playback-deps-03/prefix/include/fribidi",
      "-I/Volumes/seed2/Projects/demuxe-nonisolated-full-playback-20260929/playback-deps-03/prefix/include/harfbuzz",
      "-I/Volumes/seed2/Projects/demuxe-nonisolated-full-playback-20260929/playback-deps-03/prefix/include/freetype2",
      "-DPL_HAVE_PTHREAD",
      "-DPTHREAD_HAS_SETCLOCK",
      "-DPL_STATIC",
      "-L/Volumes/seed2/Projects/demuxe-nonisolated-full-playback-20260929/playback-deps-03/prefix/lib",
      "-lmpv",
      "-lrt",
      "-lass",
      "-lfribidi",
      "-lharfbuzz",
      "-lfreetype",
      "-lavfilter",
      "-lavformat",
      "-lavcodec",
      "-lplacebo",
      "-lswresample",
      "-lswscale",
      "-lavutil",
      "-lm",
      "-lz",
      "--js-library",
      "/Volumes/seed2/Projects/demuxe-nonisolated-full-playback-20260929/playback-link-01/inputs/experiments/jspi-asyncify/mpv/runtime/imports.js",
      "-g2",
      "-sMODULARIZE=1",
      "-sEXPORT_ES6=1",
      "-sENVIRONMENT=worker",
      "-sALLOW_MEMORY_GROWTH=1",
      "-sINITIAL_MEMORY=67108864",
      "-sMAXIMUM_MEMORY=134217728",
      "-sSTACK_SIZE=2097152",
      "-sSTACK_OVERFLOW_CHECK=0",
      "-sASSERTIONS=1",
      "-sWASM_BIGINT=1",
      "-sFORCE_FILESYSTEM=1",
      "-sEXIT_RUNTIME=0",
      "-sEXPORTED_FUNCTIONS=[\"_demuxe_context_errno\", \"_demuxe_context_enter\", \"_demuxe_context_stack_base\", \"_demuxe_context_stack_end\", \"_demuxe_coop_invoke\", \"_demuxe_coop_get_sp\", \"_demuxe_coop_set_sp\", \"_demuxe_coop_stack_base\", \"_demuxe_coop_stack_top\", \"_demuxe_coop_stack_count\", \"_demuxe_asyncify_count\", \"_demuxe_asyncify_data\", \"_demuxe_asyncify_base\", \"_demuxe_asyncify_end\", \"_demuxe_source_live\", \"_malloc\", \"_free\"]",
      "-sEXPORTED_RUNTIME_METHODS=[\"FS\",\"HEAPU8\",\"HEAP32\",\"UTF8ToString\"]",
      "-Wl,--export-memory",
      "-Wl,-Map,/Volumes/seed2/Projects/demuxe-nonisolated-full-playback-20260929/playback-link-01/playback.map",
      "-o",
      "/Volumes/seed2/Projects/demuxe-nonisolated-full-playback-20260929/playback-link-01/playback.mjs"
    ],
    "cwd": "/Volumes/seed2/Projects/demuxe-nonisolated-full-playback-20260929/playback-deps-03/objects/mpv",
    "returncode": 0,
    "log": "1.log"
  },
  {
    "argv": [
      "/Volumes/seed2/Projects/demuxe-release-closeout-20260916/build/emsdk-4.0.14/upstream/bin/wasm-opt",
      "/Volumes/seed2/Projects/demuxe-nonisolated-full-playback-20260929/playback-link-01/playback.wasm",
      "--asyncify",
      "--pass-arg=asyncify-imports@demuxe_coop.demuxe_coop_wait,demuxe_coop.demuxe_coop_join,demuxe_coop.demuxe_coop_yield,demuxe_source.demuxe_source_read",
      "--enable-bulk-memory",
      "--enable-nontrapping-float-to-int",
      "--enable-sign-ext",
      "--enable-simd",
      "-g",
      "-o",
      "/Volumes/seed2/Projects/demuxe-nonisolated-full-playback-20260929/playback-link-01/playback.asyncify.wasm"
    ],
    "cwd": "/Volumes/seed2/Projects/demuxe-nonisolated-full-playback-20260929/playback-deps-03/objects/mpv",
    "returncode": 0,
    "log": "2.log"
  },
  {
    "argv": [
      "/Users/jagatranvo/.nvm/versions/node/v23.5.0/bin/node",
      "/Volumes/seed2/Projects/demuxe-nonisolated-full-playback-20260929/playback-link-01/inputs/experiments/jspi-asyncify/scripts/audit-wasm.mjs",
      "/Volumes/seed2/Projects/demuxe-nonisolated-full-playback-20260929/playback-link-01/playback.wasm"
    ],
    "cwd": "/Volumes/seed2/Projects/demuxe-nonisolated-full-playback-20260929/playback-deps-03/objects/mpv",
    "returncode": 0,
    "log": "3.log"
  },
  {
    "argv": [
      "/Users/jagatranvo/.nvm/versions/node/v23.5.0/bin/node",
      "/Volumes/seed2/Projects/demuxe-nonisolated-full-playback-20260929/playback-link-01/inputs/experiments/jspi-asyncify/scripts/audit-wasm.mjs",
      "/Volumes/seed2/Projects/demuxe-nonisolated-full-playback-20260929/playback-link-01/playback.asyncify.wasm",
      "--asyncify"
    ],
    "cwd": "/Volumes/seed2/Projects/demuxe-nonisolated-full-playback-20260929/playback-deps-03/objects/mpv",
    "returncode": 0,
    "log": "4.log"
  }
]
