{
  "scope": "Actual browser MSE split-lane and source-authored AVC configuration transition components; explicit audio ownership and marked output. Not automatic admission or integrated scheduler.",
  "cases": [
    {
      "mode": "mp4-continuous-audio",
      "appends": [],
      "supported": true,
      "eof": true,
      "audioSourceBufferRecreated": false,
      "cleanup": true,
      "firstInterval": true,
      "secondInterval": true,
      "observations": 134
    },
    {
      "mode": "mixed-webm-audio",
      "appends": [],
      "supported": true,
      "eof": true,
      "audioSourceBufferRecreated": false,
      "cleanup": true,
      "firstInterval": true,
      "secondInterval": true,
      "observations": 133
    },
    {
      "mode": "raw-aac",
      "appends": [],
      "supported": true,
      "eof": true,
      "audioSourceBufferRecreated": false,
      "cleanup": true,
      "firstInterval": true,
      "secondInterval": true,
      "observations": 134
    },
    {
      "mode": "latm-unwrapped",
      "appends": [],
      "supported": true,
      "eof": true,
      "audioSourceBufferRecreated": false,
      "cleanup": true,
      "firstInterval": true,
      "secondInterval": true,
      "observations": 133
    }
  ],
  "browser": "152.0.7977.83",
  "completed": true
}
