{
  "scope": "Legal avc3 level3.1 baseline640x360/1280x720 epochs with in-band SPS/PPS, one retained video SourceBuffer and unchanged AAC lane. No hev1 claim.",
  "browser": "152.0.7977.83",
  "probe": {
    "cases": [
      {
        "pair": 0,
        "mode": "fresh-init",
        "ms": 641.8549999594688,
        "correct": true,
        "cleanup": true,
        "observed": 3
      },
      {
        "pair": 0,
        "mode": "in-band-only",
        "ms": 45.080000042915344,
        "correct": true,
        "cleanup": true,
        "observed": 3
      },
      {
        "pair": 1,
        "mode": "in-band-only",
        "ms": 40,
        "correct": true,
        "cleanup": true,
        "observed": 3
      },
      {
        "pair": 1,
        "mode": "fresh-init",
        "ms": 44.87999999523163,
        "correct": true,
        "cleanup": true,
        "observed": 3
      },
      {
        "pair": 2,
        "mode": "fresh-init",
        "ms": 49.139999985694885,
        "correct": true,
        "cleanup": true,
        "observed": 3
      },
      {
        "pair": 2,
        "mode": "in-band-only",
        "ms": 45.80000001192093,
        "correct": true,
        "cleanup": true,
        "observed": 3
      },
      {
        "pair": 3,
        "mode": "in-band-only",
        "ms": 43.54000002145767,
        "correct": true,
        "cleanup": true,
        "observed": 3
      },
      {
        "pair": 3,
        "mode": "fresh-init",
        "ms": 47.25499999523163,
        "correct": true,
        "cleanup": true,
        "observed": 3
      },
      {
        "pair": 4,
        "mode": "fresh-init",
        "ms": 48.939999997615814,
        "correct": true,
        "cleanup": true,
        "observed": 3
      },
      {
        "pair": 4,
        "mode": "in-band-only",
        "ms": 43.69999998807907,
        "correct": true,
        "cleanup": true,
        "observed": 3
      },
      {
        "pair": 5,
        "mode": "in-band-only",
        "ms": 43.560000002384186,
        "correct": true,
        "cleanup": true,
        "observed": 3
      },
      {
        "pair": 5,
        "mode": "fresh-init",
        "ms": 51.035000026226044,
        "correct": true,
        "cleanup": true,
        "observed": 3
      },
      {
        "pair": 6,
        "mode": "fresh-init",
        "ms": 45.53999996185303,
        "correct": true,
        "cleanup": true,
        "observed": 3
      },
      {
        "pair": 6,
        "mode": "in-band-only",
        "ms": 47.89000004529953,
        "correct": true,
        "cleanup": true,
        "observed": 3
      },
      {
        "pair": 7,
        "mode": "in-band-only",
        "ms": 43.13499999046326,
        "correct": true,
        "cleanup": true,
        "observed": 3
      },
      {
        "pair": 7,
        "mode": "fresh-init",
        "ms": 51.089999973773956,
        "correct": true,
        "cleanup": true,
        "observed": 3
      },
      {
        "pair": 8,
        "mode": "fresh-init",
        "ms": 57.19499999284744,
        "correct": true,
        "cleanup": true,
        "observed": 3
      },
      {
        "pair": 8,
        "mode": "in-band-only",
        "ms": 45.5100000500679,
        "correct": true,
        "cleanup": true,
        "observed": 3
      },
      {
        "pair": 9,
        "mode": "in-band-only",
        "ms": 56.00499999523163,
        "correct": true,
        "cleanup": true,
        "observed": 3
      },
      {
        "pair": 9,
        "mode": "fresh-init",
        "ms": 67.89999997615814,
        "correct": true,
        "cleanup": true,
        "observed": 3
      },
      {
        "pair": 10,
        "mode": "fresh-init",
        "ms": 62.08500003814697,
        "correct": true,
        "cleanup": true,
        "observed": 3
      },
      {
        "pair": 10,
        "mode": "in-band-only",
        "ms": 109.625,
        "correct": true,
        "cleanup": true,
        "observed": 3
      }
    ]
  },
  "correctnessPassed": true
}
