{
  "scope": "Actual source-linked A/V queue A→B→A, compatible AVC and independently encoded48kAAC; each audio clip priming offset1024/48000 and exact two-second append window. Boundary quiet gate5ms, tone440→880→440. This is preliminary PCM continuity; full picture/lifecycle gates remain conditional on it.",
  "cases": [
    {
      "mode": "source-linked-queue",
      "staleGenerationRejected": true,
      "invalidPreparationRejected": true,
      "wasPlayingAtCommit": true,
      "commitTime": 0.506037,
      "committed": true,
      "sameObjects": true,
      "afterRanges": {
        "video": [
          [
            0,
            5.999999
          ]
        ],
        "audio": [
          [
            0,
            5.999999
          ]
        ]
      },
      "eof": true,
      "reverseSeek": 0.5,
      "forwardSeek": 4.5,
      "longestQuietSamples": 256,
      "longestQuietMs": 5.333333333333333,
      "captureSamples": 14336,
      "fidelityPassed": false,
      "cleanup": true,
      "observations": 243
    }
  ],
  "browser": "152.0.7977.83",
  "correctnessPassed": false,
  "completed": true
}
