{
  "scope": "Source-bound explicit SPS/RAP configuration intervals; browser Annex-B decode against independently decoded authored interval pixels. Not a general container index.",
  "cases": [
    {
      "name": "full-reconfigure",
      "errors": [],
      "cleanup": true,
      "exact": true,
      "frames": 96
    },
    {
      "name": "seek-large",
      "errors": [],
      "cleanup": true,
      "exact": true,
      "frames": 48
    },
    {
      "name": "dependent-start",
      "errors": [
        "DataError: Failed to execute 'decode' on 'VideoDecoder': A key frame is required after configure() or flush()."
      ],
      "cleanup": true,
      "exact": false,
      "frames": 0
    }
  ],
  "browser": "152.0.7977.83",
  "passed": true
}
