{
  "scope": "Native HTML media URL destinations with no HLS library. Real rendered color/audio; no hardware/energy or route admission claim.",
  "fragments": [
    {
      "offset": 1257,
      "size": 13218
    },
    {
      "offset": 14475,
      "size": 14256
    }
  ],
  "requests": [
    {
      "url": "/",
      "range": null,
      "time": 1789836715575
    },
    {
      "url": "/favicon.ico",
      "range": null,
      "time": 1789836715586
    },
    {
      "url": "/playlist.m3u8",
      "range": "bytes=0-",
      "time": 1789836715826
    },
    {
      "url": "/clip.mp4",
      "range": "bytes=0-",
      "time": 1789836715828
    },
    {
      "url": "/clip.mp4",
      "range": "bytes=0-",
      "time": 1789836715830
    },
    {
      "url": "/favicon.ico",
      "range": null,
      "time": 1789836715834
    },
    {
      "url": "/playlist-bad.m3u8",
      "range": "bytes=0-",
      "time": 1789836716930
    },
    {
      "url": "/slow.mp4",
      "range": "bytes=0-",
      "time": 1789836716954
    },
    {
      "url": "/slow-known.mp4",
      "range": "bytes=0-",
      "time": 1789836722605
    },
    {
      "url": "/slow.mp4",
      "range": null,
      "time": 1789836728235
    }
  ],
  "cases": [
    {
      "name": "hls",
      "firstAVAt": 1789836715963,
      "av": 42,
      "ended": true,
      "failed": null,
      "seeked": true,
      "cleanup": true
    },
    {
      "name": "hls-bad-boundary",
      "firstAVAt": null,
      "av": 0,
      "ended": false,
      "failed": "NotSupportedError: Failed to load because no supported source was found.",
      "seeked": false,
      "cleanup": true
    },
    {
      "name": "ongoing-fmp4",
      "firstAVAt": 1789836720529,
      "av": 88,
      "ended": true,
      "failed": null,
      "seeked": false,
      "cleanup": true,
      "responseCompletedAt": 1789836720458,
      "outputBeforeResponseEOF": false
    },
    {
      "name": "known-length-fmp4",
      "firstAVAt": 1789836726169,
      "av": 88,
      "ended": true,
      "failed": null,
      "seeked": false,
      "cleanup": true,
      "responseCompletedAt": 1789836726106,
      "outputBeforeResponseEOF": false
    },
    {
      "name": "mse-open-response",
      "firstAVAt": 1789836728300,
      "av": 109,
      "ended": true,
      "failed": null,
      "seeked": false,
      "cleanup": true,
      "responseCompletedAt": 1789836731736,
      "outputBeforeResponseEOF": true
    }
  ],
  "browser": "152.0.7977.83",
  "responseCompletedAt": 1789836731736,
  "outputBeforeResponseEOF": false,
  "hlsPursue": true,
  "badHlsRejected": true,
  "ongoingPursue": false,
  "completed": true
}
