{
  "scope": "Native HTML media URL destinations with no HLS library. Real rendered color/audio; no hardware/energy or route admission claim.",
  "fragments": [
    {
      "offset": 1257,
      "size": 52225
    },
    {
      "offset": 53482,
      "size": 27052
    }
  ],
  "requests": [
    {
      "url": "/",
      "range": null,
      "time": 1789836859590
    },
    {
      "url": "/favicon.ico",
      "range": null,
      "time": 1789836859631
    },
    {
      "url": "/slow.mp4",
      "range": "bytes=0-",
      "time": 1789836859910
    },
    {
      "url": "/favicon.ico",
      "range": null,
      "time": 1789836859946
    },
    {
      "url": "/slow-known.mp4",
      "range": "bytes=0-",
      "time": 1789836867371
    },
    {
      "url": "/slow.mp4",
      "range": null,
      "time": 1789836874816
    }
  ],
  "cases": [
    {
      "name": "ongoing-fmp4",
      "firstAVAt": 1789836860012,
      "av": 284,
      "ended": true,
      "failed": null,
      "seeked": false,
      "cleanup": true,
      "responseCompletedAt": 1789836863411,
      "outputBeforeResponseEOF": true
    },
    {
      "name": "known-length-fmp4",
      "firstAVAt": 1789836867435,
      "av": 284,
      "ended": true,
      "failed": null,
      "seeked": false,
      "cleanup": true,
      "responseCompletedAt": 1789836870872,
      "outputBeforeResponseEOF": true
    },
    {
      "name": "mse-open-response",
      "firstAVAt": 1789836874965,
      "av": 266,
      "ended": true,
      "failed": null,
      "seeked": false,
      "cleanup": true,
      "responseCompletedAt": 1789836878317,
      "outputBeforeResponseEOF": true
    }
  ],
  "browser": "152.0.7977.83",
  "responseCompletedAt": 1789836878317,
  "outputBeforeResponseEOF": true,
  "hlsPursue": null,
  "badHlsRejected": null,
  "ongoingPursue": true,
  "completed": true
}
