make: Nothing to be done for `all'.
In file included from /Volumes/seed2/Projects/demuxe-optimization-integration/native/remux/remux.c:112:
/Volumes/seed2/Projects/demuxe-optimization-integration/native/remux/../adaptation/flac.h:16:2: error: call to undeclared function '_EM_ASM_ARG_SIGS_adapt_last_end'; ISO C99 and later do not support implicit function declarations [-Wimplicit-function-declaration]
   16 |  EM_ASM({Module.adaptation={codec:'flac',videoPacketsCopied:$0,audioFramesDecoded:$1,audioSamplesDecoded:$2,audioSamplesEncoded:$3,audioPacketsEncoded:$4,sourceEnd:$5,videoFramesDecoded:0,videoFramesEncoded:0,sampleRate:$6,channels:$7,bits:$8};},(double)adapt_video_packets,(double)adapt_audio_frames,(double)adapt_decoded_samples,(double)adapt_encoded_samples,(double)adapt_audio_packets,adapt_last_end,adapt_encoder?adapt_encoder->sample_rate:0,adapt_encoder?adapt_encoder->ch_layout.nb_channels:0,adapt_encoder?adapt_encoder->bits_per_raw_sample:0);
      |  ^
/Volumes/seed2/Projects/demuxe-optimization-integration/build/adaptation-01/cache/sysroot/include/emscripten/em_asm.h:221:76: note: expanded from macro 'EM_ASM'
  221 | #define EM_ASM(code, ...) ((void)emscripten_asm_const_int(CODE_EXPR(#code) _EM_ASM_PREP_ARGS(__VA_ARGS__)))
      |                                                                            ^
/Volumes/seed2/Projects/demuxe-optimization-integration/build/adaptation-01/cache/sysroot/include/emscripten/em_asm.h:138:34: note: expanded from macro '_EM_ASM_PREP_ARGS'
  138 | #define _EM_ASM_PREP_ARGS(...) , _EM_ASM_ARG_SIGS(__VA_ARGS__), ##__VA_ARGS__
      |                                  ^
/Volumes/seed2/Projects/demuxe-optimization-integration/build/adaptation-01/cache/sysroot/include/emscripten/em_asm.h:135:5: note: expanded from macro '_EM_ASM_ARG_SIGS'
  135 |     _EM_ASM_ARG_SIGS_(_EM_ASM_COUNT_ARGS(__VA_ARGS__), ##__VA_ARGS__)
      |     ^
note: (skipping 1 expansions in backtrace; use -fmacro-backtrace-limit=0 to see all)
/Volumes/seed2/Projects/demuxe-optimization-integration/build/adaptation-01/cache/sysroot/include/emscripten/em_asm.h:103:35: note: expanded from macro '_EM_ASM_CONCATENATE'
  103 | #define _EM_ASM_CONCATENATE(a, b) _EM_ASM_CONCATENATE_(a, b)
      |                                   ^
/Volumes/seed2/Projects/demuxe-optimization-integration/build/adaptation-01/cache/sysroot/include/emscripten/em_asm.h:104:36: note: expanded from macro '_EM_ASM_CONCATENATE_'
  104 | #define _EM_ASM_CONCATENATE_(a, b) a##b
      |                                    ^
<scratch space>:247:1: note: expanded from here
  247 | _EM_ASM_ARG_SIGS_adapt_last_end
      | ^
In file included from /Volumes/seed2/Projects/demuxe-optimization-integration/native/remux/remux.c:112:
/Volumes/seed2/Projects/demuxe-optimization-integration/native/remux/../adaptation/flac.h:16:42: error: use of undeclared identifier 'videoPacketsCopied'
   16 |  EM_ASM({Module.adaptation={codec:'flac',videoPacketsCopied:$0,audioFramesDecoded:$1,audioSamplesDecoded:$2,audioSamplesEncoded:$3,audioPacketsEncoded:$4,sourceEnd:$5,videoFramesDecoded:0,videoFramesEncoded:0,sampleRate:$6,channels:$7,bits:$8};},(double)adapt_video_packets,(double)adapt_audio_frames,(double)adapt_decoded_samples,(double)adapt_encoded_samples,(double)adapt_audio_packets,adapt_last_end,adapt_encoder?adapt_encoder->sample_rate:0,adapt_encoder?adapt_encoder->ch_layout.nb_channels:0,adapt_encoder?adapt_encoder->bits_per_raw_sample:0);
      |                                          ^~~~~~~~~~~~~~~~~~
/Volumes/seed2/Projects/demuxe-optimization-integration/native/remux/../adaptation/flac.h:16:64: error: use of undeclared identifier 'audioFramesDecoded'
   16 |  EM_ASM({Module.adaptation={codec:'flac',videoPacketsCopied:$0,audioFramesDecoded:$1,audioSamplesDecoded:$2,audioSamplesEncoded:$3,audioPacketsEncoded:$4,sourceEnd:$5,videoFramesDecoded:0,videoFramesEncoded:0,sampleRate:$6,channels:$7,bits:$8};},(double)adapt_video_packets,(double)adapt_audio_frames,(double)adapt_decoded_samples,(double)adapt_encoded_samples,(double)adapt_audio_packets,adapt_last_end,adapt_encoder?adapt_encoder->sample_rate:0,adapt_encoder?adapt_encoder->ch_layout.nb_channels:0,adapt_encoder?adapt_encoder->bits_per_raw_sample:0);
      |                                                                ^~~~~~~~~~~~~~~~~~
/Volumes/seed2/Projects/demuxe-optimization-integration/native/remux/../adaptation/flac.h:16:86: error: use of undeclared identifier 'audioSamplesDecoded'
   16 |  EM_ASM({Module.adaptation={codec:'flac',videoPacketsCopied:$0,audioFramesDecoded:$1,audioSamplesDecoded:$2,audioSamplesEncoded:$3,audioPacketsEncoded:$4,sourceEnd:$5,videoFramesDecoded:0,videoFramesEncoded:0,sampleRate:$6,channels:$7,bits:$8};},(double)adapt_video_packets,(double)adapt_audio_frames,(double)adapt_decoded_samples,(double)adapt_encoded_samples,(double)adapt_audio_packets,adapt_last_end,adapt_encoder?adapt_encoder->sample_rate:0,adapt_encoder?adapt_encoder->ch_layout.nb_channels:0,adapt_encoder?adapt_encoder->bits_per_raw_sample:0);
      |                                                                                      ^~~~~~~~~~~~~~~~~~~
/Volumes/seed2/Projects/demuxe-optimization-integration/native/remux/../adaptation/flac.h:16:109: error: use of undeclared identifier 'audioSamplesEncoded'
   16 |  EM_ASM({Module.adaptation={codec:'flac',videoPacketsCopied:$0,audioFramesDecoded:$1,audioSamplesDecoded:$2,audioSamplesEncoded:$3,audioPacketsEncoded:$4,sourceEnd:$5,videoFramesDecoded:0,videoFramesEncoded:0,sampleRate:$6,channels:$7,bits:$8};},(double)adapt_video_packets,(double)adapt_audio_frames,(double)adapt_decoded_samples,(double)adapt_encoded_samples,(double)adapt_audio_packets,adapt_last_end,adapt_encoder?adapt_encoder->sample_rate:0,adapt_encoder?adapt_encoder->ch_layout.nb_channels:0,adapt_encoder?adapt_encoder->bits_per_raw_sample:0);
      |                                                                                                             ^~~~~~~~~~~~~~~~~~~
/Volumes/seed2/Projects/demuxe-optimization-integration/native/remux/../adaptation/flac.h:16:132: error: use of undeclared identifier 'audioPacketsEncoded'
   16 |  EM_ASM({Module.adaptation={codec:'flac',videoPacketsCopied:$0,audioFramesDecoded:$1,audioSamplesDecoded:$2,audioSamplesEncoded:$3,audioPacketsEncoded:$4,sourceEnd:$5,videoFramesDecoded:0,videoFramesEncoded:0,sampleRate:$6,channels:$7,bits:$8};},(double)adapt_video_packets,(double)adapt_audio_frames,(double)adapt_decoded_samples,(double)adapt_encoded_samples,(double)adapt_audio_packets,adapt_last_end,adapt_encoder?adapt_encoder->sample_rate:0,adapt_encoder?adapt_encoder->ch_layout.nb_channels:0,adapt_encoder?adapt_encoder->bits_per_raw_sample:0);
      |                                                                                                                                    ^~~~~~~~~~~~~~~~~~~
/Volumes/seed2/Projects/demuxe-optimization-integration/native/remux/../adaptation/flac.h:16:155: error: use of undeclared identifier 'sourceEnd'
   16 |  EM_ASM({Module.adaptation={codec:'flac',videoPacketsCopied:$0,audioFramesDecoded:$1,audioSamplesDecoded:$2,audioSamplesEncoded:$3,audioPacketsEncoded:$4,sourceEnd:$5,videoFramesDecoded:0,videoFramesEncoded:0,sampleRate:$6,channels:$7,bits:$8};},(double)adapt_video_packets,(double)adapt_audio_frames,(double)adapt_decoded_samples,(double)adapt_encoded_samples,(double)adapt_audio_packets,adapt_last_end,adapt_encoder?adapt_encoder->sample_rate:0,adapt_encoder?adapt_encoder->ch_layout.nb_channels:0,adapt_encoder?adapt_encoder->bits_per_raw_sample:0);
      |                                                                                                                                                           ^~~~~~~~~
/Volumes/seed2/Projects/demuxe-optimization-integration/native/remux/../adaptation/flac.h:16:168: error: use of undeclared identifier 'videoFramesDecoded'
   16 |  EM_ASM({Module.adaptation={codec:'flac',videoPacketsCopied:$0,audioFramesDecoded:$1,audioSamplesDecoded:$2,audioSamplesEncoded:$3,audioPacketsEncoded:$4,sourceEnd:$5,videoFramesDecoded:0,videoFramesEncoded:0,sampleRate:$6,channels:$7,bits:$8};},(double)adapt_video_packets,(double)adapt_audio_frames,(double)adapt_decoded_samples,(double)adapt_encoded_samples,(double)adapt_audio_packets,adapt_last_end,adapt_encoder?adapt_encoder->sample_rate:0,adapt_encoder?adapt_encoder->ch_layout.nb_channels:0,adapt_encoder?adapt_encoder->bits_per_raw_sample:0);
      |                                                                                                                                                                        ^~~~~~~~~~~~~~~~~~
/Volumes/seed2/Projects/demuxe-optimization-integration/native/remux/../adaptation/flac.h:16:189: error: use of undeclared identifier 'videoFramesEncoded'
   16 |  EM_ASM({Module.adaptation={codec:'flac',videoPacketsCopied:$0,audioFramesDecoded:$1,audioSamplesDecoded:$2,audioSamplesEncoded:$3,audioPacketsEncoded:$4,sourceEnd:$5,videoFramesDecoded:0,videoFramesEncoded:0,sampleRate:$6,channels:$7,bits:$8};},(double)adapt_video_packets,(double)adapt_audio_frames,(double)adapt_decoded_samples,(double)adapt_encoded_samples,(double)adapt_audio_packets,adapt_last_end,adapt_encoder?adapt_encoder->sample_rate:0,adapt_encoder?adapt_encoder->ch_layout.nb_channels:0,adapt_encoder?adapt_encoder->bits_per_raw_sample:0);
      |                                                                                                                                                                                             ^~~~~~~~~~~~~~~~~~
/Volumes/seed2/Projects/demuxe-optimization-integration/native/remux/../adaptation/flac.h:16:210: error: use of undeclared identifier 'sampleRate'
   16 |  EM_ASM({Module.adaptation={codec:'flac',videoPacketsCopied:$0,audioFramesDecoded:$1,audioSamplesDecoded:$2,audioSamplesEncoded:$3,audioPacketsEncoded:$4,sourceEnd:$5,videoFramesDecoded:0,videoFramesEncoded:0,sampleRate:$6,channels:$7,bits:$8};},(double)adapt_video_packets,(double)adapt_audio_frames,(double)adapt_decoded_samples,(double)adapt_encoded_samples,(double)adapt_audio_packets,adapt_last_end,adapt_encoder?adapt_encoder->sample_rate:0,adapt_encoder?adapt_encoder->ch_layout.nb_channels:0,adapt_encoder?adapt_encoder->bits_per_raw_sample:0);
      |                                                                                                                                                                                                                  ^~~~~~~~~~
/Volumes/seed2/Projects/demuxe-optimization-integration/native/remux/../adaptation/flac.h:16:224: error: use of undeclared identifier 'channels'
   16 |  EM_ASM({Module.adaptation={codec:'flac',videoPacketsCopied:$0,audioFramesDecoded:$1,audioSamplesDecoded:$2,audioSamplesEncoded:$3,audioPacketsEncoded:$4,sourceEnd:$5,videoFramesDecoded:0,videoFramesEncoded:0,sampleRate:$6,channels:$7,bits:$8};},(double)adapt_video_packets,(double)adapt_audio_frames,(double)adapt_decoded_samples,(double)adapt_encoded_samples,(double)adapt_audio_packets,adapt_last_end,adapt_encoder?adapt_encoder->sample_rate:0,adapt_encoder?adapt_encoder->ch_layout.nb_channels:0,adapt_encoder?adapt_encoder->bits_per_raw_sample:0);
      |                                                                                                                                                                                                                                ^~~~~~~~
/Volumes/seed2/Projects/demuxe-optimization-integration/native/remux/../adaptation/flac.h:16:236: error: use of undeclared identifier 'bits'
   16 |  EM_ASM({Module.adaptation={codec:'flac',videoPacketsCopied:$0,audioFramesDecoded:$1,audioSamplesDecoded:$2,audioSamplesEncoded:$3,audioPacketsEncoded:$4,sourceEnd:$5,videoFramesDecoded:0,videoFramesEncoded:0,sampleRate:$6,channels:$7,bits:$8};},(double)adapt_video_packets,(double)adapt_audio_frames,(double)adapt_decoded_samples,(double)adapt_encoded_samples,(double)adapt_audio_packets,adapt_last_end,adapt_encoder?adapt_encoder->sample_rate:0,adapt_encoder?adapt_encoder->ch_layout.nb_channels:0,adapt_encoder?adapt_encoder->bits_per_raw_sample:0);
      |                                                                                                                                                                                                                                            ^~~~
/Volumes/seed2/Projects/demuxe-optimization-integration/native/remux/../adaptation/flac.h:16:244: error: unexpected ';' before '}'
   16 |  EM_ASM({Module.adaptation={codec:'flac',videoPacketsCopied:$0,audioFramesDecoded:$1,audioSamplesDecoded:$2,audioSamplesEncoded:$3,audioPacketsEncoded:$4,sourceEnd:$5,videoFramesDecoded:0,videoFramesEncoded:0,sampleRate:$6,channels:$7,bits:$8};},(double)adapt_video_packets,(double)adapt_audio_frames,(double)adapt_decoded_samples,(double)adapt_encoded_samples,(double)adapt_audio_packets,adapt_last_end,adapt_encoder?adapt_encoder->sample_rate:0,adapt_encoder?adapt_encoder->ch_layout.nb_channels:0,adapt_encoder?adapt_encoder->bits_per_raw_sample:0);
      |                                                                                                                                                                                                                                                    ^
/Volumes/seed2/Projects/demuxe-optimization-integration/build/adaptation-01/cache/sysroot/include/emscripten/em_asm.h:221:94: note: expanded from macro 'EM_ASM'
  221 | #define EM_ASM(code, ...) ((void)emscripten_asm_const_int(CODE_EXPR(#code) _EM_ASM_PREP_ARGS(__VA_ARGS__)))
      |                                                                                              ^
/Volumes/seed2/Projects/demuxe-optimization-integration/build/adaptation-01/cache/sysroot/include/emscripten/em_asm.h:138:51: note: expanded from macro '_EM_ASM_PREP_ARGS'
  138 | #define _EM_ASM_PREP_ARGS(...) , _EM_ASM_ARG_SIGS(__VA_ARGS__), ##__VA_ARGS__
      |                                                   ^
/Volumes/seed2/Projects/demuxe-optimization-integration/build/adaptation-01/cache/sysroot/include/emscripten/em_asm.h:135:58: note: expanded from macro '_EM_ASM_ARG_SIGS'
  135 |     _EM_ASM_ARG_SIGS_(_EM_ASM_COUNT_ARGS(__VA_ARGS__), ##__VA_ARGS__)
      |                                                          ^
/Volumes/seed2/Projects/demuxe-optimization-integration/build/adaptation-01/cache/sysroot/include/emscripten/em_asm.h:132:57: note: expanded from macro '_EM_ASM_ARG_SIGS_'
  132 |     ((char[]){ _EM_ASM_CONCATENATE(_EM_ASM_ARG_SIGS_,N)(__VA_ARGS__) '\0' })
      |                                                         ^
In file included from /Volumes/seed2/Projects/demuxe-optimization-integration/native/remux/remux.c:112:
/Volumes/seed2/Projects/demuxe-optimization-integration/native/remux/../adaptation/flac.h:16:42: error: use of undeclared identifier 'videoPacketsCopied'
   16 |  EM_ASM({Module.adaptation={codec:'flac',videoPacketsCopied:$0,audioFramesDecoded:$1,audioSamplesDecoded:$2,audioSamplesEncoded:$3,audioPacketsEncoded:$4,sourceEnd:$5,videoFramesDecoded:0,videoFramesEncoded:0,sampleRate:$6,channels:$7,bits:$8};},(double)adapt_video_packets,(double)adapt_audio_frames,(double)adapt_decoded_samples,(double)adapt_encoded_samples,(double)adapt_audio_packets,adapt_last_end,adapt_encoder?adapt_encoder->sample_rate:0,adapt_encoder?adapt_encoder->ch_layout.nb_channels:0,adapt_encoder?adapt_encoder->bits_per_raw_sample:0);
      |                                          ^~~~~~~~~~~~~~~~~~
/Volumes/seed2/Projects/demuxe-optimization-integration/native/remux/../adaptation/flac.h:16:246: error: expected identifier or '('
   16 |  EM_ASM({Module.adaptation={codec:'flac',videoPacketsCopied:$0,audioFramesDecoded:$1,audioSamplesDecoded:$2,audioSamplesEncoded:$3,audioPacketsEncoded:$4,sourceEnd:$5,videoFramesDecoded:0,videoFramesEncoded:0,sampleRate:$6,channels:$7,bits:$8};},(double)adapt_video_packets,(double)adapt_audio_frames,(double)adapt_decoded_samples,(double)adapt_encoded_samples,(double)adapt_audio_packets,adapt_last_end,adapt_encoder?adapt_encoder->sample_rate:0,adapt_encoder?adapt_encoder->ch_layout.nb_channels:0,adapt_encoder?adapt_encoder->bits_per_raw_sample:0);
      |                                                                                                                                                                                                                                                      ^
/Volumes/seed2/Projects/demuxe-optimization-integration/native/remux/../adaptation/flac.h:17:1: error: extraneous closing brace ('}')
   17 | }
      | ^
16 errors generated.
emcc: error: '/Volumes/seed2/Projects/webmpv/build/emsdk-4.0.14/upstream/bin/clang -target wasm32-unknown-emscripten -fignore-exceptions -mllvm -combiner-global-alias-analysis=false -mllvm -enable-emscripten-sjlj -mllvm -disable-lsr --sysroot=/Volumes/seed2/Projects/demuxe-optimization-integration/build/adaptation-01/cache/sysroot -D__EMSCRIPTEN_SHARED_MEMORY__=1 -DEMSCRIPTEN -Xclang -iwithsysroot/include/fakesdl -Xclang -iwithsysroot/include/compat -O2 -DDEMUXE_AUDIO_ADAPTATION=1 -ffile-prefix-map=/Volumes/seed2/Projects/demuxe-optimization-integration=/demuxe -pthread -msimd128 -I/Volumes/seed2/Projects/demuxe-optimization-integration/build/adaptation-01/ffmpeg -I/Volumes/seed2/Projects/demuxe-optimization-integration/build/adaptation-01/source/FFmpeg-n7.1.1 -c /Volumes/seed2/Projects/demuxe-optimization-integration/native/remux/remux.c -o /var/folders/p2/hs2582qs5672qbvtm4z5_9840000gn/T/emscripten_temp_swo4vub4/remux_0.o' failed (returned 1)
Traceback (most recent call last):
  File "/Volumes/seed2/Projects/demuxe-optimization-integration/scripts/build-audio-adaptation.py", line 32, in <module>
    subprocess.run(args,cwd=root,env=env,check=True)
    ~~~~~~~~~~~~~~^^^^^^^^^^^^^^^^^^^^^^^^^^^^^^^^^^
  File "/Library/Frameworks/Python.framework/Versions/3.13/lib/python3.13/subprocess.py", line 577, in run
    raise CalledProcessError(retcode, process.args,
                             output=stdout, stderr=stderr)
subprocess.CalledProcessError: Command '['emcc', '-O2', '-DDEMUXE_AUDIO_ADAPTATION=1', '-ffile-prefix-map=/Volumes/seed2/Projects/demuxe-optimization-integration=/demuxe', '-pthread', '-msimd128', '-I/Volumes/seed2/Projects/demuxe-optimization-integration/build/adaptation-01/ffmpeg', '-I/Volumes/seed2/Projects/demuxe-optimization-integration/build/adaptation-01/source/FFmpeg-n7.1.1', '/Volumes/seed2/Projects/demuxe-optimization-integration/native/remux/remux.c', '/Volumes/seed2/Projects/demuxe-optimization-integration/build/adaptation-01/ffmpeg/libavformat/libavformat.a', '/Volumes/seed2/Projects/demuxe-optimization-integration/build/adaptation-01/ffmpeg/libavcodec/libavcodec.a', '/Volumes/seed2/Projects/demuxe-optimization-integration/build/adaptation-01/ffmpeg/libavutil/libavutil.a', '-sMODULARIZE=1', '-sEXPORT_ES6=1', '-sEXPORT_NAME=createRemux', '-sENVIRONMENT=worker', '-sINITIAL_MEMORY=67108864', '-sMAXIMUM_MEMORY=134217728', '-sALLOW_MEMORY_GROWTH=1', '-sSTACK_SIZE=2097152', '-sWASM_BIGINT=1', '-sFILESYSTEM=0', '-sEXPORTED_FUNCTIONS=["_rm_error", "_rm_probe", "_rm_open", "_rm_start", "_rm_set_container", "_rm_step", "_rm_close", "_rm_duration", "_rm_video_codec", "_rm_audio_codec", "_rm_adapt_audio", "_malloc", "_free"]', '-sEXPORTED_RUNTIME_METHODS=["HEAPU8","ccall","UTF8ToString"]', '-o', '/Volumes/seed2/Projects/demuxe-optimization-integration/build/adaptation-01/engine/remux.mjs']' returned non-zero exit status 1.
