cold native AssertionError [ERR_ASSERTION]: Process churn prevents comparable full-interval CPU
+ actual - expected

+ [
+   {
+     added: 67850
+   }
+ ]
- []

    at file:///Volumes/seed2/Projects/demuxe-optimization-integration/tests/audio-adaptation-cost.mjs:31:159
cold hybrid AssertionError [ERR_ASSERTION]: Process churn prevents comparable full-interval CPU
+ actual - expected

+ [
+   {
+     added: 67898
+   }
+ ]
- []

    at file:///Volumes/seed2/Projects/demuxe-optimization-integration/tests/audio-adaptation-cost.mjs:31:159
warm hybrid AssertionError [ERR_ASSERTION]: Expected values to be strictly equal:

1 !== 0

    at file:///Volumes/seed2/Projects/demuxe-optimization-integration/tests/audio-adaptation-cost.mjs:21:149
    at runNextTicks (node:internal/process/task_queues:65:5)
    at process.processImmediate (node:internal/timers:479:9)
    at process.callbackTrampoline (node:internal/async_hooks:130:17)
warm native AssertionError [ERR_ASSERTION]: Expected values to be strictly equal:

2 !== 0

    at file:///Volumes/seed2/Projects/demuxe-optimization-integration/tests/audio-adaptation-cost.mjs:21:149
cold hybrid AssertionError [ERR_ASSERTION]: Process churn prevents comparable full-interval CPU
+ actual - expected

+ [
+   {
+     added: 67965
+   }
+ ]
- []

    at file:///Volumes/seed2/Projects/demuxe-optimization-integration/tests/audio-adaptation-cost.mjs:31:159
cold native AssertionError [ERR_ASSERTION]: Process churn prevents comparable full-interval CPU
+ actual - expected

+ [
+   {
+     added: 68004
+   }
+ ]
- []

    at file:///Volumes/seed2/Projects/demuxe-optimization-integration/tests/audio-adaptation-cost.mjs:31:159
warm native AssertionError [ERR_ASSERTION]: Expected values to be strictly equal:

2 !== 0

    at file:///Volumes/seed2/Projects/demuxe-optimization-integration/tests/audio-adaptation-cost.mjs:21:149
warm hybrid AssertionError [ERR_ASSERTION]: Expected values to be strictly equal:

1 !== 0

    at file:///Volumes/seed2/Projects/demuxe-optimization-integration/tests/audio-adaptation-cost.mjs:21:149
    at runNextTicks (node:internal/process/task_queues:65:5)
    at process.processImmediate (node:internal/timers:479:9)
    at process.callbackTrampoline (node:internal/async_hooks:130:17)
results/optimization-integration/stage2/cost-1789507025478
