✔ relay preserves 2-channel PCM and native consumption feedback (4.908042ms)
✔ relay preserves 6-channel PCM and native consumption feedback (0.617459ms)
✔ relay preserves 8-channel PCM and native consumption feedback (0.634625ms)
✔ native reset handshake prevents old counters and PCM from being accepted (0.55425ms)
✔ seek gate silences output while mpv has not yet completed the seek (0.553208ms)
✔ shared Wasm growth preserves the fixed native ring prefix (1.459459ms)
✔ invalid native counts fail instead of reading outside the ring (1.180125ms)
✔ consumer seek gate wins over a relay run publication racing the seek (1.383542ms)
✔ consumer starts before completion and a bounded small response measures without further demand (23.416958ms)
✔ measured response error retires and does not produce success (1.392167ms)
✔ measured response extra retires and does not produce success (0.971875ms)
✔ measured response cancel retires and does not produce success (0.790833ms)
✔ large segments stay progressive and demand driven (0.62825ms)
✔ closing after read-ahead accounts for every fetched but unconsumed byte (0.762334ms)
✔ network time includes request latency and no URL reaches the output sample (1.847584ms)
✔ cache hits or missing cross-origin timing cannot become bandwidth estimates (0.394167ms)
✔ application backpressure invalidates the sample instead of being subtracted (1.082875ms)
✔ incomplete, canceled and small resources do not create completed samples (0.260375ms)
✔ late timing entries may arrive after EOF, but missing entries expire explicitly (0.624083ms)
✔ duplicate URLs consume distinct timing entries and check body size (0.486625ms)
✔ retry and sub-50ms resource samples are conservative exclusions (0.26575ms)
✔ all histories are bounded and source retirement rejects later completion (1.096042ms)
✔ network completion during consumer idle is independent of later consumption (0.890792ms)
✔ earlier application waits and overflow remain excluded even if final idle spans completion (0.583333ms)
✔ full manifests remain owned by FFmpeg without fixed-selection rewriting (20.748125ms)
✔ slow candidate headers do not block opening the next active segment (4.301208ms)
✔ parallel manifests retain independent cancellation and shared byte accounting (2.208167ms)
✔ decoder reconfiguration preserves an old frame already scheduled by mpv (2.627292ms)
✔ source or seek retirement still rejects stale decoder generations (0.640125ms)
✔ unidentified output clears presented quality without attributing a request (0.708083ms)
✔ redrawing a held frame cannot relabel it with another selection at the same PTS (2.185583ms)
✔ internal paused seek draws its single new frame: selection-first (1.188084ms)
✔ internal paused seek draws its single new frame: frame-first (0.588625ms)
✔ identical PTS cannot let old native selection present a new reset generation (0.496625ms)
✔ late decoder reset retires explicit seek preroll after its waiter completes (0.715ms)
✔ native source ownership rejects stale commands before policy changes (1.939042ms)
✔ seekable duration or byte counts cannot stand in for forward buffer (1.235708ms)
✔ verified samples and mpv forward buffer produce one source-bound request (0.513291ms)
✔ manual intent turns auto off, without recreating a native source (0.234583ms)
✔ new source clears health, estimates and request history (0.198458ms)
✔ old network samples never justify a late upswitch after inactivity (0.206709ms)
✔ invalid ceilings leave the accepted policy unchanged (0.104375ms)
✔ native rejection leaves the previously accepted automatic policy intact (0.079416ms)
✔ observed frame dropping can downswitch even with good throughput (0.352208ms)
✔ seek retirement drops do not masquerade as sustained decoder failure (0.335375ms)
✔ new decoder errors temporarily inhibit upswitching and reset with the source (0.162ms)
✔ terminal demux errors are polled only for the accepted source (1.379958ms)
✔ manual policy never adapts, including during starvation (0.712084ms)
✔ unknown forward buffer and cache/backpressure samples cannot justify an upswitch (0.328834ms)
✔ upgrades require sustained headroom; deterioration and starvation downswitch promptly (4.006792ms)
✔ recovery from 2 to 8 Mbit/s remains slower than a downswitch (0.328583ms)
✔ manual selection is authoritative after auto; paused playback does not adapt (0.153584ms)
✔ ceilings and eligibility constrain decisions without inventing another track identity (0.420709ms)
✔ a pending upswitch is retired when conditions collapse, even if current quality is already low (0.142416ms)
✔ duplicate samples are ignored and a new source starts with no previous estimate (0.078334ms)
✔ known-length last chunk verifies EOF without losing remaining consumer bytes (12.54025ms)
✔ declared bytes followed by error never become a completed sample (2.671084ms)
✔ declared bytes followed by extra never become a completed sample (1.000042ms)
✔ declared bytes followed by cancel never become a completed sample (0.877125ms)
ℹ tests 59
ℹ suites 0
ℹ pass 59
ℹ fail 0
ℹ cancelled 0
ℹ skipped 0
ℹ todo 0
ℹ duration_ms 293.474042
