D01 REJECTED page.evaluate: PlayerError: FFmpeg error -1094995529: Incomplete AAC profile metadata 
D01-reference COMPLETED  0.05489402908681985
D02 COMPLETED  0
D03 COMPLETED  0
D08 REJECTED Error: screen open deadline 18s 
D08-reference COMPLETED  0.05282302328969264
D09 COMPLETED  0.05282302328969264
D10 COMPLETED  0.05318663075276639
D11 REJECTED page.evaluate: PlayerError: Failed to read the 'buffered' property from 'SourceBuffer': This SourceBuffer has been removed from the parent media source. 
D14 REJECTED page.evaluate: PlayerError: This source policy requires controlled remux transport 
D15-ogg COMPLETED  0.06324495241887149
D15-webm COMPLETED  0.06239710149812714
D15-mp4 COMPLETED  0.06253051815819088
D32-mulaw REJECTED page.evaluate: PlayerError: This source policy requires controlled remux transport 
D32-alaw REJECTED page.evaluate: PlayerError: This source policy requires controlled remux transport 
D32-reference REJECTED page.evaluate: PlayerError: This source policy requires controlled remux transport 
D41-xiph COMPLETED  0.08995404481341762
D41-ebml COMPLETED  0.09204406384823892
D41-tail COMPLETED  0.09072989808630838
D60 REJECTED page.evaluate: PlayerError: FFmpeg error -1094995529: Source seek failed or discontinuous timeline 0
D60-reference COMPLETED  0
D68-float REJECTED page.evaluate: PlayerError: This source policy requires controlled remux transport 
D68-integer REJECTED page.evaluate: PlayerError: This source policy requires controlled remux transport 
D68-reference REJECTED page.evaluate: PlayerError: This source policy requires controlled remux transport 
D69 COMPLETED  0.20740704884444502
D69-reference COMPLETED  0.2069850321452621
D72 COMPLETED  0
D72-short-default COMPLETED  0
D73 COMPLETED  0
D73-reference COMPLETED  0
