D01 pair 1 4581.6 5178.5
D01 pair 2 4511.3 4580.9
D01 pair 3 4454.6 4510.5
D01 pair 4 4756.4 4660.9
D01 pair 5 4550.3 4576.0
D01 pair 6 4730.7 4671.2
D01 pair 7 4972.0 4717.0
D01 PERFORMANCE PASS
D08 pair 1 4630.2 5747.5
D08 pair 2 5168.8 4920.6
D08 pair 3 4367.9 4772.3
D08 pair 4 4409.1 4443.3
D08 pair 5 4310.2 4374.0
D08 pair 6 4326.5 4286.3
D08 pair 7 4305.6 4294.9
D08 PERFORMANCE PASS
D32 pair 1 1518.3 2164.5
D32 pair 2 1434.0 1448.2
D32 pair 3 1434.2 1438.8
D32 pair 4 1440.9 1431.4
D32 pair 5 1445.9 1435.5
D32 pair 6 1433.3 1463.7
D32 pair 7 1442.3 1449.5
D32 PERFORMANCE PASS
D68 pair 1 1354.3 1502.1
D68 pair 2 1377.4 1331.5
D68 pair 3 1338.1 1340.2
D68 pair 4 1329.5 1325.2
D68 pair 5 1322.5 1326.1
D68 pair 6 1323.2 1319.4
D68 pair 7 1318.7 1320.8
D68 PERFORMANCE PASS
D69 pair 1 1316.6 1335.4
D69 pair 2 1319.2 1314.1
D69 pair 3 1320.2 1315.2
D69 pair 4 1313.0 1317.6
D69 pair 5 1319.5 1316.2
D69 pair 6 1320.0 1314.6
D69 pair 7 1320.3 1322.1
D69 PERFORMANCE PASS
