D01 pair 1 4929.6 5706.4
D01 pair 2 4457.8 4429.2
D01 pair 3 4402.0 4489.2
D01 pair 4 4416.1 4418.3
D01 pair 5 4436.7 4424.1
D01 pair 6 4396.9 4457.0
D01 pair 7 4527.5 4422.2
D01 PERFORMANCE PASS
D08 pair 1 4539.7 4738.2
D08 pair 2 4388.8 4438.2
D08 pair 3 4424.4 4491.0
D08 pair 4 4468.6 4504.5
D08 pair 5 4529.8 4491.5
D08 pair 6 4601.5 4485.3
D08 pair 7 4461.4 4548.8
D08 PERFORMANCE PASS
D32 pair 1 1977.1 4397.0
D32 pair 2 1550.8 1570.2
D32 pair 3 1624.0 1614.9
D32 pair 4 1714.8 1627.8
D32 pair 5 1736.5 1750.8
D32 pair 6 1527.2 1551.2
D32 pair 7 1684.0 1511.8
D32 PERFORMANCE PASS
D68 pair 1 1628.7 1742.2
D68 pair 2 1680.3 1534.6
D68 pair 3 1542.6 1664.4
D68 pair 4 1491.5 1473.9
D68 pair 5 1539.0 1680.7
D68 pair 6 1598.4 1465.3
D68 pair 7 1570.2 1401.5
D68 PERFORMANCE PASS
D69 pair 1 1563.3 1590.6
D69 pair 2 1421.2 1414.3
D69 pair 3 1473.3 1523.3
D69 pair 4 1588.5 1436.8
D69 pair 5 1452.8 1604.0
D69 pair 6 1410.0 1485.7
D69 pair 7 1563.7 1517.6
D69 PERFORMANCE PASS
