2026-09-21T18:51:15.153Z pw:browser <launching> /Users/jagatranvo/Library/Caches/ms-playwright/firefox-1509/firefox/Nightly.app/Contents/MacOS/firefox -no-remote -wait-for-browser -foreground -profile /var/folders/p2/hs2582qs5672qbvtm4z5_9840000gn/T/playwright_firefoxdev_profile-JHbL1r -juggler-pipe -silent
2026-09-21T18:51:15.157Z pw:browser <launched> pid=11502
2026-09-21T18:51:16.558Z pw:browser [pid=11502][err] JavaScript warning: resource://services-settings/Utils.sys.mjs, line 116: unreachable code after return statement
2026-09-21T18:51:16.560Z pw:browser [pid=11502][out] console.warn: services.settings: Ignoring preference override of remote settings server
2026-09-21T18:51:16.561Z pw:browser [pid=11502][out] console.warn: services.settings: Allow by setting MOZ_REMOTE_SETTINGS_DEVTOOLS=1 in the environment
2026-09-21T18:51:16.872Z pw:browser [pid=11502][err] 2026-09-21 18:51:16.871 Nightly GPU Helper[11785:29934260] Failure on line 688 in function id scheduleApplicationNotification(LSNotificationCode, NSWorkspaceNotificationCenter *): noErr == _LSModifyNotification(notificationID, 1, &code, 0, NULL, NULL, NULL)
2026-09-21T18:51:17.006Z pw:browser [pid=11502][err] 2026-09-21 18:51:17.006 Nightly GPU Helper[11785:29934260] Error received in message reply handler: Connection invalid
2026-09-21T18:51:17.007Z pw:browser [pid=11502][err] 2026-09-21 18:51:17.006 Nightly GPU Helper[11785:29934291] Connection Invalid error for service com.apple.hiservices-xpcservice.
2026-09-21T18:51:17.181Z pw:browser [pid=11502][out] 
2026-09-21T18:51:17.181Z pw:browser [pid=11502][out] Juggler listening to the pipe
2026-09-21T18:51:17.234Z pw:browser [pid=11502][out] console.error: "Warning: unrecognized command line flag" "-wait-for-browser"
2026-09-21T18:51:17.966Z pw:browser [pid=11502][err] UNSUPPORTED (log once): POSSIBLE ISSUE: unit 1 GLD_TEXTURE_INDEX_2D is unloadable and bound to sampler type (Float) - using zero texture because texture unloadable
2026-09-21T18:51:18.407Z pw:browser [pid=11502][err] JavaScript error: chrome://juggler/content/Helper.js, line 82: NS_ERROR_FAILURE: Component returned failure code: 0x80004005 (NS_ERROR_FAILURE) [nsIWebProgress.removeProgressListener]
2026-09-21T18:51:18.419Z pw:browser [pid=11502][out] console.error: services.settings: 
2026-09-21T18:51:18.419Z pw:browser [pid=11502][out]   Message: EmptyDatabaseError: "main/nimbus-desktop-experiments" has not been synced yet
2026-09-21T18:51:18.419Z pw:browser [pid=11502][out]   Stack:
2026-09-21T18:51:18.419Z pw:browser [pid=11502][out]     EmptyDatabaseError@resource://services-settings/Database.sys.mjs:19:5
2026-09-21T18:51:18.419Z pw:browser [pid=11502][out] list@resource://services-settings/Database.sys.mjs:96:13
2026-09-21T18:51:18.419Z pw:browser [pid=11502][out] 
2026-09-21T18:51:19.073Z pw:browser [pid=11502][out] console.warn: services.settings: #fetchAttachment: Forcing fallbackToDump to false due to Utils.LOAD_DUMPS being false
2026-09-21T18:51:19.073Z pw:browser [pid=11502][out] console.error: (new NotFoundError("Could not find fa0fc42c-d91d-fca7-34eb-806ff46062dc in cache or dump", "resource://services-settings/Attachments.sys.mjs", 48))
2026-09-21T18:51:19.073Z pw:browser [pid=11502][out] console.warn: "Unable to find the attachment for" "fa0fc42c-d91d-fca7-34eb-806ff46062dc"
2026-09-21T18:51:19.076Z pw:browser [pid=11502][out] console.error: [Exception... "Component returned failure code: 0x80040111 (NS_ERROR_NOT_AVAILABLE) [nsIContentSniffer.getMIMETypeFromContent]"  nsresult: "0x80040111 (NS_ERROR_NOT_AVAILABLE)"  location: "JS frame :: resource:///modules/FaviconLoader.sys.mjs :: onStopRequest :: line 289"  data: no]
2026-09-21T18:51:46.802Z pw:browser [pid=11502][err] JavaScript warning: resource://gre/modules/UpdateService.sys.mjs, line 3995: unreachable code after return statement
2026-09-21T18:51:46.811Z pw:browser [pid=11502][out] console.error: "Could not download new icon" (new ServerInfoError("Server response is invalid SyntaxError: XMLHttpRequest.open: '/' is not a valid URL.", "resource://services-settings/Attachments.sys.mjs", 40))
2026-09-21T18:51:54.032Z pw:browser [pid=11502] <gracefully close start>
2026-09-21T18:51:54.073Z pw:browser [pid=11502][err] JavaScript error: chrome://juggler/content/Helper.js, line 82: NS_ERROR_FAILURE: Component returned failure code: 0x80004005 (NS_ERROR_FAILURE) [nsIWebProgress.removeProgressListener]
2026-09-21T18:51:54.453Z pw:browser [pid=11502] <process did exit: exitCode=0, signal=null>
2026-09-21T18:51:54.454Z pw:browser [pid=11502] starting temporary directories cleanup
2026-09-21T18:51:54.489Z pw:browser [pid=11502] finished temporary directories cleanup
2026-09-21T18:51:54.489Z pw:browser [pid=11502] <gracefully close end>
{"dest":"research/items/unified-hybrid-software-engine/evidence/20260921T182619Z-unified-01/policy-firefox-baseline-software-baseline-user-all-10mbps-1790016675043","passed":true,"startup":{"openMs":8096.220000000001,"playMs":8124.4000000000015,"movementMs":8389.279999999999}}
