{
  "scope": "Native HTML media URL destinations with no HLS library. Real rendered color/audio; no hardware/energy or route admission claim.",
  "fragments": [
    {
      "offset": 1260,
      "size": 1135
    },
    {
      "offset": 2395,
      "size": 12304
    },
    {
      "offset": 14699,
      "size": 379
    },
    {
      "offset": 15078,
      "size": 13712
    }
  ],
  "requests": [
    {
      "url": "/",
      "range": null,
      "time": 1789841326900
    },
    {
      "url": "/favicon.ico",
      "range": null,
      "time": 1789841326929
    },
    {
      "url": "/playlist.m3u8",
      "range": "bytes=0-",
      "time": 1789841327233
    },
    {
      "url": "/clip.mp4",
      "range": "bytes=0-",
      "time": 1789841327239
    },
    {
      "url": "/clip.mp4",
      "range": "bytes=0-",
      "time": 1789841327240
    },
    {
      "url": "/favicon.ico",
      "range": null,
      "time": 1789841327247
    },
    {
      "url": "/playlist-bad.m3u8",
      "range": "bytes=0-",
      "time": 1789841330285
    }
  ],
  "cases": [
    {
      "name": "hls",
      "firstAVAt": 1789841329397,
      "av": 38,
      "ended": true,
      "failed": null,
      "seeked": true,
      "cleanup": true
    },
    {
      "name": "hls-bad-boundary",
      "firstAVAt": null,
      "av": 0,
      "ended": false,
      "failed": "NotSupportedError: Failed to load because no supported source was found.",
      "seeked": false,
      "cleanup": true
    }
  ],
  "browser": "152.0.7977.83",
  "hlsPursue": true,
  "badHlsRejected": true,
  "completed": true
}
