{
  "scope": "Finite eight-second AVC/AAC native URL, four-second first fragment then remaining bytes after 3.5 seconds. Native full-response baseline, no MSE or library.",
  "head": 158604,
  "requests": [
    {
      "path": "/",
      "started": 1789854891091
    },
    {
      "path": "/favicon.ico",
      "started": 1789854891106
    },
    {
      "path": "/full?1789854891545",
      "started": 1789854891547,
      "range": "bytes=0-",
      "ended": 1789854891548
    },
    {
      "path": "/favicon.ico",
      "started": 1789854891606
    },
    {
      "path": "/slow?1789854900919",
      "started": 1789854900921,
      "range": "bytes=0-",
      "ended": 1789854904423,
      "closed": 1789854904425
    },
    {
      "path": "/truncated?1789854914286",
      "started": 1789854914290,
      "range": "bytes=0-",
      "ended": 1789854917791,
      "closed": 1789854917796
    },
    {
      "path": "/truncated?1789854914286",
      "started": 1789854918097,
      "range": "bytes=158604-",
      "rejectedResume": true
    },
    {
      "path": "/cancel?1789854918614",
      "started": 1789854918615,
      "range": "bytes=0-",
      "ended": 1789854922117,
      "closed": 1789854922118
    }
  ],
  "cases": [
    {
      "mode": "full",
      "presented": 96,
      "firstOutput": 1789854891584,
      "ended": true,
      "duration": 8.021403,
      "position": 8.021403,
      "sampleRate": 48000,
      "seek": [
        {
          "t": 0.3,
          "actualTime": 0.3,
          "hash": "626fb027f5ad9a7f67f24572410ffc04bee41b04489bd0cda592548de9a43ca2",
          "match": true
        },
        {
          "t": 6.3,
          "actualTime": 6.3,
          "hash": "75087956b2d79adb2f7e6361ed8b8399143e2da7adad925a95e0e469499c51ef",
          "match": true
        },
        {
          "t": 1.3,
          "actualTime": 1.3,
          "hash": "185e4eb10229053949910e4faa8eff87142519679fa747c549516d0d855d5fcd",
          "match": true
        }
      ],
      "cleanup": true,
      "wrong": 0
    },
    {
      "mode": "slow",
      "presented": 96,
      "firstOutput": 1789854904438,
      "ended": true,
      "duration": 8.021403,
      "position": 8.021403,
      "sampleRate": 48000,
      "seek": [
        {
          "t": 0.3,
          "actualTime": 0.3,
          "hash": "626fb027f5ad9a7f67f24572410ffc04bee41b04489bd0cda592548de9a43ca2",
          "match": true
        },
        {
          "t": 6.3,
          "actualTime": 6.3,
          "hash": "75087956b2d79adb2f7e6361ed8b8399143e2da7adad925a95e0e469499c51ef",
          "match": true
        },
        {
          "t": 1.3,
          "actualTime": 1.3,
          "hash": "185e4eb10229053949910e4faa8eff87142519679fa747c549516d0d855d5fcd",
          "match": true
        }
      ],
      "cleanup": true,
      "wrong": 0
    },
    {
      "mode": "truncated",
      "presented": 0,
      "firstOutput": null,
      "ended": false,
      "error": "NotSupportedError: Failed to load because no supported source was found.",
      "duration": null,
      "position": 0,
      "sampleRate": 48000,
      "cleanup": true,
      "wrong": 0
    },
    {
      "mode": "cancel",
      "presented": 5,
      "firstOutput": 1789854922138,
      "cancelTime": 0.410667,
      "cancelledAt": 1789854922537,
      "noFurtherSource": true,
      "ended": false,
      "duration": null,
      "position": 0,
      "sampleRate": 48000,
      "cleanup": true,
      "wrong": 0
    }
  ],
  "browser": "152.0.7977.83"
}
