make: make -j 4
/Volumes/seed2/Projects/demuxe-release-closeout-20260916/build/emsdk-4.0.14/upstream/emscripten/emcc -D_LARGEFILE64_SOURCE=1 -DHAVE_HIDDEN -I. -I/Volumes/seed2/Projects/demuxe-jspi-asyncify-builds-20260927/mpv-deps-01/sources/zlib/ -c -o example.o /Volumes/seed2/Projects/demuxe-jspi-asyncify-builds-20260927/mpv-deps-01/sources/zlib/test/example.c
/Volumes/seed2/Projects/demuxe-release-closeout-20260916/build/emsdk-4.0.14/upstream/emscripten/emcc -D_LARGEFILE64_SOURCE=1 -DHAVE_HIDDEN -I. -include zconf.h -c -o adler32.o /Volumes/seed2/Projects/demuxe-jspi-asyncify-builds-20260927/mpv-deps-01/sources/zlib/adler32.c
/Volumes/seed2/Projects/demuxe-release-closeout-20260916/build/emsdk-4.0.14/upstream/emscripten/emcc -D_LARGEFILE64_SOURCE=1 -DHAVE_HIDDEN -I. -include zconf.h -c -o crc32.o /Volumes/seed2/Projects/demuxe-jspi-asyncify-builds-20260927/mpv-deps-01/sources/zlib/crc32.c
/Volumes/seed2/Projects/demuxe-release-closeout-20260916/build/emsdk-4.0.14/upstream/emscripten/emcc -D_LARGEFILE64_SOURCE=1 -DHAVE_HIDDEN -I. -include zconf.h -c -o deflate.o /Volumes/seed2/Projects/demuxe-jspi-asyncify-builds-20260927/mpv-deps-01/sources/zlib/deflate.c
/Volumes/seed2/Projects/demuxe-release-closeout-20260916/build/emsdk-4.0.14/upstream/emscripten/emcc -D_LARGEFILE64_SOURCE=1 -DHAVE_HIDDEN -I. -include zconf.h -c -o infback.o /Volumes/seed2/Projects/demuxe-jspi-asyncify-builds-20260927/mpv-deps-01/sources/zlib/infback.c
/Volumes/seed2/Projects/demuxe-release-closeout-20260916/build/emsdk-4.0.14/upstream/emscripten/emcc -D_LARGEFILE64_SOURCE=1 -DHAVE_HIDDEN -I. -include zconf.h -c -o inffast.o /Volumes/seed2/Projects/demuxe-jspi-asyncify-builds-20260927/mpv-deps-01/sources/zlib/inffast.c
/Volumes/seed2/Projects/demuxe-release-closeout-20260916/build/emsdk-4.0.14/upstream/emscripten/emcc -D_LARGEFILE64_SOURCE=1 -DHAVE_HIDDEN -I. -include zconf.h -c -o inflate.o /Volumes/seed2/Projects/demuxe-jspi-asyncify-builds-20260927/mpv-deps-01/sources/zlib/inflate.c
/Volumes/seed2/Projects/demuxe-release-closeout-20260916/build/emsdk-4.0.14/upstream/emscripten/emcc -D_LARGEFILE64_SOURCE=1 -DHAVE_HIDDEN -I. -include zconf.h -c -o inftrees.o /Volumes/seed2/Projects/demuxe-jspi-asyncify-builds-20260927/mpv-deps-01/sources/zlib/inftrees.c
/Volumes/seed2/Projects/demuxe-release-closeout-20260916/build/emsdk-4.0.14/upstream/emscripten/emcc -D_LARGEFILE64_SOURCE=1 -DHAVE_HIDDEN -I. -include zconf.h -c -o trees.o /Volumes/seed2/Projects/demuxe-jspi-asyncify-builds-20260927/mpv-deps-01/sources/zlib/trees.c
/Volumes/seed2/Projects/demuxe-release-closeout-20260916/build/emsdk-4.0.14/upstream/emscripten/emcc -D_LARGEFILE64_SOURCE=1 -DHAVE_HIDDEN -I. -include zconf.h -c -o zutil.o /Volumes/seed2/Projects/demuxe-jspi-asyncify-builds-20260927/mpv-deps-01/sources/zlib/zutil.c
/Volumes/seed2/Projects/demuxe-release-closeout-20260916/build/emsdk-4.0.14/upstream/emscripten/emcc -D_LARGEFILE64_SOURCE=1 -DHAVE_HIDDEN -I. -include zconf.h -c -o compress.o /Volumes/seed2/Projects/demuxe-jspi-asyncify-builds-20260927/mpv-deps-01/sources/zlib/compress.c
/Volumes/seed2/Projects/demuxe-release-closeout-20260916/build/emsdk-4.0.14/upstream/emscripten/emcc -D_LARGEFILE64_SOURCE=1 -DHAVE_HIDDEN -I. -include zconf.h -c -o uncompr.o /Volumes/seed2/Projects/demuxe-jspi-asyncify-builds-20260927/mpv-deps-01/sources/zlib/uncompr.c
/Volumes/seed2/Projects/demuxe-release-closeout-20260916/build/emsdk-4.0.14/upstream/emscripten/emcc -D_LARGEFILE64_SOURCE=1 -DHAVE_HIDDEN -I. -include zconf.h -c -o gzclose.o /Volumes/seed2/Projects/demuxe-jspi-asyncify-builds-20260927/mpv-deps-01/sources/zlib/gzclose.c
/Volumes/seed2/Projects/demuxe-release-closeout-20260916/build/emsdk-4.0.14/upstream/emscripten/emcc -D_LARGEFILE64_SOURCE=1 -DHAVE_HIDDEN -I. -include zconf.h -c -o gzlib.o /Volumes/seed2/Projects/demuxe-jspi-asyncify-builds-20260927/mpv-deps-01/sources/zlib/gzlib.c
/Volumes/seed2/Projects/demuxe-release-closeout-20260916/build/emsdk-4.0.14/upstream/emscripten/emcc -D_LARGEFILE64_SOURCE=1 -DHAVE_HIDDEN -I. -include zconf.h -c -o gzread.o /Volumes/seed2/Projects/demuxe-jspi-asyncify-builds-20260927/mpv-deps-01/sources/zlib/gzread.c
/Volumes/seed2/Projects/demuxe-release-closeout-20260916/build/emsdk-4.0.14/upstream/emscripten/emcc -D_LARGEFILE64_SOURCE=1 -DHAVE_HIDDEN -I. -include zconf.h -c -o gzwrite.o /Volumes/seed2/Projects/demuxe-jspi-asyncify-builds-20260927/mpv-deps-01/sources/zlib/gzwrite.c
/Volumes/seed2/Projects/demuxe-release-closeout-20260916/build/emsdk-4.0.14/upstream/emscripten/emcc -D_LARGEFILE64_SOURCE=1 -DHAVE_HIDDEN -I. -I/Volumes/seed2/Projects/demuxe-jspi-asyncify-builds-20260927/mpv-deps-01/sources/zlib/ -c -o minigzip.o /Volumes/seed2/Projects/demuxe-jspi-asyncify-builds-20260927/mpv-deps-01/sources/zlib/test/minigzip.c
/Volumes/seed2/Projects/demuxe-release-closeout-20260916/build/emsdk-4.0.14/upstream/emscripten/emcc -D_LARGEFILE64_SOURCE=1 -DHAVE_HIDDEN -I. -I/Volumes/seed2/Projects/demuxe-jspi-asyncify-builds-20260927/mpv-deps-01/sources/zlib/ -D_FILE_OFFSET_BITS=64 -c -o example64.o /Volumes/seed2/Projects/demuxe-jspi-asyncify-builds-20260927/mpv-deps-01/sources/zlib/test/example.c
/Volumes/seed2/Projects/demuxe-release-closeout-20260916/build/emsdk-4.0.14/upstream/emscripten/emcc -D_LARGEFILE64_SOURCE=1 -DHAVE_HIDDEN -I. -I/Volumes/seed2/Projects/demuxe-jspi-asyncify-builds-20260927/mpv-deps-01/sources/zlib/ -D_FILE_OFFSET_BITS=64 -c -o minigzip64.o /Volumes/seed2/Projects/demuxe-jspi-asyncify-builds-20260927/mpv-deps-01/sources/zlib/test/minigzip.c
libtool -o libz.a adler32.o crc32.o deflate.o infback.o inffast.o inflate.o inftrees.o trees.o zutil.o compress.o uncompr.o gzclose.o gzlib.o gzread.o gzwrite.o 
libtool: warning: not a mach-o 'adler32.o'
libtool: warning: not a mach-o 'crc32.o'
libtool: warning: not a mach-o 'deflate.o'
libtool: warning: not a mach-o 'infback.o'
libtool: warning: not a mach-o 'inffast.o'
libtool: warning: not a mach-o 'inflate.o'
libtool: warning: not a mach-o 'inftrees.o'
libtool: warning: not a mach-o 'trees.o'
libtool: warning: not a mach-o 'zutil.o'
libtool: warning: not a mach-o 'compress.o'
libtool: warning: not a mach-o 'uncompr.o'
libtool: warning: not a mach-o 'gzclose.o'
libtool: warning: not a mach-o 'gzlib.o'
libtool: warning: not a mach-o 'gzread.o'
libtool: warning: not a mach-o 'gzwrite.o'
/Volumes/seed2/Projects/demuxe-release-closeout-20260916/build/emsdk-4.0.14/upstream/emscripten/emcc -D_LARGEFILE64_SOURCE=1 -DHAVE_HIDDEN  -o example example.o -L. libz.a
/Volumes/seed2/Projects/demuxe-release-closeout-20260916/build/emsdk-4.0.14/upstream/emscripten/emcc -D_LARGEFILE64_SOURCE=1 -DHAVE_HIDDEN  -o minigzip minigzip.o -L. libz.a
/Volumes/seed2/Projects/demuxe-release-closeout-20260916/build/emsdk-4.0.14/upstream/emscripten/emcc -D_LARGEFILE64_SOURCE=1 -DHAVE_HIDDEN  -o example64 example64.o -L. libz.a
/Volumes/seed2/Projects/demuxe-release-closeout-20260916/build/emsdk-4.0.14/upstream/emscripten/emcc -D_LARGEFILE64_SOURCE=1 -DHAVE_HIDDEN  -o minigzip64 minigzip64.o -L. libz.a
cache:INFO: generating system library: sysroot/lib/wasm32-emscripten/libnoexit.a... (this will be cached in "/Volumes/seed2/Projects/demuxe-jspi-asyncify-builds-20260927/mpv-deps-01/em-cache/sysroot/lib/wasm32-emscripten/libnoexit.a" for subsequent builds)
system_libs:INFO: compiled 1 inputs in 0.21s
cache:INFO:  - ok
wasm-ld: error: example64.o: undefined symbol: zlibVersion
wasm-ld: error: example64.o: undefined symbol: zlibVersion
wasm-ld: error: example64.o: undefined symbol: zlibVersion
wasm-ld: error: example64.o: undefined symbol: zlibCompileFlags
wasm-ld: error: example64.o: undefined symbol: compress
wasm-ld: error: example64.o: undefined symbol: uncompress
wasm-ld: error: example64.o: undefined symbol: gzopen
wasm-ld: error: example64.o: undefined symbol: gzputc
wasm-ld: error: example64.o: undefined symbol: gzputs
wasm-ld: error: example64.o: undefined symbol: gzerror
wasm-ld: error: example64.o: undefined symbol: gzprintf
wasm-ld: error: example64.o: undefined symbol: gzerror
wasm-ld: error: example64.o: undefined symbol: gzseek
wasm-ld: error: example64.o: undefined symbol: gzclose
wasm-ld: error: example64.o: undefined symbol: gzopen
wasm-ld: error: minigzip64.o: undefined symbol: gzdopen
wasm-ld: error: minigzip64.o: undefined symbol: gzdopen
wasm-ld: error: minigzip64.o: undefined symbol: gzopen
wasm-ld: error: minigzip64.o: undefined symbol: gzdopen
wasm-ld: error: minigzip64.o: undefined symbol: gzread
wasm-ld: error: minigzip64.o: undefined symbol: gzerror
wasm-ld: error: minigzip64.o: undefined symbol: gzclose
wasm-ld: error: minigzip64.o: undefined symbol: gzwrite
wasm-ld: error: minigzip64.o: undefined symbol: gzerror
wasm-ld: error: minigzip64.o: undefined symbol: gzclose
wasm-ld: error: minigzip64.o: undefined symbol: gzopen
wasm-ld: error: minigzip64.o: undefined symbol: gzopen
wasm-ld: error: example64.o: undefined symbol: gzread
wasm-ld: error: example64.o: undefined symbol: gzerror
wasm-ld: error: example64.o: undefined symbol: gzseek
wasm-ld: error: example64.o: undefined symbol: gztell
wasm-ld: error: example64.o: undefined symbol: gztell
wasm-ld: error: too many errors emitted, stopping now (use -error-limit=0 to see all errors)
emcc: error: '/Volumes/seed2/Projects/demuxe-release-closeout-20260916/build/emsdk-4.0.14/upstream/bin/wasm-ld -o minigzip64.wasm minigzip64.o -L. libz.a -L/Volumes/seed2/Projects/demuxe-jspi-asyncify-builds-20260927/mpv-deps-01/em-cache/sysroot/lib/wasm32-emscripten -L/Volumes/seed2/Projects/demuxe-release-closeout-20260916/build/emsdk-4.0.14/upstream/emscripten/src/lib -lGL-getprocaddr -lal -lhtml5 -lstubs-debug -lnoexit -lc-debug -ldlmalloc-debug -lcompiler_rt -lc++-debug-noexcept -lc++abi-debug-noexcept -lsockets -mllvm -combiner-global-alias-analysis=false -mllvm -enable-emscripten-sjlj -mllvm -disable-lsr /var/folders/p2/hs2582qs5672qbvtm4z5_9840000gn/T/tmpt1ka45d8libemscripten_js_symbols.so --strip-debug --export=emscripten_stack_get_end --export=emscripten_stack_get_free --export=emscripten_stack_get_base --export=emscripten_stack_get_current --export=emscripten_stack_init --export=_emscripten_stack_alloc --export=__wasm_call_ctors --export=_emscripten_stack_restore --export-if-defined=__start_em_asm --export-if-defined=__stop_em_asm --export-if-defined=__start_em_lib_deps --export-if-defined=__stop_em_lib_deps --export-if-defined=__start_em_js --export-if-defined=__stop_em_js --export-if-defined=main --export-if-defined=__main_argc_argv --export-if-defined=fflush --export-table -z stack-size=65536 --no-growable-memory --initial-heap=16777216 --no-entry --stack-first --table-base=1' failed (returned 1)
emcc: error: '/Volumes/seed2/Projects/demuxe-release-closeout-20260916/build/emsdk-4.0.14/upstream/bin/wasm-ld -o example64.wasm example64.o -L. libz.a -L/Volumes/seed2/Projects/demuxe-jspi-asyncify-builds-20260927/mpv-deps-01/em-cache/sysroot/lib/wasm32-emscripten -L/Volumes/seed2/Projects/demuxe-release-closeout-20260916/build/emsdk-4.0.14/upstream/emscripten/src/lib -lGL-getprocaddr -lal -lhtml5 -lstubs-debug -lnoexit -lc-debug -ldlmalloc-debug -lcompiler_rt -lc++-debug-noexcept -lc++abi-debug-noexcept -lsockets -mllvm -combiner-global-alias-analysis=false -mllvm -enable-emscripten-sjlj -mllvm -disable-lsr /var/folders/p2/hs2582qs5672qbvtm4z5_9840000gn/T/tmprsow7yellibemscripten_js_symbols.so --strip-debug --export=emscripten_stack_get_end --export=emscripten_stack_get_free --export=emscripten_stack_get_base --export=emscripten_stack_get_current --export=emscripten_stack_init --export=_emscripten_stack_alloc --export=__wasm_call_ctors --export=_emscripten_stack_restore --export-if-defined=__start_em_asm --export-if-defined=__stop_em_asm --export-if-defined=__start_em_lib_deps --export-if-defined=__stop_em_lib_deps --export-if-defined=__start_em_js --export-if-defined=__stop_em_js --export-if-defined=main --export-if-defined=__main_argc_argv --export-if-defined=fflush --export-table -z stack-size=65536 --no-growable-memory --initial-heap=16777216 --no-entry --stack-first --table-base=1' failed (returned 1)
wasm-ld: error: minigzip.o: undefined symbol: gzdopen
wasm-ld: error: minigzip.o: undefined symbol: gzdopen
wasm-ld: error: minigzip.o: undefined symbol: gzopen
wasm-ld: error: minigzip.o: undefined symbol: gzdopen
wasm-ld: error: minigzip.o: undefined symbol: gzread
wasm-ld: error: minigzip.o: undefined symbol: gzerror
wasm-ld: error: minigzip.o: undefined symbol: gzclose
wasm-ld: error: minigzip.o: undefined symbol: gzwrite
wasm-ld: error: minigzip.o: undefined symbol: gzerror
wasm-ld: error: minigzip.o: undefined symbol: gzclose
wasm-ld: error: minigzip.o: undefined symbol: gzopen
wasm-ld: error: minigzip.o: undefined symbol: gzopen
emcc: error: '/Volumes/seed2/Projects/demuxe-release-closeout-20260916/build/emsdk-4.0.14/upstream/bin/wasm-ld -o minigzip.wasm minigzip.o -L. libz.a -L/Volumes/seed2/Projects/demuxe-jspi-asyncify-builds-20260927/mpv-deps-01/em-cache/sysroot/lib/wasm32-emscripten -L/Volumes/seed2/Projects/demuxe-release-closeout-20260916/build/emsdk-4.0.14/upstream/emscripten/src/lib -lGL-getprocaddr -lal -lhtml5 -lstubs-debug -lnoexit -lc-debug -ldlmalloc-debug -lcompiler_rt -lc++-debug-noexcept -lc++abi-debug-noexcept -lsockets -mllvm -combiner-global-alias-analysis=false -mllvm -enable-emscripten-sjlj -mllvm -disable-lsr /var/folders/p2/hs2582qs5672qbvtm4z5_9840000gn/T/tmpbelhqv1klibemscripten_js_symbols.so --strip-debug --export=emscripten_stack_get_end --export=emscripten_stack_get_free --export=emscripten_stack_get_base --export=emscripten_stack_get_current --export=emscripten_stack_init --export=_emscripten_stack_alloc --export=__wasm_call_ctors --export=_emscripten_stack_restore --export-if-defined=__start_em_asm --export-if-defined=__stop_em_asm --export-if-defined=__start_em_lib_deps --export-if-defined=__stop_em_lib_deps --export-if-defined=__start_em_js --export-if-defined=__stop_em_js --export-if-defined=main --export-if-defined=__main_argc_argv --export-if-defined=fflush --export-table -z stack-size=65536 --no-growable-memory --initial-heap=16777216 --no-entry --stack-first --table-base=1' failed (returned 1)
make: *** [example64] Error 1
make: *** Waiting for unfinished jobs....
make: *** [minigzip64] Error 1
make: *** [minigzip] Error 1
wasm-ld: error: example.o: undefined symbol: zlibVersion
wasm-ld: error: example.o: undefined symbol: zlibVersion
wasm-ld: error: example.o: undefined symbol: zlibVersion
wasm-ld: error: example.o: undefined symbol: zlibCompileFlags
wasm-ld: error: example.o: undefined symbol: compress
wasm-ld: error: example.o: undefined symbol: uncompress
wasm-ld: error: example.o: undefined symbol: gzopen
wasm-ld: error: example.o: undefined symbol: gzputc
wasm-ld: error: example.o: undefined symbol: gzputs
wasm-ld: error: example.o: undefined symbol: gzerror
wasm-ld: error: example.o: undefined symbol: gzprintf
wasm-ld: error: example.o: undefined symbol: gzerror
wasm-ld: error: example.o: undefined symbol: gzseek
wasm-ld: error: example.o: undefined symbol: gzclose
wasm-ld: error: example.o: undefined symbol: gzopen
wasm-ld: error: example.o: undefined symbol: gzread
wasm-ld: error: example.o: undefined symbol: gzerror
wasm-ld: error: example.o: undefined symbol: gzseek
wasm-ld: error: example.o: undefined symbol: gztell
wasm-ld: error: example.o: undefined symbol: gztell
wasm-ld: error: too many errors emitted, stopping now (use -error-limit=0 to see all errors)
emcc: error: '/Volumes/seed2/Projects/demuxe-release-closeout-20260916/build/emsdk-4.0.14/upstream/bin/wasm-ld -o example.wasm example.o -L. libz.a -L/Volumes/seed2/Projects/demuxe-jspi-asyncify-builds-20260927/mpv-deps-01/em-cache/sysroot/lib/wasm32-emscripten -L/Volumes/seed2/Projects/demuxe-release-closeout-20260916/build/emsdk-4.0.14/upstream/emscripten/src/lib -lGL-getprocaddr -lal -lhtml5 -lstubs-debug -lnoexit -lc-debug -ldlmalloc-debug -lcompiler_rt -lc++-debug-noexcept -lc++abi-debug-noexcept -lsockets -mllvm -combiner-global-alias-analysis=false -mllvm -enable-emscripten-sjlj -mllvm -disable-lsr /var/folders/p2/hs2582qs5672qbvtm4z5_9840000gn/T/tmpolwlki66libemscripten_js_symbols.so --strip-debug --export=emscripten_stack_get_end --export=emscripten_stack_get_free --export=emscripten_stack_get_base --export=emscripten_stack_get_current --export=emscripten_stack_init --export=_emscripten_stack_alloc --export=__wasm_call_ctors --export=_emscripten_stack_restore --export-if-defined=__start_em_asm --export-if-defined=__stop_em_asm --export-if-defined=__start_em_lib_deps --export-if-defined=__stop_em_lib_deps --export-if-defined=__start_em_js --export-if-defined=__stop_em_js --export-if-defined=main --export-if-defined=__main_argc_argv --export-if-defined=fflush --export-table -z stack-size=65536 --no-growable-memory --initial-heap=16777216 --no-entry --stack-first --table-base=1' failed (returned 1)
make: *** [example] Error 1
emmake: error: 'make -j 4' failed (returned 2)
