[1/43] Building C object CMakeFiles/freetype.dir/src/base/ftbdf.c.o
[2/43] Building C object CMakeFiles/freetype.dir/src/base/ftbbox.c.o
[3/43] Building C object CMakeFiles/freetype.dir/src/base/ftcid.c.o
[4/43] Building C object CMakeFiles/freetype.dir/src/base/ftbitmap.c.o
[5/43] Building C object CMakeFiles/freetype.dir/src/base/ftfstype.c.o
[6/43] Building C object CMakeFiles/freetype.dir/src/base/ftgasp.c.o
[7/43] Building C object CMakeFiles/freetype.dir/src/autofit/autofit.c.o
[8/43] Building C object CMakeFiles/freetype.dir/src/base/ftglyph.c.o
[9/43] Building C object CMakeFiles/freetype.dir/src/base/ftgxval.c.o
[10/43] Building C object CMakeFiles/freetype.dir/src/base/ftbase.c.o
[11/43] Building C object CMakeFiles/freetype.dir/src/base/ftinit.c.o
[12/43] Building C object CMakeFiles/freetype.dir/src/base/ftotval.c.o
[13/43] Building C object CMakeFiles/freetype.dir/src/base/ftmm.c.o
[14/43] Building C object CMakeFiles/freetype.dir/src/base/ftpatent.c.o
[15/43] Building C object CMakeFiles/freetype.dir/src/base/ftpfr.c.o
[16/43] Building C object CMakeFiles/freetype.dir/src/base/ftsynth.c.o
[17/43] Building C object CMakeFiles/freetype.dir/src/base/ftstroke.c.o
[18/43] Building C object CMakeFiles/freetype.dir/src/base/fttype1.c.o
[19/43] Building C object CMakeFiles/freetype.dir/src/base/ftwinfnt.c.o
[20/43] Building C object CMakeFiles/freetype.dir/src/bzip2/ftbzip2.c.o
[21/43] Building C object CMakeFiles/freetype.dir/src/bdf/bdf.c.o
[22/43] Building C object CMakeFiles/freetype.dir/src/cache/ftcache.c.o
[23/43] Building C object CMakeFiles/freetype.dir/src/cid/type1cid.c.o
[24/43] Building C object CMakeFiles/freetype.dir/src/cff/cff.c.o
[25/43] Building C object CMakeFiles/freetype.dir/src/lzw/ftlzw.c.o
[26/43] Building C object CMakeFiles/freetype.dir/src/gzip/ftgzip.c.o
[27/43] Building C object CMakeFiles/freetype.dir/src/pcf/pcf.c.o
[28/43] Building C object CMakeFiles/freetype.dir/src/psnames/psnames.c.o
[29/43] Building C object CMakeFiles/freetype.dir/src/pfr/pfr.c.o
[30/43] Building C object CMakeFiles/freetype.dir/src/pshinter/pshinter.c.o
[31/43] Building C object CMakeFiles/freetype.dir/src/raster/raster.c.o
[32/43] Building C object CMakeFiles/freetype.dir/src/sdf/sdf.c.o
[33/43] Building C object CMakeFiles/freetype.dir/src/svg/svg.c.o
[34/43] Building C object CMakeFiles/freetype.dir/src/smooth/smooth.c.o
[35/43] Building C object CMakeFiles/freetype.dir/src/psaux/psaux.c.o
[36/43] Building C object CMakeFiles/freetype.dir/src/type1/type1.c.o
[37/43] Building C object CMakeFiles/freetype.dir/src/sfnt/sfnt.c.o
[38/43] Building C object CMakeFiles/freetype.dir/src/type42/type42.c.o
[39/43] Building C object CMakeFiles/freetype.dir/src/winfonts/winfnt.c.o
[40/43] Building C object CMakeFiles/freetype.dir/src/base/ftdebug.c.o
[41/43] Building C object CMakeFiles/freetype.dir/builds/unix/ftsystem.c.o
[42/43] Building C object CMakeFiles/freetype.dir/src/truetype/truetype.c.o
[43/43] Linking C static library libfreetype.a
