-- Install configuration: "Release"
-- Installing: /Volumes/seed2/Projects/demuxe-jspi-asyncify-builds-20260927/mpv-audio-deps-01/prefix/include/freetype2
-- Installing: /Volumes/seed2/Projects/demuxe-jspi-asyncify-builds-20260927/mpv-audio-deps-01/prefix/include/freetype2/freetype
-- Installing: /Volumes/seed2/Projects/demuxe-jspi-asyncify-builds-20260927/mpv-audio-deps-01/prefix/include/freetype2/freetype/config
-- Installing: /Volumes/seed2/Projects/demuxe-jspi-asyncify-builds-20260927/mpv-audio-deps-01/prefix/include/freetype2/freetype/config/ftheader.h
-- Installing: /Volumes/seed2/Projects/demuxe-jspi-asyncify-builds-20260927/mpv-audio-deps-01/prefix/include/freetype2/freetype/config/ftmodule.h
-- Installing: /Volumes/seed2/Projects/demuxe-jspi-asyncify-builds-20260927/mpv-audio-deps-01/prefix/include/freetype2/freetype/config/ftstdlib.h
-- Installing: /Volumes/seed2/Projects/demuxe-jspi-asyncify-builds-20260927/mpv-audio-deps-01/prefix/include/freetype2/freetype/config/integer-types.h
-- Installing: /Volumes/seed2/Projects/demuxe-jspi-asyncify-builds-20260927/mpv-audio-deps-01/prefix/include/freetype2/freetype/config/mac-support.h
-- Installing: /Volumes/seed2/Projects/demuxe-jspi-asyncify-builds-20260927/mpv-audio-deps-01/prefix/include/freetype2/freetype/config/public-macros.h
-- Installing: /Volumes/seed2/Projects/demuxe-jspi-asyncify-builds-20260927/mpv-audio-deps-01/prefix/include/freetype2/freetype/freetype.h
-- Installing: /Volumes/seed2/Projects/demuxe-jspi-asyncify-builds-20260927/mpv-audio-deps-01/prefix/include/freetype2/freetype/ftadvanc.h
-- Installing: /Volumes/seed2/Projects/demuxe-jspi-asyncify-builds-20260927/mpv-audio-deps-01/prefix/include/freetype2/freetype/ftbbox.h
-- Installing: /Volumes/seed2/Projects/demuxe-jspi-asyncify-builds-20260927/mpv-audio-deps-01/prefix/include/freetype2/freetype/ftbdf.h
-- Installing: /Volumes/seed2/Projects/demuxe-jspi-asyncify-builds-20260927/mpv-audio-deps-01/prefix/include/freetype2/freetype/ftbitmap.h
-- Installing: /Volumes/seed2/Projects/demuxe-jspi-asyncify-builds-20260927/mpv-audio-deps-01/prefix/include/freetype2/freetype/ftbzip2.h
-- Installing: /Volumes/seed2/Projects/demuxe-jspi-asyncify-builds-20260927/mpv-audio-deps-01/prefix/include/freetype2/freetype/ftcache.h
-- Installing: /Volumes/seed2/Projects/demuxe-jspi-asyncify-builds-20260927/mpv-audio-deps-01/prefix/include/freetype2/freetype/ftchapters.h
-- Installing: /Volumes/seed2/Projects/demuxe-jspi-asyncify-builds-20260927/mpv-audio-deps-01/prefix/include/freetype2/freetype/ftcid.h
-- Installing: /Volumes/seed2/Projects/demuxe-jspi-asyncify-builds-20260927/mpv-audio-deps-01/prefix/include/freetype2/freetype/ftcolor.h
-- Installing: /Volumes/seed2/Projects/demuxe-jspi-asyncify-builds-20260927/mpv-audio-deps-01/prefix/include/freetype2/freetype/ftdriver.h
-- Installing: /Volumes/seed2/Projects/demuxe-jspi-asyncify-builds-20260927/mpv-audio-deps-01/prefix/include/freetype2/freetype/fterrdef.h
-- Installing: /Volumes/seed2/Projects/demuxe-jspi-asyncify-builds-20260927/mpv-audio-deps-01/prefix/include/freetype2/freetype/fterrors.h
-- Installing: /Volumes/seed2/Projects/demuxe-jspi-asyncify-builds-20260927/mpv-audio-deps-01/prefix/include/freetype2/freetype/ftfntfmt.h
-- Installing: /Volumes/seed2/Projects/demuxe-jspi-asyncify-builds-20260927/mpv-audio-deps-01/prefix/include/freetype2/freetype/ftgasp.h
-- Installing: /Volumes/seed2/Projects/demuxe-jspi-asyncify-builds-20260927/mpv-audio-deps-01/prefix/include/freetype2/freetype/ftglyph.h
-- Installing: /Volumes/seed2/Projects/demuxe-jspi-asyncify-builds-20260927/mpv-audio-deps-01/prefix/include/freetype2/freetype/ftgxval.h
-- Installing: /Volumes/seed2/Projects/demuxe-jspi-asyncify-builds-20260927/mpv-audio-deps-01/prefix/include/freetype2/freetype/ftgzip.h
-- Installing: /Volumes/seed2/Projects/demuxe-jspi-asyncify-builds-20260927/mpv-audio-deps-01/prefix/include/freetype2/freetype/ftimage.h
-- Installing: /Volumes/seed2/Projects/demuxe-jspi-asyncify-builds-20260927/mpv-audio-deps-01/prefix/include/freetype2/freetype/ftincrem.h
-- Installing: /Volumes/seed2/Projects/demuxe-jspi-asyncify-builds-20260927/mpv-audio-deps-01/prefix/include/freetype2/freetype/ftlcdfil.h
-- Installing: /Volumes/seed2/Projects/demuxe-jspi-asyncify-builds-20260927/mpv-audio-deps-01/prefix/include/freetype2/freetype/ftlist.h
-- Installing: /Volumes/seed2/Projects/demuxe-jspi-asyncify-builds-20260927/mpv-audio-deps-01/prefix/include/freetype2/freetype/ftlogging.h
-- Installing: /Volumes/seed2/Projects/demuxe-jspi-asyncify-builds-20260927/mpv-audio-deps-01/prefix/include/freetype2/freetype/ftlzw.h
-- Installing: /Volumes/seed2/Projects/demuxe-jspi-asyncify-builds-20260927/mpv-audio-deps-01/prefix/include/freetype2/freetype/ftmac.h
-- Installing: /Volumes/seed2/Projects/demuxe-jspi-asyncify-builds-20260927/mpv-audio-deps-01/prefix/include/freetype2/freetype/ftmm.h
-- Installing: /Volumes/seed2/Projects/demuxe-jspi-asyncify-builds-20260927/mpv-audio-deps-01/prefix/include/freetype2/freetype/ftmodapi.h
-- Installing: /Volumes/seed2/Projects/demuxe-jspi-asyncify-builds-20260927/mpv-audio-deps-01/prefix/include/freetype2/freetype/ftmoderr.h
-- Installing: /Volumes/seed2/Projects/demuxe-jspi-asyncify-builds-20260927/mpv-audio-deps-01/prefix/include/freetype2/freetype/ftotval.h
-- Installing: /Volumes/seed2/Projects/demuxe-jspi-asyncify-builds-20260927/mpv-audio-deps-01/prefix/include/freetype2/freetype/ftoutln.h
-- Installing: /Volumes/seed2/Projects/demuxe-jspi-asyncify-builds-20260927/mpv-audio-deps-01/prefix/include/freetype2/freetype/ftparams.h
-- Installing: /Volumes/seed2/Projects/demuxe-jspi-asyncify-builds-20260927/mpv-audio-deps-01/prefix/include/freetype2/freetype/ftpfr.h
-- Installing: /Volumes/seed2/Projects/demuxe-jspi-asyncify-builds-20260927/mpv-audio-deps-01/prefix/include/freetype2/freetype/ftrender.h
-- Installing: /Volumes/seed2/Projects/demuxe-jspi-asyncify-builds-20260927/mpv-audio-deps-01/prefix/include/freetype2/freetype/ftsizes.h
-- Installing: /Volumes/seed2/Projects/demuxe-jspi-asyncify-builds-20260927/mpv-audio-deps-01/prefix/include/freetype2/freetype/ftsnames.h
-- Installing: /Volumes/seed2/Projects/demuxe-jspi-asyncify-builds-20260927/mpv-audio-deps-01/prefix/include/freetype2/freetype/ftstroke.h
-- Installing: /Volumes/seed2/Projects/demuxe-jspi-asyncify-builds-20260927/mpv-audio-deps-01/prefix/include/freetype2/freetype/ftsynth.h
-- Installing: /Volumes/seed2/Projects/demuxe-jspi-asyncify-builds-20260927/mpv-audio-deps-01/prefix/include/freetype2/freetype/ftsystem.h
-- Installing: /Volumes/seed2/Projects/demuxe-jspi-asyncify-builds-20260927/mpv-audio-deps-01/prefix/include/freetype2/freetype/fttrigon.h
-- Installing: /Volumes/seed2/Projects/demuxe-jspi-asyncify-builds-20260927/mpv-audio-deps-01/prefix/include/freetype2/freetype/fttypes.h
-- Installing: /Volumes/seed2/Projects/demuxe-jspi-asyncify-builds-20260927/mpv-audio-deps-01/prefix/include/freetype2/freetype/ftwinfnt.h
-- Installing: /Volumes/seed2/Projects/demuxe-jspi-asyncify-builds-20260927/mpv-audio-deps-01/prefix/include/freetype2/freetype/otsvg.h
-- Installing: /Volumes/seed2/Projects/demuxe-jspi-asyncify-builds-20260927/mpv-audio-deps-01/prefix/include/freetype2/freetype/t1tables.h
-- Installing: /Volumes/seed2/Projects/demuxe-jspi-asyncify-builds-20260927/mpv-audio-deps-01/prefix/include/freetype2/freetype/ttnameid.h
-- Installing: /Volumes/seed2/Projects/demuxe-jspi-asyncify-builds-20260927/mpv-audio-deps-01/prefix/include/freetype2/freetype/tttables.h
-- Installing: /Volumes/seed2/Projects/demuxe-jspi-asyncify-builds-20260927/mpv-audio-deps-01/prefix/include/freetype2/freetype/tttags.h
-- Installing: /Volumes/seed2/Projects/demuxe-jspi-asyncify-builds-20260927/mpv-audio-deps-01/prefix/include/freetype2/ft2build.h
-- Installing: /Volumes/seed2/Projects/demuxe-jspi-asyncify-builds-20260927/mpv-audio-deps-01/prefix/include/freetype2/freetype/config/ftconfig.h
-- Installing: /Volumes/seed2/Projects/demuxe-jspi-asyncify-builds-20260927/mpv-audio-deps-01/prefix/include/freetype2/freetype/config/ftoption.h
-- Installing: /Volumes/seed2/Projects/demuxe-jspi-asyncify-builds-20260927/mpv-audio-deps-01/prefix/lib/pkgconfig/freetype2.pc
-- Installing: /Volumes/seed2/Projects/demuxe-jspi-asyncify-builds-20260927/mpv-audio-deps-01/prefix/lib/libfreetype.a
-- Installing: /Volumes/seed2/Projects/demuxe-jspi-asyncify-builds-20260927/mpv-audio-deps-01/prefix/lib/cmake/freetype/freetype-config.cmake
-- Installing: /Volumes/seed2/Projects/demuxe-jspi-asyncify-builds-20260927/mpv-audio-deps-01/prefix/lib/cmake/freetype/freetype-config-release.cmake
-- Installing: /Volumes/seed2/Projects/demuxe-jspi-asyncify-builds-20260927/mpv-audio-deps-01/prefix/lib/cmake/freetype/freetype-config-version.cmake
