ninja: Entering directory `/Volumes/seed2/Projects/demuxe-jspi-asyncify-builds-20260927/mpv-audio-deps-01/objects/harfbuzz'
ninja: no work to do.
Installing src/libharfbuzz.a to /Volumes/seed2/Projects/demuxe-jspi-asyncify-builds-20260927/mpv-audio-deps-01/prefix/lib
Installing src/libharfbuzz-subset.a to /Volumes/seed2/Projects/demuxe-jspi-asyncify-builds-20260927/mpv-audio-deps-01/prefix/lib
Installing /Volumes/seed2/Projects/demuxe-jspi-asyncify-builds-20260927/mpv-audio-deps-01/sources/harfbuzz/src/hb-aat-layout.h to /Volumes/seed2/Projects/demuxe-jspi-asyncify-builds-20260927/mpv-audio-deps-01/prefix/include/harfbuzz
Installing /Volumes/seed2/Projects/demuxe-jspi-asyncify-builds-20260927/mpv-audio-deps-01/sources/harfbuzz/src/hb-aat.h to /Volumes/seed2/Projects/demuxe-jspi-asyncify-builds-20260927/mpv-audio-deps-01/prefix/include/harfbuzz
Installing /Volumes/seed2/Projects/demuxe-jspi-asyncify-builds-20260927/mpv-audio-deps-01/sources/harfbuzz/src/hb-blob.h to /Volumes/seed2/Projects/demuxe-jspi-asyncify-builds-20260927/mpv-audio-deps-01/prefix/include/harfbuzz
Installing /Volumes/seed2/Projects/demuxe-jspi-asyncify-builds-20260927/mpv-audio-deps-01/sources/harfbuzz/src/hb-buffer.h to /Volumes/seed2/Projects/demuxe-jspi-asyncify-builds-20260927/mpv-audio-deps-01/prefix/include/harfbuzz
Installing /Volumes/seed2/Projects/demuxe-jspi-asyncify-builds-20260927/mpv-audio-deps-01/sources/harfbuzz/src/hb-common.h to /Volumes/seed2/Projects/demuxe-jspi-asyncify-builds-20260927/mpv-audio-deps-01/prefix/include/harfbuzz
Installing /Volumes/seed2/Projects/demuxe-jspi-asyncify-builds-20260927/mpv-audio-deps-01/sources/harfbuzz/src/hb-cplusplus.hh to /Volumes/seed2/Projects/demuxe-jspi-asyncify-builds-20260927/mpv-audio-deps-01/prefix/include/harfbuzz
Installing /Volumes/seed2/Projects/demuxe-jspi-asyncify-builds-20260927/mpv-audio-deps-01/sources/harfbuzz/src/hb-deprecated.h to /Volumes/seed2/Projects/demuxe-jspi-asyncify-builds-20260927/mpv-audio-deps-01/prefix/include/harfbuzz
Installing /Volumes/seed2/Projects/demuxe-jspi-asyncify-builds-20260927/mpv-audio-deps-01/sources/harfbuzz/src/hb-draw.h to /Volumes/seed2/Projects/demuxe-jspi-asyncify-builds-20260927/mpv-audio-deps-01/prefix/include/harfbuzz
Installing /Volumes/seed2/Projects/demuxe-jspi-asyncify-builds-20260927/mpv-audio-deps-01/sources/harfbuzz/src/hb-paint.h to /Volumes/seed2/Projects/demuxe-jspi-asyncify-builds-20260927/mpv-audio-deps-01/prefix/include/harfbuzz
Installing /Volumes/seed2/Projects/demuxe-jspi-asyncify-builds-20260927/mpv-audio-deps-01/sources/harfbuzz/src/hb-face.h to /Volumes/seed2/Projects/demuxe-jspi-asyncify-builds-20260927/mpv-audio-deps-01/prefix/include/harfbuzz
Installing /Volumes/seed2/Projects/demuxe-jspi-asyncify-builds-20260927/mpv-audio-deps-01/sources/harfbuzz/src/hb-font.h to /Volumes/seed2/Projects/demuxe-jspi-asyncify-builds-20260927/mpv-audio-deps-01/prefix/include/harfbuzz
Installing /Volumes/seed2/Projects/demuxe-jspi-asyncify-builds-20260927/mpv-audio-deps-01/sources/harfbuzz/src/hb-map.h to /Volumes/seed2/Projects/demuxe-jspi-asyncify-builds-20260927/mpv-audio-deps-01/prefix/include/harfbuzz
Installing /Volumes/seed2/Projects/demuxe-jspi-asyncify-builds-20260927/mpv-audio-deps-01/sources/harfbuzz/src/hb-ot-color.h to /Volumes/seed2/Projects/demuxe-jspi-asyncify-builds-20260927/mpv-audio-deps-01/prefix/include/harfbuzz
Installing /Volumes/seed2/Projects/demuxe-jspi-asyncify-builds-20260927/mpv-audio-deps-01/sources/harfbuzz/src/hb-ot-deprecated.h to /Volumes/seed2/Projects/demuxe-jspi-asyncify-builds-20260927/mpv-audio-deps-01/prefix/include/harfbuzz
Installing /Volumes/seed2/Projects/demuxe-jspi-asyncify-builds-20260927/mpv-audio-deps-01/sources/harfbuzz/src/hb-ot-font.h to /Volumes/seed2/Projects/demuxe-jspi-asyncify-builds-20260927/mpv-audio-deps-01/prefix/include/harfbuzz
Installing /Volumes/seed2/Projects/demuxe-jspi-asyncify-builds-20260927/mpv-audio-deps-01/sources/harfbuzz/src/hb-ot-layout.h to /Volumes/seed2/Projects/demuxe-jspi-asyncify-builds-20260927/mpv-audio-deps-01/prefix/include/harfbuzz
Installing /Volumes/seed2/Projects/demuxe-jspi-asyncify-builds-20260927/mpv-audio-deps-01/sources/harfbuzz/src/hb-ot-math.h to /Volumes/seed2/Projects/demuxe-jspi-asyncify-builds-20260927/mpv-audio-deps-01/prefix/include/harfbuzz
Installing /Volumes/seed2/Projects/demuxe-jspi-asyncify-builds-20260927/mpv-audio-deps-01/sources/harfbuzz/src/hb-ot-meta.h to /Volumes/seed2/Projects/demuxe-jspi-asyncify-builds-20260927/mpv-audio-deps-01/prefix/include/harfbuzz
Installing /Volumes/seed2/Projects/demuxe-jspi-asyncify-builds-20260927/mpv-audio-deps-01/sources/harfbuzz/src/hb-ot-metrics.h to /Volumes/seed2/Projects/demuxe-jspi-asyncify-builds-20260927/mpv-audio-deps-01/prefix/include/harfbuzz
Installing /Volumes/seed2/Projects/demuxe-jspi-asyncify-builds-20260927/mpv-audio-deps-01/sources/harfbuzz/src/hb-ot-name.h to /Volumes/seed2/Projects/demuxe-jspi-asyncify-builds-20260927/mpv-audio-deps-01/prefix/include/harfbuzz
Installing /Volumes/seed2/Projects/demuxe-jspi-asyncify-builds-20260927/mpv-audio-deps-01/sources/harfbuzz/src/hb-ot-shape.h to /Volumes/seed2/Projects/demuxe-jspi-asyncify-builds-20260927/mpv-audio-deps-01/prefix/include/harfbuzz
Installing /Volumes/seed2/Projects/demuxe-jspi-asyncify-builds-20260927/mpv-audio-deps-01/sources/harfbuzz/src/hb-ot-var.h to /Volumes/seed2/Projects/demuxe-jspi-asyncify-builds-20260927/mpv-audio-deps-01/prefix/include/harfbuzz
Installing /Volumes/seed2/Projects/demuxe-jspi-asyncify-builds-20260927/mpv-audio-deps-01/sources/harfbuzz/src/hb-ot.h to /Volumes/seed2/Projects/demuxe-jspi-asyncify-builds-20260927/mpv-audio-deps-01/prefix/include/harfbuzz
Installing /Volumes/seed2/Projects/demuxe-jspi-asyncify-builds-20260927/mpv-audio-deps-01/sources/harfbuzz/src/hb-set.h to /Volumes/seed2/Projects/demuxe-jspi-asyncify-builds-20260927/mpv-audio-deps-01/prefix/include/harfbuzz
Installing /Volumes/seed2/Projects/demuxe-jspi-asyncify-builds-20260927/mpv-audio-deps-01/sources/harfbuzz/src/hb-shape-plan.h to /Volumes/seed2/Projects/demuxe-jspi-asyncify-builds-20260927/mpv-audio-deps-01/prefix/include/harfbuzz
Installing /Volumes/seed2/Projects/demuxe-jspi-asyncify-builds-20260927/mpv-audio-deps-01/sources/harfbuzz/src/hb-shape.h to /Volumes/seed2/Projects/demuxe-jspi-asyncify-builds-20260927/mpv-audio-deps-01/prefix/include/harfbuzz
Installing /Volumes/seed2/Projects/demuxe-jspi-asyncify-builds-20260927/mpv-audio-deps-01/sources/harfbuzz/src/hb-style.h to /Volumes/seed2/Projects/demuxe-jspi-asyncify-builds-20260927/mpv-audio-deps-01/prefix/include/harfbuzz
Installing /Volumes/seed2/Projects/demuxe-jspi-asyncify-builds-20260927/mpv-audio-deps-01/sources/harfbuzz/src/hb-unicode.h to /Volumes/seed2/Projects/demuxe-jspi-asyncify-builds-20260927/mpv-audio-deps-01/prefix/include/harfbuzz
Installing /Volumes/seed2/Projects/demuxe-jspi-asyncify-builds-20260927/mpv-audio-deps-01/sources/harfbuzz/src/hb.h to /Volumes/seed2/Projects/demuxe-jspi-asyncify-builds-20260927/mpv-audio-deps-01/prefix/include/harfbuzz
Installing /Volumes/seed2/Projects/demuxe-jspi-asyncify-builds-20260927/mpv-audio-deps-01/objects/harfbuzz/src/hb-version.h to /Volumes/seed2/Projects/demuxe-jspi-asyncify-builds-20260927/mpv-audio-deps-01/prefix/include/harfbuzz
Installing /Volumes/seed2/Projects/demuxe-jspi-asyncify-builds-20260927/mpv-audio-deps-01/sources/harfbuzz/src/hb-ft.h to /Volumes/seed2/Projects/demuxe-jspi-asyncify-builds-20260927/mpv-audio-deps-01/prefix/include/harfbuzz
Installing /Volumes/seed2/Projects/demuxe-jspi-asyncify-builds-20260927/mpv-audio-deps-01/sources/harfbuzz/src/hb-subset.h to /Volumes/seed2/Projects/demuxe-jspi-asyncify-builds-20260927/mpv-audio-deps-01/prefix/include/harfbuzz
Installing /Volumes/seed2/Projects/demuxe-jspi-asyncify-builds-20260927/mpv-audio-deps-01/sources/harfbuzz/src/hb-subset-serialize.h to /Volumes/seed2/Projects/demuxe-jspi-asyncify-builds-20260927/mpv-audio-deps-01/prefix/include/harfbuzz
Installing /Volumes/seed2/Projects/demuxe-jspi-asyncify-builds-20260927/mpv-audio-deps-01/objects/harfbuzz/src/hb-version.h to /Volumes/seed2/Projects/demuxe-jspi-asyncify-builds-20260927/mpv-audio-deps-01/prefix/include/harfbuzz
Installing /Volumes/seed2/Projects/demuxe-jspi-asyncify-builds-20260927/mpv-audio-deps-01/objects/harfbuzz/src/hb-features.h to /Volumes/seed2/Projects/demuxe-jspi-asyncify-builds-20260927/mpv-audio-deps-01/prefix/include/harfbuzz
Installing /Volumes/seed2/Projects/demuxe-jspi-asyncify-builds-20260927/mpv-audio-deps-01/objects/harfbuzz/meson-private/harfbuzz.pc to /Volumes/seed2/Projects/demuxe-jspi-asyncify-builds-20260927/mpv-audio-deps-01/prefix/lib/pkgconfig
Installing /Volumes/seed2/Projects/demuxe-jspi-asyncify-builds-20260927/mpv-audio-deps-01/objects/harfbuzz/meson-private/harfbuzz-subset.pc to /Volumes/seed2/Projects/demuxe-jspi-asyncify-builds-20260927/mpv-audio-deps-01/prefix/lib/pkgconfig
Installing /Volumes/seed2/Projects/demuxe-jspi-asyncify-builds-20260927/mpv-audio-deps-01/objects/harfbuzz/src/harfbuzz-config.cmake to /Volumes/seed2/Projects/demuxe-jspi-asyncify-builds-20260927/mpv-audio-deps-01/prefix/lib/cmake/harfbuzz
