The Meson build system
Version: 1.7.2
Source dir: /Volumes/seed2/Projects/demuxe-jspi-asyncify-builds-20260927/mpv-audio-deps-01/sources/libass
Build dir: /Volumes/seed2/Projects/demuxe-jspi-asyncify-builds-20260927/mpv-audio-deps-01/objects/libass
Build type: cross build
Project name: libass
Project version: 0.17.5
C compiler for the host machine: /Volumes/seed2/Projects/demuxe-release-closeout-20260916/build/emsdk-4.0.14/upstream/emscripten/emcc (emscripten 4.0.14 "emcc (Emscripten gcc/clang-like replacement + linker emulating GNU ld) 4.0.14 (96371ed7888fc78c040179f4d4faa82a6a07a116)")
C linker for the host machine: /Volumes/seed2/Projects/demuxe-release-closeout-20260916/build/emsdk-4.0.14/upstream/emscripten/emcc ld.wasm 22.0.0
C compiler for the build machine: cc (clang 21.0.0 "Apple clang version 21.0.0 (clang-2100.1.1.101)")
C linker for the build machine: cc ld64 1267
Build machine cpu family: aarch64
Build machine cpu: aarch64
Host machine cpu family: wasm32
Host machine cpu: wasm32
Target machine cpu family: wasm32
Target machine cpu: wasm32
Compiler for C supports arguments -Wno-sign-compare: YES 
Compiler for C supports arguments -Wno-unused-parameter: YES 
Compiler for C supports arguments -Werror-implicit-function-declaration: YES 
Compiler for C supports arguments -Wstrict-prototypes: YES 
Compiler for C supports arguments -Wpointer-arith: YES 
Compiler for C supports arguments -Wredundant-decls: YES 
Compiler for C supports arguments -Wno-missing-field-initializers: YES 
Compiler for C supports arguments -Wformat-non-iso: YES 
Compiler for C supports arguments -Werror=format-non-iso: YES 
Compiler for C supports arguments -D_GNU_SOURCE: YES 
Compiler for C supports arguments -D_XPLATFORM_SOURCE: YES 
Compiler for C supports arguments -fno-math-errno: YES 
Checking for function "strdup" : YES 
Header "string.h" has symbol "strdup" : YES 
Checking for function "strndup" : YES 
Header "string.h" has symbol "strndup" : YES 
Checking for function "fstat" : YES 
Header "sys/stat.h" has symbol "fstat" : YES 
Library m found: YES
Run-time dependency iconv found: YES
Found pkg-config: YES (/opt/homebrew/bin/pkg-config) 2.5.1
Run-time dependency freetype2 found: YES 26.2.20
Run-time dependency fribidi found: YES 1.0.16
Run-time dependency harfbuzz found: YES 10.4.0
Dependency libunibreak skipped: feature libunibreak disabled
Found CMake: NO
Run-time dependency libpng found: NO (tried pkgconfig and cmake)
Dependency fontconfig skipped: feature fontconfig disabled
Configuring config.h.in.in using configuration
Build targets in project: 5

libass 0.17.5

    Font providers              : none
    ASM optimizations           : NO

  User defined options
    Cross files                 : /Volumes/seed2/Projects/demuxe-jspi-asyncify-builds-20260927/mpv-audio-deps-01/cross.ini
    auto_features               : disabled
    buildtype                   : release
    default_library             : static
    libdir                      : lib
    prefix                      : /Volumes/seed2/Projects/demuxe-jspi-asyncify-builds-20260927/mpv-audio-deps-01/prefix
    require-system-font-provider: false
    wrap_mode                   : nofallback

Found ninja-1.13.2 at /opt/homebrew/bin/ninja
