ninja: Entering directory `/Volumes/seed2/Projects/demuxe-jspi-asyncify-builds-20260927/mpv-audio-deps-01/objects/libplacebo'
[1/3] Generating src/version.h with a custom command
Installing src/libplacebo.a to /Volumes/seed2/Projects/demuxe-jspi-asyncify-builds-20260927/mpv-audio-deps-01/prefix/lib
Installing /Volumes/seed2/Projects/demuxe-jspi-asyncify-builds-20260927/mpv-audio-deps-01/sources/libplacebo/src/include/libplacebo/cache.h to /Volumes/seed2/Projects/demuxe-jspi-asyncify-builds-20260927/mpv-audio-deps-01/prefix/include/libplacebo
Installing /Volumes/seed2/Projects/demuxe-jspi-asyncify-builds-20260927/mpv-audio-deps-01/sources/libplacebo/src/include/libplacebo/colorspace.h to /Volumes/seed2/Projects/demuxe-jspi-asyncify-builds-20260927/mpv-audio-deps-01/prefix/include/libplacebo
Installing /Volumes/seed2/Projects/demuxe-jspi-asyncify-builds-20260927/mpv-audio-deps-01/sources/libplacebo/src/include/libplacebo/common.h to /Volumes/seed2/Projects/demuxe-jspi-asyncify-builds-20260927/mpv-audio-deps-01/prefix/include/libplacebo
Installing /Volumes/seed2/Projects/demuxe-jspi-asyncify-builds-20260927/mpv-audio-deps-01/sources/libplacebo/src/include/libplacebo/d3d11.h to /Volumes/seed2/Projects/demuxe-jspi-asyncify-builds-20260927/mpv-audio-deps-01/prefix/include/libplacebo
Installing /Volumes/seed2/Projects/demuxe-jspi-asyncify-builds-20260927/mpv-audio-deps-01/sources/libplacebo/src/include/libplacebo/dispatch.h to /Volumes/seed2/Projects/demuxe-jspi-asyncify-builds-20260927/mpv-audio-deps-01/prefix/include/libplacebo
Installing /Volumes/seed2/Projects/demuxe-jspi-asyncify-builds-20260927/mpv-audio-deps-01/sources/libplacebo/src/include/libplacebo/dither.h to /Volumes/seed2/Projects/demuxe-jspi-asyncify-builds-20260927/mpv-audio-deps-01/prefix/include/libplacebo
Installing /Volumes/seed2/Projects/demuxe-jspi-asyncify-builds-20260927/mpv-audio-deps-01/sources/libplacebo/src/include/libplacebo/dummy.h to /Volumes/seed2/Projects/demuxe-jspi-asyncify-builds-20260927/mpv-audio-deps-01/prefix/include/libplacebo
Installing /Volumes/seed2/Projects/demuxe-jspi-asyncify-builds-20260927/mpv-audio-deps-01/sources/libplacebo/src/include/libplacebo/filters.h to /Volumes/seed2/Projects/demuxe-jspi-asyncify-builds-20260927/mpv-audio-deps-01/prefix/include/libplacebo
Installing /Volumes/seed2/Projects/demuxe-jspi-asyncify-builds-20260927/mpv-audio-deps-01/sources/libplacebo/src/include/libplacebo/gamut_mapping.h to /Volumes/seed2/Projects/demuxe-jspi-asyncify-builds-20260927/mpv-audio-deps-01/prefix/include/libplacebo
Installing /Volumes/seed2/Projects/demuxe-jspi-asyncify-builds-20260927/mpv-audio-deps-01/sources/libplacebo/src/include/libplacebo/gpu.h to /Volumes/seed2/Projects/demuxe-jspi-asyncify-builds-20260927/mpv-audio-deps-01/prefix/include/libplacebo
Installing /Volumes/seed2/Projects/demuxe-jspi-asyncify-builds-20260927/mpv-audio-deps-01/sources/libplacebo/src/include/libplacebo/log.h to /Volumes/seed2/Projects/demuxe-jspi-asyncify-builds-20260927/mpv-audio-deps-01/prefix/include/libplacebo
Installing /Volumes/seed2/Projects/demuxe-jspi-asyncify-builds-20260927/mpv-audio-deps-01/sources/libplacebo/src/include/libplacebo/opengl.h to /Volumes/seed2/Projects/demuxe-jspi-asyncify-builds-20260927/mpv-audio-deps-01/prefix/include/libplacebo
Installing /Volumes/seed2/Projects/demuxe-jspi-asyncify-builds-20260927/mpv-audio-deps-01/sources/libplacebo/src/include/libplacebo/options.h to /Volumes/seed2/Projects/demuxe-jspi-asyncify-builds-20260927/mpv-audio-deps-01/prefix/include/libplacebo
Installing /Volumes/seed2/Projects/demuxe-jspi-asyncify-builds-20260927/mpv-audio-deps-01/sources/libplacebo/src/include/libplacebo/renderer.h to /Volumes/seed2/Projects/demuxe-jspi-asyncify-builds-20260927/mpv-audio-deps-01/prefix/include/libplacebo
Installing /Volumes/seed2/Projects/demuxe-jspi-asyncify-builds-20260927/mpv-audio-deps-01/sources/libplacebo/src/include/libplacebo/shaders/colorspace.h to /Volumes/seed2/Projects/demuxe-jspi-asyncify-builds-20260927/mpv-audio-deps-01/prefix/include/libplacebo/shaders
Installing /Volumes/seed2/Projects/demuxe-jspi-asyncify-builds-20260927/mpv-audio-deps-01/sources/libplacebo/src/include/libplacebo/shaders/custom.h to /Volumes/seed2/Projects/demuxe-jspi-asyncify-builds-20260927/mpv-audio-deps-01/prefix/include/libplacebo/shaders
Installing /Volumes/seed2/Projects/demuxe-jspi-asyncify-builds-20260927/mpv-audio-deps-01/sources/libplacebo/src/include/libplacebo/shaders/deinterlacing.h to /Volumes/seed2/Projects/demuxe-jspi-asyncify-builds-20260927/mpv-audio-deps-01/prefix/include/libplacebo/shaders
Installing /Volumes/seed2/Projects/demuxe-jspi-asyncify-builds-20260927/mpv-audio-deps-01/sources/libplacebo/src/include/libplacebo/shaders/dithering.h to /Volumes/seed2/Projects/demuxe-jspi-asyncify-builds-20260927/mpv-audio-deps-01/prefix/include/libplacebo/shaders
Installing /Volumes/seed2/Projects/demuxe-jspi-asyncify-builds-20260927/mpv-audio-deps-01/sources/libplacebo/src/include/libplacebo/shaders/film_grain.h to /Volumes/seed2/Projects/demuxe-jspi-asyncify-builds-20260927/mpv-audio-deps-01/prefix/include/libplacebo/shaders
Installing /Volumes/seed2/Projects/demuxe-jspi-asyncify-builds-20260927/mpv-audio-deps-01/sources/libplacebo/src/include/libplacebo/shaders/icc.h to /Volumes/seed2/Projects/demuxe-jspi-asyncify-builds-20260927/mpv-audio-deps-01/prefix/include/libplacebo/shaders
Installing /Volumes/seed2/Projects/demuxe-jspi-asyncify-builds-20260927/mpv-audio-deps-01/sources/libplacebo/src/include/libplacebo/shaders/lut.h to /Volumes/seed2/Projects/demuxe-jspi-asyncify-builds-20260927/mpv-audio-deps-01/prefix/include/libplacebo/shaders
Installing /Volumes/seed2/Projects/demuxe-jspi-asyncify-builds-20260927/mpv-audio-deps-01/sources/libplacebo/src/include/libplacebo/shaders/sampling.h to /Volumes/seed2/Projects/demuxe-jspi-asyncify-builds-20260927/mpv-audio-deps-01/prefix/include/libplacebo/shaders
Installing /Volumes/seed2/Projects/demuxe-jspi-asyncify-builds-20260927/mpv-audio-deps-01/sources/libplacebo/src/include/libplacebo/shaders.h to /Volumes/seed2/Projects/demuxe-jspi-asyncify-builds-20260927/mpv-audio-deps-01/prefix/include/libplacebo
Installing /Volumes/seed2/Projects/demuxe-jspi-asyncify-builds-20260927/mpv-audio-deps-01/sources/libplacebo/src/include/libplacebo/swapchain.h to /Volumes/seed2/Projects/demuxe-jspi-asyncify-builds-20260927/mpv-audio-deps-01/prefix/include/libplacebo
Installing /Volumes/seed2/Projects/demuxe-jspi-asyncify-builds-20260927/mpv-audio-deps-01/sources/libplacebo/src/include/libplacebo/tone_mapping.h to /Volumes/seed2/Projects/demuxe-jspi-asyncify-builds-20260927/mpv-audio-deps-01/prefix/include/libplacebo
Installing /Volumes/seed2/Projects/demuxe-jspi-asyncify-builds-20260927/mpv-audio-deps-01/sources/libplacebo/src/include/libplacebo/utils/dav1d.h to /Volumes/seed2/Projects/demuxe-jspi-asyncify-builds-20260927/mpv-audio-deps-01/prefix/include/libplacebo/utils
Installing /Volumes/seed2/Projects/demuxe-jspi-asyncify-builds-20260927/mpv-audio-deps-01/sources/libplacebo/src/include/libplacebo/utils/dav1d_internal.h to /Volumes/seed2/Projects/demuxe-jspi-asyncify-builds-20260927/mpv-audio-deps-01/prefix/include/libplacebo/utils
Installing /Volumes/seed2/Projects/demuxe-jspi-asyncify-builds-20260927/mpv-audio-deps-01/sources/libplacebo/src/include/libplacebo/utils/dolbyvision.h to /Volumes/seed2/Projects/demuxe-jspi-asyncify-builds-20260927/mpv-audio-deps-01/prefix/include/libplacebo/utils
Installing /Volumes/seed2/Projects/demuxe-jspi-asyncify-builds-20260927/mpv-audio-deps-01/sources/libplacebo/src/include/libplacebo/utils/frame_queue.h to /Volumes/seed2/Projects/demuxe-jspi-asyncify-builds-20260927/mpv-audio-deps-01/prefix/include/libplacebo/utils
Installing /Volumes/seed2/Projects/demuxe-jspi-asyncify-builds-20260927/mpv-audio-deps-01/sources/libplacebo/src/include/libplacebo/utils/libav.h to /Volumes/seed2/Projects/demuxe-jspi-asyncify-builds-20260927/mpv-audio-deps-01/prefix/include/libplacebo/utils
Installing /Volumes/seed2/Projects/demuxe-jspi-asyncify-builds-20260927/mpv-audio-deps-01/sources/libplacebo/src/include/libplacebo/utils/libav_internal.h to /Volumes/seed2/Projects/demuxe-jspi-asyncify-builds-20260927/mpv-audio-deps-01/prefix/include/libplacebo/utils
Installing /Volumes/seed2/Projects/demuxe-jspi-asyncify-builds-20260927/mpv-audio-deps-01/sources/libplacebo/src/include/libplacebo/utils/upload.h to /Volumes/seed2/Projects/demuxe-jspi-asyncify-builds-20260927/mpv-audio-deps-01/prefix/include/libplacebo/utils
Installing /Volumes/seed2/Projects/demuxe-jspi-asyncify-builds-20260927/mpv-audio-deps-01/sources/libplacebo/src/include/libplacebo/vulkan.h to /Volumes/seed2/Projects/demuxe-jspi-asyncify-builds-20260927/mpv-audio-deps-01/prefix/include/libplacebo
Installing /Volumes/seed2/Projects/demuxe-jspi-asyncify-builds-20260927/mpv-audio-deps-01/objects/libplacebo/src/./include/libplacebo/config.h to /Volumes/seed2/Projects/demuxe-jspi-asyncify-builds-20260927/mpv-audio-deps-01/prefix/include/libplacebo
Installing /Volumes/seed2/Projects/demuxe-jspi-asyncify-builds-20260927/mpv-audio-deps-01/objects/libplacebo/meson-private/libplacebo.pc to /Volumes/seed2/Projects/demuxe-jspi-asyncify-builds-20260927/mpv-audio-deps-01/prefix/lib/pkgconfig
