The Meson build system
Version: 1.7.2
Source dir: /Volumes/seed2/Projects/demuxe-jspi-asyncify-builds-20260927/mpv-review-deps-01/sources/harfbuzz
Build dir: /Volumes/seed2/Projects/demuxe-jspi-asyncify-builds-20260927/mpv-review-deps-01/objects/harfbuzz
Build type: cross build
Project name: harfbuzz
Project version: 10.4.0
C compiler for the host machine: /Volumes/seed2/Projects/demuxe-release-closeout-20260916/build/emsdk-4.0.14/upstream/emscripten/emcc (emscripten 4.0.14 "emcc (Emscripten gcc/clang-like replacement + linker emulating GNU ld) 4.0.14 (96371ed7888fc78c040179f4d4faa82a6a07a116)")
C linker for the host machine: /Volumes/seed2/Projects/demuxe-release-closeout-20260916/build/emsdk-4.0.14/upstream/emscripten/emcc ld.wasm 22.0.0
C++ compiler for the host machine: /Volumes/seed2/Projects/demuxe-release-closeout-20260916/build/emsdk-4.0.14/upstream/emscripten/em++ (emscripten 4.0.14 "emcc (Emscripten gcc/clang-like replacement + linker emulating GNU ld) 4.0.14 (96371ed7888fc78c040179f4d4faa82a6a07a116)")
C++ linker for the host machine: /Volumes/seed2/Projects/demuxe-release-closeout-20260916/build/emsdk-4.0.14/upstream/emscripten/em++ ld.wasm 22.0.0
C compiler for the build machine: cc (clang 21.0.0 "Apple clang version 21.0.0 (clang-2100.1.1.101)")
C linker for the build machine: cc ld64 1267
C++ compiler for the build machine: c++ (clang 21.0.0 "Apple clang version 21.0.0 (clang-2100.1.1.101)")
C++ linker for the build machine: c++ ld64 1267
Build machine cpu family: aarch64
Build machine cpu: aarch64
Host machine cpu family: wasm32
Host machine cpu: wasm32
Target machine cpu family: wasm32
Target machine cpu: wasm32
Compiler for C++ supports link arguments -Bsymbolic-functions: YES 
Compiler for C++ supports arguments -fno-exceptions: YES 
Compiler for C++ supports arguments -fno-rtti: YES 
Compiler for C++ supports arguments -fno-threadsafe-statics: YES 
Compiler for C++ supports arguments -fvisibility-inlines-hidden: YES 
Library m found: YES
Found pkg-config: YES (/opt/homebrew/bin/pkg-config) 2.5.1
Run-time dependency freetype2 found: YES 26.2.20
Dependency glib-2.0 skipped: feature glib disabled
Dependency gobject-2.0 skipped: feature gobject disabled
Dependency graphite2 skipped: feature graphite2 disabled
Dependency graphite2 skipped: feature graphite disabled
Library iwasm skipped: feature wasm disabled
Dependency icu-uc skipped: feature icu disabled
Dependency chafa skipped: feature chafa disabled
Compiler for C++ supports arguments -Wno-non-virtual-dtor: YES 
Has header "unistd.h" : YES 
Has header "sys/mman.h" : YES 
Has header "stdbool.h" : YES 
Has header "xlocale.h" : YES 
Checking for function "atexit" : YES 
Checking for function "mprotect" : YES 
Checking for function "sysconf" : YES 
Checking for function "getpagesize" : YES 
Checking for function "mmap" : YES 
Checking for function "isatty" : YES 
Checking for function "uselocale" : YES 
Checking for function "newlocale" : YES 
Checking for function "sincosf" : YES 
Checking for function "FT_Get_Var_Blend_Coordinates" with dependency freetype2: YES 
Checking for function "FT_Set_Var_Blend_Coordinates" with dependency freetype2: YES 
Checking for function "FT_Done_MM_Var" with dependency freetype2: YES 
Checking for function "FT_Get_Transform" with dependency freetype2: YES 
Program gen-hb-version.py found: YES (/Volumes/seed2/Projects/demuxe-jspi-asyncify-builds-20260927/mpv-review-deps-01/sources/harfbuzz/src/gen-hb-version.py)
Configuring hb-version.h with command
Program ragel found: NO
sources/harfbuzz/src/meson.build:422: WARNING: You have to install ragel if you are going to develop HarfBuzz itself
Program gen-harfbuzzcc.py found: YES (/Volumes/seed2/Projects/demuxe-jspi-asyncify-builds-20260927/mpv-review-deps-01/sources/harfbuzz/src/gen-harfbuzzcc.py)
Configuring hb-features.h using configuration
Configuring hb-supported-features.h using configuration
Program gen-def.py found: YES (/Volumes/seed2/Projects/demuxe-jspi-asyncify-builds-20260927/mpv-review-deps-01/sources/harfbuzz/src/gen-def.py)
Fetching value of define "_MSC_FULL_VER" : (undefined) 
Program gen-harfbuzzcc.py found: YES (/Volumes/seed2/Projects/demuxe-jspi-asyncify-builds-20260927/mpv-review-deps-01/sources/harfbuzz/src/gen-harfbuzzcc.py)
sources/harfbuzz/src/meson.build:826: WARNING: Project targets '>= 0.55.0' but uses feature introduced in '1.3.0': fs.relative_to.
Configuring harfbuzz-config.cmake using configuration
Configuring config.h using configuration
Build targets in project: 8
WARNING: Project specifies a minimum meson_version '>= 0.55.0' but uses features which were added in newer versions:
 * 1.3.0: {'fs.relative_to'}

harfbuzz 10.4.0

  Directories
    prefix                    : /Volumes/seed2/Projects/demuxe-jspi-asyncify-builds-20260927/mpv-review-deps-01/prefix
    bindir                    : bin
    libdir                    : lib
    includedir                : include
    datadir                   : share
    cmakepackagedir           : lib/cmake

  Unicode callbacks (you want at least one)
    Builtin                   : YES
    Glib                      : NO
    ICU                       : NO

  Font callbacks (the more the merrier)
    Builtin                   : YES
    FreeType                  : YES

  Dependencies used for command-line utilities
    Cairo                     : NO
    Chafa                     : NO

  Additional shapers
    Graphite2                 : NO
    WebAssembly (experimental): NO

  Platform shapers (not normally needed)
    CoreText                  : NO
    DirectWrite (experimental): NO
    GDI/Uniscribe             : NO

  Other features
    Documentation             : NO
    GObject bindings          : NO
    Cairo integration         : NO
    Introspection             : NO
    Experimental APIs         : NO

  Testing
    Tests                     : NO
    Benchmark                 : NO

  User defined options
    Cross files               : /Volumes/seed2/Projects/demuxe-jspi-asyncify-builds-20260927/mpv-review-deps-01/cross.ini
    auto_features             : disabled
    buildtype                 : release
    default_library           : static
    freetype                  : enabled
    libdir                    : lib
    prefix                    : /Volumes/seed2/Projects/demuxe-jspi-asyncify-builds-20260927/mpv-review-deps-01/prefix
    tests                     : disabled
    utilities                 : disabled
    wrap_mode                 : nofallback

Found ninja-1.13.2 at /opt/homebrew/bin/ninja
