shared:INFO: (Emscripten: Running sanity checks)
cache:INFO: generating system headers: sysroot_install.stamp... (this will be cached in "/Volumes/seed2/Projects/demuxe-jspi-asyncify-builds-20260927/mpv-context-02/cache/sysroot_install.stamp" for subsequent builds)
cache:INFO:  - ok
clang: warning: argument unused during compilation: '-O2' [-Wunused-command-line-argument]
cache:INFO: generating system library: sysroot/lib/wasm32-emscripten/libGL-getprocaddr.a... (this will be cached in "/Volumes/seed2/Projects/demuxe-jspi-asyncify-builds-20260927/mpv-context-02/cache/sysroot/lib/wasm32-emscripten/libGL-getprocaddr.a" for subsequent builds)
system_libs:INFO: compiled 4 inputs in 0.35s
cache:INFO:  - ok
cache:INFO: generating system library: sysroot/lib/wasm32-emscripten/libal.a... (this will be cached in "/Volumes/seed2/Projects/demuxe-jspi-asyncify-builds-20260927/mpv-context-02/cache/sysroot/lib/wasm32-emscripten/libal.a" for subsequent builds)
system_libs:INFO: compiled 1 inputs in 0.22s
cache:INFO:  - ok
cache:INFO: generating system library: sysroot/lib/wasm32-emscripten/libhtml5.a... (this will be cached in "/Volumes/seed2/Projects/demuxe-jspi-asyncify-builds-20260927/mpv-context-02/cache/sysroot/lib/wasm32-emscripten/libhtml5.a" for subsequent builds)
system_libs:INFO: compiled 5 inputs in 0.20s
cache:INFO:  - ok
cache:INFO: generating system library: sysroot/lib/wasm32-emscripten/libstubs-debug.a... (this will be cached in "/Volumes/seed2/Projects/demuxe-jspi-asyncify-builds-20260927/mpv-context-02/cache/sysroot/lib/wasm32-emscripten/libstubs-debug.a" for subsequent builds)
system_libs:INFO: compiled 2 inputs in 0.18s
cache:INFO:  - ok
cache:INFO: generating system library: sysroot/lib/wasm32-emscripten/libnoexit.a... (this will be cached in "/Volumes/seed2/Projects/demuxe-jspi-asyncify-builds-20260927/mpv-context-02/cache/sysroot/lib/wasm32-emscripten/libnoexit.a" for subsequent builds)
system_libs:INFO: compiled 1 inputs in 0.12s
cache:INFO:  - ok
cache:INFO: generating system library: sysroot/lib/wasm32-emscripten/libc-debug.a... (this will be cached in "/Volumes/seed2/Projects/demuxe-jspi-asyncify-builds-20260927/mpv-context-02/cache/sysroot/lib/wasm32-emscripten/libc-debug.a" for subsequent builds)
system_libs:INFO: compiled 1045 inputs in 12.26s
cache:INFO:  - ok
cache:INFO: generating system library: sysroot/lib/wasm32-emscripten/libdlmalloc-debug.a... (this will be cached in "/Volumes/seed2/Projects/demuxe-jspi-asyncify-builds-20260927/mpv-context-02/cache/sysroot/lib/wasm32-emscripten/libdlmalloc-debug.a" for subsequent builds)
system_libs:INFO: compiled 2 inputs in 0.39s
cache:INFO:  - ok
cache:INFO: generating system library: sysroot/lib/wasm32-emscripten/libcompiler_rt.a... (this will be cached in "/Volumes/seed2/Projects/demuxe-jspi-asyncify-builds-20260927/mpv-context-02/cache/sysroot/lib/wasm32-emscripten/libcompiler_rt.a" for subsequent builds)
system_libs:INFO: compiled 182 inputs in 2.45s
cache:INFO:  - ok
cache:INFO: generating system library: sysroot/lib/wasm32-emscripten/libc++-debug-noexcept.a... (this will be cached in "/Volumes/seed2/Projects/demuxe-jspi-asyncify-builds-20260927/mpv-context-02/cache/sysroot/lib/wasm32-emscripten/libc++-debug-noexcept.a" for subsequent builds)
system_libs:INFO: compiled 56 inputs in 5.10s
cache:INFO:  - ok
cache:INFO: generating system library: sysroot/lib/wasm32-emscripten/libc++abi-debug-noexcept.a... (this will be cached in "/Volumes/seed2/Projects/demuxe-jspi-asyncify-builds-20260927/mpv-context-02/cache/sysroot/lib/wasm32-emscripten/libc++abi-debug-noexcept.a" for subsequent builds)
system_libs:INFO: compiled 16 inputs in 1.27s
cache:INFO:  - ok
cache:INFO: generating system library: sysroot/lib/wasm32-emscripten/libsockets.a... (this will be cached in "/Volumes/seed2/Projects/demuxe-jspi-asyncify-builds-20260927/mpv-context-02/cache/sysroot/lib/wasm32-emscripten/libsockets.a" for subsequent builds)
system_libs:INFO: compiled 27 inputs in 0.74s
cache:INFO:  - ok
error: undefined symbol: create (referenced by root reference (e.g. compiled C/C++ code))
warning: To disable errors for undefined symbols use `-sERROR_ON_UNDEFINED_SYMBOLS=0`
warning: _create may need to be added to EXPORTED_FUNCTIONS if it arrives from a system library
error: undefined symbol: join (referenced by root reference (e.g. compiled C/C++ code))
warning: _join may need to be added to EXPORTED_FUNCTIONS if it arrives from a system library
error: undefined symbol: panic (referenced by root reference (e.g. compiled C/C++ code))
warning: _panic may need to be added to EXPORTED_FUNCTIONS if it arrives from a system library
error: undefined symbol: self (referenced by root reference (e.g. compiled C/C++ code))
warning: _self may need to be added to EXPORTED_FUNCTIONS if it arrives from a system library
error: undefined symbol: wait (referenced by root reference (e.g. compiled C/C++ code))
warning: _wait may need to be added to EXPORTED_FUNCTIONS if it arrives from a system library
error: undefined symbol: waiters (referenced by root reference (e.g. compiled C/C++ code))
warning: _waiters may need to be added to EXPORTED_FUNCTIONS if it arrives from a system library
error: undefined symbol: wake (referenced by root reference (e.g. compiled C/C++ code))
warning: _wake may need to be added to EXPORTED_FUNCTIONS if it arrives from a system library
error: undefined symbol: yield (referenced by root reference (e.g. compiled C/C++ code))
warning: _yield may need to be added to EXPORTED_FUNCTIONS if it arrives from a system library
Error: Aborting compilation due to previous errors
emcc: error: '/Users/jagatranvo/.nvm/versions/node/v23.5.0/bin/node /Volumes/seed2/Projects/demuxe-release-closeout-20260916/build/emsdk-4.0.14/upstream/emscripten/tools/compiler.mjs -' failed (returned 1)
