shared:INFO: (Emscripten: Running sanity checks)
cache:INFO: generating system headers: sysroot_install.stamp... (this will be cached in "/Volumes/seed2/Projects/demuxe-jspi-asyncify-builds-20260927/mpv-review-audio-01/cache/sysroot_install.stamp" for subsequent builds)
cache:INFO:  - ok
[1m/Volumes/seed2/Projects/demuxe-jspi-asyncify-builds-20260927/mpv-review-audio-01/inputs/experiments/jspi-asyncify/mpv/native/audio-service.c:9:26: [0m[0;1;35mwarning: [0m[1mno previous prototype for function 'private_audio_create' [-Wmissing-prototypes][0m
    9 | EMSCRIPTEN_KEEPALIVE [0;34mint[0m private_audio_create([0;34mint[0m rate) {[0m
      | [0;1;32m                         ^
[0m[1m/Volumes/seed2/Projects/demuxe-jspi-asyncify-builds-20260927/mpv-review-audio-01/inputs/experiments/jspi-asyncify/mpv/native/audio-service.c:9:22: [0m[0;1;36mnote: [0mdeclare 'static' if the function is not intended to be used outside of this translation unit[0m
    9 | EMSCRIPTEN_KEEPALIVE [0;34mint[0m private_audio_create([0;34mint[0m rate) {[0m
      | [0;1;32m                     ^
[0m      | [0;32m                     static 
[0m[1m/Volumes/seed2/Projects/demuxe-jspi-asyncify-builds-20260927/mpv-review-audio-01/inputs/experiments/jspi-asyncify/mpv/native/audio-service.c:22:26: [0m[0;1;35mwarning: [0m[1mno previous prototype for function 'private_audio_open' [-Wmissing-prototypes][0m
   22 | EMSCRIPTEN_KEEPALIVE [0;34mint[0m private_audio_open([0;34mvoid[0m){[0;34mconst[0m [0;34mchar[0m *cmd[]={[0;32m"loadfile"[0m,[0;32m"brange://source"[0m,[0;32m"replace"[0m,NULL};[0;34mreturn[0m mpv_command(audio_service,cmd);}[0m
      | [0;1;32m                         ^
[0m[1m/Volumes/seed2/Projects/demuxe-jspi-asyncify-builds-20260927/mpv-review-audio-01/inputs/experiments/jspi-asyncify/mpv/native/audio-service.c:22:22: [0m[0;1;36mnote: [0mdeclare 'static' if the function is not intended to be used outside of this translation unit[0m
   22 | EMSCRIPTEN_KEEPALIVE [0;34mint[0m private_audio_open([0;34mvoid[0m){[0;34mconst[0m [0;34mchar[0m *cmd[]={[0;32m"loadfile"[0m,[0;32m"brange://source"[0m,[0;32m"replace"[0m,NULL};[0;34mreturn[0m mpv_command(audio_service,cmd);}[0m
      | [0;1;32m                     ^
[0m      | [0;32m                     static 
[0m[1m/Volumes/seed2/Projects/demuxe-jspi-asyncify-builds-20260927/mpv-review-audio-01/inputs/experiments/jspi-asyncify/mpv/native/audio-service.c:23:26: [0m[0;1;35mwarning: [0m[1mno previous prototype for function 'private_audio_loaded' [-Wmissing-prototypes][0m
   23 | EMSCRIPTEN_KEEPALIVE [0;34mint[0m private_audio_loaded([0;34mvoid[0m){[0m
      | [0;1;32m                         ^
[0m[1m/Volumes/seed2/Projects/demuxe-jspi-asyncify-builds-20260927/mpv-review-audio-01/inputs/experiments/jspi-asyncify/mpv/native/audio-service.c:23:22: [0m[0;1;36mnote: [0mdeclare 'static' if the function is not intended to be used outside of this translation unit[0m
   23 | EMSCRIPTEN_KEEPALIVE [0;34mint[0m private_audio_loaded([0;34mvoid[0m){[0m
      | [0;1;32m                     ^
[0m      | [0;32m                     static 
[0m[1m/Volumes/seed2/Projects/demuxe-jspi-asyncify-builds-20260927/mpv-review-audio-01/inputs/experiments/jspi-asyncify/mpv/native/audio-service.c:30:26: [0m[0;1;35mwarning: [0m[1mno previous prototype for function 'private_audio_pause' [-Wmissing-prototypes][0m
   30 | EMSCRIPTEN_KEEPALIVE [0;34mint[0m private_audio_pause([0;34mint[0m paused){[0;34mreturn[0m mpv_set_property(audio_service,[0;32m"pause"[0m,MPV_FORMAT_FLAG,&paused);}[0m
      | [0;1;32m                         ^
[0m[1m/Volumes/seed2/Projects/demuxe-jspi-asyncify-builds-20260927/mpv-review-audio-01/inputs/experiments/jspi-asyncify/mpv/native/audio-service.c:30:22: [0m[0;1;36mnote: [0mdeclare 'static' if the function is not intended to be used outside of this translation unit[0m
   30 | EMSCRIPTEN_KEEPALIVE [0;34mint[0m private_audio_pause([0;34mint[0m paused){[0;34mreturn[0m mpv_set_property(audio_service,[0;32m"pause"[0m,MPV_FORMAT_FLAG,&paused);}[0m
      | [0;1;32m                     ^
[0m      | [0;32m                     static 
[0m[1m/Volumes/seed2/Projects/demuxe-jspi-asyncify-builds-20260927/mpv-review-audio-01/inputs/experiments/jspi-asyncify/mpv/native/audio-service.c:31:26: [0m[0;1;35mwarning: [0m[1mno previous prototype for function 'private_audio_speed' [-Wmissing-prototypes][0m
   31 | EMSCRIPTEN_KEEPALIVE [0;34mint[0m private_audio_speed([0;34mdouble[0m speed){[0;34mif[0m(!isfinite(speed)||speed<[0;32m0.25[0m||speed>[0;32m4[0m)[0;34mreturn[0m -[0;32m1[0m;[0;34mreturn[0m mpv_set_property(audio_service,[0;32m"speed"[0m,MPV_FORMAT_DOUBLE,&speed);}[0m
      | [0;1;32m                         ^
[0m[1m/Volumes/seed2/Projects/demuxe-jspi-asyncify-builds-20260927/mpv-review-audio-01/inputs/experiments/jspi-asyncify/mpv/native/audio-service.c:31:22: [0m[0;1;36mnote: [0mdeclare 'static' if the function is not intended to be used outside of this translation unit[0m
   31 | EMSCRIPTEN_KEEPALIVE [0;34mint[0m private_audio_speed([0;34mdouble[0m speed){[0;34mif[0m(!isfinite(speed)||speed<[0;32m0.25[0m||speed>[0;32m4[0m)[0;34mreturn[0m -[0;32m1[0m;[0;34mreturn[0m mpv_set_property(audio_service,[0;32m"speed"[0m,MPV_FORMAT_DOUBLE,&speed);}[0m
      | [0;1;32m                     ^
[0m      | [0;32m                     static 
[0m[1m/Volumes/seed2/Projects/demuxe-jspi-asyncify-builds-20260927/mpv-review-audio-01/inputs/experiments/jspi-asyncify/mpv/native/audio-service.c:32:26: [0m[0;1;35mwarning: [0m[1mno previous prototype for function 'private_audio_seek' [-Wmissing-prototypes][0m
   32 | EMSCRIPTEN_KEEPALIVE [0;34mint[0m private_audio_seek([0;34mdouble[0m pts){[0m
      | [0;1;32m                         ^
[0m[1m/Volumes/seed2/Projects/demuxe-jspi-asyncify-builds-20260927/mpv-review-audio-01/inputs/experiments/jspi-asyncify/mpv/native/audio-service.c:32:22: [0m[0;1;36mnote: [0mdeclare 'static' if the function is not intended to be used outside of this translation unit[0m
   32 | EMSCRIPTEN_KEEPALIVE [0;34mint[0m private_audio_seek([0;34mdouble[0m pts){[0m
      | [0;1;32m                     ^
[0m      | [0;32m                     static 
[0m[1m/Volumes/seed2/Projects/demuxe-jspi-asyncify-builds-20260927/mpv-review-audio-01/inputs/experiments/jspi-asyncify/mpv/native/audio-service.c:36:29: [0m[0;1;35mwarning: [0m[1mno previous prototype for function 'private_audio_time' [-Wmissing-prototypes][0m
   36 | EMSCRIPTEN_KEEPALIVE [0;34mdouble[0m private_audio_time([0;34mvoid[0m){[0;34mdouble[0m value=-[0;32m1[0m;mpv_get_property(audio_service,[0;32m"time-pos"[0m,MPV_FORMAT_DOUBLE,&value);[0;34mreturn[0m value;}[0m
      | [0;1;32m                            ^
[0m[1m/Volumes/seed2/Projects/demuxe-jspi-asyncify-builds-20260927/mpv-review-audio-01/inputs/experiments/jspi-asyncify/mpv/native/audio-service.c:36:22: [0m[0;1;36mnote: [0mdeclare 'static' if the function is not intended to be used outside of this translation unit[0m
   36 | EMSCRIPTEN_KEEPALIVE [0;34mdouble[0m private_audio_time([0;34mvoid[0m){[0;34mdouble[0m value=-[0;32m1[0m;mpv_get_property(audio_service,[0;32m"time-pos"[0m,MPV_FORMAT_DOUBLE,&value);[0;34mreturn[0m value;}[0m
      | [0;1;32m                     ^
[0m      | [0;32m                     static 
[0m[1m/Volumes/seed2/Projects/demuxe-jspi-asyncify-builds-20260927/mpv-review-audio-01/inputs/experiments/jspi-asyncify/mpv/native/audio-service.c:37:26: [0m[0;1;35mwarning: [0m[1mno previous prototype for function 'private_audio_eof' [-Wmissing-prototypes][0m
   37 | EMSCRIPTEN_KEEPALIVE [0;34mint[0m private_audio_eof([0;34mvoid[0m){[0;34mint[0m value=[0;32m0[0m;mpv_get_property(audio_service,[0;32m"eof-reached"[0m,MPV_FORMAT_FLAG,&value);[0;34mreturn[0m value;}[0m
      | [0;1;32m                         ^
[0m[1m/Volumes/seed2/Projects/demuxe-jspi-asyncify-builds-20260927/mpv-review-audio-01/inputs/experiments/jspi-asyncify/mpv/native/audio-service.c:37:22: [0m[0;1;36mnote: [0mdeclare 'static' if the function is not intended to be used outside of this translation unit[0m
   37 | EMSCRIPTEN_KEEPALIVE [0;34mint[0m private_audio_eof([0;34mvoid[0m){[0;34mint[0m value=[0;32m0[0m;mpv_get_property(audio_service,[0;32m"eof-reached"[0m,MPV_FORMAT_FLAG,&value);[0;34mreturn[0m value;}[0m
      | [0;1;32m                     ^
[0m      | [0;32m                     static 
[0m[1m/Volumes/seed2/Projects/demuxe-jspi-asyncify-builds-20260927/mpv-review-audio-01/inputs/experiments/jspi-asyncify/mpv/native/audio-service.c:38:26: [0m[0;1;35mwarning: [0m[1mno previous prototype for function 'private_audio_chains' [-Wmissing-prototypes][0m
   38 | EMSCRIPTEN_KEEPALIVE [0;34mint[0m private_audio_chains([0;34mvoid[0m){lock_core(audio_service);[0;34mint[0m value=!!audio_service->mpctx->ao_chain+[0;32m2[0m*!!audio_service->mpctx->vo_chain;unlock_core(audio_service);[0;34mreturn[0m value;}[0m
      | [0;1;32m                         ^
[0m[1m/Volumes/seed2/Projects/demuxe-jspi-asyncify-builds-20260927/mpv-review-audio-01/inputs/experiments/jspi-asyncify/mpv/native/audio-service.c:38:22: [0m[0;1;36mnote: [0mdeclare 'static' if the function is not intended to be used outside of this translation unit[0m
   38 | EMSCRIPTEN_KEEPALIVE [0;34mint[0m private_audio_chains([0;34mvoid[0m){lock_core(audio_service);[0;34mint[0m value=!!audio_service->mpctx->ao_chain+[0;32m2[0m*!!audio_service->mpctx->vo_chain;unlock_core(audio_service);[0;34mreturn[0m value;}[0m
      | [0;1;32m                     ^
[0m      | [0;32m                     static 
[0m[1m/Volumes/seed2/Projects/demuxe-jspi-asyncify-builds-20260927/mpv-review-audio-01/inputs/experiments/jspi-asyncify/mpv/native/audio-service.c:39:32: [0m[0;1;35mwarning: [0m[1mno previous prototype for function 'private_audio_ptr' [-Wmissing-prototypes][0m
   39 | EMSCRIPTEN_KEEPALIVE uintptr_t private_audio_ptr([0;34mvoid[0m){[0;34mreturn[0m (uintptr_t)&web_audio;}[0m
      | [0;1;32m                               ^
[0m[1m/Volumes/seed2/Projects/demuxe-jspi-asyncify-builds-20260927/mpv-review-audio-01/inputs/experiments/jspi-asyncify/mpv/native/audio-service.c:39:22: [0m[0;1;36mnote: [0mdeclare 'static' if the function is not intended to be used outside of this translation unit[0m
   39 | EMSCRIPTEN_KEEPALIVE uintptr_t private_audio_ptr([0;34mvoid[0m){[0;34mreturn[0m (uintptr_t)&web_audio;}[0m
      | [0;1;32m                     ^
[0m      | [0;32m                     static 
[0m[1m/Volumes/seed2/Projects/demuxe-jspi-asyncify-builds-20260927/mpv-review-audio-01/inputs/experiments/jspi-asyncify/mpv/native/audio-service.c:40:27: [0m[0;1;35mwarning: [0m[1mno previous prototype for function 'private_audio_close' [-Wmissing-prototypes][0m
   40 | EMSCRIPTEN_KEEPALIVE [0;34mvoid[0m private_audio_close([0;34mvoid[0m){[0;34mif[0m(audio_service){mpv_terminate_destroy(audio_service);audio_service=NULL;}}[0m
      | [0;1;32m                          ^
[0m[1m/Volumes/seed2/Projects/demuxe-jspi-asyncify-builds-20260927/mpv-review-audio-01/inputs/experiments/jspi-asyncify/mpv/native/audio-service.c:40:22: [0m[0;1;36mnote: [0mdeclare 'static' if the function is not intended to be used outside of this translation unit[0m
   40 | EMSCRIPTEN_KEEPALIVE [0;34mvoid[0m private_audio_close([0;34mvoid[0m){[0;34mif[0m(audio_service){mpv_terminate_destroy(audio_service);audio_service=NULL;}}[0m
      | [0;1;32m                     ^
[0m      | [0;32m                     static 
[0m11 warnings generated.
[1m/Volumes/seed2/Projects/demuxe-jspi-asyncify-builds-20260927/mpv-review-audio-01/inputs/experiments/jspi-asyncify/stage2/native/stream-coop.c:59:5: [0m[0;1;35mwarning: [0m[1mno previous prototype for function 'web_register_stream' [-Wmissing-prototypes][0m
   59 | [0;34mint[0m web_register_stream(mpv_handle *player) {[0;34mreturn[0m mpv_stream_cb_add_ro(player,[0;32m"brange"[0m,NULL,open_data);}[0m
      | [0;1;32m    ^
[0m[1m/Volumes/seed2/Projects/demuxe-jspi-asyncify-builds-20260927/mpv-review-audio-01/inputs/experiments/jspi-asyncify/stage2/native/stream-coop.c:59:1: [0m[0;1;36mnote: [0mdeclare 'static' if the function is not intended to be used outside of this translation unit[0m
   59 | [0;34mint[0m web_register_stream(mpv_handle *player) {[0;34mreturn[0m mpv_stream_cb_add_ro(player,[0;32m"brange"[0m,NULL,open_data);}[0m
      | [0;1;32m^
[0m      | [0;32mstatic 
[0m[1m/Volumes/seed2/Projects/demuxe-jspi-asyncify-builds-20260927/mpv-review-audio-01/inputs/experiments/jspi-asyncify/stage2/native/stream-coop.c:60:6: [0m[0;1;35mwarning: [0m[1mno previous prototype for function 'web_io_cancel' [-Wmissing-prototypes][0m
   60 | [0;34mvoid[0m web_io_cancel([0;34mvoid[0m) {source_cancel_all();}[0m
      | [0;1;32m     ^
[0m[1m/Volumes/seed2/Projects/demuxe-jspi-asyncify-builds-20260927/mpv-review-audio-01/inputs/experiments/jspi-asyncify/stage2/native/stream-coop.c:60:1: [0m[0;1;36mnote: [0mdeclare 'static' if the function is not intended to be used outside of this translation unit[0m
   60 | [0;34mvoid[0m web_io_cancel([0;34mvoid[0m) {source_cancel_all();}[0m
      | [0;1;32m^
[0m      | [0;32mstatic 
[0m[1m/Volumes/seed2/Projects/demuxe-jspi-asyncify-builds-20260927/mpv-review-audio-01/inputs/experiments/jspi-asyncify/stage2/native/stream-coop.c:61:5: [0m[0;1;35mwarning: [0m[1mno previous prototype for function 'demuxe_source_live' [-Wmissing-prototypes][0m
   61 | [0;34mint[0m demuxe_source_live([0;34mvoid[0m) {[0;34mint[0m n=[0;32m0[0m;[0;34mfor[0m([0;34munsigned[0m i=[0;32m0[0m;i<[0;32m64[0m;i++)n+=!!sources[i].used;[0;34mreturn[0m n;}[0m
      | [0;1;32m    ^
[0m[1m/Volumes/seed2/Projects/demuxe-jspi-asyncify-builds-20260927/mpv-review-audio-01/inputs/experiments/jspi-asyncify/stage2/native/stream-coop.c:61:1: [0m[0;1;36mnote: [0mdeclare 'static' if the function is not intended to be used outside of this translation unit[0m
   61 | [0;34mint[0m demuxe_source_live([0;34mvoid[0m) {[0;34mint[0m n=[0;32m0[0m;[0;34mfor[0m([0;34munsigned[0m i=[0;32m0[0m;i<[0;32m64[0m;i++)n+=!!sources[i].used;[0;34mreturn[0m n;}[0m
      | [0;1;32m^
[0m      | [0;32mstatic 
[0m3 warnings generated.
clang: [0;1;35mwarning: [0m[1margument unused during compilation: '-fvisibility=hidden' [-Wunused-command-line-argument][0m
clang: [0;1;35mwarning: [0m[1margument unused during compilation: '-fdiagnostics-color=always' [-Wunused-command-line-argument][0m
clang: [0;1;35mwarning: [0m[1margument unused during compilation: '-O3' [-Wunused-command-line-argument][0m
clang: [0;1;35mwarning: [0m[1margument unused during compilation: '-D _FILE_OFFSET_BITS=64' [-Wunused-command-line-argument][0m
clang: [0;1;35mwarning: [0m[1margument unused during compilation: '-fno-math-errno' [-Wunused-command-line-argument][0m
clang: [0;1;35mwarning: [0m[1margument unused during compilation: '-fno-signed-zeros' [-Wunused-command-line-argument][0m
clang: [0;1;35mwarning: [0m[1margument unused during compilation: '-fno-trapping-math' [-Wunused-command-line-argument][0m
clang: [0;1;35mwarning: [0m[1margument unused during compilation: '-D _GNU_SOURCE' [-Wunused-command-line-argument][0m
clang: [0;1;35mwarning: [0m[1margument unused during compilation: '-D NO_BUILD_TIMESTAMPS' [-Wunused-command-line-argument][0m
clang: [0;1;35mwarning: [0m[1margument unused during compilation: '-O2' [-Wunused-command-line-argument][0m
clang: [0;1;35mwarning: [0m[1margument unused during compilation: '-D DEMUXE_COOP_THREADS=1' [-Wunused-command-line-argument][0m
clang: [0;1;35mwarning: [0m[1margument unused during compilation: '-D PL_HAVE_PTHREAD' [-Wunused-command-line-argument][0m
clang: [0;1;35mwarning: [0m[1margument unused during compilation: '-D PTHREAD_HAS_SETCLOCK' [-Wunused-command-line-argument][0m
clang: [0;1;35mwarning: [0m[1margument unused during compilation: '-D PL_STATIC' [-Wunused-command-line-argument][0m
clang: [0;1;35mwarning: [0m[1margument unused during compilation: '-D DEMUXE_COOP_THREADS=1' [-Wunused-command-line-argument][0m
clang: [0;1;35mwarning: [0m[1margument unused during compilation: '-D PL_HAVE_PTHREAD' [-Wunused-command-line-argument][0m
clang: [0;1;35mwarning: [0m[1margument unused during compilation: '-D PTHREAD_HAS_SETCLOCK' [-Wunused-command-line-argument][0m
clang: [0;1;35mwarning: [0m[1margument unused during compilation: '-D PL_STATIC' [-Wunused-command-line-argument][0m
[1m/Volumes/seed2/Projects/demuxe-jspi-asyncify-builds-20260927/mpv-review-audio-01/inputs/experiments/jspi-asyncify/runtime/asyncify-stacks.c:21:5: [0m[0;1;35mwarning: [0m[1mno previous prototype for function 'demuxe_asyncify_count' [-Wmissing-prototypes][0m
   21 | [0;34mint[0m demuxe_asyncify_count([0;34mvoid[0m) {[0;34mreturn[0m DEMUXE_COOP_SLOTS;}[0m
      | [0;1;32m    ^
[0m[1m/Volumes/seed2/Projects/demuxe-jspi-asyncify-builds-20260927/mpv-review-audio-01/inputs/experiments/jspi-asyncify/runtime/asyncify-stacks.c:21:1: [0m[0;1;36mnote: [0mdeclare 'static' if the function is not intended to be used outside of this translation unit[0m
   21 | [0;34mint[0m demuxe_asyncify_count([0;34mvoid[0m) {[0;34mreturn[0m DEMUXE_COOP_SLOTS;}[0m
      | [0;1;32m^
[0m      | [0;32mstatic 
[0m[1m/Volumes/seed2/Projects/demuxe-jspi-asyncify-builds-20260927/mpv-review-audio-01/inputs/experiments/jspi-asyncify/runtime/asyncify-stacks.c:22:11: [0m[0;1;35mwarning: [0m[1mno previous prototype for function 'demuxe_asyncify_data' [-Wmissing-prototypes][0m
   22 | uintptr_t demuxe_asyncify_data([0;34mint[0m i) {[0m
      | [0;1;32m          ^
[0m[1m/Volumes/seed2/Projects/demuxe-jspi-asyncify-builds-20260927/mpv-review-audio-01/inputs/experiments/jspi-asyncify/runtime/asyncify-stacks.c:22:1: [0m[0;1;36mnote: [0mdeclare 'static' if the function is not intended to be used outside of this translation unit[0m
   22 | uintptr_t demuxe_asyncify_data([0;34mint[0m i) {[0m
      | [0;1;32m^
[0m      | [0;32mstatic 
[0m[1m/Volumes/seed2/Projects/demuxe-jspi-asyncify-builds-20260927/mpv-review-audio-01/inputs/experiments/jspi-asyncify/runtime/asyncify-stacks.c:26:11: [0m[0;1;35mwarning: [0m[1mno previous prototype for function 'demuxe_asyncify_base' [-Wmissing-prototypes][0m
   26 | uintptr_t demuxe_asyncify_base([0;34mint[0m i) {[0m
      | [0;1;32m          ^
[0m[1m/Volumes/seed2/Projects/demuxe-jspi-asyncify-builds-20260927/mpv-review-audio-01/inputs/experiments/jspi-asyncify/runtime/asyncify-stacks.c:26:1: [0m[0;1;36mnote: [0mdeclare 'static' if the function is not intended to be used outside of this translation unit[0m
   26 | uintptr_t demuxe_asyncify_base([0;34mint[0m i) {[0m
      | [0;1;32m^
[0m      | [0;32mstatic 
[0m[1m/Volumes/seed2/Projects/demuxe-jspi-asyncify-builds-20260927/mpv-review-audio-01/inputs/experiments/jspi-asyncify/runtime/asyncify-stacks.c:30:11: [0m[0;1;35mwarning: [0m[1mno previous prototype for function 'demuxe_asyncify_end' [-Wmissing-prototypes][0m
   30 | uintptr_t demuxe_asyncify_end([0;34mint[0m i) {[0;34mreturn[0m demuxe_asyncify_base(i)+DEMUXE_ASYNCIFY_BYTES;}[0m
      | [0;1;32m          ^
[0m[1m/Volumes/seed2/Projects/demuxe-jspi-asyncify-builds-20260927/mpv-review-audio-01/inputs/experiments/jspi-asyncify/runtime/asyncify-stacks.c:30:1: [0m[0;1;36mnote: [0mdeclare 'static' if the function is not intended to be used outside of this translation unit[0m
   30 | uintptr_t demuxe_asyncify_end([0;34mint[0m i) {[0;34mreturn[0m demuxe_asyncify_base(i)+DEMUXE_ASYNCIFY_BYTES;}[0m
      | [0;1;32m^
[0m      | [0;32mstatic 
[0m4 warnings generated.
[1m/Volumes/seed2/Projects/demuxe-jspi-asyncify-builds-20260927/mpv-review-audio-01/inputs/experiments/jspi-asyncify/mpv/native/context.c:6:5: [0m[0;1;35mwarning: [0m[1mno previous prototype for function 'demuxe_context_errno' [-Wmissing-prototypes][0m
    6 | [0;34mint[0m demuxe_context_errno([0;34mvoid[0m) { [0;34mreturn[0m errno; }[0m
      | [0;1;32m    ^
[0m[1m/Volumes/seed2/Projects/demuxe-jspi-asyncify-builds-20260927/mpv-review-audio-01/inputs/experiments/jspi-asyncify/mpv/native/context.c:6:1: [0m[0;1;36mnote: [0mdeclare 'static' if the function is not intended to be used outside of this translation unit[0m
    6 | [0;34mint[0m demuxe_context_errno([0;34mvoid[0m) { [0;34mreturn[0m errno; }[0m
      | [0;1;32m^
[0m      | [0;32mstatic 
[0m[1m/Volumes/seed2/Projects/demuxe-jspi-asyncify-builds-20260927/mpv-review-audio-01/inputs/experiments/jspi-asyncify/mpv/native/context.c:7:11: [0m[0;1;35mwarning: [0m[1mno previous prototype for function 'demuxe_context_stack_base' [-Wmissing-prototypes][0m
    7 | uintptr_t demuxe_context_stack_base([0;34mvoid[0m) { [0;34mreturn[0m emscripten_stack_get_base(); }[0m
      | [0;1;32m          ^
[0m[1m/Volumes/seed2/Projects/demuxe-jspi-asyncify-builds-20260927/mpv-review-audio-01/inputs/experiments/jspi-asyncify/mpv/native/context.c:7:1: [0m[0;1;36mnote: [0mdeclare 'static' if the function is not intended to be used outside of this translation unit[0m
    7 | uintptr_t demuxe_context_stack_base([0;34mvoid[0m) { [0;34mreturn[0m emscripten_stack_get_base(); }[0m
      | [0;1;32m^
[0m      | [0;32mstatic 
[0m[1m/Volumes/seed2/Projects/demuxe-jspi-asyncify-builds-20260927/mpv-review-audio-01/inputs/experiments/jspi-asyncify/mpv/native/context.c:8:11: [0m[0;1;35mwarning: [0m[1mno previous prototype for function 'demuxe_context_stack_end' [-Wmissing-prototypes][0m
    8 | uintptr_t demuxe_context_stack_end([0;34mvoid[0m) { [0;34mreturn[0m emscripten_stack_get_end(); }[0m
      | [0;1;32m          ^
[0m[1m/Volumes/seed2/Projects/demuxe-jspi-asyncify-builds-20260927/mpv-review-audio-01/inputs/experiments/jspi-asyncify/mpv/native/context.c:8:1: [0m[0;1;36mnote: [0mdeclare 'static' if the function is not intended to be used outside of this translation unit[0m
    8 | uintptr_t demuxe_context_stack_end([0;34mvoid[0m) { [0;34mreturn[0m emscripten_stack_get_end(); }[0m
      | [0;1;32m^
[0m      | [0;32mstatic 
[0m[1m/Volumes/seed2/Projects/demuxe-jspi-asyncify-builds-20260927/mpv-review-audio-01/inputs/experiments/jspi-asyncify/mpv/native/context.c:9:6: [0m[0;1;35mwarning: [0m[1mno previous prototype for function 'demuxe_context_enter' [-Wmissing-prototypes][0m
    9 | [0;34mvoid[0m demuxe_context_enter(uintptr_t lo, uintptr_t hi, [0;34mint[0m error) {[0m
      | [0;1;32m     ^
[0m[1m/Volumes/seed2/Projects/demuxe-jspi-asyncify-builds-20260927/mpv-review-audio-01/inputs/experiments/jspi-asyncify/mpv/native/context.c:9:1: [0m[0;1;36mnote: [0mdeclare 'static' if the function is not intended to be used outside of this translation unit[0m
    9 | [0;34mvoid[0m demuxe_context_enter(uintptr_t lo, uintptr_t hi, [0;34mint[0m error) {[0m
      | [0;1;32m^
[0m      | [0;32mstatic 
[0m4 warnings generated.
[1m/Volumes/seed2/Projects/demuxe-jspi-asyncify-builds-20260927/mpv-review-audio-01/inputs/experiments/jspi-asyncify/mpv/native/finite-source.c:5:13: [0m[0;1;35mwarning: [0m[1mno previous prototype for function 'web_resource_url' [-Wmissing-prototypes][0m
    5 | [0;34mconst[0m [0;34mchar[0m *web_resource_url([0;34mvoid[0m) { [0;34mreturn[0m NULL; }[0m
      | [0;1;32m            ^
[0m[1m/Volumes/seed2/Projects/demuxe-jspi-asyncify-builds-20260927/mpv-review-audio-01/inputs/experiments/jspi-asyncify/mpv/native/finite-source.c:5:7: [0m[0;1;36mnote: [0mdeclare 'static' if the function is not intended to be used outside of this translation unit[0m
    5 | [0;34mconst[0m [0;34mchar[0m *web_resource_url([0;34mvoid[0m) { [0;34mreturn[0m NULL; }[0m
      | [0;1;32m      ^
[0m      | [0;32mstatic 
[0m[1m/Volumes/seed2/Projects/demuxe-jspi-asyncify-builds-20260927/mpv-review-audio-01/inputs/experiments/jspi-asyncify/mpv/native/finite-source.c:6:5: [0m[0;1;35mwarning: [0m[1mno previous prototype for function 'web_resource_avio_open' [-Wmissing-prototypes][0m
    6 | [0;34mint[0m web_resource_avio_open(AVFormatContext *s, AVIOContext **pb,[0m
      | [0;1;32m    ^
[0m[1m/Volumes/seed2/Projects/demuxe-jspi-asyncify-builds-20260927/mpv-review-audio-01/inputs/experiments/jspi-asyncify/mpv/native/finite-source.c:6:1: [0m[0;1;36mnote: [0mdeclare 'static' if the function is not intended to be used outside of this translation unit[0m
    6 | [0;34mint[0m web_resource_avio_open(AVFormatContext *s, AVIOContext **pb,[0m
      | [0;1;32m^
[0m      | [0;32mstatic 
[0m[1m/Volumes/seed2/Projects/demuxe-jspi-asyncify-builds-20260927/mpv-review-audio-01/inputs/experiments/jspi-asyncify/mpv/native/finite-source.c:11:5: [0m[0;1;35mwarning: [0m[1mno previous prototype for function 'web_resource_avio_close' [-Wmissing-prototypes][0m
   11 | [0;34mint[0m web_resource_avio_close(AVFormatContext *s, AVIOContext *pb) {[0m
      | [0;1;32m    ^
[0m[1m/Volumes/seed2/Projects/demuxe-jspi-asyncify-builds-20260927/mpv-review-audio-01/inputs/experiments/jspi-asyncify/mpv/native/finite-source.c:11:1: [0m[0;1;36mnote: [0mdeclare 'static' if the function is not intended to be used outside of this translation unit[0m
   11 | [0;34mint[0m web_resource_avio_close(AVFormatContext *s, AVIOContext *pb) {[0m
      | [0;1;32m^
[0m      | [0;32mstatic 
[0m3 warnings generated.
cache:INFO: generating system library: sysroot/lib/wasm32-emscripten/libGL-getprocaddr.a... (this will be cached in "/Volumes/seed2/Projects/demuxe-jspi-asyncify-builds-20260927/mpv-review-audio-01/cache/sysroot/lib/wasm32-emscripten/libGL-getprocaddr.a" for subsequent builds)
system_libs:INFO: compiled 4 inputs in 0.61s
cache:INFO:  - ok
cache:INFO: generating system library: sysroot/lib/wasm32-emscripten/libal.a... (this will be cached in "/Volumes/seed2/Projects/demuxe-jspi-asyncify-builds-20260927/mpv-review-audio-01/cache/sysroot/lib/wasm32-emscripten/libal.a" for subsequent builds)
system_libs:INFO: compiled 1 inputs in 0.22s
cache:INFO:  - ok
cache:INFO: generating system library: sysroot/lib/wasm32-emscripten/libhtml5.a... (this will be cached in "/Volumes/seed2/Projects/demuxe-jspi-asyncify-builds-20260927/mpv-review-audio-01/cache/sysroot/lib/wasm32-emscripten/libhtml5.a" for subsequent builds)
system_libs:INFO: compiled 5 inputs in 0.30s
cache:INFO:  - ok
cache:INFO: generating system library: sysroot/lib/wasm32-emscripten/libstubs-debug.a... (this will be cached in "/Volumes/seed2/Projects/demuxe-jspi-asyncify-builds-20260927/mpv-review-audio-01/cache/sysroot/lib/wasm32-emscripten/libstubs-debug.a" for subsequent builds)
system_libs:INFO: compiled 2 inputs in 0.21s
cache:INFO:  - ok
cache:INFO: generating system library: sysroot/lib/wasm32-emscripten/libnoexit.a... (this will be cached in "/Volumes/seed2/Projects/demuxe-jspi-asyncify-builds-20260927/mpv-review-audio-01/cache/sysroot/lib/wasm32-emscripten/libnoexit.a" for subsequent builds)
system_libs:INFO: compiled 1 inputs in 0.19s
cache:INFO:  - ok
cache:INFO: generating system library: sysroot/lib/wasm32-emscripten/libc-debug.a... (this will be cached in "/Volumes/seed2/Projects/demuxe-jspi-asyncify-builds-20260927/mpv-review-audio-01/cache/sysroot/lib/wasm32-emscripten/libc-debug.a" for subsequent builds)
system_libs:INFO: compiled 1045 inputs in 17.29s
cache:INFO:  - ok
cache:INFO: generating system library: sysroot/lib/wasm32-emscripten/libdlmalloc-debug.a... (this will be cached in "/Volumes/seed2/Projects/demuxe-jspi-asyncify-builds-20260927/mpv-review-audio-01/cache/sysroot/lib/wasm32-emscripten/libdlmalloc-debug.a" for subsequent builds)
system_libs:INFO: compiled 2 inputs in 0.48s
cache:INFO:  - ok
cache:INFO: generating system library: sysroot/lib/wasm32-emscripten/libcompiler_rt.a... (this will be cached in "/Volumes/seed2/Projects/demuxe-jspi-asyncify-builds-20260927/mpv-review-audio-01/cache/sysroot/lib/wasm32-emscripten/libcompiler_rt.a" for subsequent builds)
system_libs:INFO: compiled 182 inputs in 16.10s
cache:INFO:  - ok
cache:INFO: generating system library: sysroot/lib/wasm32-emscripten/libc++-debug-noexcept.a... (this will be cached in "/Volumes/seed2/Projects/demuxe-jspi-asyncify-builds-20260927/mpv-review-audio-01/cache/sysroot/lib/wasm32-emscripten/libc++-debug-noexcept.a" for subsequent builds)
system_libs:INFO: compiled 56 inputs in 138.88s
cache:INFO:  - ok
cache:INFO: generating system library: sysroot/lib/wasm32-emscripten/libc++abi-debug-noexcept.a... (this will be cached in "/Volumes/seed2/Projects/demuxe-jspi-asyncify-builds-20260927/mpv-review-audio-01/cache/sysroot/lib/wasm32-emscripten/libc++abi-debug-noexcept.a" for subsequent builds)
system_libs:INFO: compiled 16 inputs in 22.59s
cache:INFO:  - ok
cache:INFO: generating system library: sysroot/lib/wasm32-emscripten/libsockets.a... (this will be cached in "/Volumes/seed2/Projects/demuxe-jspi-asyncify-builds-20260927/mpv-review-audio-01/cache/sysroot/lib/wasm32-emscripten/libsockets.a" for subsequent builds)
system_libs:INFO: compiled 27 inputs in 4.34s
cache:INFO:  - ok
emcc: [35m[1mwarning: [0m[1mrunning limited binaryen optimizations because DWARF info requested (or indirectly required) [-Wlimited-postlink-optimizations]
[0m