ffmpeg version 8.1.2 Copyright (c) 2000-2026 the FFmpeg developers
  built with Apple clang version 21.0.0 (clang-2100.0.123.102)
  configuration: --prefix=/opt/homebrew/Cellar/ffmpeg/8.1.2 --enable-shared --enable-pthreads --enable-version3 --cc=clang --host-cflags= --host-ldflags= --enable-ffplay --enable-gpl --enable-libsvtav1 --enable-libopus --enable-libx264 --enable-libmp3lame --enable-libdav1d --enable-libvmaf --enable-libvpx --enable-libx265 --enable-openssl --enable-videotoolbox --enable-audiotoolbox --enable-neon
  libavutil      60. 26.102 / 60. 26.102
  libavcodec     62. 28.102 / 62. 28.102
  libavformat    62. 12.102 / 62. 12.102
  libavdevice    62.  3.102 / 62.  3.102
  libavfilter    11. 14.102 / 11. 14.102
  libswscale      9.  5.102 /  9.  5.102
  libswresample   6.  3.102 /  6.  3.102
[libdav1d @ 0xba6c1c380] libdav1d 1.5.3
Input #0, ivf, from 'research/shared/runs/20260919T234344Z-opaque-av1-skip/source.ivf':
  Duration: 00:00:00.17, start: 0.000000, bitrate: 422 kb/s
  Stream #0:0: Video: av1 (libdav1d) (Main), 1 reference frame (AV01 / 0x31305641), yuv420p(tv), 160x96 [SAR 1:1 DAR 5:3], 24 tbr, 24 tbn
[out#0/null @ 0xba70243c0] No explicit maps, mapping streams automatically...
[vost#0:0/copy @ 0xba70cc000] Created video stream from input stream 0:0
[trace_headers @ 0xba7018280] Extradata
[trace_headers @ 0xba7018280] OBU header
[trace_headers @ 0xba7018280] 0           obu_forbidden_bit                                           0 = 0
[trace_headers @ 0xba7018280] 1           obu_type                                                 0001 = 1
[trace_headers @ 0xba7018280] 5           obu_extension_flag                                          0 = 0
[trace_headers @ 0xba7018280] 6           obu_has_size_field                                          1 = 1
[trace_headers @ 0xba7018280] 7           obu_reserved_1bit                                           0 = 0
[trace_headers @ 0xba7018280] 8           obu_size                                             00001010 = 10
[trace_headers @ 0xba7018280] Sequence Header
[trace_headers @ 0xba7018280] 16          seq_profile                                               000 = 0
[trace_headers @ 0xba7018280] 19          still_picture                                               0 = 0
[trace_headers @ 0xba7018280] 20          reduced_still_picture_header                                0 = 0
[trace_headers @ 0xba7018280] 21          timing_info_present_flag                                    0 = 0
[trace_headers @ 0xba7018280] 22          initial_display_delay_present_flag                          0 = 0
[trace_headers @ 0xba7018280] 23          operating_points_cnt_minus_1                            00000 = 0
[trace_headers @ 0xba7018280] 28          operating_point_idc[0]                           000000000000 = 0
[trace_headers @ 0xba7018280] 40          seq_level_idx[0]                                        00000 = 0
[trace_headers @ 0xba7018280] 45          frame_width_bits_minus_1                                 0111 = 7
[trace_headers @ 0xba7018280] 49          frame_height_bits_minus_1                                0110 = 6
[trace_headers @ 0xba7018280] 53          max_frame_width_minus_1                              10011111 = 159
[trace_headers @ 0xba7018280] 61          max_frame_height_minus_1                              1011111 = 95
[trace_headers @ 0xba7018280] 68          frame_id_numbers_present_flag                               0 = 0
[trace_headers @ 0xba7018280] 69          use_128x128_superblock                                      0 = 0
[trace_headers @ 0xba7018280] 70          enable_filter_intra                                         1 = 1
[trace_headers @ 0xba7018280] 71          enable_intra_edge_filter                                    1 = 1
[trace_headers @ 0xba7018280] 72          enable_interintra_compound                                  0 = 0
[trace_headers @ 0xba7018280] 73          enable_masked_compound                                      1 = 1
[trace_headers @ 0xba7018280] 74          enable_warped_motion                                        1 = 1
[trace_headers @ 0xba7018280] 75          enable_dual_filter                                          0 = 0
[trace_headers @ 0xba7018280] 76          enable_order_hint                                           0 = 0
[trace_headers @ 0xba7018280] 77          seq_choose_screen_content_tools                             1 = 1
[trace_headers @ 0xba7018280] 78          seq_choose_integer_mv                                       1 = 1
[trace_headers @ 0xba7018280] 79          enable_superres                                             0 = 0
[trace_headers @ 0xba7018280] 80          enable_cdef                                                 1 = 1
[trace_headers @ 0xba7018280] 81          enable_restoration                                          1 = 1
[trace_headers @ 0xba7018280] 82          high_bitdepth                                               0 = 0
[trace_headers @ 0xba7018280] 83          mono_chrome                                                 0 = 0
[trace_headers @ 0xba7018280] 84          color_description_present_flag                              0 = 0
[trace_headers @ 0xba7018280] 85          color_range                                                 0 = 0
[trace_headers @ 0xba7018280] 86          chroma_sample_position                                     00 = 0
[trace_headers @ 0xba7018280] 88          separate_uv_delta_q                                         0 = 0
[trace_headers @ 0xba7018280] 89          film_grain_params_present                                   0 = 0
[trace_headers @ 0xba7018280] 90          trailing_one_bit                                            1 = 1
[trace_headers @ 0xba7018280] 91          trailing_zero_bit                                           0 = 0
[trace_headers @ 0xba7018280] 92          trailing_zero_bit                                           0 = 0
[trace_headers @ 0xba7018280] 93          trailing_zero_bit                                           0 = 0
[trace_headers @ 0xba7018280] 94          trailing_zero_bit                                           0 = 0
[trace_headers @ 0xba7018280] 95          trailing_zero_bit                                           0 = 0
Stream mapping:
  Stream #0:0 -> #0:0 (copy)
Output #0, null, to 'pipe:':
  Metadata:
    encoder         : Lavf62.12.102
  Stream #0:0: Video: av1 (Main), 1 reference frame (AV01 / 0x31305641), yuv420p(tv), 160x96 [SAR 1:1 DAR 5:3], q=2-31, 24 tbr, 24 tbn
[out#0/null @ 0xba70243c0] Starting thread...
[in#0/ivf @ 0xba6c10000] Starting thread...
Press [q] to stop, [?] for help
[trace_headers @ 0xba7018280] Packet: 2335 bytes, key frame, pts 0, dts 0, duration 1.
[trace_headers @ 0xba7018280] OBU header
[trace_headers @ 0xba7018280] 0           obu_forbidden_bit                                           0 = 0
[trace_headers @ 0xba7018280] 1           obu_type                                                 0010 = 2
[trace_headers @ 0xba7018280] 5           obu_extension_flag                                          0 = 0
[trace_headers @ 0xba7018280] 6           obu_has_size_field                                          1 = 1
[trace_headers @ 0xba7018280] 7           obu_reserved_1bit                                           0 = 0
[trace_headers @ 0xba7018280] 8           obu_size                                             00000000 = 0
[trace_headers @ 0xba7018280] Temporal Delimiter
[trace_headers @ 0xba7018280] OBU header
[trace_headers @ 0xba7018280] 0           obu_forbidden_bit                                           0 = 0
[trace_headers @ 0xba7018280] 1           obu_type                                                 0001 = 1
[trace_headers @ 0xba7018280] 5           obu_extension_flag                                          0 = 0
[trace_headers @ 0xba7018280] 6           obu_has_size_field                                          1 = 1
[trace_headers @ 0xba7018280] 7           obu_reserved_1bit                                           0 = 0
[trace_headers @ 0xba7018280] 8           obu_size                                             00001010 = 10
[trace_headers @ 0xba7018280] Sequence Header
[trace_headers @ 0xba7018280] 16          seq_profile                                               000 = 0
[trace_headers @ 0xba7018280] 19          still_picture                                               0 = 0
[trace_headers @ 0xba7018280] 20          reduced_still_picture_header                                0 = 0
[trace_headers @ 0xba7018280] 21          timing_info_present_flag                                    0 = 0
[trace_headers @ 0xba7018280] 22          initial_display_delay_present_flag                          0 = 0
[trace_headers @ 0xba7018280] 23          operating_points_cnt_minus_1                            00000 = 0
[trace_headers @ 0xba7018280] 28          operating_point_idc[0]                           000000000000 = 0
[trace_headers @ 0xba7018280] 40          seq_level_idx[0]                                        00000 = 0
[trace_headers @ 0xba7018280] 45          frame_width_bits_minus_1                                 0111 = 7
[trace_headers @ 0xba7018280] 49          frame_height_bits_minus_1                                0110 = 6
[trace_headers @ 0xba7018280] 53          max_frame_width_minus_1                              10011111 = 159
[trace_headers @ 0xba7018280] 61          max_frame_height_minus_1                              1011111 = 95
[trace_headers @ 0xba7018280] 68          frame_id_numbers_present_flag                               0 = 0
[trace_headers @ 0xba7018280] 69          use_128x128_superblock                                      0 = 0
[trace_headers @ 0xba7018280] 70          enable_filter_intra                                         1 = 1
[trace_headers @ 0xba7018280] 71          enable_intra_edge_filter                                    1 = 1
[trace_headers @ 0xba7018280] 72          enable_interintra_compound                                  0 = 0
[trace_headers @ 0xba7018280] 73          enable_masked_compound                                      1 = 1
[trace_headers @ 0xba7018280] 74          enable_warped_motion                                        1 = 1
[trace_headers @ 0xba7018280] 75          enable_dual_filter                                          0 = 0
[trace_headers @ 0xba7018280] 76          enable_order_hint                                           0 = 0
[trace_headers @ 0xba7018280] 77          seq_choose_screen_content_tools                             1 = 1
[trace_headers @ 0xba7018280] 78          seq_choose_integer_mv                                       1 = 1
[trace_headers @ 0xba7018280] 79          enable_superres                                             0 = 0
[trace_headers @ 0xba7018280] 80          enable_cdef                                                 1 = 1
[trace_headers @ 0xba7018280] 81          enable_restoration                                          1 = 1
[trace_headers @ 0xba7018280] 82          high_bitdepth                                               0 = 0
[trace_headers @ 0xba7018280] 83          mono_chrome                                                 0 = 0
[trace_headers @ 0xba7018280] 84          color_description_present_flag                              0 = 0
[trace_headers @ 0xba7018280] 85          color_range                                                 0 = 0
[trace_headers @ 0xba7018280] 86          chroma_sample_position                                     00 = 0
[trace_headers @ 0xba7018280] 88          separate_uv_delta_q                                         0 = 0
[trace_headers @ 0xba7018280] 89          film_grain_params_present                                   0 = 0
[trace_headers @ 0xba7018280] 90          trailing_one_bit                                            1 = 1
[trace_headers @ 0xba7018280] 91          trailing_zero_bit                                           0 = 0
[trace_headers @ 0xba7018280] 92          trailing_zero_bit                                           0 = 0
[trace_headers @ 0xba7018280] 93          trailing_zero_bit                                           0 = 0
[trace_headers @ 0xba7018280] 94          trailing_zero_bit                                           0 = 0
[trace_headers @ 0xba7018280] 95          trailing_zero_bit                                           0 = 0
[trace_headers @ 0xba7018280] OBU header
[trace_headers @ 0xba7018280] 0           obu_forbidden_bit                                           0 = 0
[trace_headers @ 0xba7018280] 1           obu_type                                                 0110 = 6
[trace_headers @ 0xba7018280] 5           obu_extension_flag                                          0 = 0
[trace_headers @ 0xba7018280] 6           obu_has_size_field                                          1 = 1
[trace_headers @ 0xba7018280] 7           obu_reserved_1bit                                           0 = 0
[trace_headers @ 0xba7018280] 8           obu_size                                     1000111000010010 = 2318
[trace_headers @ 0xba7018280] Frame Header
[trace_headers @ 0xba7018280] 24          show_existing_frame                                         0 = 0
[trace_headers @ 0xba7018280] 25          frame_type                                                 00 = 0
[trace_headers @ 0xba7018280] 27          show_frame                                                  1 = 1
[trace_headers @ 0xba7018280] 28          disable_cdf_update                                          0 = 0
[trace_headers @ 0xba7018280] 29          allow_screen_content_tools                                  1 = 1
[trace_headers @ 0xba7018280] 30          force_integer_mv                                            0 = 0
[trace_headers @ 0xba7018280] 31          frame_size_override_flag                                    0 = 0
[trace_headers @ 0xba7018280] 32          render_and_frame_size_different                             0 = 0
[trace_headers @ 0xba7018280] 33          allow_intrabc                                               0 = 0
[trace_headers @ 0xba7018280] 34          disable_frame_end_update_cdf                                0 = 0
[trace_headers @ 0xba7018280] 35          uniform_tile_spacing_flag                                   1 = 1
[trace_headers @ 0xba7018280] 36          tile_cols_log2                                              0 = 0
[trace_headers @ 0xba7018280] 37          tile_rows_log2                                              0 = 0
[trace_headers @ 0xba7018280] 38          base_q_idx                                           00000000 = 0
[trace_headers @ 0xba7018280] 46          delta_q_y_dc.delta_coded                                    0 = 0
[trace_headers @ 0xba7018280] 47          delta_q_u_dc.delta_coded                                    0 = 0
[trace_headers @ 0xba7018280] 48          delta_q_u_ac.delta_coded                                    0 = 0
[trace_headers @ 0xba7018280] 49          using_qmatrix                                               0 = 0
[trace_headers @ 0xba7018280] 50          segmentation_enabled                                        0 = 0
[trace_headers @ 0xba7018280] 51          reduced_tx_set                                              0 = 0
[trace_headers @ 0xba7018280] 52          zero_bit                                                    0 = 0
[trace_headers @ 0xba7018280] 53          zero_bit                                                    0 = 0
[trace_headers @ 0xba7018280] 54          zero_bit                                                    0 = 0
[trace_headers @ 0xba7018280] 55          zero_bit                                                    0 = 0
[in#0/ivf @ 0xba6c10000] EOF while reading input
[in#0/ivf @ 0xba6c10000] Terminating thread with return code 0 (success)
[trace_headers @ 0xba7018280] Tile Group
[trace_headers @ 0xba7018280] Packet: 2042 bytes, pts 1, dts 1, duration 1.
[trace_headers @ 0xba7018280] OBU header
[trace_headers @ 0xba7018280] 0           obu_forbidden_bit                                           0 = 0
[trace_headers @ 0xba7018280] 1           obu_type                                                 0010 = 2
[trace_headers @ 0xba7018280] 5           obu_extension_flag                                          0 = 0
[trace_headers @ 0xba7018280] 6           obu_has_size_field                                          1 = 1
[trace_headers @ 0xba7018280] 7           obu_reserved_1bit                                           0 = 0
[trace_headers @ 0xba7018280] 8           obu_size                                             00000000 = 0
[trace_headers @ 0xba7018280] Temporal Delimiter
[trace_headers @ 0xba7018280] OBU header
[trace_headers @ 0xba7018280] 0           obu_forbidden_bit                                           0 = 0
[trace_headers @ 0xba7018280] 1           obu_type                                                 0110 = 6
[trace_headers @ 0xba7018280] 5           obu_extension_flag                                          0 = 0
[trace_headers @ 0xba7018280] 6           obu_has_size_field                                          1 = 1
[trace_headers @ 0xba7018280] 7           obu_reserved_1bit                                           0 = 0
[trace_headers @ 0xba7018280] 8           obu_size                                     1111010100001111 = 2037
[trace_headers @ 0xba7018280] Frame Header
[trace_headers @ 0xba7018280] 24          show_existing_frame                                         0 = 0
[trace_headers @ 0xba7018280] 25          frame_type                                                 01 = 1
[trace_headers @ 0xba7018280] 27          show_frame                                                  0 = 0
[trace_headers @ 0xba7018280] 28          showable_frame                                              1 = 1
[trace_headers @ 0xba7018280] 29          error_resilient_mode                                        0 = 0
[trace_headers @ 0xba7018280] 30          disable_cdf_update                                          0 = 0
[trace_headers @ 0xba7018280] 31          allow_screen_content_tools                                  1 = 1
[trace_headers @ 0xba7018280] 32          force_integer_mv                                            0 = 0
[trace_headers @ 0xba7018280] 33          frame_size_override_flag                                    0 = 0
[trace_headers @ 0xba7018280] 34          primary_ref_frame                                         111 = 7
[trace_headers @ 0xba7018280] 37          refresh_frame_flags                                  00000010 = 2
[trace_headers @ 0xba7018280] 45          ref_frame_idx[0]                                          000 = 0
[trace_headers @ 0xba7018280] 48          ref_frame_idx[1]                                          000 = 0
[trace_headers @ 0xba7018280] 51          ref_frame_idx[2]                                          000 = 0
[trace_headers @ 0xba7018280] 54          ref_frame_idx[3]                                          000 = 0
[trace_headers @ 0xba7018280] 57          ref_frame_idx[4]                                          000 = 0
[trace_headers @ 0xba7018280] 60          ref_frame_idx[5]                                          000 = 0
[trace_headers @ 0xba7018280] 63          ref_frame_idx[6]                                          000 = 0
[trace_headers @ 0xba7018280] 66          render_and_frame_size_different                             0 = 0
[trace_headers @ 0xba7018280] 67          allow_high_precision_mv                                     1 = 1
[trace_headers @ 0xba7018280] 68          is_filter_switchable                                        0 = 0
[trace_headers @ 0xba7018280] 69          interpolation_filter                                       00 = 0
[trace_headers @ 0xba7018280] 71          is_motion_mode_switchable                                   1 = 1
[trace_headers @ 0xba7018280] 72          disable_frame_end_update_cdf                                0 = 0
[trace_headers @ 0xba7018280] 73          uniform_tile_spacing_flag                                   1 = 1
[trace_headers @ 0xba7018280] 74          tile_cols_log2                                              0 = 0
[trace_headers @ 0xba7018280] 75          tile_rows_log2                                              0 = 0
[trace_headers @ 0xba7018280] 76          base_q_idx                                           00000000 = 0
[trace_headers @ 0xba7018280] 84          delta_q_y_dc.delta_coded                                    0 = 0
[trace_headers @ 0xba7018280] 85          delta_q_u_dc.delta_coded                                    0 = 0
[trace_headers @ 0xba7018280] 86          delta_q_u_ac.delta_coded                                    0 = 0
[trace_headers @ 0xba7018280] 87          using_qmatrix                                               0 = 0
[trace_headers @ 0xba7018280] 88          segmentation_enabled                                        0 = 0
[trace_headers @ 0xba7018280] 89          reference_select                                            0 = 0
[trace_headers @ 0xba7018280] 90          allow_warped_motion                                         1 = 1
[trace_headers @ 0xba7018280] 91          reduced_tx_set                                              0 = 0
[trace_headers @ 0xba7018280] 92          is_global[1]                                                0 = 0
[trace_headers @ 0xba7018280] 93          is_global[2]                                                0 = 0
[trace_headers @ 0xba7018280] 94          is_global[3]                                                0 = 0
[trace_headers @ 0xba7018280] 95          is_global[4]                                                0 = 0
[trace_headers @ 0xba7018280] 96          is_global[5]                                                0 = 0
[trace_headers @ 0xba7018280] 97          is_global[6]                                                0 = 0
[trace_headers @ 0xba7018280] 98          is_global[7]                                                0 = 0
[trace_headers @ 0xba7018280] 99          zero_bit                                                    0 = 0
[trace_headers @ 0xba7018280] 100         zero_bit                                                    0 = 0
[trace_headers @ 0xba7018280] 101         zero_bit                                                    0 = 0
[trace_headers @ 0xba7018280] 102         zero_bit                                                    0 = 0
[trace_headers @ 0xba7018280] 103         zero_bit                                                    0 = 0
[trace_headers @ 0xba7018280] Tile Group
[trace_headers @ 0xba7018280] Packet: 2319 bytes, pts 2, dts 2, duration 1.
[trace_headers @ 0xba7018280] OBU header
[trace_headers @ 0xba7018280] 0           obu_forbidden_bit                                           0 = 0
[trace_headers @ 0xba7018280] 1           obu_type                                                 0010 = 2
[trace_headers @ 0xba7018280] 5           obu_extension_flag                                          0 = 0
[trace_headers @ 0xba7018280] 6           obu_has_size_field                                          1 = 1
[trace_headers @ 0xba7018280] 7           obu_reserved_1bit                                           0 = 0
[trace_headers @ 0xba7018280] 8           obu_size                                             00000000 = 0
[trace_headers @ 0xba7018280] Temporal Delimiter
[trace_headers @ 0xba7018280] OBU header
[trace_headers @ 0xba7018280] 0           obu_forbidden_bit                                           0 = 0
[trace_headers @ 0xba7018280] 1           obu_type                                                 0110 = 6
[trace_headers @ 0xba7018280] 5           obu_extension_flag                                          0 = 0
[trace_headers @ 0xba7018280] 6           obu_has_size_field                                          1 = 1
[trace_headers @ 0xba7018280] 7           obu_reserved_1bit                                           0 = 0
[trace_headers @ 0xba7018280] 8           obu_size                                     1000101000010010 = 2314
[trace_headers @ 0xba7018280] Frame Header
[trace_headers @ 0xba7018280] 24          show_existing_frame                                         0 = 0
[trace_headers @ 0xba7018280] 25          frame_type                                                 10 = 2
[trace_headers @ 0xba7018280] 27          show_frame                                                  1 = 1
[trace_headers @ 0xba7018280] 28          error_resilient_mode                                        1 = 1
[trace_headers @ 0xba7018280] 29          disable_cdf_update                                          0 = 0
[trace_headers @ 0xba7018280] 30          allow_screen_content_tools                                  1 = 1
[trace_headers @ 0xba7018280] 31          force_integer_mv                                            0 = 0
[trace_headers @ 0xba7018280] 32          frame_size_override_flag                                    0 = 0
[trace_headers @ 0xba7018280] 33          refresh_frame_flags                                  00000000 = 0
[trace_headers @ 0xba7018280] 41          render_and_frame_size_different                             0 = 0
[trace_headers @ 0xba7018280] 42          allow_intrabc                                               0 = 0
[trace_headers @ 0xba7018280] 43          disable_frame_end_update_cdf                                0 = 0
[trace_headers @ 0xba7018280] 44          uniform_tile_spacing_flag                                   1 = 1
[trace_headers @ 0xba7018280] 45          tile_cols_log2                                              0 = 0
[trace_headers @ 0xba7018280] 46          tile_rows_log2                                              0 = 0
[trace_headers @ 0xba7018280] 47          base_q_idx                                           00000000 = 0
[trace_headers @ 0xba7018280] 55          delta_q_y_dc.delta_coded                                    0 = 0
[trace_headers @ 0xba7018280] 56          delta_q_u_dc.delta_coded                                    0 = 0
[trace_headers @ 0xba7018280] 57          delta_q_u_ac.delta_coded                                    0 = 0
[trace_headers @ 0xba7018280] 58          using_qmatrix                                               0 = 0
[trace_headers @ 0xba7018280] 59          segmentation_enabled                                        0 = 0
[trace_headers @ 0xba7018280] 60          reduced_tx_set                                              0 = 0
[trace_headers @ 0xba7018280] 61          zero_bit                                                    0 = 0
[trace_headers @ 0xba7018280] 62          zero_bit                                                    0 = 0
[trace_headers @ 0xba7018280] 63          zero_bit                                                    0 = 0
[trace_headers @ 0xba7018280] Tile Group
[trace_headers @ 0xba7018280] Packet: 2023 bytes, pts 3, dts 3, duration 1.
[trace_headers @ 0xba7018280] OBU header
[trace_headers @ 0xba7018280] 0           obu_forbidden_bit                                           0 = 0
[trace_headers @ 0xba7018280] 1           obu_type                                                 0010 = 2
[trace_headers @ 0xba7018280] 5           obu_extension_flag                                          0 = 0
[trace_headers @ 0xba7018280] 6           obu_has_size_field                                          1 = 1
[trace_headers @ 0xba7018280] 7           obu_reserved_1bit                                           0 = 0
[trace_headers @ 0xba7018280] 8           obu_size                                             00000000 = 0
[trace_headers @ 0xba7018280] Temporal Delimiter
[trace_headers @ 0xba7018280] OBU header
[trace_headers @ 0xba7018280] 0           obu_forbidden_bit                                           0 = 0
[trace_headers @ 0xba7018280] 1           obu_type                                                 0110 = 6
[trace_headers @ 0xba7018280] 5           obu_extension_flag                                          0 = 0
[trace_headers @ 0xba7018280] 6           obu_has_size_field                                          1 = 1
[trace_headers @ 0xba7018280] 7           obu_reserved_1bit                                           0 = 0
[trace_headers @ 0xba7018280] 8           obu_size                                     1110001000001111 = 2018
[trace_headers @ 0xba7018280] Frame Header
[trace_headers @ 0xba7018280] 24          show_existing_frame                                         0 = 0
[trace_headers @ 0xba7018280] 25          frame_type                                                 01 = 1
[trace_headers @ 0xba7018280] 27          show_frame                                                  1 = 1
[trace_headers @ 0xba7018280] 28          error_resilient_mode                                        0 = 0
[trace_headers @ 0xba7018280] 29          disable_cdf_update                                          0 = 0
[trace_headers @ 0xba7018280] 30          allow_screen_content_tools                                  1 = 1
[trace_headers @ 0xba7018280] 31          force_integer_mv                                            0 = 0
[trace_headers @ 0xba7018280] 32          frame_size_override_flag                                    0 = 0
[trace_headers @ 0xba7018280] 33          primary_ref_frame                                         000 = 0
[trace_headers @ 0xba7018280] 36          refresh_frame_flags                                  00000100 = 4
[trace_headers @ 0xba7018280] 44          ref_frame_idx[0]                                          001 = 1
[trace_headers @ 0xba7018280] 47          ref_frame_idx[1]                                          000 = 0
[trace_headers @ 0xba7018280] 50          ref_frame_idx[2]                                          000 = 0
[trace_headers @ 0xba7018280] 53          ref_frame_idx[3]                                          000 = 0
[trace_headers @ 0xba7018280] 56          ref_frame_idx[4]                                          000 = 0
[trace_headers @ 0xba7018280] 59          ref_frame_idx[5]                                          000 = 0
[trace_headers @ 0xba7018280] 62          ref_frame_idx[6]                                          000 = 0
[trace_headers @ 0xba7018280] 65          render_and_frame_size_different                             0 = 0
[trace_headers @ 0xba7018280] 66          allow_high_precision_mv                                     1 = 1
[trace_headers @ 0xba7018280] 67          is_filter_switchable                                        0 = 0
[trace_headers @ 0xba7018280] 68          interpolation_filter                                       00 = 0
[trace_headers @ 0xba7018280] 70          is_motion_mode_switchable                                   1 = 1
[trace_headers @ 0xba7018280] 71          disable_frame_end_update_cdf                                0 = 0
[trace_headers @ 0xba7018280] 72          uniform_tile_spacing_flag                                   1 = 1
[trace_headers @ 0xba7018280] 73          tile_cols_log2                                              0 = 0
[trace_headers @ 0xba7018280] 74          tile_rows_log2                                              0 = 0
[trace_headers @ 0xba7018280] 75          base_q_idx                                           00000000 = 0
[trace_headers @ 0xba7018280] 83          delta_q_y_dc.delta_coded                                    0 = 0
[trace_headers @ 0xba7018280] 84          delta_q_u_dc.delta_coded                                    0 = 0
[trace_headers @ 0xba7018280] 85          delta_q_u_ac.delta_coded                                    0 = 0
[trace_headers @ 0xba7018280] 86          using_qmatrix                                               0 = 0
[trace_headers @ 0xba7018280] 87          segmentation_enabled                                        0 = 0
[trace_headers @ 0xba7018280] 88          reference_select                                            0 = 0
[trace_headers @ 0xba7018280] 89          allow_warped_motion                                         1 = 1
[trace_headers @ 0xba7018280] 90          reduced_tx_set                                              0 = 0
[trace_headers @ 0xba7018280] 91          is_global[1]                                                0 = 0
[trace_headers @ 0xba7018280] 92          is_global[2]                                                0 = 0
[trace_headers @ 0xba7018280] 93          is_global[3]                                                0 = 0
[trace_headers @ 0xba7018280] 94          is_global[4]                                                0 = 0
[trace_headers @ 0xba7018280] 95          is_global[5]                                                0 = 0
[trace_headers @ 0xba7018280] 96          is_global[6]                                                0 = 0
[trace_headers @ 0xba7018280] 97          is_global[7]                                                0 = 0
[trace_headers @ 0xba7018280] 98          zero_bit                                                    0 = 0
[trace_headers @ 0xba7018280] 99          zero_bit                                                    0 = 0
[trace_headers @ 0xba7018280] 100         zero_bit                                                    0 = 0
[trace_headers @ 0xba7018280] 101         zero_bit                                                    0 = 0
[trace_headers @ 0xba7018280] 102         zero_bit                                                    0 = 0
[trace_headers @ 0xba7018280] 103         zero_bit                                                    0 = 0
[trace_headers @ 0xba7018280] Tile Group
[out#0/null @ 0xba70243c0] All streams finished
[out#0/null @ 0xba70243c0] Terminating thread with return code 0 (success)
[out#0/null @ 0xba70243c0] Output file #0 (pipe:):
[out#0/null @ 0xba70243c0]   Output stream #0:0 (video): 4 packets muxed (8719 bytes); 
[out#0/null @ 0xba70243c0]   Total: 4 packets (8719 bytes) muxed
[out#0/null @ 0xba70243c0] video:9KiB audio:0KiB subtitle:0KiB other streams:0KiB global headers:0KiB muxing overhead: unknown
frame=    4 fps=0.0 q=-1.0 Lsize=N/A time=00:00:00.16 bitrate=N/A speed= 342x elapsed=0:00:00.00    
[in#0/ivf @ 0xba6c10000] Input file #0 (research/shared/runs/20260919T234344Z-opaque-av1-skip/source.ivf):
[in#0/ivf @ 0xba6c10000]   Input stream #0:0 (video): 4 packets read (8719 bytes); 
[in#0/ivf @ 0xba6c10000]   Total: 4 packets (8719 bytes) demuxed
[AVIOContext @ 0xba6c10140] Statistics: 8799 bytes read, 0 seeks

Exiting with exit code 0
