{
  "scope": "Finite eight-second AVC/AAC native URL, four-second first fragment then remaining bytes after 3.5 seconds. Native full-response baseline, no MSE or library.",
  "head": 158604,
  "requests": [
    {
      "path": "/",
      "started": 1789854565868
    },
    {
      "path": "/favicon.ico",
      "started": 1789854565885,
      "ended": 1789854569387,
      "closed": 1789854569388
    },
    {
      "path": "/full?oracle",
      "started": 1789854565918,
      "range": "bytes=0-",
      "ended": 1789854565918
    },
    {
      "path": "/full?1789854566325",
      "started": 1789854566326,
      "range": "bytes=0-",
      "ended": 1789854566326
    },
    {
      "path": "/favicon.ico",
      "started": 1789854566332,
      "ended": 1789854569833,
      "closed": 1789854569834
    },
    {
      "path": "/slow?1789854576089",
      "started": 1789854576095,
      "range": "bytes=0-",
      "ended": 1789854579595,
      "closed": 1789854579596
    },
    {
      "path": "/truncated?1789854586834",
      "started": 1789854586839,
      "range": "bytes=0-",
      "ended": 1789854590342,
      "closed": 1789854590346
    },
    {
      "path": "/truncated?1789854586834",
      "started": 1789854590648,
      "range": "bytes=158604-",
      "ended": 1789854594148,
      "closed": 1789854594150
    },
    {
      "path": "/truncated?1789854586834",
      "started": 1789854594502,
      "range": "bytes=158604-",
      "ended": 1789854598003,
      "closed": 1789854598004
    },
    {
      "path": "/truncated?1789854586834",
      "started": 1789854598406,
      "range": "bytes=158604-",
      "closed": 1789854600023
    },
    {
      "path": "/cancel?1789854601528",
      "started": 1789854601533,
      "range": "bytes=0-",
      "closed": 1789854601954
    }
  ],
  "cases": [
    {
      "mode": "full",
      "presented": 96,
      "firstOutput": 1789854566345,
      "ended": true,
      "duration": 8,
      "position": 8,
      "sampleRate": 48000,
      "seek": [
        {
          "t": 0.3,
          "match": true
        },
        {
          "t": 6.3,
          "match": true
        },
        {
          "t": 1.3,
          "match": true
        }
      ],
      "cleanup": true,
      "wrong": 95
    },
    {
      "mode": "slow",
      "presented": 96,
      "firstOutput": 1789854576111,
      "ended": true,
      "duration": 8,
      "position": 8,
      "sampleRate": 48000,
      "seek": [
        {
          "t": 0.3,
          "match": true
        },
        {
          "t": 6.3,
          "match": true
        },
        {
          "t": 1.3,
          "match": true
        }
      ],
      "cleanup": true,
      "wrong": 95
    },
    {
      "mode": "truncated",
      "presented": 27,
      "firstOutput": 1789854586860,
      "ended": false,
      "duration": 4.032,
      "position": 2.24,
      "sampleRate": 48000,
      "cleanup": true,
      "wrong": 26
    },
    {
      "mode": "cancel",
      "presented": 5,
      "firstOutput": 1789854601546,
      "cancelTime": 0.408025,
      "cancelledAt": 1789854601953,
      "noFurtherSource": false,
      "ended": false,
      "duration": null,
      "position": 0,
      "sampleRate": 48000,
      "cleanup": true,
      "wrong": 4
    }
  ],
  "browser": "152.0.7977.83"
}
