Spreadsheet runtime warmup failed during python startup
Traceback (most recent call last):
  File "/tmp/tmp.L2TH2Y5coc/artifact_tool_v2-2.8.22/artifact_tool/patches/warm_spreadsheet_runtime_on_startup.py", line 26, in warm_spreadsheet_runtime_on_startup
  File "/tmp/tmp.L2TH2Y5coc/artifact_tool_v2-2.8.22/artifact_tool/spreadsheet_warmup.py", line 785, in warm_spreadsheet_runtime
  File "/tmp/tmp.L2TH2Y5coc/artifact_tool_v2-2.8.22/artifact_tool/spreadsheet_warmup.py", line 720, in _warm_feature_flows
  File "/tmp/tmp.L2TH2Y5coc/artifact_tool_v2-2.8.22/artifact_tool/spreadsheet_warmup.py", line 704, in _warm_collaboration_flows
  File "/tmp/tmp.L2TH2Y5coc/artifact_tool_v2-2.8.22/artifact_tool/generated/interface/models.py", line 32317, in hydrate_crdt_from_proto
  File "/tmp/tmp.L2TH2Y5coc/artifact_tool_v2-2.8.22/artifact_tool/rpc/remote.py", line 749, in __call__
  File "/tmp/tmp.L2TH2Y5coc/artifact_tool_v2-2.8.22/artifact_tool/rpc/client.py", line 150, in call
artifact_tool.rpc.client.RemoteError: hydrateCrdtFromProto requires an empty collaborative document.
test_abandon_not_completion (__main__.Contract.test_abandon_not_completion) ... ok
test_expected_negative (__main__.Contract.test_expected_negative) ... ok
test_missing_JSPI_evidence (__main__.Contract.test_missing_JSPI_evidence) ... ok
test_missing_memory_evidence (__main__.Contract.test_missing_memory_evidence) ... ok
test_missing_scheduler (__main__.Contract.test_missing_scheduler) ... ok
test_missing_source_stats_rejected (__main__.Contract.test_missing_source_stats_rejected) ... ok
test_missing_worker_count (__main__.Contract.test_missing_worker_count) ... ok
test_negative_still_requires_runtime_evidence (__main__.Contract.test_negative_still_requires_runtime_evidence) ... ok
test_one_JSPI_API_still_present (__main__.Contract.test_one_JSPI_API_still_present) ... ok
test_positive_range (__main__.Contract.test_positive_range) ... ok
test_positive_unit (__main__.Contract.test_positive_unit) ... ok
test_source_leak_rejected (__main__.Contract.test_source_leak_rejected) ... ok
test_wrong_actual_backend (__main__.Contract.test_wrong_actual_backend) ... ok
test_wrong_case (__main__.Contract.test_wrong_case) ... ok
test_wrong_negative_error (__main__.Contract.test_wrong_negative_error) ... ok

----------------------------------------------------------------------
Ran 15 tests in 0.001s

OK
