Spreadsheet runtime warmup failed during python startup
Traceback (most recent call last):
  File "/tmp/tmp.L2TH2Y5coc/artifact_tool_v2-2.8.22/artifact_tool/patches/warm_spreadsheet_runtime_on_startup.py", line 26, in warm_spreadsheet_runtime_on_startup
  File "/tmp/tmp.L2TH2Y5coc/artifact_tool_v2-2.8.22/artifact_tool/spreadsheet_warmup.py", line 785, in warm_spreadsheet_runtime
  File "/tmp/tmp.L2TH2Y5coc/artifact_tool_v2-2.8.22/artifact_tool/spreadsheet_warmup.py", line 720, in _warm_feature_flows
  File "/tmp/tmp.L2TH2Y5coc/artifact_tool_v2-2.8.22/artifact_tool/spreadsheet_warmup.py", line 704, in _warm_collaboration_flows
  File "/tmp/tmp.L2TH2Y5coc/artifact_tool_v2-2.8.22/artifact_tool/generated/interface/models.py", line 32317, in hydrate_crdt_from_proto
  File "/tmp/tmp.L2TH2Y5coc/artifact_tool_v2-2.8.22/artifact_tool/rpc/remote.py", line 749, in __call__
  File "/tmp/tmp.L2TH2Y5coc/artifact_tool_v2-2.8.22/artifact_tool/rpc/client.py", line 150, in call
artifact_tool.rpc.client.RemoteError: hydrateCrdtFromProto requires an empty collaborative document.
test_asyncify_only (__main__.Profiles.test_asyncify_only) ... ok
test_bool_export_rejected (__main__.Profiles.test_bool_export_rejected) ... ok
test_bool_not_budget (__main__.Profiles.test_bool_not_budget) ... ok
test_common_read_import (__main__.Profiles.test_common_read_import) ... ok
test_duplicate_exports_rejected (__main__.Profiles.test_duplicate_exports_rejected) ... ok
test_export_allowlist (__main__.Profiles.test_export_allowlist) ... ok
test_indirect_callbacks_preserved (__main__.Profiles.test_indirect_callbacks_preserved) ... ok
test_jspi_only (__main__.Profiles.test_jspi_only) ... ok
test_private_memory_flags (__main__.Profiles.test_private_memory_flags) ... ok
test_raw_source_does_not_require_JSPI (__main__.Profiles.test_raw_source_does_not_require_JSPI) ... ok
test_stack_alignment (__main__.Profiles.test_stack_alignment) ... ok
test_stack_lower_bound (__main__.Profiles.test_stack_lower_bound) ... ok
test_stack_upper_bound (__main__.Profiles.test_stack_upper_bound) ... ok
test_string_export_container_rejected (__main__.Profiles.test_string_export_container_rejected) ... ok
test_unknown_backend (__main__.Profiles.test_unknown_backend) ... ok
test_unknown_rm_export_rejected (__main__.Profiles.test_unknown_rm_export_rejected) ... ok
test_wildcards_rejected (__main__.Profiles.test_wildcards_rejected) ... ok

----------------------------------------------------------------------
Ran 17 tests in 0.005s

OK
