Spreadsheet runtime warmup failed during python startup
Traceback (most recent call last):
  File "/tmp/tmp.L2TH2Y5coc/artifact_tool_v2-2.8.22/artifact_tool/patches/warm_spreadsheet_runtime_on_startup.py", line 26, in warm_spreadsheet_runtime_on_startup
  File "/tmp/tmp.L2TH2Y5coc/artifact_tool_v2-2.8.22/artifact_tool/spreadsheet_warmup.py", line 785, in warm_spreadsheet_runtime
  File "/tmp/tmp.L2TH2Y5coc/artifact_tool_v2-2.8.22/artifact_tool/spreadsheet_warmup.py", line 720, in _warm_feature_flows
  File "/tmp/tmp.L2TH2Y5coc/artifact_tool_v2-2.8.22/artifact_tool/spreadsheet_warmup.py", line 704, in _warm_collaboration_flows
  File "/tmp/tmp.L2TH2Y5coc/artifact_tool_v2-2.8.22/artifact_tool/generated/interface/models.py", line 32317, in hydrate_crdt_from_proto
  File "/tmp/tmp.L2TH2Y5coc/artifact_tool_v2-2.8.22/artifact_tool/rpc/remote.py", line 749, in __call__
  File "/tmp/tmp.L2TH2Y5coc/artifact_tool_v2-2.8.22/artifact_tool/rpc/client.py", line 150, in call
artifact_tool.rpc.client.RemoteError: hydrateCrdtFromProto requires an empty collaborative document.
jspi units mutex-first-lock-trylock PASS 
jspi units producer-consumer-100 PASS 
jspi units 400-create-join-stack-integrity PASS 
jspi units yielding-once-8-callers PASS 
jspi units 10-monotonic-timed-waits PASS 
jspi units 50-signal-timer-cleanups PASS 
jspi units mpv-dispatch-80-synchronous-calls PASS 
jspi units mpv-dispatch-coalesce-cancel PASS 
jspi units mpv-dispatch-lock-exclusion-during-async-blob-read PASS 
jspi units mpv-pool-100-jobs-and-destruction PASS 
jspi units detached-coroutine-cleanup PASS 
jspi units mpv-pool-real-10-second-idle-retirement PASS 
jspi units mpv-dispatch-100-create-destroy-cycles PASS 
jspi units read-error-unwind PASS 
jspi units stack-capacity-fail-closed PASS 
jspi units negative-no-linear-stack-switch PASS Error: C assertion: words[i]==seed+(unsigned)i*7919 at tests/probe.c:24
    at fail (blob:null/b0e07221-48de-4b08-bfd1-1093a7eb9ab6:340:38)
    at mpv-coop-units.wasm.stack_frame (wasm://wasm/mpv-coop-units.wasm-00037ae2:wasm-func
jspi range real-blob-read-seek-eof PASS 
jspi range short-read-retry PASS 
jspi range seek-boundaries PASS 
jspi range two-handle-independent-positions PASS 
jspi range cancel-observed-pending-read-late-completion PASS 
jspi range source-replacement-drops-stale-read PASS 
jspi range close-during-pending-read PASS 
jspi range cancel-after-ready-before-c-owner-resume PASS 
jspi range memory-growth-while-read-suspended PASS 
jspi range reader-rejection-unwinds-c PASS 
jspi range premature-zero-rejected PASS 
jspi range oversized-reader-result-rejected PASS 
jspi range pending-read-deadline PASS 
jspi range cancelled-handle-cannot-read-or-seek PASS 
jspi range cancel-one-handle-other-survives PASS 
jspi range source-generation-cannot-revive-old-handle PASS 
jspi range large-safe-offset-addressing PASS 
jspi range 100-open-read-close-cycles PASS 
jspi range pending-read-budget-enforced PASS 
jspi range seek-while-read-pending-rejected PASS 
jspi range unadmitted-uri-fails-closed PASS 
jspi range numeric-count-reader-rejected PASS 
jspi range nan-reader-rejected PASS 
jspi range infinity-reader-rejected PASS 
jspi range ready-reader-buffer-snapshotted PASS 
jspi range cancel-before-reader-call-avoids-work PASS 
jspi range invalid-resource-limits-rejected PASS 
jspi range host-stack-restored-while-suspended PASS 
jspi range stack-slot-abi-mismatch-rejected PASS 
jspi range reader-error-preserved-for-host-classification PASS 
jspi range cancel-after-ready-before-c-owner-resume PASS Error: ready read not revoked
    at expect (blob:null/6c66d695-152b-40f6-80b3-d4951374561c:473:37)
    at self.onmessage (blob:null/6c66d695-152b-40f6-80b3-d4951374561c:528:5)
asyncify units mutex-first-lock-trylock PASS 
asyncify units producer-consumer-100 PASS 
asyncify units 400-create-join-stack-integrity PASS 
asyncify units yielding-once-8-callers PASS 
asyncify units 10-monotonic-timed-waits PASS 
asyncify units 50-signal-timer-cleanups PASS 
asyncify units mpv-dispatch-80-synchronous-calls PASS 
asyncify units mpv-dispatch-coalesce-cancel PASS 
asyncify units mpv-dispatch-lock-exclusion-during-async-blob-read PASS 
asyncify units mpv-pool-100-jobs-and-destruction PASS 
asyncify units detached-coroutine-cleanup PASS 
asyncify units mpv-pool-real-10-second-idle-retirement PASS 
asyncify units mpv-dispatch-100-create-destroy-cycles PASS 
asyncify units read-error-unwind PASS 
asyncify units stack-capacity-fail-closed PASS 
asyncify units negative-no-linear-stack-switch PASS Error: C assertion: words[i]==seed+(unsigned)i*7919 at tests/probe.c:24
    at fail (blob:null/3f20396f-90de-4abb-99c6-16d35dc50ec1:342:38)
    at mpv-coop-units.wasm.stack_frame (wasm://wasm/mpv-coop-units.wasm-0005bbfa:wasm-func
asyncify range real-blob-read-seek-eof PASS 
asyncify range short-read-retry PASS 
asyncify range seek-boundaries PASS 
asyncify range two-handle-independent-positions PASS 
asyncify range cancel-observed-pending-read-late-completion PASS 
asyncify range source-replacement-drops-stale-read PASS 
asyncify range close-during-pending-read PASS 
asyncify range cancel-after-ready-before-c-owner-resume PASS 
asyncify range memory-growth-while-read-suspended PASS 
asyncify range reader-rejection-unwinds-c PASS 
asyncify range premature-zero-rejected PASS 
asyncify range oversized-reader-result-rejected PASS 
asyncify range pending-read-deadline PASS 
asyncify range cancelled-handle-cannot-read-or-seek PASS 
asyncify range cancel-one-handle-other-survives PASS 
asyncify range source-generation-cannot-revive-old-handle PASS 
asyncify range large-safe-offset-addressing PASS 
asyncify range 100-open-read-close-cycles PASS 
asyncify range pending-read-budget-enforced PASS 
asyncify range seek-while-read-pending-rejected PASS 
asyncify range unadmitted-uri-fails-closed PASS 
asyncify range numeric-count-reader-rejected PASS 
asyncify range nan-reader-rejected PASS 
asyncify range infinity-reader-rejected PASS 
asyncify range ready-reader-buffer-snapshotted PASS 
asyncify range cancel-before-reader-call-avoids-work PASS 
asyncify range invalid-resource-limits-rejected PASS 
asyncify range host-stack-restored-while-suspended PASS 
asyncify range stack-slot-abi-mismatch-rejected PASS 
asyncify range reader-error-preserved-for-host-classification PASS 
asyncify range cancel-after-ready-before-c-owner-resume PASS Error: ready read not revoked
    at expect (blob:null/852eab26-902c-45c1-999a-487425501c9f:475:37)
    at self.onmessage (blob:null/852eab26-902c-45c1-999a-487425501c9f:530:5)
TOTAL 94 / 94
