Spreadsheet runtime warmup failed during python startup
Traceback (most recent call last):
  File "/tmp/tmp.L2TH2Y5coc/artifact_tool_v2-2.8.22/artifact_tool/patches/warm_spreadsheet_runtime_on_startup.py", line 26, in warm_spreadsheet_runtime_on_startup
  File "/tmp/tmp.L2TH2Y5coc/artifact_tool_v2-2.8.22/artifact_tool/spreadsheet_warmup.py", line 772, in warm_spreadsheet_runtime
  File "/tmp/tmp.L2TH2Y5coc/artifact_tool_v2-2.8.22/artifact_tool/rpc/connection.py", line 37, in get_or_create_client
  File "/tmp/tmp.L2TH2Y5coc/artifact_tool_v2-2.8.22/artifact_tool/rpc/daemon.py", line 112, in start_daemon
RuntimeError: Failed to start artifact tool daemon (exited early)
jspi no-suspension-normal-return  PASS 
jspi single-suspension-no-placeholder-result  PASS 
jspi synchronous-ready-before-unwind  PASS 
jspi duplicate-wakeup-is-ignored  PASS 
jspi nested-C-stacks-survive  PASS 
jspi memory-growth-with-saved-continuation  PASS 
jspi multi-task-out-of-order  PASS 
jspi indirect-callback-instrumented  PASS 
jspi C-negative-result-is-not-runtime-failure  PASS 
jspi throwing-import-is-terminal  PASS 
jspi trap-after-resume-is-terminal  PASS 
jspi abandon-pending-task-rejects-late-resume  PASS 
asyncify no-suspension-normal-return  PASS 
asyncify single-suspension-no-placeholder-result  PASS 
asyncify synchronous-ready-before-unwind  PASS 
asyncify duplicate-wakeup-is-ignored  PASS 
asyncify nested-C-stacks-survive  PASS 
asyncify memory-growth-with-saved-continuation  PASS 
asyncify multi-task-out-of-order  PASS 
asyncify indirect-callback-instrumented  PASS 
asyncify C-negative-result-is-not-runtime-failure  PASS 
asyncify throwing-import-is-terminal  PASS 
asyncify trap-after-resume-is-terminal  PASS 
asyncify abandon-pending-task-rejects-late-resume  PASS 
asyncify saved-stack-canary-is-fatal  PASS 
asyncify undersized-saved-stack-fails-closed  PASS 
asyncify indirect-callback-instrumented NEGATIVE PASS Error: continuation side effects repeated
    at expect (blob:null/84dddfb8-e53a-46c1-8c08-49945efc3c1a:346:39)
    at self.onmessage (blob:null/84dddfb8-e53a-46c1-8c08-49945efc3c1a:413:5)
TOTAL 27 / 27
