✔ relay preserves 2-channel PCM and native consumption feedback (16.10725ms)
✔ relay preserves 6-channel PCM and native consumption feedback (1.780292ms)
✔ relay preserves 8-channel PCM and native consumption feedback (0.651084ms)
✔ native reset handshake prevents old counters and PCM from being accepted (0.751291ms)
✔ seek gate silences output while mpv has not yet completed the seek (0.793333ms)
✔ shared Wasm growth preserves the fixed native ring prefix (1.85775ms)
✔ invalid native counts fail instead of reading outside the ring (0.832917ms)
✔ consumer seek gate wins over a relay run publication racing the seek (0.662208ms)
✔ consumer starts before completion and a bounded small response measures without further demand (25.220458ms)
✔ measured response error retires and does not produce success (1.348958ms)
✔ measured response extra retires and does not produce success (0.847708ms)
✔ measured response cancel retires and does not produce success (0.821667ms)
✔ large segments stay progressive and demand driven (0.631792ms)
✔ closing after read-ahead accounts for every fetched but unconsumed byte (0.798916ms)
✔ network time includes request latency and no URL reaches the output sample (1.435875ms)
✔ cache hits or missing cross-origin timing cannot become bandwidth estimates (0.158084ms)
✔ application backpressure invalidates the sample instead of being subtracted (0.530167ms)
✔ incomplete, canceled and small resources do not create completed samples (0.108583ms)
✔ late timing entries may arrive after EOF, but missing entries expire explicitly (0.251333ms)
✔ duplicate URLs consume distinct timing entries and check body size (0.189ms)
✔ retry and sub-50ms resource samples are conservative exclusions (0.093917ms)
✔ all histories are bounded and source retirement rejects later completion (0.413542ms)
✔ network completion during consumer idle is independent of later consumption (0.36575ms)
✔ earlier application waits and overflow remain excluded even if final idle spans completion (0.338708ms)
✔ full manifests remain owned by FFmpeg without fixed-selection rewriting (17.074125ms)
✔ slow candidate headers do not block opening the next active segment (3.293459ms)
✔ parallel manifests retain independent cancellation and shared byte accounting (2.135709ms)
✔ decoder reconfiguration preserves an old frame already scheduled by mpv (3.547708ms)
✔ source or seek retirement still rejects stale decoder generations (0.788667ms)
✔ unidentified output clears presented quality without attributing a request (0.447083ms)
✔ redrawing a held frame cannot relabel it with another selection at the same PTS (1.690667ms)
✔ internal paused seek draws its single new frame: selection-first (1.546875ms)
✔ internal paused seek draws its single new frame: frame-first (1.105709ms)
✔ identical PTS cannot let old native selection present a new reset generation (0.57175ms)
✔ late decoder reset retires explicit seek preroll after its waiter completes (0.773417ms)
✔ native source ownership rejects stale commands before policy changes (0.887958ms)
✔ seekable duration or byte counts cannot stand in for forward buffer (0.5655ms)
✔ verified samples and mpv forward buffer produce one source-bound request (0.538208ms)
✔ manual intent turns auto off, without recreating a native source (0.236875ms)
✔ new source clears health, estimates and request history (0.195375ms)
✔ old network samples never justify a late upswitch after inactivity (0.204958ms)
✔ invalid ceilings leave the accepted policy unchanged (0.107834ms)
✔ native rejection leaves the previously accepted automatic policy intact (0.084584ms)
✔ observed frame dropping can downswitch even with good throughput (0.340333ms)
✔ seek retirement drops do not masquerade as sustained decoder failure (0.322792ms)
✔ new decoder errors temporarily inhibit upswitching and reset with the source (0.160959ms)
✔ terminal demux errors are polled only for the accepted source (0.227209ms)
✔ manual policy never adapts, including during starvation (0.669833ms)
✔ unknown forward buffer and cache/backpressure samples cannot justify an upswitch (0.155333ms)
✔ upgrades require sustained headroom; deterioration and starvation downswitch promptly (0.695417ms)
✔ recovery from 2 to 8 Mbit/s remains slower than a downswitch (0.28725ms)
✔ manual selection is authoritative after auto; paused playback does not adapt (0.148625ms)
✔ ceilings and eligibility constrain decisions without inventing another track identity (0.443ms)
✔ a pending upswitch is retired when conditions collapse, even if current quality is already low (0.144375ms)
✔ duplicate samples are ignored and a new source starts with no previous estimate (0.077792ms)
✔ known-length last chunk verifies EOF without losing remaining consumer bytes (11.932ms)
✔ declared bytes followed by error never become a completed sample (2.632875ms)
✔ declared bytes followed by extra never become a completed sample (0.970791ms)
✔ declared bytes followed by cancel never become a completed sample (0.94125ms)
ℹ tests 59
ℹ suites 0
ℹ pass 59
ℹ fail 0
ℹ cancelled 0
ℹ skipped 0
ℹ todo 0
ℹ duration_ms 269.647333
