ffmpeg -v error -f lavfi -i testsrc2=size=1280x720:rate=24 -frames:v 144 -c:v libx264 -preset ultrafast -g 24 -bf 3 -x264-params open-gop=0:scenecut=0 -pix_fmt yuv420p research/items/R072.decode-only-keyframes-for-coarse-previews/evidence/20260919T220620Z-coarse-job/source.mp4
ffprobe -v error -select_streams v -show_packets -show_frames -of json research/items/R072.decode-only-keyframes-for-coarse-previews/evidence/20260919T220620Z-coarse-job/source.mp4
ffmpeg -v error -i research/items/R072.decode-only-keyframes-for-coarse-previews/evidence/20260919T220620Z-coarse-job/source.mp4 -vf scale=320:180:flags=bilinear -fps_mode passthrough -pix_fmt rgb24 -f rawvideo -
ffmpeg -v error -i research/items/R072.decode-only-keyframes-for-coarse-previews/evidence/20260919T220620Z-coarse-job/source.mp4 -vf select=eq(pict_type\,I),scale=320:180:flags=bilinear -fps_mode passthrough -pix_fmt rgb24 -f rawvideo -
ffmpeg -v error -skip_frame nokey -i research/items/R072.decode-only-keyframes-for-coarse-previews/evidence/20260919T220620Z-coarse-job/source.mp4 -vf scale=320:180:flags=bilinear -fps_mode passthrough -pix_fmt rgb24 -f rawvideo -
ffprobe -v error -skip_frame nokey -select_streams v -show_frames -of json research/items/R072.decode-only-keyframes-for-coarse-previews/evidence/20260919T220620Z-coarse-job/source.mp4
ffmpeg -v error -i research/items/R072.decode-only-keyframes-for-coarse-previews/evidence/20260919T220620Z-coarse-job/source.mp4 -vf select=eq(pict_type\,I),scale=320:180:flags=bilinear -fps_mode passthrough -pix_fmt rgb24 -f rawvideo -
ffmpeg -v error -skip_frame nokey -i research/items/R072.decode-only-keyframes-for-coarse-previews/evidence/20260919T220620Z-coarse-job/source.mp4 -vf scale=320:180:flags=bilinear -fps_mode passthrough -pix_fmt rgb24 -f rawvideo -
ffmpeg -v error -skip_frame nokey -i research/items/R072.decode-only-keyframes-for-coarse-previews/evidence/20260919T220620Z-coarse-job/source.mp4 -vf scale=320:180:flags=bilinear -fps_mode passthrough -pix_fmt rgb24 -f rawvideo -
ffmpeg -v error -i research/items/R072.decode-only-keyframes-for-coarse-previews/evidence/20260919T220620Z-coarse-job/source.mp4 -vf select=eq(pict_type\,I),scale=320:180:flags=bilinear -fps_mode passthrough -pix_fmt rgb24 -f rawvideo -
ffmpeg -v error -i research/items/R072.decode-only-keyframes-for-coarse-previews/evidence/20260919T220620Z-coarse-job/source.mp4 -vf select=eq(pict_type\,I),scale=320:180:flags=bilinear -fps_mode passthrough -pix_fmt rgb24 -f rawvideo -
ffmpeg -v error -skip_frame nokey -i research/items/R072.decode-only-keyframes-for-coarse-previews/evidence/20260919T220620Z-coarse-job/source.mp4 -vf scale=320:180:flags=bilinear -fps_mode passthrough -pix_fmt rgb24 -f rawvideo -
ffmpeg -v error -skip_frame nokey -i research/items/R072.decode-only-keyframes-for-coarse-previews/evidence/20260919T220620Z-coarse-job/source.mp4 -vf scale=320:180:flags=bilinear -fps_mode passthrough -pix_fmt rgb24 -f rawvideo -
ffmpeg -v error -i research/items/R072.decode-only-keyframes-for-coarse-previews/evidence/20260919T220620Z-coarse-job/source.mp4 -vf select=eq(pict_type\,I),scale=320:180:flags=bilinear -fps_mode passthrough -pix_fmt rgb24 -f rawvideo -
ffmpeg -v error -i research/items/R072.decode-only-keyframes-for-coarse-previews/evidence/20260919T220620Z-coarse-job/source.mp4 -vf select=eq(pict_type\,I),scale=320:180:flags=bilinear -fps_mode passthrough -pix_fmt rgb24 -f rawvideo -
ffmpeg -v error -skip_frame nokey -i research/items/R072.decode-only-keyframes-for-coarse-previews/evidence/20260919T220620Z-coarse-job/source.mp4 -vf scale=320:180:flags=bilinear -fps_mode passthrough -pix_fmt rgb24 -f rawvideo -
ffmpeg -v error -skip_frame nokey -i research/items/R072.decode-only-keyframes-for-coarse-previews/evidence/20260919T220620Z-coarse-job/source.mp4 -vf scale=320:180:flags=bilinear -fps_mode passthrough -pix_fmt rgb24 -f rawvideo -
ffmpeg -v error -i research/items/R072.decode-only-keyframes-for-coarse-previews/evidence/20260919T220620Z-coarse-job/source.mp4 -vf select=eq(pict_type\,I),scale=320:180:flags=bilinear -fps_mode passthrough -pix_fmt rgb24 -f rawvideo -
ffmpeg -v error -i research/items/R072.decode-only-keyframes-for-coarse-previews/evidence/20260919T220620Z-coarse-job/source.mp4 -vf select=eq(pict_type\,I),scale=320:180:flags=bilinear -fps_mode passthrough -pix_fmt rgb24 -f rawvideo -
ffmpeg -v error -skip_frame nokey -i research/items/R072.decode-only-keyframes-for-coarse-previews/evidence/20260919T220620Z-coarse-job/source.mp4 -vf scale=320:180:flags=bilinear -fps_mode passthrough -pix_fmt rgb24 -f rawvideo -
ffmpeg -v error -skip_frame nokey -i research/items/R072.decode-only-keyframes-for-coarse-previews/evidence/20260919T220620Z-coarse-job/source.mp4 -vf scale=320:180:flags=bilinear -fps_mode passthrough -pix_fmt rgb24 -f rawvideo -
ffmpeg -v error -i research/items/R072.decode-only-keyframes-for-coarse-previews/evidence/20260919T220620Z-coarse-job/source.mp4 -vf select=eq(pict_type\,I),scale=320:180:flags=bilinear -fps_mode passthrough -pix_fmt rgb24 -f rawvideo -
ffmpeg -v error -i research/items/R072.decode-only-keyframes-for-coarse-previews/evidence/20260919T220620Z-coarse-job/source.mp4 -vf select=eq(pict_type\,I),scale=320:180:flags=bilinear -fps_mode passthrough -pix_fmt rgb24 -f rawvideo -
ffmpeg -v error -skip_frame nokey -i research/items/R072.decode-only-keyframes-for-coarse-previews/evidence/20260919T220620Z-coarse-job/source.mp4 -vf scale=320:180:flags=bilinear -fps_mode passthrough -pix_fmt rgb24 -f rawvideo -
