{
  "bytes": 26296219,
  "sha256": "bddbcf0f1015bfe0591e035779370e3ccdc7c4cb37e34a1ba15a4091caa3e47f",
  "privateMemory": true,
  "memory64": false,
  "asyncifyControls": true,
  "observedControls": [
    "asyncify_start_unwind",
    "asyncify_stop_unwind",
    "asyncify_start_rewind",
    "asyncify_stop_rewind",
    "asyncify_get_state"
  ],
  "backend": "asyncify",
  "scope": "Static memory and ABI checks only; JSPI glue and suspension require runtime qualification",
  "imports": [
    {
      "module": "demuxe_source",
      "name": "demuxe_source_open",
      "kind": "function"
    },
    {
      "module": "demuxe_source",
      "name": "demuxe_source_size",
      "kind": "function"
    },
    {
      "module": "demuxe_source",
      "name": "demuxe_source_close",
      "kind": "function"
    },
    {
      "module": "demuxe_source",
      "name": "demuxe_source_valid",
      "kind": "function"
    },
    {
      "module": "demuxe_source",
      "name": "demuxe_source_read",
      "kind": "function"
    },
    {
      "module": "demuxe_source",
      "name": "demuxe_source_cancel",
      "kind": "function"
    },
    {
      "module": "env",
      "name": "__assert_fail",
      "kind": "function"
    },
    {
      "module": "env",
      "name": "exit",
      "kind": "function"
    },
    {
      "module": "demuxe_coop",
      "name": "demuxe_coop_panic",
      "kind": "function"
    },
    {
      "module": "demuxe_coop",
      "name": "demuxe_coop_self",
      "kind": "function"
    },
    {
      "module": "demuxe_coop",
      "name": "demuxe_coop_waiters",
      "kind": "function"
    },
    {
      "module": "demuxe_coop",
      "name": "demuxe_coop_wait",
      "kind": "function"
    },
    {
      "module": "demuxe_coop",
      "name": "demuxe_coop_wake",
      "kind": "function"
    },
    {
      "module": "demuxe_coop",
      "name": "demuxe_coop_create",
      "kind": "function"
    },
    {
      "module": "demuxe_coop",
      "name": "demuxe_coop_join",
      "kind": "function"
    },
    {
      "module": "demuxe_coop",
      "name": "demuxe_coop_detach",
      "kind": "function"
    },
    {
      "module": "demuxe_coop",
      "name": "demuxe_coop_name",
      "kind": "function"
    },
    {
      "module": "env",
      "name": "invoke_iii",
      "kind": "function"
    },
    {
      "module": "env",
      "name": "invoke_iiiii",
      "kind": "function"
    },
    {
      "module": "env",
      "name": "invoke_iiii",
      "kind": "function"
    },
    {
      "module": "wasi_snapshot_preview1",
      "name": "environ_sizes_get",
      "kind": "function"
    },
    {
      "module": "wasi_snapshot_preview1",
      "name": "environ_get",
      "kind": "function"
    },
    {
      "module": "env",
      "name": "__syscall_fcntl64",
      "kind": "function"
    },
    {
      "module": "env",
      "name": "__syscall_ioctl",
      "kind": "function"
    },
    {
      "module": "wasi_snapshot_preview1",
      "name": "fd_close",
      "kind": "function"
    },
    {
      "module": "wasi_snapshot_preview1",
      "name": "fd_read",
      "kind": "function"
    },
    {
      "module": "wasi_snapshot_preview1",
      "name": "fd_write",
      "kind": "function"
    },
    {
      "module": "env",
      "name": "_abort_js",
      "kind": "function"
    },
    {
      "module": "env",
      "name": "__syscall_faccessat",
      "kind": "function"
    },
    {
      "module": "wasi_snapshot_preview1",
      "name": "clock_time_get",
      "kind": "function"
    },
    {
      "module": "env",
      "name": "emscripten_date_now",
      "kind": "function"
    },
    {
      "module": "env",
      "name": "__syscall_fchmod",
      "kind": "function"
    },
    {
      "module": "env",
      "name": "__syscall_chmod",
      "kind": "function"
    },
    {
      "module": "env",
      "name": "__syscall_openat",
      "kind": "function"
    },
    {
      "module": "env",
      "name": "__syscall_fstat64",
      "kind": "function"
    },
    {
      "module": "env",
      "name": "__syscall_stat64",
      "kind": "function"
    },
    {
      "module": "env",
      "name": "__syscall_newfstatat",
      "kind": "function"
    },
    {
      "module": "env",
      "name": "__syscall_lstat64",
      "kind": "function"
    },
    {
      "module": "env",
      "name": "__syscall_ftruncate64",
      "kind": "function"
    },
    {
      "module": "env",
      "name": "__syscall_getcwd",
      "kind": "function"
    },
    {
      "module": "env",
      "name": "emscripten_err",
      "kind": "function"
    },
    {
      "module": "wasi_snapshot_preview1",
      "name": "fd_fdstat_get",
      "kind": "function"
    },
    {
      "module": "env",
      "name": "emscripten_get_now",
      "kind": "function"
    },
    {
      "module": "wasi_snapshot_preview1",
      "name": "fd_seek",
      "kind": "function"
    },
    {
      "module": "env",
      "name": "__syscall_mkdirat",
      "kind": "function"
    },
    {
      "module": "env",
      "name": "_tzset_js",
      "kind": "function"
    },
    {
      "module": "env",
      "name": "_mktime_js",
      "kind": "function"
    },
    {
      "module": "env",
      "name": "_localtime_js",
      "kind": "function"
    },
    {
      "module": "env",
      "name": "_gmtime_js",
      "kind": "function"
    },
    {
      "module": "env",
      "name": "_munmap_js",
      "kind": "function"
    },
    {
      "module": "env",
      "name": "_mmap_js",
      "kind": "function"
    },
    {
      "module": "env",
      "name": "__syscall_pipe",
      "kind": "function"
    },
    {
      "module": "env",
      "name": "__syscall_poll",
      "kind": "function"
    },
    {
      "module": "env",
      "name": "_emscripten_runtime_keepalive_clear",
      "kind": "function"
    },
    {
      "module": "wasi_snapshot_preview1",
      "name": "proc_exit",
      "kind": "function"
    },
    {
      "module": "env",
      "name": "__call_sighandler",
      "kind": "function"
    },
    {
      "module": "env",
      "name": "__syscall_getdents64",
      "kind": "function"
    },
    {
      "module": "env",
      "name": "__syscall_readlinkat",
      "kind": "function"
    },
    {
      "module": "env",
      "name": "__syscall_unlinkat",
      "kind": "function"
    },
    {
      "module": "env",
      "name": "__syscall_rmdir",
      "kind": "function"
    },
    {
      "module": "env",
      "name": "__syscall_renameat",
      "kind": "function"
    },
    {
      "module": "env",
      "name": "__syscall_fstatfs64",
      "kind": "function"
    },
    {
      "module": "env",
      "name": "emscripten_get_heap_max",
      "kind": "function"
    },
    {
      "module": "env",
      "name": "__syscall_utimensat",
      "kind": "function"
    },
    {
      "module": "env",
      "name": "emscripten_resize_heap",
      "kind": "function"
    },
    {
      "module": "env",
      "name": "_emscripten_throw_longjmp",
      "kind": "function"
    },
    {
      "module": "env",
      "name": "__syscall_accept4",
      "kind": "function"
    },
    {
      "module": "env",
      "name": "__syscall_bind",
      "kind": "function"
    },
    {
      "module": "env",
      "name": "__syscall_listen",
      "kind": "function"
    },
    {
      "module": "env",
      "name": "__syscall_sendto",
      "kind": "function"
    },
    {
      "module": "env",
      "name": "__syscall_socket",
      "kind": "function"
    }
  ],
  "exports": [
    {
      "name": "memory",
      "kind": "memory"
    },
    {
      "name": "__wasm_call_ctors",
      "kind": "function"
    },
    {
      "name": "web_audio_capacity",
      "kind": "function"
    },
    {
      "name": "web_audio_ptr",
      "kind": "function"
    },
    {
      "name": "web_configure",
      "kind": "function"
    },
    {
      "name": "web_create",
      "kind": "function"
    },
    {
      "name": "web_command_args",
      "kind": "function"
    },
    {
      "name": "web_add_subtitle",
      "kind": "function"
    },
    {
      "name": "web_event",
      "kind": "function"
    },
    {
      "name": "web_render",
      "kind": "function"
    },
    {
      "name": "free",
      "kind": "function"
    },
    {
      "name": "web_presented",
      "kind": "function"
    },
    {
      "name": "web_destroy",
      "kind": "function"
    },
    {
      "name": "__indirect_function_table",
      "kind": "table"
    },
    {
      "name": "malloc",
      "kind": "function"
    },
    {
      "name": "demuxe_source_live",
      "kind": "function"
    },
    {
      "name": "demuxe_coop_get_sp",
      "kind": "function"
    },
    {
      "name": "demuxe_coop_set_sp",
      "kind": "function"
    },
    {
      "name": "demuxe_asyncify_count",
      "kind": "function"
    },
    {
      "name": "demuxe_asyncify_data",
      "kind": "function"
    },
    {
      "name": "demuxe_asyncify_base",
      "kind": "function"
    },
    {
      "name": "demuxe_asyncify_end",
      "kind": "function"
    },
    {
      "name": "demuxe_context_errno",
      "kind": "function"
    },
    {
      "name": "demuxe_context_stack_base",
      "kind": "function"
    },
    {
      "name": "demuxe_context_stack_end",
      "kind": "function"
    },
    {
      "name": "demuxe_context_enter",
      "kind": "function"
    },
    {
      "name": "web_audio_configure",
      "kind": "function"
    },
    {
      "name": "fflush",
      "kind": "function"
    },
    {
      "name": "demuxe_coop_stack_count",
      "kind": "function"
    },
    {
      "name": "demuxe_coop_stack_base",
      "kind": "function"
    },
    {
      "name": "demuxe_coop_stack_top",
      "kind": "function"
    },
    {
      "name": "demuxe_coop_invoke",
      "kind": "function"
    },
    {
      "name": "strerror",
      "kind": "function"
    },
    {
      "name": "ff_h264_cabac_tables",
      "kind": "global"
    },
    {
      "name": "htons",
      "kind": "function"
    },
    {
      "name": "emscripten_builtin_memalign",
      "kind": "function"
    },
    {
      "name": "ntohs",
      "kind": "function"
    },
    {
      "name": "setThrew",
      "kind": "function"
    },
    {
      "name": "_emscripten_stack_restore",
      "kind": "function"
    },
    {
      "name": "_emscripten_stack_alloc",
      "kind": "function"
    },
    {
      "name": "emscripten_stack_get_current",
      "kind": "function"
    },
    {
      "name": "asyncify_start_unwind",
      "kind": "function"
    },
    {
      "name": "asyncify_stop_unwind",
      "kind": "function"
    },
    {
      "name": "asyncify_start_rewind",
      "kind": "function"
    },
    {
      "name": "asyncify_stop_rewind",
      "kind": "function"
    },
    {
      "name": "asyncify_get_state",
      "kind": "function"
    }
  ]
}
