[
  {
    "key": "mpeg2-ac3",
    "run_id": "20260929T224600Z-mpeg2-ac3-01",
    "command": [
      "node",
      "/Volumes/seed2/Projects/demuxe-nonisolated-software-20260929/research/items/nonisolated-full-software-playback/tests/run-playback.mjs",
      "/Volumes/seed2/Projects/demuxe-nonisolated-full-playback-20260929/playback-link-01",
      "/Volumes/seed2/Projects/demuxe-nonisolated-software-20260929/research/items/nonisolated-full-software-playback/evidence/20260929T224600Z-mpeg2-ac3-01",
      "/Volumes/seed2/Projects/demuxe/build/head-to-head/assets-row-refresh-stereo-20260926-01/fixtures/mpeg2-ac3/index.ts",
      "/Volumes/seed2/Projects/demuxe-nonisolated-full-playback-20260929/readme-references-01/mpeg2-ac3/reference.rgb",
      "/Volumes/seed2/Projects/demuxe-nonisolated-full-playback-20260929/readme-references-01/mpeg2-ac3/reference.f32",
      "/Volumes/seed2/Projects/demuxe-nonisolated-full-playback-20260929/readme-references-01/mpeg2-ac3/profile.json"
    ],
    "returncode": 0,
    "cases": [
      {
        "backend": "jspi",
        "passed": true,
        "error": null,
        "pictureFailure": null,
        "audio": {
          "type": "inspection",
          "id": "end",
          "epoch": 12,
          "read": 0,
          "written": 0,
          "failed": null,
          "stopped": true,
          "underruns": 0,
          "stale": 0,
          "maxQueued": 8192,
          "contextState": "closed",
          "reference": {
            "rmse": 8.140696251130898e-09,
            "offsetFrames": 256
          },
          "samples": 288256,
          "passed": true
        }
      },
      {
        "backend": "asyncify",
        "passed": true,
        "error": null,
        "pictureFailure": null,
        "audio": {
          "type": "inspection",
          "id": "end",
          "epoch": 12,
          "read": 0,
          "written": 0,
          "failed": null,
          "stopped": true,
          "underruns": 0,
          "stale": 0,
          "maxQueued": 8192,
          "contextState": "closed",
          "reference": {
            "rmse": 8.140696251130898e-09,
            "offsetFrames": 256
          },
          "samples": 288768,
          "passed": true
        }
      }
    ]
  },
  {
    "key": "mpeg2-interlaced-ac3",
    "run_id": "20260929T224643Z-mpeg2-interlaced-ac3-01",
    "command": [
      "node",
      "/Volumes/seed2/Projects/demuxe-nonisolated-software-20260929/research/items/nonisolated-full-software-playback/tests/run-playback.mjs",
      "/Volumes/seed2/Projects/demuxe-nonisolated-full-playback-20260929/playback-link-01",
      "/Volumes/seed2/Projects/demuxe-nonisolated-software-20260929/research/items/nonisolated-full-software-playback/evidence/20260929T224643Z-mpeg2-interlaced-ac3-01",
      "/Volumes/seed2/Projects/demuxe/build/head-to-head/assets-row-refresh-stereo-20260926-01/fixtures/mpeg2-interlaced-ac3/index.ts",
      "/Volumes/seed2/Projects/demuxe-nonisolated-full-playback-20260929/readme-references-01/mpeg2-interlaced-ac3/reference.rgb",
      "/Volumes/seed2/Projects/demuxe-nonisolated-full-playback-20260929/readme-references-01/mpeg2-interlaced-ac3/reference.f32",
      "/Volumes/seed2/Projects/demuxe-nonisolated-full-playback-20260929/readme-references-01/mpeg2-interlaced-ac3/profile.json"
    ],
    "returncode": 0,
    "cases": [
      {
        "backend": "jspi",
        "passed": true,
        "error": null,
        "pictureFailure": null,
        "audio": {
          "type": "inspection",
          "id": "end",
          "epoch": 12,
          "read": 0,
          "written": 0,
          "failed": null,
          "stopped": true,
          "underruns": 2,
          "stale": 0,
          "maxQueued": 8192,
          "contextState": "closed",
          "reference": {
            "rmse": 8.140696251130898e-09,
            "offsetFrames": 256
          },
          "samples": 287232,
          "passed": true
        }
      },
      {
        "backend": "asyncify",
        "passed": true,
        "error": null,
        "pictureFailure": null,
        "audio": {
          "type": "inspection",
          "id": "end",
          "epoch": 12,
          "read": 0,
          "written": 0,
          "failed": null,
          "stopped": true,
          "underruns": 0,
          "stale": 0,
          "maxQueued": 8192,
          "contextState": "closed",
          "reference": {
            "rmse": 8.140696251130898e-09,
            "offsetFrames": 256
          },
          "samples": 287744,
          "passed": true
        }
      }
    ]
  },
  {
    "key": "mpeg2-mp2",
    "run_id": "20260929T224747Z-mpeg2-mp2-01",
    "command": [
      "node",
      "/Volumes/seed2/Projects/demuxe-nonisolated-software-20260929/research/items/nonisolated-full-software-playback/tests/run-playback.mjs",
      "/Volumes/seed2/Projects/demuxe-nonisolated-full-playback-20260929/playback-link-01",
      "/Volumes/seed2/Projects/demuxe-nonisolated-software-20260929/research/items/nonisolated-full-software-playback/evidence/20260929T224747Z-mpeg2-mp2-01",
      "/Volumes/seed2/Projects/demuxe/build/head-to-head/assets-row-refresh-stereo-20260926-01/fixtures/mpeg2-mp2/index.mpg",
      "/Volumes/seed2/Projects/demuxe-nonisolated-full-playback-20260929/readme-references-01/mpeg2-mp2/reference.rgb",
      "/Volumes/seed2/Projects/demuxe-nonisolated-full-playback-20260929/readme-references-01/mpeg2-mp2/reference.f32",
      "/Volumes/seed2/Projects/demuxe-nonisolated-full-playback-20260929/readme-references-01/mpeg2-mp2/profile.json"
    ],
    "returncode": 0,
    "cases": [
      {
        "backend": "jspi",
        "passed": true,
        "error": null,
        "pictureFailure": null,
        "audio": {
          "type": "inspection",
          "id": "end",
          "epoch": 12,
          "read": 0,
          "written": 0,
          "failed": null,
          "stopped": true,
          "underruns": 0,
          "stale": 0,
          "maxQueued": 8192,
          "contextState": "closed",
          "reference": {
            "rmse": 0,
            "offsetFrames": 481
          },
          "samples": 287744,
          "passed": true
        }
      },
      {
        "backend": "asyncify",
        "passed": true,
        "error": null,
        "pictureFailure": null,
        "audio": {
          "type": "inspection",
          "id": "end",
          "epoch": 12,
          "read": 0,
          "written": 0,
          "failed": null,
          "stopped": true,
          "underruns": 0,
          "stale": 0,
          "maxQueued": 8192,
          "contextState": "closed",
          "reference": {
            "rmse": 0,
            "offsetFrames": 481
          },
          "samples": 287744,
          "passed": true
        }
      }
    ]
  },
  {
    "key": "mpeg4-mp3",
    "run_id": "20260929T224842Z-mpeg4-mp3-01",
    "command": [
      "node",
      "/Volumes/seed2/Projects/demuxe-nonisolated-software-20260929/research/items/nonisolated-full-software-playback/tests/run-playback.mjs",
      "/Volumes/seed2/Projects/demuxe-nonisolated-full-playback-20260929/playback-link-01",
      "/Volumes/seed2/Projects/demuxe-nonisolated-software-20260929/research/items/nonisolated-full-software-playback/evidence/20260929T224842Z-mpeg4-mp3-01",
      "/Volumes/seed2/Projects/demuxe/build/head-to-head/assets-row-refresh-stereo-20260926-01/fixtures/mpeg4-mp3/index.avi",
      "/Volumes/seed2/Projects/demuxe-nonisolated-full-playback-20260929/readme-references-01/mpeg4-mp3/reference.rgb",
      "/Volumes/seed2/Projects/demuxe-nonisolated-full-playback-20260929/readme-references-01/mpeg4-mp3/reference.f32",
      "/Volumes/seed2/Projects/demuxe-nonisolated-full-playback-20260929/readme-references-01/mpeg4-mp3/profile.json"
    ],
    "returncode": 0,
    "cases": [
      {
        "backend": "jspi",
        "passed": true,
        "error": null,
        "pictureFailure": null,
        "audio": {
          "type": "inspection",
          "id": "end",
          "epoch": 12,
          "read": 0,
          "written": 0,
          "failed": null,
          "stopped": true,
          "underruns": 6,
          "stale": 0,
          "maxQueued": 8192,
          "contextState": "closed",
          "reference": {
            "rmse": 1.2503259785261168e-05,
            "offsetFrames": 0
          },
          "samples": 291938,
          "passed": true
        }
      },
      {
        "backend": "asyncify",
        "passed": true,
        "error": null,
        "pictureFailure": null,
        "audio": {
          "type": "inspection",
          "id": "end",
          "epoch": 12,
          "read": 0,
          "written": 0,
          "failed": null,
          "stopped": true,
          "underruns": 4,
          "stale": 0,
          "maxQueued": 8192,
          "contextState": "closed",
          "reference": {
            "rmse": 1.2503259785261168e-05,
            "offsetFrames": 0
          },
          "samples": 292450,
          "passed": true
        }
      }
    ]
  },
  {
    "key": "prores-pcm",
    "run_id": "20260929T224934Z-prores-pcm-01",
    "command": [
      "node",
      "/Volumes/seed2/Projects/demuxe-nonisolated-software-20260929/research/items/nonisolated-full-software-playback/tests/run-playback.mjs",
      "/Volumes/seed2/Projects/demuxe-nonisolated-full-playback-20260929/playback-link-01",
      "/Volumes/seed2/Projects/demuxe-nonisolated-software-20260929/research/items/nonisolated-full-software-playback/evidence/20260929T224934Z-prores-pcm-01",
      "/Volumes/seed2/Projects/demuxe/build/head-to-head/assets-row-refresh-stereo-20260926-01/fixtures/prores-pcm/index.mov",
      "/Volumes/seed2/Projects/demuxe-nonisolated-full-playback-20260929/readme-references-01/prores-pcm/reference.rgb",
      "/Volumes/seed2/Projects/demuxe-nonisolated-full-playback-20260929/readme-references-01/prores-pcm/reference.f32",
      "/Volumes/seed2/Projects/demuxe-nonisolated-full-playback-20260929/readme-references-01/prores-pcm/profile.json"
    ],
    "returncode": -15,
    "cases": [
      {
        "backend": "jspi",
        "passed": true,
        "error": null,
        "pictureFailure": null,
        "audio": {
          "type": "inspection",
          "id": "end",
          "epoch": 12,
          "read": 0,
          "written": 0,
          "failed": null,
          "stopped": true,
          "underruns": 2,
          "stale": 0,
          "maxQueued": 8192,
          "contextState": "closed",
          "reference": {
            "rmse": 0,
            "offsetFrames": 0
          },
          "samples": 290816,
          "passed": true
        }
      },
      {
        "backend": "asyncify",
        "passed": true,
        "error": null,
        "pictureFailure": null,
        "audio": {
          "type": "inspection",
          "id": "end",
          "epoch": 12,
          "read": 0,
          "written": 0,
          "failed": null,
          "stopped": true,
          "underruns": 0,
          "stale": 0,
          "maxQueued": 8192,
          "contextState": "closed",
          "reference": {
            "rmse": 0,
            "offsetFrames": 0
          },
          "samples": 291328,
          "passed": true
        }
      }
    ]
  },
  {
    "key": "mpeg2-video-only",
    "run_id": "20260929T225333Z-mpeg2-video-only-01",
    "command": [
      "node",
      "/Volumes/seed2/Projects/demuxe-nonisolated-software-20260929/research/items/nonisolated-full-software-playback/tests/run-playback.mjs",
      "/Volumes/seed2/Projects/demuxe-nonisolated-full-playback-20260929/playback-link-01",
      "/Volumes/seed2/Projects/demuxe-nonisolated-software-20260929/research/items/nonisolated-full-software-playback/evidence/20260929T225333Z-mpeg2-video-only-01",
      "/Volumes/seed2/Projects/demuxe/build/head-to-head/assets-row-refresh-stereo-20260926-01/fixtures/mpeg2-video-only/index.ts",
      "/Volumes/seed2/Projects/demuxe-nonisolated-full-playback-20260929/readme-references-01/mpeg2-video-only/reference.rgb",
      "-",
      "/Volumes/seed2/Projects/demuxe-nonisolated-full-playback-20260929/readme-references-01/mpeg2-video-only/profile.json"
    ],
    "returncode": 0,
    "cases": [
      {
        "backend": "jspi",
        "passed": true,
        "error": null,
        "pictureFailure": null,
        "audio": null
      },
      {
        "backend": "asyncify",
        "passed": true,
        "error": null,
        "pictureFailure": null,
        "audio": null
      }
    ]
  }
]
