{"args": ["ffmpeg", "-nostdin", "-v", "error", "-y", "-i", "research/shared/runs/20260919T201317Z-flac-smart-cut/source.flac", "-af", "atrim=start_sample=41737:end_sample=105565,asetpts=PTS-STARTPTS", "-c:a", "flac", "research/shared/runs/20260919T_audio_flac_cost/-2-baseline.flac"], "exit": 0, "stderr": ""}
{"args": ["ffmpeg", "-nostdin", "-v", "error", "-y", "-i", "research/shared/runs/20260919T_audio_flac_cost/-2-baseline.flac", "-c:a", "pcm_s16le", "-f", "s16le", "pipe:1"], "exit": 0, "stderr": ""}
{"args": ["ffprobe", "-v", "error", "-show_packets", "-of", "json", "research/shared/runs/20260919T201317Z-flac-smart-cut/source.flac"], "exit": 0, "stderr": ""}
{"args": ["ffmpeg", "-nostdin", "-v", "error", "-y", "-i", "research/shared/runs/20260919T_audio_flac_cost/working-edge.flac", "-c:a", "pcm_s16le", "-f", "s16le", "pipe:1"], "exit": 0, "stderr": ""}
{"args": ["ffmpeg", "-nostdin", "-v", "error", "-y", "-f", "s16le", "-ar", "48000", "-ac", "1", "-i", "research/shared/runs/20260919T_audio_flac_cost/working-edge.s16", "-c:a", "flac", "research/shared/runs/20260919T_audio_flac_cost/working-encoded.flac"], "exit": 0, "stderr": ""}
{"args": ["ffprobe", "-v", "error", "-show_packets", "-of", "json", "research/shared/runs/20260919T_audio_flac_cost/working-encoded.flac"], "exit": 0, "stderr": ""}
{"args": ["ffmpeg", "-nostdin", "-v", "error", "-y", "-i", "research/shared/runs/20260919T_audio_flac_cost/working-edge.flac", "-c:a", "pcm_s16le", "-f", "s16le", "pipe:1"], "exit": 0, "stderr": ""}
{"args": ["ffmpeg", "-nostdin", "-v", "error", "-y", "-f", "s16le", "-ar", "48000", "-ac", "1", "-i", "research/shared/runs/20260919T_audio_flac_cost/working-edge.s16", "-c:a", "flac", "research/shared/runs/20260919T_audio_flac_cost/working-encoded.flac"], "exit": 0, "stderr": ""}
{"args": ["ffprobe", "-v", "error", "-show_packets", "-of", "json", "research/shared/runs/20260919T_audio_flac_cost/working-encoded.flac"], "exit": 0, "stderr": ""}
{"args": ["ffmpeg", "-nostdin", "-v", "error", "-y", "-i", "research/shared/runs/20260919T_audio_flac_cost/-2-candidate.flac", "-c:a", "pcm_s16le", "-f", "s16le", "pipe:1"], "exit": 0, "stderr": ""}
{"args": ["ffprobe", "-v", "error", "-show_packets", "-of", "json", "research/shared/runs/20260919T201317Z-flac-smart-cut/source.flac"], "exit": 0, "stderr": ""}
{"args": ["ffmpeg", "-nostdin", "-v", "error", "-y", "-i", "research/shared/runs/20260919T_audio_flac_cost/working-edge.flac", "-c:a", "pcm_s16le", "-f", "s16le", "pipe:1"], "exit": 0, "stderr": ""}
{"args": ["ffmpeg", "-nostdin", "-v", "error", "-y", "-f", "s16le", "-ar", "48000", "-ac", "1", "-i", "research/shared/runs/20260919T_audio_flac_cost/working-edge.s16", "-c:a", "flac", "research/shared/runs/20260919T_audio_flac_cost/working-encoded.flac"], "exit": 0, "stderr": ""}
{"args": ["ffprobe", "-v", "error", "-show_packets", "-of", "json", "research/shared/runs/20260919T_audio_flac_cost/working-encoded.flac"], "exit": 0, "stderr": ""}
{"args": ["ffmpeg", "-nostdin", "-v", "error", "-y", "-i", "research/shared/runs/20260919T_audio_flac_cost/working-edge.flac", "-c:a", "pcm_s16le", "-f", "s16le", "pipe:1"], "exit": 0, "stderr": ""}
{"args": ["ffmpeg", "-nostdin", "-v", "error", "-y", "-f", "s16le", "-ar", "48000", "-ac", "1", "-i", "research/shared/runs/20260919T_audio_flac_cost/working-edge.s16", "-c:a", "flac", "research/shared/runs/20260919T_audio_flac_cost/working-encoded.flac"], "exit": 0, "stderr": ""}
{"args": ["ffprobe", "-v", "error", "-show_packets", "-of", "json", "research/shared/runs/20260919T_audio_flac_cost/working-encoded.flac"], "exit": 0, "stderr": ""}
{"args": ["ffmpeg", "-nostdin", "-v", "error", "-y", "-i", "research/shared/runs/20260919T_audio_flac_cost/-1-candidate.flac", "-c:a", "pcm_s16le", "-f", "s16le", "pipe:1"], "exit": 0, "stderr": ""}
{"args": ["ffmpeg", "-nostdin", "-v", "error", "-y", "-i", "research/shared/runs/20260919T201317Z-flac-smart-cut/source.flac", "-af", "atrim=start_sample=41737:end_sample=105565,asetpts=PTS-STARTPTS", "-c:a", "flac", "research/shared/runs/20260919T_audio_flac_cost/-1-baseline.flac"], "exit": 0, "stderr": ""}
{"args": ["ffmpeg", "-nostdin", "-v", "error", "-y", "-i", "research/shared/runs/20260919T_audio_flac_cost/-1-baseline.flac", "-c:a", "pcm_s16le", "-f", "s16le", "pipe:1"], "exit": 0, "stderr": ""}
{"args": ["ffmpeg", "-nostdin", "-v", "error", "-y", "-i", "research/shared/runs/20260919T201317Z-flac-smart-cut/source.flac", "-af", "atrim=start_sample=41737:end_sample=105565,asetpts=PTS-STARTPTS", "-c:a", "flac", "research/shared/runs/20260919T_audio_flac_cost/0-baseline.flac"], "exit": 0, "stderr": ""}
{"args": ["ffmpeg", "-nostdin", "-v", "error", "-y", "-i", "research/shared/runs/20260919T_audio_flac_cost/0-baseline.flac", "-c:a", "pcm_s16le", "-f", "s16le", "pipe:1"], "exit": 0, "stderr": ""}
{"args": ["ffprobe", "-v", "error", "-show_packets", "-of", "json", "research/shared/runs/20260919T201317Z-flac-smart-cut/source.flac"], "exit": 0, "stderr": ""}
{"args": ["ffmpeg", "-nostdin", "-v", "error", "-y", "-i", "research/shared/runs/20260919T_audio_flac_cost/working-edge.flac", "-c:a", "pcm_s16le", "-f", "s16le", "pipe:1"], "exit": 0, "stderr": ""}
{"args": ["ffmpeg", "-nostdin", "-v", "error", "-y", "-f", "s16le", "-ar", "48000", "-ac", "1", "-i", "research/shared/runs/20260919T_audio_flac_cost/working-edge.s16", "-c:a", "flac", "research/shared/runs/20260919T_audio_flac_cost/working-encoded.flac"], "exit": 0, "stderr": ""}
{"args": ["ffprobe", "-v", "error", "-show_packets", "-of", "json", "research/shared/runs/20260919T_audio_flac_cost/working-encoded.flac"], "exit": 0, "stderr": ""}
{"args": ["ffmpeg", "-nostdin", "-v", "error", "-y", "-i", "research/shared/runs/20260919T_audio_flac_cost/working-edge.flac", "-c:a", "pcm_s16le", "-f", "s16le", "pipe:1"], "exit": 0, "stderr": ""}
{"args": ["ffmpeg", "-nostdin", "-v", "error", "-y", "-f", "s16le", "-ar", "48000", "-ac", "1", "-i", "research/shared/runs/20260919T_audio_flac_cost/working-edge.s16", "-c:a", "flac", "research/shared/runs/20260919T_audio_flac_cost/working-encoded.flac"], "exit": 0, "stderr": ""}
{"args": ["ffprobe", "-v", "error", "-show_packets", "-of", "json", "research/shared/runs/20260919T_audio_flac_cost/working-encoded.flac"], "exit": 0, "stderr": ""}
{"args": ["ffmpeg", "-nostdin", "-v", "error", "-y", "-i", "research/shared/runs/20260919T_audio_flac_cost/0-candidate.flac", "-c:a", "pcm_s16le", "-f", "s16le", "pipe:1"], "exit": 0, "stderr": ""}
{"args": ["ffprobe", "-v", "error", "-show_packets", "-of", "json", "research/shared/runs/20260919T201317Z-flac-smart-cut/source.flac"], "exit": 0, "stderr": ""}
{"args": ["ffmpeg", "-nostdin", "-v", "error", "-y", "-i", "research/shared/runs/20260919T_audio_flac_cost/working-edge.flac", "-c:a", "pcm_s16le", "-f", "s16le", "pipe:1"], "exit": 0, "stderr": ""}
{"args": ["ffmpeg", "-nostdin", "-v", "error", "-y", "-f", "s16le", "-ar", "48000", "-ac", "1", "-i", "research/shared/runs/20260919T_audio_flac_cost/working-edge.s16", "-c:a", "flac", "research/shared/runs/20260919T_audio_flac_cost/working-encoded.flac"], "exit": 0, "stderr": ""}
{"args": ["ffprobe", "-v", "error", "-show_packets", "-of", "json", "research/shared/runs/20260919T_audio_flac_cost/working-encoded.flac"], "exit": 0, "stderr": ""}
{"args": ["ffmpeg", "-nostdin", "-v", "error", "-y", "-i", "research/shared/runs/20260919T_audio_flac_cost/working-edge.flac", "-c:a", "pcm_s16le", "-f", "s16le", "pipe:1"], "exit": 0, "stderr": ""}
{"args": ["ffmpeg", "-nostdin", "-v", "error", "-y", "-f", "s16le", "-ar", "48000", "-ac", "1", "-i", "research/shared/runs/20260919T_audio_flac_cost/working-edge.s16", "-c:a", "flac", "research/shared/runs/20260919T_audio_flac_cost/working-encoded.flac"], "exit": 0, "stderr": ""}
{"args": ["ffprobe", "-v", "error", "-show_packets", "-of", "json", "research/shared/runs/20260919T_audio_flac_cost/working-encoded.flac"], "exit": 0, "stderr": ""}
{"args": ["ffmpeg", "-nostdin", "-v", "error", "-y", "-i", "research/shared/runs/20260919T_audio_flac_cost/1-candidate.flac", "-c:a", "pcm_s16le", "-f", "s16le", "pipe:1"], "exit": 0, "stderr": ""}
{"args": ["ffmpeg", "-nostdin", "-v", "error", "-y", "-i", "research/shared/runs/20260919T201317Z-flac-smart-cut/source.flac", "-af", "atrim=start_sample=41737:end_sample=105565,asetpts=PTS-STARTPTS", "-c:a", "flac", "research/shared/runs/20260919T_audio_flac_cost/1-baseline.flac"], "exit": 0, "stderr": ""}
{"args": ["ffmpeg", "-nostdin", "-v", "error", "-y", "-i", "research/shared/runs/20260919T_audio_flac_cost/1-baseline.flac", "-c:a", "pcm_s16le", "-f", "s16le", "pipe:1"], "exit": 0, "stderr": ""}
{"args": ["ffmpeg", "-nostdin", "-v", "error", "-y", "-i", "research/shared/runs/20260919T201317Z-flac-smart-cut/source.flac", "-af", "atrim=start_sample=41737:end_sample=105565,asetpts=PTS-STARTPTS", "-c:a", "flac", "research/shared/runs/20260919T_audio_flac_cost/2-baseline.flac"], "exit": 0, "stderr": ""}
{"args": ["ffmpeg", "-nostdin", "-v", "error", "-y", "-i", "research/shared/runs/20260919T_audio_flac_cost/2-baseline.flac", "-c:a", "pcm_s16le", "-f", "s16le", "pipe:1"], "exit": 0, "stderr": ""}
{"args": ["ffprobe", "-v", "error", "-show_packets", "-of", "json", "research/shared/runs/20260919T201317Z-flac-smart-cut/source.flac"], "exit": 0, "stderr": ""}
{"args": ["ffmpeg", "-nostdin", "-v", "error", "-y", "-i", "research/shared/runs/20260919T_audio_flac_cost/working-edge.flac", "-c:a", "pcm_s16le", "-f", "s16le", "pipe:1"], "exit": 0, "stderr": ""}
{"args": ["ffmpeg", "-nostdin", "-v", "error", "-y", "-f", "s16le", "-ar", "48000", "-ac", "1", "-i", "research/shared/runs/20260919T_audio_flac_cost/working-edge.s16", "-c:a", "flac", "research/shared/runs/20260919T_audio_flac_cost/working-encoded.flac"], "exit": 0, "stderr": ""}
{"args": ["ffprobe", "-v", "error", "-show_packets", "-of", "json", "research/shared/runs/20260919T_audio_flac_cost/working-encoded.flac"], "exit": 0, "stderr": ""}
{"args": ["ffmpeg", "-nostdin", "-v", "error", "-y", "-i", "research/shared/runs/20260919T_audio_flac_cost/working-edge.flac", "-c:a", "pcm_s16le", "-f", "s16le", "pipe:1"], "exit": 0, "stderr": ""}
{"args": ["ffmpeg", "-nostdin", "-v", "error", "-y", "-f", "s16le", "-ar", "48000", "-ac", "1", "-i", "research/shared/runs/20260919T_audio_flac_cost/working-edge.s16", "-c:a", "flac", "research/shared/runs/20260919T_audio_flac_cost/working-encoded.flac"], "exit": 0, "stderr": ""}
{"args": ["ffprobe", "-v", "error", "-show_packets", "-of", "json", "research/shared/runs/20260919T_audio_flac_cost/working-encoded.flac"], "exit": 0, "stderr": ""}
{"args": ["ffmpeg", "-nostdin", "-v", "error", "-y", "-i", "research/shared/runs/20260919T_audio_flac_cost/2-candidate.flac", "-c:a", "pcm_s16le", "-f", "s16le", "pipe:1"], "exit": 0, "stderr": ""}
{"args": ["ffprobe", "-v", "error", "-show_packets", "-of", "json", "research/shared/runs/20260919T201317Z-flac-smart-cut/source.flac"], "exit": 0, "stderr": ""}
{"args": ["ffmpeg", "-nostdin", "-v", "error", "-y", "-i", "research/shared/runs/20260919T_audio_flac_cost/working-edge.flac", "-c:a", "pcm_s16le", "-f", "s16le", "pipe:1"], "exit": 0, "stderr": ""}
{"args": ["ffmpeg", "-nostdin", "-v", "error", "-y", "-f", "s16le", "-ar", "48000", "-ac", "1", "-i", "research/shared/runs/20260919T_audio_flac_cost/working-edge.s16", "-c:a", "flac", "research/shared/runs/20260919T_audio_flac_cost/working-encoded.flac"], "exit": 0, "stderr": ""}
{"args": ["ffprobe", "-v", "error", "-show_packets", "-of", "json", "research/shared/runs/20260919T_audio_flac_cost/working-encoded.flac"], "exit": 0, "stderr": ""}
{"args": ["ffmpeg", "-nostdin", "-v", "error", "-y", "-i", "research/shared/runs/20260919T_audio_flac_cost/working-edge.flac", "-c:a", "pcm_s16le", "-f", "s16le", "pipe:1"], "exit": 0, "stderr": ""}
{"args": ["ffmpeg", "-nostdin", "-v", "error", "-y", "-f", "s16le", "-ar", "48000", "-ac", "1", "-i", "research/shared/runs/20260919T_audio_flac_cost/working-edge.s16", "-c:a", "flac", "research/shared/runs/20260919T_audio_flac_cost/working-encoded.flac"], "exit": 0, "stderr": ""}
{"args": ["ffprobe", "-v", "error", "-show_packets", "-of", "json", "research/shared/runs/20260919T_audio_flac_cost/working-encoded.flac"], "exit": 0, "stderr": ""}
{"args": ["ffmpeg", "-nostdin", "-v", "error", "-y", "-i", "research/shared/runs/20260919T_audio_flac_cost/3-candidate.flac", "-c:a", "pcm_s16le", "-f", "s16le", "pipe:1"], "exit": 0, "stderr": ""}
{"args": ["ffmpeg", "-nostdin", "-v", "error", "-y", "-i", "research/shared/runs/20260919T201317Z-flac-smart-cut/source.flac", "-af", "atrim=start_sample=41737:end_sample=105565,asetpts=PTS-STARTPTS", "-c:a", "flac", "research/shared/runs/20260919T_audio_flac_cost/3-baseline.flac"], "exit": 0, "stderr": ""}
{"args": ["ffmpeg", "-nostdin", "-v", "error", "-y", "-i", "research/shared/runs/20260919T_audio_flac_cost/3-baseline.flac", "-c:a", "pcm_s16le", "-f", "s16le", "pipe:1"], "exit": 0, "stderr": ""}
{"args": ["ffmpeg", "-nostdin", "-v", "error", "-y", "-i", "research/shared/runs/20260919T201317Z-flac-smart-cut/source.flac", "-af", "atrim=start_sample=41737:end_sample=105565,asetpts=PTS-STARTPTS", "-c:a", "flac", "research/shared/runs/20260919T_audio_flac_cost/4-baseline.flac"], "exit": 0, "stderr": ""}
{"args": ["ffmpeg", "-nostdin", "-v", "error", "-y", "-i", "research/shared/runs/20260919T_audio_flac_cost/4-baseline.flac", "-c:a", "pcm_s16le", "-f", "s16le", "pipe:1"], "exit": 0, "stderr": ""}
{"args": ["ffprobe", "-v", "error", "-show_packets", "-of", "json", "research/shared/runs/20260919T201317Z-flac-smart-cut/source.flac"], "exit": 0, "stderr": ""}
{"args": ["ffmpeg", "-nostdin", "-v", "error", "-y", "-i", "research/shared/runs/20260919T_audio_flac_cost/working-edge.flac", "-c:a", "pcm_s16le", "-f", "s16le", "pipe:1"], "exit": 0, "stderr": ""}
{"args": ["ffmpeg", "-nostdin", "-v", "error", "-y", "-f", "s16le", "-ar", "48000", "-ac", "1", "-i", "research/shared/runs/20260919T_audio_flac_cost/working-edge.s16", "-c:a", "flac", "research/shared/runs/20260919T_audio_flac_cost/working-encoded.flac"], "exit": 0, "stderr": ""}
{"args": ["ffprobe", "-v", "error", "-show_packets", "-of", "json", "research/shared/runs/20260919T_audio_flac_cost/working-encoded.flac"], "exit": 0, "stderr": ""}
{"args": ["ffmpeg", "-nostdin", "-v", "error", "-y", "-i", "research/shared/runs/20260919T_audio_flac_cost/working-edge.flac", "-c:a", "pcm_s16le", "-f", "s16le", "pipe:1"], "exit": 0, "stderr": ""}
{"args": ["ffmpeg", "-nostdin", "-v", "error", "-y", "-f", "s16le", "-ar", "48000", "-ac", "1", "-i", "research/shared/runs/20260919T_audio_flac_cost/working-edge.s16", "-c:a", "flac", "research/shared/runs/20260919T_audio_flac_cost/working-encoded.flac"], "exit": 0, "stderr": ""}
{"args": ["ffprobe", "-v", "error", "-show_packets", "-of", "json", "research/shared/runs/20260919T_audio_flac_cost/working-encoded.flac"], "exit": 0, "stderr": ""}
{"args": ["ffmpeg", "-nostdin", "-v", "error", "-y", "-i", "research/shared/runs/20260919T_audio_flac_cost/4-candidate.flac", "-c:a", "pcm_s16le", "-f", "s16le", "pipe:1"], "exit": 0, "stderr": ""}
