✔ copy preserves unrelated files and is repeatable (905.714041ms)
✔ copy refuses unrelated collisions and symlinks (604.203958ms)
✔ copy rejects tampered and missing assets before writing runtime files (268.401458ms)
✔ copy rejects incompatible package manifest version (85.674708ms)
✔ adaptive runtime cannot be silently omitted from the asset manifest (123.184041ms)
✔ packaged runtime contains no host build paths or private keys, including Wasm strings (68.090542ms)
✔ optional source companions are listed and match their runtime manifests (0.837625ms)
✔ clean ASS companion preserves the preferred sources recorded by the build (0.305417ms)
✔ clean preparation companion preserves all patched preferred sources and wrapper configuration (0.822417ms)
✔ package ships only the maintained standard Wasm engines (2.94325ms)
✔ upgrade removes only unchanged obsolete managed assets (895.323375ms)
✔ upgrade refuses traversal and symlink paths in previous manifests (1634.15775ms)
ℹ tests 12
ℹ suites 0
ℹ pass 12
ℹ fail 0
ℹ cancelled 0
ℹ skipped 0
ℹ todo 0
ℹ duration_ms 6760.496
