PASS mkv {
  v: { exact: true, sourceBytes: 8294400, outputBytes: 8294400 },
  a: { exact: true, sourceBytes: 774144, outputBytes: 774144 }
}
PASS videomp4 { v: { exact: true, sourceBytes: 8294400, outputBytes: 8294400 } }
PASS audiomkv { a: { exact: true, sourceBytes: 774144, outputBytes: 774144 } }
PASS videots { v: { exact: true, sourceBytes: 8294400, outputBytes: 8294400 } }
PASS audioflac { a: { exact: true, sourceBytes: 770048, outputBytes: 770048 } }
PASS audioopus { a: { exact: true, sourceBytes: 770048, outputBytes: 770048 } }
PASS flac {
  v: { exact: true, sourceBytes: 8294400, outputBytes: 8294400 },
  a: { exact: true, sourceBytes: 770048, outputBytes: 770048 }
}
PASS vorbis {
  v: { exact: true, sourceBytes: 8294400, outputBytes: 8294400 },
  a: { exact: true, sourceBytes: 1540096, outputBytes: 1540096 }
}
PASS video { v: { exact: true, sourceBytes: 8294400, outputBytes: 8294400 } }
PASS multi {
  v: { exact: true, sourceBytes: 8294400, outputBytes: 8294400 },
  a: { exact: true, sourceBytes: 774144, outputBytes: 774144 }
}
PASS vp9 {
  v: { exact: true, sourceBytes: 8294400, outputBytes: 8294400 },
  a: { exact: true, sourceBytes: 770048, outputBytes: 770048 }
}
results/remux-profiles/2026-09-22T00-21-37.376Z
