shared:INFO: (Emscripten: Running sanity checks)
cache:INFO: generating system headers: sysroot_install.stamp... (this will be cached in "/Volumes/seed2/Projects/demuxe-jspi-asyncify-builds-20260927/mpv-context-03/cache/sysroot_install.stamp" for subsequent builds)
cache:INFO:  - ok
clang: warning: argument unused during compilation: '-O2' [-Wunused-command-line-argument]
cache:INFO: generating system library: sysroot/lib/wasm32-emscripten/libGL-getprocaddr.a... (this will be cached in "/Volumes/seed2/Projects/demuxe-jspi-asyncify-builds-20260927/mpv-context-03/cache/sysroot/lib/wasm32-emscripten/libGL-getprocaddr.a" for subsequent builds)
system_libs:INFO: compiled 4 inputs in 0.39s
cache:INFO:  - ok
cache:INFO: generating system library: sysroot/lib/wasm32-emscripten/libal.a... (this will be cached in "/Volumes/seed2/Projects/demuxe-jspi-asyncify-builds-20260927/mpv-context-03/cache/sysroot/lib/wasm32-emscripten/libal.a" for subsequent builds)
system_libs:INFO: compiled 1 inputs in 0.18s
cache:INFO:  - ok
cache:INFO: generating system library: sysroot/lib/wasm32-emscripten/libhtml5.a... (this will be cached in "/Volumes/seed2/Projects/demuxe-jspi-asyncify-builds-20260927/mpv-context-03/cache/sysroot/lib/wasm32-emscripten/libhtml5.a" for subsequent builds)
system_libs:INFO: compiled 5 inputs in 0.23s
cache:INFO:  - ok
cache:INFO: generating system library: sysroot/lib/wasm32-emscripten/libstubs-debug.a... (this will be cached in "/Volumes/seed2/Projects/demuxe-jspi-asyncify-builds-20260927/mpv-context-03/cache/sysroot/lib/wasm32-emscripten/libstubs-debug.a" for subsequent builds)
system_libs:INFO: compiled 2 inputs in 0.18s
cache:INFO:  - ok
cache:INFO: generating system library: sysroot/lib/wasm32-emscripten/libnoexit.a... (this will be cached in "/Volumes/seed2/Projects/demuxe-jspi-asyncify-builds-20260927/mpv-context-03/cache/sysroot/lib/wasm32-emscripten/libnoexit.a" for subsequent builds)
system_libs:INFO: compiled 1 inputs in 0.18s
cache:INFO:  - ok
cache:INFO: generating system library: sysroot/lib/wasm32-emscripten/libc-debug.a... (this will be cached in "/Volumes/seed2/Projects/demuxe-jspi-asyncify-builds-20260927/mpv-context-03/cache/sysroot/lib/wasm32-emscripten/libc-debug.a" for subsequent builds)
system_libs:INFO: compiled 1045 inputs in 17.17s
cache:INFO:  - ok
cache:INFO: generating system library: sysroot/lib/wasm32-emscripten/libdlmalloc-debug.a... (this will be cached in "/Volumes/seed2/Projects/demuxe-jspi-asyncify-builds-20260927/mpv-context-03/cache/sysroot/lib/wasm32-emscripten/libdlmalloc-debug.a" for subsequent builds)
system_libs:INFO: compiled 2 inputs in 0.49s
cache:INFO:  - ok
cache:INFO: generating system library: sysroot/lib/wasm32-emscripten/libcompiler_rt.a... (this will be cached in "/Volumes/seed2/Projects/demuxe-jspi-asyncify-builds-20260927/mpv-context-03/cache/sysroot/lib/wasm32-emscripten/libcompiler_rt.a" for subsequent builds)
system_libs:INFO: compiled 182 inputs in 2.81s
cache:INFO:  - ok
cache:INFO: generating system library: sysroot/lib/wasm32-emscripten/libc++-debug-noexcept.a... (this will be cached in "/Volumes/seed2/Projects/demuxe-jspi-asyncify-builds-20260927/mpv-context-03/cache/sysroot/lib/wasm32-emscripten/libc++-debug-noexcept.a" for subsequent builds)
system_libs:INFO: compiled 56 inputs in 9.91s
cache:INFO:  - ok
cache:INFO: generating system library: sysroot/lib/wasm32-emscripten/libc++abi-debug-noexcept.a... (this will be cached in "/Volumes/seed2/Projects/demuxe-jspi-asyncify-builds-20260927/mpv-context-03/cache/sysroot/lib/wasm32-emscripten/libc++abi-debug-noexcept.a" for subsequent builds)
system_libs:INFO: compiled 16 inputs in 3.40s
cache:INFO:  - ok
cache:INFO: generating system library: sysroot/lib/wasm32-emscripten/libsockets.a... (this will be cached in "/Volumes/seed2/Projects/demuxe-jspi-asyncify-builds-20260927/mpv-context-03/cache/sysroot/lib/wasm32-emscripten/libsockets.a" for subsequent builds)
system_libs:INFO: compiled 27 inputs in 1.28s
cache:INFO:  - ok
emcc: warning: running limited binaryen optimizations because DWARF info requested (or indirectly required) [-Wlimited-postlink-optimizations]
