PASS native transactional initial position and source statistics
PASS hybrid transactional initial position and source statistics
PASS software transactional initial position and source statistics
PASS inspection is bounded, independent and explicit about incomplete metadata
PASS remote inspection preserves cancellation and source-policy boundaries
PASS custom sources stage bounded bytes and cancellation preserves the accepted source
PASS timing settings persist across mpv routes and unsupported Native change rolls back
PASS removing attachments preserves other identities and invalidates old handles
PASS URL subtitle attachment handles survive removal and reject forged handles
PASS chapters and tags are reported by mpv and chapter navigation uses source identity
PASS latest seeks settle superseded promises and snapshots describe observation
PASS software frame stepping and snapshot retain paused intent
PASS bounded loop repeats without ending the source and range policy rejects outside seeks
PASS fullscreen ownership and default audio output survive route changes
UNAVAILABLE browser video PiP
PASS video Picture-in-Picture retains its surface and teardown exits
UNAVAILABLE browser document PiP
PASS document Picture-in-Picture retains overlays and restores the host
PASS media-session ownership is explicit and teardown releases it
results/api-roadmap/firefox-1790523971423
