[
  {
    "id": "gray-601-limited-left",
    "rawSha256": "ca7c7e1338fc3571f6d678b24961644db2b51811f5be7b14e822e5a4f5d670ed",
    "fullVsRgb": {
      "max": 0,
      "mean": 0,
      "p95": 0,
      "p99": 0,
      "diffPct": 0,
      "worst": []
    },
    "fullVsCurrent": {
      "max": 0,
      "mean": 0,
      "p95": 0,
      "p99": 0,
      "diffPct": 0,
      "worst": []
    },
    "fullVsOffset": {
      "max": 0,
      "mean": 0,
      "p95": 0,
      "p99": 0,
      "diffPct": 0,
      "worst": []
    },
    "referenceVsCurrent": {
      "max": 0,
      "mean": 0,
      "p95": 0,
      "p99": 0,
      "diffPct": 0,
      "worst": []
    },
    "referenceVsOffset": {
      "max": 0,
      "mean": 0,
      "p95": 0,
      "p99": 0,
      "diffPct": 0,
      "worst": []
    }
  },
  {
    "id": "vertical-601-limited-left",
    "rawSha256": "cee8eb8f9f1e1bed34aefdbdf834b5ec09650a7effe2fb5f017fc370f2bdcbd9",
    "fullVsRgb": {
      "max": 130,
      "mean": 1.688,
      "p95": 1,
      "p99": 125,
      "diffPct": 50,
      "worst": [
        31,
        0,
        2,
        130,
        0
      ]
    },
    "fullVsCurrent": {
      "max": 88,
      "mean": 1.516,
      "p95": 0,
      "p99": 71,
      "diffPct": 3.13,
      "worst": [
        31,
        0,
        2,
        130,
        42
      ]
    },
    "fullVsOffset": {
      "max": 0,
      "mean": 0,
      "p95": 0,
      "p99": 0,
      "diffPct": 0,
      "worst": []
    },
    "referenceVsCurrent": {
      "max": 60,
      "mean": 1.359,
      "p95": 1,
      "p99": 54,
      "diffPct": 51.56,
      "worst": [
        32,
        0,
        0,
        0,
        60
      ]
    },
    "referenceVsOffset": {
      "max": 130,
      "mean": 1.688,
      "p95": 1,
      "p99": 125,
      "diffPct": 50,
      "worst": [
        31,
        0,
        2,
        0,
        130
      ]
    }
  },
  {
    "id": "gray-601-limited-center",
    "rawSha256": "ca7c7e1338fc3571f6d678b24961644db2b51811f5be7b14e822e5a4f5d670ed",
    "fullVsRgb": {
      "max": 0,
      "mean": 0,
      "p95": 0,
      "p99": 0,
      "diffPct": 0,
      "worst": []
    },
    "fullVsCurrent": {
      "max": 0,
      "mean": 0,
      "p95": 0,
      "p99": 0,
      "diffPct": 0,
      "worst": []
    },
    "fullVsOffset": {
      "max": 0,
      "mean": 0,
      "p95": 0,
      "p99": 0,
      "diffPct": 0,
      "worst": []
    },
    "referenceVsCurrent": {
      "max": 0,
      "mean": 0,
      "p95": 0,
      "p99": 0,
      "diffPct": 0,
      "worst": []
    },
    "referenceVsOffset": {
      "max": 0,
      "mean": 0,
      "p95": 0,
      "p99": 0,
      "diffPct": 0,
      "worst": []
    }
  },
  {
    "id": "vertical-601-limited-center",
    "rawSha256": "cee8eb8f9f1e1bed34aefdbdf834b5ec09650a7effe2fb5f017fc370f2bdcbd9",
    "fullVsRgb": {
      "max": 60,
      "mean": 1.359,
      "p95": 1,
      "p99": 54,
      "diffPct": 51.56,
      "worst": [
        32,
        0,
        0,
        60,
        0
      ]
    },
    "fullVsCurrent": {
      "max": 0,
      "mean": 0,
      "p95": 0,
      "p99": 0,
      "diffPct": 0,
      "worst": []
    },
    "fullVsOffset": {
      "max": 88,
      "mean": 1.516,
      "p95": 0,
      "p99": 71,
      "diffPct": 3.13,
      "worst": [
        31,
        0,
        2,
        42,
        130
      ]
    },
    "referenceVsCurrent": {
      "max": 60,
      "mean": 1.359,
      "p95": 1,
      "p99": 54,
      "diffPct": 51.56,
      "worst": [
        32,
        0,
        0,
        0,
        60
      ]
    },
    "referenceVsOffset": {
      "max": 130,
      "mean": 1.688,
      "p95": 1,
      "p99": 125,
      "diffPct": 50,
      "worst": [
        31,
        0,
        2,
        0,
        130
      ]
    }
  }
]
