[
  {
    "pattern": "vertical",
    "mode": "up2",
    "max": 0,
    "p99": 0
  },
  {
    "pattern": "vertical",
    "mode": "upFraction",
    "max": 0,
    "p99": 0
  },
  {
    "pattern": "vertical",
    "mode": "downHalf",
    "max": 0,
    "p99": 0
  },
  {
    "pattern": "vertical",
    "mode": "downFraction",
    "max": 0,
    "p99": 0
  },
  {
    "pattern": "vertical",
    "mode": "oddDestination",
    "max": 1,
    "p99": 0
  },
  {
    "pattern": "vertical",
    "mode": "crop-even",
    "max": 0,
    "p99": 0
  },
  {
    "pattern": "vertical",
    "mode": "crop-oddX",
    "max": 0,
    "p99": 0
  },
  {
    "pattern": "vertical",
    "mode": "crop-oddY",
    "max": 0,
    "p99": 0
  },
  {
    "pattern": "vertical",
    "mode": "crop-oddXY",
    "max": 0,
    "p99": 0
  },
  {
    "pattern": "vertical",
    "mode": "paddedStride",
    "max": 0,
    "p99": 0
  },
  {
    "pattern": "vertical",
    "mode": "letterbox",
    "max": 0,
    "p99": 0
  },
  {
    "pattern": "checker",
    "mode": "up2",
    "max": 0,
    "p99": 0
  },
  {
    "pattern": "checker",
    "mode": "upFraction",
    "max": 2,
    "p99": 1
  },
  {
    "pattern": "checker",
    "mode": "downHalf",
    "max": 0,
    "p99": 0
  },
  {
    "pattern": "checker",
    "mode": "downFraction",
    "max": 1,
    "p99": 1
  },
  {
    "pattern": "checker",
    "mode": "oddDestination",
    "max": 2,
    "p99": 1
  },
  {
    "pattern": "checker",
    "mode": "crop-even",
    "max": 0,
    "p99": 0
  },
  {
    "pattern": "checker",
    "mode": "crop-oddX",
    "max": 0,
    "p99": 0
  },
  {
    "pattern": "checker",
    "mode": "crop-oddY",
    "max": 0,
    "p99": 0
  },
  {
    "pattern": "checker",
    "mode": "crop-oddXY",
    "max": 0,
    "p99": 0
  },
  {
    "pattern": "checker",
    "mode": "paddedStride",
    "max": 0,
    "p99": 0
  },
  {
    "pattern": "checker",
    "mode": "letterbox",
    "max": 2,
    "p99": 1
  },
  {
    "pattern": "diagonal",
    "mode": "up2",
    "max": 0,
    "p99": 0
  },
  {
    "pattern": "diagonal",
    "mode": "upFraction",
    "max": 1,
    "p99": 0
  },
  {
    "pattern": "diagonal",
    "mode": "downHalf",
    "max": 0,
    "p99": 0
  },
  {
    "pattern": "diagonal",
    "mode": "downFraction",
    "max": 1,
    "p99": 0
  },
  {
    "pattern": "diagonal",
    "mode": "oddDestination",
    "max": 2,
    "p99": 0
  },
  {
    "pattern": "diagonal",
    "mode": "crop-even",
    "max": 0,
    "p99": 0
  },
  {
    "pattern": "diagonal",
    "mode": "crop-oddX",
    "max": 0,
    "p99": 0
  },
  {
    "pattern": "diagonal",
    "mode": "crop-oddY",
    "max": 0,
    "p99": 0
  },
  {
    "pattern": "diagonal",
    "mode": "crop-oddXY",
    "max": 0,
    "p99": 0
  },
  {
    "pattern": "diagonal",
    "mode": "paddedStride",
    "max": 0,
    "p99": 0
  },
  {
    "pattern": "diagonal",
    "mode": "letterbox",
    "max": 1,
    "p99": 0
  },
  {
    "pattern": "lumaRamp",
    "mode": "up2",
    "max": 0,
    "p99": 0
  },
  {
    "pattern": "lumaRamp",
    "mode": "upFraction",
    "max": 1,
    "p99": 1
  },
  {
    "pattern": "lumaRamp",
    "mode": "downHalf",
    "max": 1,
    "p99": 1
  },
  {
    "pattern": "lumaRamp",
    "mode": "downFraction",
    "max": 1,
    "p99": 1
  },
  {
    "pattern": "lumaRamp",
    "mode": "oddDestination",
    "max": 1,
    "p99": 1
  },
  {
    "pattern": "lumaRamp",
    "mode": "crop-even",
    "max": 0,
    "p99": 0
  },
  {
    "pattern": "lumaRamp",
    "mode": "crop-oddX",
    "max": 0,
    "p99": 0
  },
  {
    "pattern": "lumaRamp",
    "mode": "crop-oddY",
    "max": 0,
    "p99": 0
  },
  {
    "pattern": "lumaRamp",
    "mode": "crop-oddXY",
    "max": 0,
    "p99": 0
  },
  {
    "pattern": "lumaRamp",
    "mode": "paddedStride",
    "max": 0,
    "p99": 0
  },
  {
    "pattern": "lumaRamp",
    "mode": "letterbox",
    "max": 1,
    "p99": 0
  },
  {
    "pattern": "oddSource",
    "mode": "1to1",
    "max": 143,
    "p99": 136
  }
]
