✖ destroy waits for an already pending error shutdown (5.290333ms)
  AssertionError [ERR_ASSERTION]: Expected values to be strictly equal:
  
  true !== false
  
      at TestContext.<anonymous> (file:///Volumes/seed2/Projects/demuxe/build/worker-controller-before-test.mjs:15:47)
      at async Test.run (node:internal/test_runner/test:932:9)
      at async startSubtestAfterBootstrap (node:internal/test_runner/harness:297:3) {
    generatedMessage: true,
    code: 'ERR_ASSERTION',
    actual: true,
    expected: false,
    operator: 'strictEqual'
  }

✖ a delayed recovery play request cannot override a user pause (21.10525ms)
  AssertionError [ERR_ASSERTION]: Expected values to be strictly equal:
  
  false !== true
  
      at TestContext.<anonymous> (file:///Volumes/seed2/Projects/demuxe/build/worker-controller-before-test.mjs:24:10)
      at async Test.run (node:internal/test_runner/test:932:9)
      at async Test.processPendingSubtests (node:internal/test_runner/test:629:7) {
    generatedMessage: true,
    code: 'ERR_ASSERTION',
    actual: false,
    expected: true,
    operator: 'strictEqual'
  }

✖ pausing an in-flight recovery play acknowledges cancellation without a playback error (3.365292ms)
  AssertionError [ERR_ASSERTION]: Expected values to be strictly equal:
  + actual - expected
  
  + 'AbortError: Interrupted by pause'
  - undefined
  
      at TestContext.<anonymous> (file:///Volumes/seed2/Projects/demuxe/build/worker-controller-before-test.mjs:36:138)
      at async Test.run (node:internal/test_runner/test:932:9)
      at async Test.processPendingSubtests (node:internal/test_runner/test:629:7) {
    generatedMessage: true,
    code: 'ERR_ASSERTION',
    actual: 'AbortError: Interrupted by pause',
    expected: undefined,
    operator: 'strictEqual'
  }

ℹ tests 3
ℹ suites 0
ℹ pass 0
ℹ fail 3
ℹ cancelled 0
ℹ skipped 0
ℹ todo 0
ℹ duration_ms 1094.628458

✖ failing tests:

test at build/worker-controller-before-test.mjs:12:1
✖ destroy waits for an already pending error shutdown (5.290333ms)
  AssertionError [ERR_ASSERTION]: Expected values to be strictly equal:
  
  true !== false
  
      at TestContext.<anonymous> (file:///Volumes/seed2/Projects/demuxe/build/worker-controller-before-test.mjs:15:47)
      at async Test.run (node:internal/test_runner/test:932:9)
      at async startSubtestAfterBootstrap (node:internal/test_runner/harness:297:3) {
    generatedMessage: true,
    code: 'ERR_ASSERTION',
    actual: true,
    expected: false,
    operator: 'strictEqual'
  }

test at build/worker-controller-before-test.mjs:18:1
✖ a delayed recovery play request cannot override a user pause (21.10525ms)
  AssertionError [ERR_ASSERTION]: Expected values to be strictly equal:
  
  false !== true
  
      at TestContext.<anonymous> (file:///Volumes/seed2/Projects/demuxe/build/worker-controller-before-test.mjs:24:10)
      at async Test.run (node:internal/test_runner/test:932:9)
      at async Test.processPendingSubtests (node:internal/test_runner/test:629:7) {
    generatedMessage: true,
    code: 'ERR_ASSERTION',
    actual: false,
    expected: true,
    operator: 'strictEqual'
  }

test at build/worker-controller-before-test.mjs:29:1
✖ pausing an in-flight recovery play acknowledges cancellation without a playback error (3.365292ms)
  AssertionError [ERR_ASSERTION]: Expected values to be strictly equal:
  + actual - expected
  
  + 'AbortError: Interrupted by pause'
  - undefined
  
      at TestContext.<anonymous> (file:///Volumes/seed2/Projects/demuxe/build/worker-controller-before-test.mjs:36:138)
      at async Test.run (node:internal/test_runner/test:932:9)
      at async Test.processPendingSubtests (node:internal/test_runner/test:629:7) {
    generatedMessage: true,
    code: 'ERR_ASSERTION',
    actual: 'AbortError: Interrupted by pause',
    expected: undefined,
    operator: 'strictEqual'
  }
