{
  "scope": "Finite eight-second AVC/AAC native URL, four-second first fragment then remaining bytes after 3.5 seconds. Native full-response baseline, no MSE or library.",
  "head": 158604,
  "requests": [
    {
      "path": "/",
      "started": 1789854789102
    },
    {
      "path": "/favicon.ico",
      "started": 1789854789149
    },
    {
      "path": "/full?1789854789599",
      "started": 1789854789601,
      "range": "bytes=0-",
      "ended": 1789854789602
    },
    {
      "path": "/favicon.ico",
      "started": 1789854789634
    },
    {
      "path": "/slow?1789854799481",
      "started": 1789854799495,
      "range": "bytes=0-",
      "ended": 1789854803001,
      "closed": 1789854803005
    },
    {
      "path": "/truncated?1789854810298",
      "started": 1789854810308,
      "range": "bytes=0-",
      "ended": 1789854813812,
      "closed": 1789854813815
    },
    {
      "path": "/truncated?1789854810298",
      "started": 1789854814118,
      "range": "bytes=158604-",
      "rejectedResume": true
    },
    {
      "path": "/cancel?1789854814837",
      "started": 1789854814847,
      "range": "bytes=0-",
      "closed": 1789854815276
    }
  ],
  "cases": [
    {
      "mode": "full",
      "presented": 96,
      "firstOutput": 1789854789626,
      "ended": true,
      "duration": 8,
      "position": 8,
      "sampleRate": 48000,
      "seek": [
        {
          "t": 0.3,
          "actualTime": 0,
          "hash": "4ac575942ff54b70698027b8aceac1b83a091dbc2d83c063627c2a85d1d69eac",
          "match": false
        },
        {
          "t": 6.3,
          "actualTime": 0,
          "hash": "4ac575942ff54b70698027b8aceac1b83a091dbc2d83c063627c2a85d1d69eac",
          "match": false
        },
        {
          "t": 1.3,
          "actualTime": 0,
          "hash": "4ac575942ff54b70698027b8aceac1b83a091dbc2d83c063627c2a85d1d69eac",
          "match": false
        }
      ],
      "cleanup": true,
      "wrong": 0
    },
    {
      "mode": "slow",
      "presented": 96,
      "firstOutput": 1789854799525,
      "ended": true,
      "duration": 8,
      "position": 8,
      "sampleRate": 48000,
      "seek": [
        {
          "t": 0.3,
          "actualTime": 0,
          "hash": "4ac575942ff54b70698027b8aceac1b83a091dbc2d83c063627c2a85d1d69eac",
          "match": false
        },
        {
          "t": 6.3,
          "actualTime": 0,
          "hash": "4ac575942ff54b70698027b8aceac1b83a091dbc2d83c063627c2a85d1d69eac",
          "match": false
        },
        {
          "t": 1.3,
          "actualTime": 0,
          "hash": "4ac575942ff54b70698027b8aceac1b83a091dbc2d83c063627c2a85d1d69eac",
          "match": false
        }
      ],
      "cleanup": true,
      "wrong": 0
    },
    {
      "mode": "truncated",
      "presented": 27,
      "firstOutput": 1789854810325,
      "ended": false,
      "error": "PipelineStatus::PIPELINE_ERROR_READ: FFmpegDemuxer: data source error",
      "duration": 4.032,
      "position": 2.24,
      "sampleRate": 48000,
      "cleanup": true,
      "wrong": 0
    },
    {
      "mode": "cancel",
      "presented": 5,
      "firstOutput": 1789854814857,
      "cancelTime": 0.416,
      "cancelledAt": 1789854815275,
      "noFurtherSource": true,
      "ended": false,
      "duration": null,
      "position": 0,
      "sampleRate": 48000,
      "cleanup": true,
      "wrong": 0
    }
  ],
  "browser": "152.0.7977.83"
}
