[  7%] Building CXX object CMakeFiles/image_io.dir/third_party/image_io/src/base/byte_pointer_data_destination.cc.o
[  7%] Building CXX object CMakeFiles/image_io.dir/third_party/image_io/src/base/byte_buffer.cc.o
[  7%] Building CXX object CMakeFiles/image_io.dir/third_party/image_io/src/base/data_line_map.cc.o
[  7%] Building CXX object CMakeFiles/image_io.dir/third_party/image_io/src/base/data_context.cc.o
[  8%] Building CXX object CMakeFiles/image_io.dir/third_party/image_io/src/base/data_range_tracking_destination.cc.o
[ 10%] Building CXX object CMakeFiles/image_io.dir/third_party/image_io/src/base/data_scanner.cc.o
[ 12%] Building CXX object CMakeFiles/image_io.dir/third_party/image_io/src/base/data_segment.cc.o
[ 14%] Building CXX object CMakeFiles/image_io.dir/third_party/image_io/src/base/data_segment_data_source.cc.o
[ 15%] Building CXX object CMakeFiles/image_io.dir/third_party/image_io/src/base/istream_ref_data_source.cc.o
[ 17%] Building CXX object CMakeFiles/image_io.dir/third_party/image_io/src/base/message_handler.cc.o
[ 19%] Building CXX object CMakeFiles/image_io.dir/third_party/image_io/src/base/message_writer.cc.o
[ 21%] Building CXX object CMakeFiles/image_io.dir/third_party/image_io/src/base/ostream_ref_data_destination.cc.o
[ 22%] Building CXX object CMakeFiles/image_io.dir/third_party/image_io/src/base/string_ref_data_source.cc.o
[ 24%] Building CXX object CMakeFiles/image_io.dir/third_party/image_io/src/extras/base64_decoder_data_destination.cc.o
[ 26%] Building CXX object CMakeFiles/image_io.dir/third_party/image_io/src/gcontainer/gcontainer.cc.o
[ 28%] Building CXX object CMakeFiles/image_io.dir/third_party/image_io/src/jpeg/jpeg_image_extractor.cc.o
[ 29%] Building CXX object CMakeFiles/image_io.dir/third_party/image_io/src/jpeg/jpeg_info_builder.cc.o
[ 31%] Building CXX object CMakeFiles/image_io.dir/third_party/image_io/src/jpeg/jpeg_marker.cc.o
[ 33%] Building CXX object CMakeFiles/image_io.dir/third_party/image_io/src/jpeg/jpeg_scanner.cc.o
[ 35%] Building CXX object CMakeFiles/image_io.dir/third_party/image_io/src/jpeg/jpeg_segment.cc.o
[ 36%] Building CXX object CMakeFiles/image_io.dir/third_party/image_io/src/jpeg/jpeg_segment_builder.cc.o
[ 38%] Building CXX object CMakeFiles/image_io.dir/third_party/image_io/src/jpeg/jpeg_segment_lister.cc.o
[ 42%] Building CXX object CMakeFiles/image_io.dir/third_party/image_io/src/jpeg/jpeg_xmp_data_extractor.cc.o
[ 42%] Building CXX object CMakeFiles/image_io.dir/third_party/image_io/src/jpeg/jpeg_xmp_info.cc.o
[ 43%] Building CXX object CMakeFiles/image_io.dir/third_party/image_io/src/jpeg/jpeg_xmp_info_builder.cc.o
[ 45%] Building CXX object CMakeFiles/image_io.dir/third_party/image_io/src/modp_b64/modp_b64.cc.o
[ 47%] Building CXX object CMakeFiles/image_io.dir/third_party/image_io/src/utils/file_utils.cc.o
[ 49%] Building CXX object CMakeFiles/image_io.dir/third_party/image_io/src/xml/xml_attribute_rule.cc.o
[ 50%] Building CXX object CMakeFiles/image_io.dir/third_party/image_io/src/xml/xml_cdata_and_comment_rules.cc.o
[ 52%] Building CXX object CMakeFiles/image_io.dir/third_party/image_io/src/xml/xml_element_rules.cc.o
[ 56%] Building CXX object CMakeFiles/image_io.dir/third_party/image_io/src/xml/xml_handler.cc.o
[ 56%] Building CXX object CMakeFiles/image_io.dir/third_party/image_io/src/xml/xml_pi_rule.cc.o
[ 57%] Building CXX object CMakeFiles/image_io.dir/third_party/image_io/src/xml/xml_reader.cc.o
[ 59%] Building CXX object CMakeFiles/image_io.dir/third_party/image_io/src/xml/xml_rule.cc.o
[ 61%] Building CXX object CMakeFiles/image_io.dir/third_party/image_io/src/xml/xml_token_context.cc.o
[ 63%] Building CXX object CMakeFiles/image_io.dir/third_party/image_io/src/xml/xml_writer.cc.o
[ 64%] Linking CXX static library libimage_io.a
[ 64%] Built target image_io
[ 70%] Building CXX object CMakeFiles/core.dir/lib/src/gainmapmath.cpp.o
[ 70%] Building CXX object CMakeFiles/core.dir/lib/src/editorhelper.cpp.o
[ 70%] Building CXX object CMakeFiles/core.dir/lib/src/avifultrahdr.cpp.o
[ 71%] Building CXX object CMakeFiles/core.dir/lib/src/agtm.cpp.o
[ 73%] Building CXX object CMakeFiles/core.dir/lib/src/gainmapmetadata.cpp.o
[ 75%] Building CXX object CMakeFiles/core.dir/lib/src/heifultrahdr.cpp.o
[ 77%] Building CXX object CMakeFiles/core.dir/lib/src/icc.cpp.o
[ 78%] Building CXX object CMakeFiles/core.dir/lib/src/jpegdecoderhelper.cpp.o
[ 80%] Building CXX object CMakeFiles/core.dir/lib/src/jpegencoderhelper.cpp.o
[ 82%] Building CXX object CMakeFiles/core.dir/lib/src/jpegr.cpp.o
[ 84%] Building CXX object CMakeFiles/core.dir/lib/src/jpegrutils.cpp.o
[ 85%] Building CXX object CMakeFiles/core.dir/lib/src/multipictureformat.cpp.o
[ 87%] Building CXX object CMakeFiles/core.dir/lib/src/ultrahdr_api.cpp.o
[ 89%] Building CXX object CMakeFiles/core.dir/lib/src/dsp/arm/editorhelper_neon.cpp.o
[ 91%] Building CXX object CMakeFiles/core.dir/lib/src/dsp/arm/gainmapmath_neon.cpp.o
[ 92%] Linking CXX static library libcore.a
[ 92%] Built target core
[ 98%] Building CXX object CMakeFiles/ultrahdr_app.dir/examples/ultrahdr_app.cpp.o
[ 98%] Linking CXX shared library libuhdr.dylib
[ 98%] Linking CXX static library libuhdr.a
[ 98%] Built target uhdr-static
[ 98%] Built target uhdr
[100%] Linking CXX executable ultrahdr_app
[100%] Built target ultrahdr_app
