-- The C compiler identification is AppleClang 21.0.0.21000101
-- The CXX compiler identification is AppleClang 21.0.0.21000101
-- Detecting C compiler ABI info
-- Detecting C compiler ABI info - done
-- Check for working C compiler: /usr/bin/cc - skipped
-- Detecting C compile features
-- Detecting C compile features - done
-- Detecting CXX compiler ABI info
-- Detecting CXX compiler ABI info - done
-- Check for working CXX compiler: /usr/bin/c++ - skipped
-- Detecting CXX compile features
-- Detecting CXX compile features - done
-- Performing Test CMAKE_HAVE_LIBC_PTHREAD
-- Performing Test CMAKE_HAVE_LIBC_PTHREAD - Success
-- Found Threads: TRUE
-- Found JPEG: /opt/homebrew/opt/jpeg-turbo/lib/libjpeg.dylib (found version "80")
CMake Warning at CMakeLists.txt:652 (message):
  libheif not found.  Building without HEIF/AVIF support.


-- Configuring done (4.1s)
-- Generating done (0.2s)
-- Build files have been written to: /Volumes/seed2/Projects/demuxe/build/catalogue-tools/ultrahdr-build
