h264-srt direct 0.25 native-direct-mpv 0 "" 28
h264-srt direct 0.75 native-direct-mpv 3319 "DE MUXE TEST 123" 42
h264-srt direct 6 native-direct-mpv 3319 "DE MUXE TEST 123" 56
h264-srt direct 10 native-direct-mpv 3319 "DE MUXE TEST 123" 70
h264-srt direct 1 native-direct-mpv 3319 "DE MUXE TEST 123" 84
h264-srt direct 35.9 native-direct-mpv 0 "" 84
h264-srt remux 0.25 native-remux-mpv 0 "" 28
h264-srt remux 0.75 native-remux-mpv 3319 "DE MUXE TEST 123" 42
h264-srt remux 6 native-remux-mpv 3319 "DE MUXE TEST 123" 56
h264-srt remux 10 native-remux-mpv 3319 "DE MUXE TEST 123" 70
h264-srt remux 1 native-remux-mpv 3319 "DE MUXE TEST 123" 84
h264-srt remux 35.9 native-remux-mpv 0 "" 84
h264-movtext direct 0.25 native-direct-mpv 0 "" 0
h264-movtext direct 0.75 native-direct-mpv 3319 "DE MUXE TEST 123" 0
h264-movtext direct 6 native-direct-mpv 3319 "DE MUXE TEST 123" 0
h264-movtext direct 10 native-direct-mpv 3319 "DE MUXE TEST 123" 0
h264-movtext direct 1 native-direct-mpv 3319 "DE MUXE TEST 123" 0
h264-movtext direct 35.9 native-direct-mpv 0 "" 0
h264-movtext remux 0.25 native-remux-mpv 0 "" 0
h264-movtext remux 0.75 native-remux-mpv 3319 "DE MUXE TEST 123" 0
h264-movtext remux 6 native-remux-mpv 3319 "DE MUXE TEST 123" 0
h264-movtext remux 10 native-remux-mpv 3319 "DE MUXE TEST 123" 0
h264-movtext remux 1 native-remux-mpv 3319 "DE MUXE TEST 123" 0
h264-movtext remux 35.9 native-remux-mpv 0 "" 0
h264-ass direct 0.25 native-direct-mpv 0 "" 28
h264-ass direct 0.75 native-direct-mpv 19464 "" 42
h264-ass direct 6 native-direct-mpv 19464 "" 56
h264-ass direct 10 native-direct-mpv 19464 "" 70
h264-ass direct 1 native-direct-mpv 19464 "" 84
h264-ass direct 35.9 native-direct-mpv 0 "" 84
h264-ass remux 0.25 native-remux-mpv 0 "" 28
h264-ass remux 0.75 native-remux-mpv 19464 "" 42
h264-ass remux 6 native-remux-mpv 19464 "" 56
h264-ass remux 10 native-remux-mpv 19464 "" 70
h264-ass remux 1 native-remux-mpv 19464 "" 84
h264-ass remux 35.9 native-remux-mpv 0 "" 84
multi-srt direct 0.25 native-direct-mpv 0 "" 28
multi-srt direct 0.75 native-direct-mpv 3319 "DE MUXE TEST 123" 42
multi-srt direct 6 native-direct-mpv 3319 "DE MUXE TEST 123" 56
multi-srt direct 10 native-direct-mpv 3319 "DE MUXE TEST 123" 70
multi-srt direct 1 native-direct-mpv 3319 "DE MUXE TEST 123" 84
multi-srt direct 35.9 native-direct-mpv 0 "" 84
multi-srt remux 0.25 native-remux-mpv 0 "" 28
multi-srt remux 0.75 native-remux-mpv 3319 "DE MUXE TEST 123" 42
multi-srt remux 6 native-remux-mpv 3319 "DE MUXE TEST 123" 56
multi-srt remux 10 native-remux-mpv 3319 "DE MUXE TEST 123" 70
multi-srt remux 1 native-remux-mpv 3319 "DE MUXE TEST 123" 84
multi-srt remux 35.9 native-remux-mpv 0 "" 84
h264-pgs direct 0.25 native-direct-mpv 18900 "" 14
h264-pgs direct 0.75 native-direct-mpv 18900 "" 28
h264-pgs direct 6 native-direct-mpv 0 "" 28
h264-pgs direct 10 native-direct-mpv 0 "" 28
h264-pgs direct 1 native-direct-mpv 18900 "" 42
h264-pgs direct 35.9 native-direct-mpv 0 "" 42
h264-pgs remux 0.25 native-remux-mpv 18900 "" 14
h264-pgs remux 0.75 native-remux-mpv 18900 "" 28
h264-pgs remux 6 native-remux-mpv 0 "" 28
h264-pgs remux 10 native-remux-mpv 0 "" 28
h264-pgs remux 1 native-remux-mpv 18900 "" 42
h264-pgs remux 35.9 native-remux-mpv 0 "" 42
h264-vobsub direct 0.25 native-direct-mpv 18900 "" 14
h264-vobsub direct 0.75 native-direct-mpv 18900 "" 28
h264-vobsub direct 6 native-direct-mpv 18900 "" 42
h264-vobsub direct 10 native-direct-mpv 18900 "" 56
h264-vobsub direct 1 native-direct-mpv 18900 "" 70
h264-vobsub direct 35.9 native-direct-mpv 0 "" 70
h264-vobsub remux 0.25 native-remux-mpv 18900 "" 14
h264-vobsub remux 0.75 native-remux-mpv 18900 "" 28
h264-vobsub remux 6 native-remux-mpv 18900 "" 42
h264-vobsub remux 10 native-remux-mpv 18900 "" 56
h264-vobsub remux 1 native-remux-mpv 18900 "" 70
h264-vobsub remux 35.9 native-remux-mpv 0 "" 70
