✔ replay cancels an EOF task waiting for the previous PCM drain (5.099958ms)
✔ replay also cancels context suspension after an old EOF pause is in flight (2.276417ms)
✖ clock sampling noise does not repeatedly change browser playback rate (1.175334ms)
  AssertionError [ERR_ASSERTION]: Expected values to be strictly deep-equal:
  + actual - expected
  
  + [
  +   0.998,
  +   1.002,
  +   0.999,
  +   1.001,
  +   1.0005000000000002,
  +   0.9994999999999999
  + ]
  - []
  
      at TestContext.<anonymous> (file:///Volumes/seed2/Projects/demuxe-runtime-commit-check/tests/private-mpv-eof-race.mjs:41:9)
      at async Test.run (node:internal/test_runner/test:932:9)
      at async Test.processPendingSubtests (node:internal/test_runner/test:629:7) {
    generatedMessage: true,
    code: 'ERR_ASSERTION',
    actual: [ 0.998, 1.002, 0.999, 1.001, 1.0005000000000002, 0.9994999999999999 ],
    expected: [],
    operator: 'deepStrictEqual'
  }

ℹ tests 3
ℹ suites 0
ℹ pass 2
ℹ fail 1
ℹ cancelled 0
ℹ skipped 0
ℹ todo 0
ℹ duration_ms 804.691125

✖ failing tests:

test at tests/private-mpv-eof-race.mjs:35:1
✖ clock sampling noise does not repeatedly change browser playback rate (1.175334ms)
  AssertionError [ERR_ASSERTION]: Expected values to be strictly deep-equal:
  + actual - expected
  
  + [
  +   0.998,
  +   1.002,
  +   0.999,
  +   1.001,
  +   1.0005000000000002,
  +   0.9994999999999999
  + ]
  - []
  
      at TestContext.<anonymous> (file:///Volumes/seed2/Projects/demuxe-runtime-commit-check/tests/private-mpv-eof-race.mjs:41:9)
      at async Test.run (node:internal/test_runner/test:932:9)
      at async Test.processPendingSubtests (node:internal/test_runner/test:629:7) {
    generatedMessage: true,
    code: 'ERR_ASSERTION',
    actual: [ 0.998, 1.002, 0.999, 1.001, 1.0005000000000002, 0.9994999999999999 ],
    expected: [],
    operator: 'deepStrictEqual'
  }
