ffmpeg -v error -i research/items/R319.checkpoint-png-paeth-row-state.report-continuity/evidence/20260919T223002Z-png-paeth/source.png -pix_fmt rgba -f rawvideo -
cc -O2 research/items/R319.checkpoint-png-paeth-row-state.report-continuity/tests/paeth-bands.c -o build/catalogue-tools/png-paeth-bands
build/catalogue-tools/png-paeth-bands baseline research/items/R319.checkpoint-png-paeth-row-state.report-continuity/evidence/20260919T223002Z-png-paeth/inflated.bin
build/catalogue-tools/png-paeth-bands checkpoint research/items/R319.checkpoint-png-paeth-row-state.report-continuity/evidence/20260919T223002Z-png-paeth/inflated.bin
build/catalogue-tools/png-paeth-bands checkpoint research/items/R319.checkpoint-png-paeth-row-state.report-continuity/evidence/20260919T223002Z-png-paeth/inflated.bin corrupt-checkpoint
build/catalogue-tools/png-paeth-bands checkpoint research/items/R319.checkpoint-png-paeth-row-state.report-continuity/evidence/20260919T223002Z-png-paeth/inflated.bin changed-source
build/catalogue-tools/png-paeth-bands baseline research/items/R319.checkpoint-png-paeth-row-state.report-continuity/evidence/20260919T223002Z-png-paeth/inflated.bin
build/catalogue-tools/png-paeth-bands checkpoint research/items/R319.checkpoint-png-paeth-row-state.report-continuity/evidence/20260919T223002Z-png-paeth/inflated.bin
build/catalogue-tools/png-paeth-bands checkpoint research/items/R319.checkpoint-png-paeth-row-state.report-continuity/evidence/20260919T223002Z-png-paeth/inflated.bin
build/catalogue-tools/png-paeth-bands baseline research/items/R319.checkpoint-png-paeth-row-state.report-continuity/evidence/20260919T223002Z-png-paeth/inflated.bin
build/catalogue-tools/png-paeth-bands baseline research/items/R319.checkpoint-png-paeth-row-state.report-continuity/evidence/20260919T223002Z-png-paeth/inflated.bin
build/catalogue-tools/png-paeth-bands checkpoint research/items/R319.checkpoint-png-paeth-row-state.report-continuity/evidence/20260919T223002Z-png-paeth/inflated.bin
build/catalogue-tools/png-paeth-bands checkpoint research/items/R319.checkpoint-png-paeth-row-state.report-continuity/evidence/20260919T223002Z-png-paeth/inflated.bin
build/catalogue-tools/png-paeth-bands baseline research/items/R319.checkpoint-png-paeth-row-state.report-continuity/evidence/20260919T223002Z-png-paeth/inflated.bin
build/catalogue-tools/png-paeth-bands baseline research/items/R319.checkpoint-png-paeth-row-state.report-continuity/evidence/20260919T223002Z-png-paeth/inflated.bin
build/catalogue-tools/png-paeth-bands checkpoint research/items/R319.checkpoint-png-paeth-row-state.report-continuity/evidence/20260919T223002Z-png-paeth/inflated.bin
build/catalogue-tools/png-paeth-bands checkpoint research/items/R319.checkpoint-png-paeth-row-state.report-continuity/evidence/20260919T223002Z-png-paeth/inflated.bin
build/catalogue-tools/png-paeth-bands baseline research/items/R319.checkpoint-png-paeth-row-state.report-continuity/evidence/20260919T223002Z-png-paeth/inflated.bin
build/catalogue-tools/png-paeth-bands baseline research/items/R319.checkpoint-png-paeth-row-state.report-continuity/evidence/20260919T223002Z-png-paeth/inflated.bin
build/catalogue-tools/png-paeth-bands checkpoint research/items/R319.checkpoint-png-paeth-row-state.report-continuity/evidence/20260919T223002Z-png-paeth/inflated.bin
build/catalogue-tools/png-paeth-bands checkpoint research/items/R319.checkpoint-png-paeth-row-state.report-continuity/evidence/20260919T223002Z-png-paeth/inflated.bin
build/catalogue-tools/png-paeth-bands baseline research/items/R319.checkpoint-png-paeth-row-state.report-continuity/evidence/20260919T223002Z-png-paeth/inflated.bin
build/catalogue-tools/png-paeth-bands baseline research/items/R319.checkpoint-png-paeth-row-state.report-continuity/evidence/20260919T223002Z-png-paeth/inflated.bin
build/catalogue-tools/png-paeth-bands checkpoint research/items/R319.checkpoint-png-paeth-row-state.report-continuity/evidence/20260919T223002Z-png-paeth/inflated.bin
