[hevc @ 0x838c3c380] VPS VUI not supported
[ @ 0x838c10280] Manually selecting views with -view_ids is not recommended, use view specifiers instead
[hevc @ 0x838c3d180] VPS VUI not supported
[hevc @ 0x838c3d180] PPS id out of range: 1
[hevc @ 0x838c3d180] Skipping invalid undecodable NALU: 21
[hevc @ 0x838c3d500] PPS id out of range: 1
[hevc @ 0x838c3d500] Skipping invalid undecodable NALU: 1
[hevc @ 0x838c3d880] PPS id out of range: 1
[hevc @ 0x838c3d880] Skipping invalid undecodable NALU: 1
[hevc @ 0x838c3dc00] PPS id out of range: 1
[hevc @ 0x838c3dc00] Skipping invalid undecodable NALU: 1
[hevc @ 0x838c3df80] PPS id out of range: 1
[hevc @ 0x838c3df80] Skipping invalid undecodable NALU: 1
[hevc @ 0x838c3e300] PPS id out of range: 1
[hevc @ 0x838c3e300] Skipping invalid undecodable NALU: 1
[hevc @ 0x838c3e680] PPS id out of range: 1
[hevc @ 0x838c3e680] Skipping invalid undecodable NALU: 1
[hevc @ 0x838c3ea00] PPS id out of range: 1
[hevc @ 0x838c3ea00] Skipping invalid undecodable NALU: 1
[hevc @ 0x838c3ed80] PPS id out of range: 1
[hevc @ 0x838c3ed80] Skipping invalid undecodable NALU: 1
[hevc @ 0x838c3d180] PPS id out of range: 1
[hevc @ 0x838c3d180] Skipping invalid undecodable NALU: 1
[hevc @ 0x838c3d500] PPS id out of range: 1
[hevc @ 0x838c3d500] Skipping invalid undecodable NALU: 1
[hevc @ 0x838c3d880] PPS id out of range: 1
[hevc @ 0x838c3d880] Skipping invalid undecodable NALU: 1
[hevc @ 0x838c3dc00] PPS id out of range: 1
[hevc @ 0x838c3dc00] Skipping invalid undecodable NALU: 1
[hevc @ 0x838c3df80] PPS id out of range: 1
[hevc @ 0x838c3df80] Skipping invalid undecodable NALU: 1
[hevc @ 0x838c3e300] PPS id out of range: 1
[hevc @ 0x838c3e300] Skipping invalid undecodable NALU: 1
[hevc @ 0x838c3e680] PPS id out of range: 1
[hevc @ 0x838c3e680] Skipping invalid undecodable NALU: 1
[hevc @ 0x838c3ea00] PPS id out of range: 1
[hevc @ 0x838c3ea00] Skipping invalid undecodable NALU: 1
[hevc @ 0x838c3ed80] PPS id out of range: 1
[hevc @ 0x838c3ed80] Skipping invalid undecodable NALU: 1
[hevc @ 0x838c3d180] PPS id out of range: 1
[hevc @ 0x838c3d180] Skipping invalid undecodable NALU: 1
[hevc @ 0x838c3d500] PPS id out of range: 1
[hevc @ 0x838c3d500] Skipping invalid undecodable NALU: 1
[hevc @ 0x838c3d880] PPS id out of range: 1
[hevc @ 0x838c3d880] Skipping invalid undecodable NALU: 1
[hevc @ 0x838c3dc00] PPS id out of range: 1
[hevc @ 0x838c3dc00] Skipping invalid undecodable NALU: 1
[hevc @ 0x838c3df80] PPS id out of range: 1
[hevc @ 0x838c3df80] Skipping invalid undecodable NALU: 1
[hevc @ 0x838c3e300] PPS id out of range: 1
[hevc @ 0x838c3e300] Skipping invalid undecodable NALU: 1
[hevc @ 0x838c3e680] PPS id out of range: 1
[hevc @ 0x838c3e680] Skipping invalid undecodable NALU: 1
[hevc @ 0x838c3ea00] PPS id out of range: 1
[hevc @ 0x838c3ea00] Skipping invalid undecodable NALU: 21
[hevc @ 0x838c3ed80] PPS id out of range: 1
[hevc @ 0x838c3ed80] Skipping invalid undecodable NALU: 9
[hevc @ 0x838c3d180] PPS id out of range: 1
[hevc @ 0x838c3d180] Skipping invalid undecodable NALU: 8
[hevc @ 0x838c3d500] PPS id out of range: 1
[hevc @ 0x838c3d500] Skipping invalid undecodable NALU: 8
[hevc @ 0x838c3d880] PPS id out of range: 1
[hevc @ 0x838c3d880] Skipping invalid undecodable NALU: 1
[hevc @ 0x838c3dc00] PPS id out of range: 1
[hevc @ 0x838c3dc00] Skipping invalid undecodable NALU: 1
[hevc @ 0x838c3df80] PPS id out of range: 1
[hevc @ 0x838c3df80] Skipping invalid undecodable NALU: 1
[hevc @ 0x838c3e300] PPS id out of range: 1
[hevc @ 0x838c3e300] Skipping invalid undecodable NALU: 1
[hevc @ 0x838c3e680] PPS id out of range: 1
[hevc @ 0x838c3e680] Skipping invalid undecodable NALU: 1
[hevc @ 0x838c3ea00] PPS id out of range: 1
[hevc @ 0x838c3ea00] Skipping invalid undecodable NALU: 1
[hevc @ 0x838c3ed80] PPS id out of range: 1
[hevc @ 0x838c3ed80] Skipping invalid undecodable NALU: 1
[hevc @ 0x838c3d180] PPS id out of range: 1
[hevc @ 0x838c3d180] Skipping invalid undecodable NALU: 1
[hevc @ 0x838c3d500] PPS id out of range: 1
[hevc @ 0x838c3d500] Skipping invalid undecodable NALU: 1
[hevc @ 0x838c3d880] PPS id out of range: 1
[hevc @ 0x838c3d880] Skipping invalid undecodable NALU: 1
[hevc @ 0x838c3dc00] PPS id out of range: 1
[hevc @ 0x838c3dc00] Skipping invalid undecodable NALU: 1
[hevc @ 0x838c3df80] PPS id out of range: 1
[hevc @ 0x838c3df80] Skipping invalid undecodable NALU: 1
[hevc @ 0x838c3e300] PPS id out of range: 1
[hevc @ 0x838c3e300] Skipping invalid undecodable NALU: 1
[hevc @ 0x838c3e680] PPS id out of range: 1
[hevc @ 0x838c3e680] Skipping invalid undecodable NALU: 1
[hevc @ 0x838c3ea00] PPS id out of range: 1
[hevc @ 0x838c3ea00] Skipping invalid undecodable NALU: 1
[hevc @ 0x838c3ed80] PPS id out of range: 1
[hevc @ 0x838c3ed80] Skipping invalid undecodable NALU: 1
[hevc @ 0x838c3d180] PPS id out of range: 1
[hevc @ 0x838c3d180] Skipping invalid undecodable NALU: 1
[hevc @ 0x838c3d500] PPS id out of range: 1
[hevc @ 0x838c3d500] Skipping invalid undecodable NALU: 1
[hevc @ 0x838c3d880] PPS id out of range: 1
[hevc @ 0x838c3d880] Skipping invalid undecodable NALU: 1
[hevc @ 0x838c3dc00] PPS id out of range: 1
[hevc @ 0x838c3dc00] Skipping invalid undecodable NALU: 1
[hevc @ 0x838c3df80] PPS id out of range: 1
[hevc @ 0x838c3df80] Skipping invalid undecodable NALU: 1
[hevc @ 0x838c3e300] PPS id out of range: 1
[hevc @ 0x838c3e300] Skipping invalid undecodable NALU: 1
[hevc @ 0x838c3e680] PPS id out of range: 1
[hevc @ 0x838c3e680] Skipping invalid undecodable NALU: 1
[hevc @ 0x838c3ea00] PPS id out of range: 1
[hevc @ 0x838c3ea00] Skipping invalid undecodable NALU: 1
[hevc @ 0x838c3ed80] PPS id out of range: 1
[hevc @ 0x838c3ed80] Skipping invalid undecodable NALU: 21
[hevc @ 0x838c3d180] PPS id out of range: 1
[hevc @ 0x838c3d180] Skipping invalid undecodable NALU: 9
[hevc @ 0x838c3d500] PPS id out of range: 1
[hevc @ 0x838c3d500] Skipping invalid undecodable NALU: 8
[hevc @ 0x838c3d880] PPS id out of range: 1
[hevc @ 0x838c3d880] Skipping invalid undecodable NALU: 8
[hevc @ 0x838c3dc00] PPS id out of range: 1
[hevc @ 0x838c3dc00] Skipping invalid undecodable NALU: 1
[hevc @ 0x838c3df80] PPS id out of range: 1
[hevc @ 0x838c3df80] Skipping invalid undecodable NALU: 1
[hevc @ 0x838c3e300] PPS id out of range: 1
[hevc @ 0x838c3e300] Skipping invalid undecodable NALU: 1
[hevc @ 0x838c3e680] PPS id out of range: 1
[hevc @ 0x838c3e680] Skipping invalid undecodable NALU: 1
[hevc @ 0x838c3ea00] PPS id out of range: 1
[hevc @ 0x838c3ea00] Skipping invalid undecodable NALU: 1
[hevc @ 0x838c3ed80] PPS id out of range: 1
[hevc @ 0x838c3ed80] Skipping invalid undecodable NALU: 1
[hevc @ 0x838c3d180] PPS id out of range: 1
[hevc @ 0x838c3d180] Skipping invalid undecodable NALU: 1
[hevc @ 0x838c3d500] PPS id out of range: 1
[hevc @ 0x838c3d500] Skipping invalid undecodable NALU: 1
[hevc @ 0x838c3d880] PPS id out of range: 1
[hevc @ 0x838c3d880] Skipping invalid undecodable NALU: 1
[hevc @ 0x838c3dc00] PPS id out of range: 1
[hevc @ 0x838c3dc00] Skipping invalid undecodable NALU: 1
[hevc @ 0x838c3df80] PPS id out of range: 1
[hevc @ 0x838c3df80] Skipping invalid undecodable NALU: 1
[hevc @ 0x838c3e300] PPS id out of range: 1
[hevc @ 0x838c3e300] Skipping invalid undecodable NALU: 1
[hevc @ 0x838c3e680] PPS id out of range: 1
[hevc @ 0x838c3e680] Skipping invalid undecodable NALU: 1
[hevc @ 0x838c3ea00] PPS id out of range: 1
[hevc @ 0x838c3ea00] Skipping invalid undecodable NALU: 1
[hevc @ 0x838c3ed80] PPS id out of range: 1
[hevc @ 0x838c3ed80] Skipping invalid undecodable NALU: 1
[hevc @ 0x838c3d180] PPS id out of range: 1
[hevc @ 0x838c3d180] Skipping invalid undecodable NALU: 1
[hevc @ 0x838c3d500] PPS id out of range: 1
[hevc @ 0x838c3d500] Skipping invalid undecodable NALU: 1
[hevc @ 0x838c3d880] PPS id out of range: 1
[hevc @ 0x838c3d880] Skipping invalid undecodable NALU: 1
[hevc @ 0x838c3dc00] PPS id out of range: 1
[hevc @ 0x838c3dc00] Skipping invalid undecodable NALU: 1
[hevc @ 0x838c3df80] PPS id out of range: 1
[hevc @ 0x838c3df80] Skipping invalid undecodable NALU: 1
[hevc @ 0x838c3e300] PPS id out of range: 1
[hevc @ 0x838c3e300] Skipping invalid undecodable NALU: 1
[hevc @ 0x838c3e680] PPS id out of range: 1
[hevc @ 0x838c3e680] Skipping invalid undecodable NALU: 1
[hevc @ 0x838c3ea00] PPS id out of range: 1
[hevc @ 0x838c3ea00] Skipping invalid undecodable NALU: 1
[hevc @ 0x838c3ed80] PPS id out of range: 1
[hevc @ 0x838c3ed80] Skipping invalid undecodable NALU: 1
[hevc @ 0x838c3d180] PPS id out of range: 1
[hevc @ 0x838c3d180] Skipping invalid undecodable NALU: 21
[hevc @ 0x838c3d500] PPS id out of range: 1
[hevc @ 0x838c3d500] Skipping invalid undecodable NALU: 9
[hevc @ 0x838c3d880] PPS id out of range: 1
[hevc @ 0x838c3d880] Skipping invalid undecodable NALU: 8
[hevc @ 0x838c3dc00] PPS id out of range: 1
[hevc @ 0x838c3dc00] Skipping invalid undecodable NALU: 8
[hevc @ 0x838c3df80] PPS id out of range: 1
[hevc @ 0x838c3df80] Skipping invalid undecodable NALU: 1
[hevc @ 0x838c3e300] PPS id out of range: 1
[hevc @ 0x838c3e300] Skipping invalid undecodable NALU: 1
[hevc @ 0x838c3e680] PPS id out of range: 1
[hevc @ 0x838c3e680] Skipping invalid undecodable NALU: 1
[hevc @ 0x838c3ea00] PPS id out of range: 1
[hevc @ 0x838c3ea00] Skipping invalid undecodable NALU: 1
[hevc @ 0x838c3ed80] PPS id out of range: 1
[hevc @ 0x838c3ed80] Skipping invalid undecodable NALU: 1
[hevc @ 0x838c3d180] PPS id out of range: 1
[hevc @ 0x838c3d180] Skipping invalid undecodable NALU: 1
[hevc @ 0x838c3d500] PPS id out of range: 1
[hevc @ 0x838c3d500] Skipping invalid undecodable NALU: 1
[hevc @ 0x838c3d880] PPS id out of range: 1
[hevc @ 0x838c3d880] Skipping invalid undecodable NALU: 1
[hevc @ 0x838c3dc00] PPS id out of range: 1
[hevc @ 0x838c3dc00] Skipping invalid undecodable NALU: 1
[hevc @ 0x838c3df80] PPS id out of range: 1
[hevc @ 0x838c3df80] Skipping invalid undecodable NALU: 1
[hevc @ 0x838c3e300] PPS id out of range: 1
[hevc @ 0x838c3e300] Skipping invalid undecodable NALU: 1
[hevc @ 0x838c3e680] PPS id out of range: 1
[hevc @ 0x838c3e680] Skipping invalid undecodable NALU: 1
[hevc @ 0x838c3ea00] PPS id out of range: 1
[hevc @ 0x838c3ea00] Skipping invalid undecodable NALU: 1
[hevc @ 0x838c3ed80] PPS id out of range: 1
[hevc @ 0x838c3ed80] Skipping invalid undecodable NALU: 1
[hevc @ 0x838c3d180] PPS id out of range: 1
[hevc @ 0x838c3d180] Skipping invalid undecodable NALU: 1
[hevc @ 0x838c3d500] PPS id out of range: 1
[hevc @ 0x838c3d500] Skipping invalid undecodable NALU: 1
[hevc @ 0x838c3d880] PPS id out of range: 1
[hevc @ 0x838c3d880] Skipping invalid undecodable NALU: 1
[hevc @ 0x838c3dc00] PPS id out of range: 1
[hevc @ 0x838c3dc00] Skipping invalid undecodable NALU: 1
[hevc @ 0x838c3df80] PPS id out of range: 1
[hevc @ 0x838c3df80] Skipping invalid undecodable NALU: 1
[hevc @ 0x838c3e300] PPS id out of range: 1
[hevc @ 0x838c3e300] Skipping invalid undecodable NALU: 1
[hevc @ 0x838c3e680] PPS id out of range: 1
[hevc @ 0x838c3e680] Skipping invalid undecodable NALU: 1
[hevc @ 0x838c3ea00] PPS id out of range: 1
[hevc @ 0x838c3ea00] Skipping invalid undecodable NALU: 1
[hevc @ 0x838c3ed80] PPS id out of range: 1
[hevc @ 0x838c3ed80] Skipping invalid undecodable NALU: 1
[hevc @ 0x838c3d180] PPS id out of range: 1
[hevc @ 0x838c3d180] Skipping invalid undecodable NALU: 1
[hevc @ 0x838c3d500] PPS id out of range: 1
[hevc @ 0x838c3d500] Skipping invalid undecodable NALU: 21
[hevc @ 0x838c3d880] PPS id out of range: 1
[hevc @ 0x838c3d880] Skipping invalid undecodable NALU: 9
[hevc @ 0x838c3dc00] PPS id out of range: 1
[hevc @ 0x838c3dc00] Skipping invalid undecodable NALU: 8
[hevc @ 0x838c3df80] PPS id out of range: 1
[hevc @ 0x838c3df80] Skipping invalid undecodable NALU: 8
[hevc @ 0x838c3e300] PPS id out of range: 1
[hevc @ 0x838c3e300] Skipping invalid undecodable NALU: 1
[hevc @ 0x838c3e680] PPS id out of range: 1
[hevc @ 0x838c3e680] Skipping invalid undecodable NALU: 1
[hevc @ 0x838c3ea00] PPS id out of range: 1
[hevc @ 0x838c3ea00] Skipping invalid undecodable NALU: 1
[hevc @ 0x838c3ed80] PPS id out of range: 1
[hevc @ 0x838c3ed80] Skipping invalid undecodable NALU: 1
[hevc @ 0x838c3d180] PPS id out of range: 1
[hevc @ 0x838c3d180] Skipping invalid undecodable NALU: 1
[hevc @ 0x838c3d500] PPS id out of range: 1
[hevc @ 0x838c3d500] Skipping invalid undecodable NALU: 1
[hevc @ 0x838c3d880] PPS id out of range: 1
[hevc @ 0x838c3d880] Skipping invalid undecodable NALU: 1
[hevc @ 0x838c3dc00] PPS id out of range: 1
[hevc @ 0x838c3dc00] Skipping invalid undecodable NALU: 1
[hevc @ 0x838c3df80] PPS id out of range: 1
[hevc @ 0x838c3df80] Skipping invalid undecodable NALU: 1
[hevc @ 0x838c3e300] PPS id out of range: 1
[hevc @ 0x838c3e300] Skipping invalid undecodable NALU: 1
[hevc @ 0x838c3e680] PPS id out of range: 1
[hevc @ 0x838c3e680] Skipping invalid undecodable NALU: 1
[vf#0:0 @ 0x839044000] No filtered frames for output stream, trying to initialize anyway.
[out#0/framemd5 @ 0x838c04780] Output file is empty, nothing was encoded(check -ss / -t / -frames parameters if used)
