[hevc @ 0x99ac38380] VPS VUI not supported
[ @ 0x99ac10280] Manually selecting views with -view_ids is not recommended, use view specifiers instead
[hevc @ 0x99acd5180] VPS VUI not supported
[hevc @ 0x99acd5180] PPS id out of range: 1
[hevc @ 0x99acd5180] Skipping invalid undecodable NALU: 21
[hevc @ 0x99acd5500] PPS id out of range: 1
[hevc @ 0x99acd5500] Skipping invalid undecodable NALU: 1
[hevc @ 0x99acd5880] PPS id out of range: 1
[hevc @ 0x99acd5880] Skipping invalid undecodable NALU: 1
[hevc @ 0x99acd5c00] PPS id out of range: 1
[hevc @ 0x99acd5c00] Skipping invalid undecodable NALU: 1
[hevc @ 0x99acd5f80] PPS id out of range: 1
[hevc @ 0x99acd5f80] Skipping invalid undecodable NALU: 1
[hevc @ 0x99acd6300] PPS id out of range: 1
[hevc @ 0x99acd6300] Skipping invalid undecodable NALU: 1
[hevc @ 0x99acd6680] PPS id out of range: 1
[hevc @ 0x99acd6680] Skipping invalid undecodable NALU: 1
[hevc @ 0x99acd6a00] PPS id out of range: 1
[hevc @ 0x99acd6a00] Skipping invalid undecodable NALU: 1
[hevc @ 0x99acd6d80] PPS id out of range: 1
[hevc @ 0x99acd6d80] Skipping invalid undecodable NALU: 1
[hevc @ 0x99acd5180] PPS id out of range: 1
[hevc @ 0x99acd5180] Skipping invalid undecodable NALU: 1
[hevc @ 0x99acd5500] PPS id out of range: 1
[hevc @ 0x99acd5500] Skipping invalid undecodable NALU: 1
[hevc @ 0x99acd5880] PPS id out of range: 1
[hevc @ 0x99acd5880] Skipping invalid undecodable NALU: 1
[hevc @ 0x99acd5c00] PPS id out of range: 1
[hevc @ 0x99acd5c00] Skipping invalid undecodable NALU: 1
[hevc @ 0x99acd5f80] PPS id out of range: 1
[hevc @ 0x99acd5f80] Skipping invalid undecodable NALU: 1
[hevc @ 0x99acd6300] PPS id out of range: 1
[hevc @ 0x99acd6300] Skipping invalid undecodable NALU: 1
[hevc @ 0x99acd6680] PPS id out of range: 1
[hevc @ 0x99acd6680] Skipping invalid undecodable NALU: 1
[hevc @ 0x99acd6a00] PPS id out of range: 1
[hevc @ 0x99acd6a00] Skipping invalid undecodable NALU: 1
[hevc @ 0x99acd6d80] PPS id out of range: 1
[hevc @ 0x99acd6d80] Skipping invalid undecodable NALU: 1
[hevc @ 0x99acd5180] PPS id out of range: 1
[hevc @ 0x99acd5180] Skipping invalid undecodable NALU: 1
[hevc @ 0x99acd5500] PPS id out of range: 1
[hevc @ 0x99acd5500] Skipping invalid undecodable NALU: 1
[hevc @ 0x99acd5880] PPS id out of range: 1
[hevc @ 0x99acd5880] Skipping invalid undecodable NALU: 1
[hevc @ 0x99acd5c00] PPS id out of range: 1
[hevc @ 0x99acd5c00] Skipping invalid undecodable NALU: 1
[hevc @ 0x99acd5f80] PPS id out of range: 1
[hevc @ 0x99acd5f80] Skipping invalid undecodable NALU: 1
[hevc @ 0x99acd6300] PPS id out of range: 1
[hevc @ 0x99acd6300] Skipping invalid undecodable NALU: 1
[hevc @ 0x99acd6680] PPS id out of range: 1
[hevc @ 0x99acd6680] Skipping invalid undecodable NALU: 1
[hevc @ 0x99acd6a00] PPS id out of range: 1
[hevc @ 0x99acd6a00] Skipping invalid undecodable NALU: 21
[hevc @ 0x99acd6d80] PPS id out of range: 1
[hevc @ 0x99acd6d80] Skipping invalid undecodable NALU: 9
[hevc @ 0x99acd5180] PPS id out of range: 1
[hevc @ 0x99acd5180] Skipping invalid undecodable NALU: 8
[hevc @ 0x99acd5500] PPS id out of range: 1
[hevc @ 0x99acd5500] Skipping invalid undecodable NALU: 8
[hevc @ 0x99acd5880] PPS id out of range: 1
[hevc @ 0x99acd5880] Skipping invalid undecodable NALU: 1
[hevc @ 0x99acd5c00] PPS id out of range: 1
[hevc @ 0x99acd5c00] Skipping invalid undecodable NALU: 1
[hevc @ 0x99acd5f80] PPS id out of range: 1
[hevc @ 0x99acd5f80] Skipping invalid undecodable NALU: 1
[hevc @ 0x99acd6300] PPS id out of range: 1
[hevc @ 0x99acd6300] Skipping invalid undecodable NALU: 1
[hevc @ 0x99acd6680] PPS id out of range: 1
[hevc @ 0x99acd6680] Skipping invalid undecodable NALU: 1
[hevc @ 0x99acd6a00] PPS id out of range: 1
[hevc @ 0x99acd6a00] Skipping invalid undecodable NALU: 1
[hevc @ 0x99acd6d80] PPS id out of range: 1
[hevc @ 0x99acd6d80] Skipping invalid undecodable NALU: 1
[hevc @ 0x99acd5180] PPS id out of range: 1
[hevc @ 0x99acd5180] Skipping invalid undecodable NALU: 1
[hevc @ 0x99acd5500] PPS id out of range: 1
[hevc @ 0x99acd5500] Skipping invalid undecodable NALU: 1
[hevc @ 0x99acd5880] PPS id out of range: 1
[hevc @ 0x99acd5880] Skipping invalid undecodable NALU: 1
[hevc @ 0x99acd5c00] PPS id out of range: 1
[hevc @ 0x99acd5c00] Skipping invalid undecodable NALU: 1
[hevc @ 0x99acd5f80] PPS id out of range: 1
[hevc @ 0x99acd5f80] Skipping invalid undecodable NALU: 1
[hevc @ 0x99acd6300] PPS id out of range: 1
[hevc @ 0x99acd6300] Skipping invalid undecodable NALU: 1
[hevc @ 0x99acd6680] PPS id out of range: 1
[hevc @ 0x99acd6680] Skipping invalid undecodable NALU: 1
[hevc @ 0x99acd6a00] PPS id out of range: 1
[hevc @ 0x99acd6a00] Skipping invalid undecodable NALU: 1
[hevc @ 0x99acd6d80] PPS id out of range: 1
[hevc @ 0x99acd6d80] Skipping invalid undecodable NALU: 1
[hevc @ 0x99acd5180] PPS id out of range: 1
[hevc @ 0x99acd5180] Skipping invalid undecodable NALU: 1
[hevc @ 0x99acd5500] PPS id out of range: 1
[hevc @ 0x99acd5500] Skipping invalid undecodable NALU: 1
[hevc @ 0x99acd5880] PPS id out of range: 1
[hevc @ 0x99acd5880] Skipping invalid undecodable NALU: 1
[hevc @ 0x99acd5c00] PPS id out of range: 1
[hevc @ 0x99acd5c00] Skipping invalid undecodable NALU: 1
[hevc @ 0x99acd5f80] PPS id out of range: 1
[hevc @ 0x99acd5f80] Skipping invalid undecodable NALU: 1
[hevc @ 0x99acd6300] PPS id out of range: 1
[hevc @ 0x99acd6300] Skipping invalid undecodable NALU: 1
[hevc @ 0x99acd6680] PPS id out of range: 1
[hevc @ 0x99acd6680] Skipping invalid undecodable NALU: 1
[hevc @ 0x99acd6a00] PPS id out of range: 1
[hevc @ 0x99acd6a00] Skipping invalid undecodable NALU: 1
[hevc @ 0x99acd6d80] PPS id out of range: 1
[hevc @ 0x99acd6d80] Skipping invalid undecodable NALU: 21
[hevc @ 0x99acd5180] PPS id out of range: 1
[hevc @ 0x99acd5180] Skipping invalid undecodable NALU: 9
[hevc @ 0x99acd5500] PPS id out of range: 1
[hevc @ 0x99acd5500] Skipping invalid undecodable NALU: 8
[hevc @ 0x99acd5880] PPS id out of range: 1
[hevc @ 0x99acd5880] Skipping invalid undecodable NALU: 8
[hevc @ 0x99acd5c00] PPS id out of range: 1
[hevc @ 0x99acd5c00] Skipping invalid undecodable NALU: 1
[hevc @ 0x99acd5f80] PPS id out of range: 1
[hevc @ 0x99acd5f80] Skipping invalid undecodable NALU: 1
[hevc @ 0x99acd6300] PPS id out of range: 1
[hevc @ 0x99acd6300] Skipping invalid undecodable NALU: 1
[hevc @ 0x99acd6680] PPS id out of range: 1
[hevc @ 0x99acd6680] Skipping invalid undecodable NALU: 1
[hevc @ 0x99acd6a00] PPS id out of range: 1
[hevc @ 0x99acd6a00] Skipping invalid undecodable NALU: 1
[hevc @ 0x99acd6d80] PPS id out of range: 1
[hevc @ 0x99acd6d80] Skipping invalid undecodable NALU: 1
[hevc @ 0x99acd5180] PPS id out of range: 1
[hevc @ 0x99acd5180] Skipping invalid undecodable NALU: 1
[hevc @ 0x99acd5500] PPS id out of range: 1
[hevc @ 0x99acd5500] Skipping invalid undecodable NALU: 1
[hevc @ 0x99acd5880] PPS id out of range: 1
[hevc @ 0x99acd5880] Skipping invalid undecodable NALU: 1
[hevc @ 0x99acd5c00] PPS id out of range: 1
[hevc @ 0x99acd5c00] Skipping invalid undecodable NALU: 1
[hevc @ 0x99acd5f80] PPS id out of range: 1
[hevc @ 0x99acd5f80] Skipping invalid undecodable NALU: 1
[hevc @ 0x99acd6300] PPS id out of range: 1
[hevc @ 0x99acd6300] Skipping invalid undecodable NALU: 1
[hevc @ 0x99acd6680] PPS id out of range: 1
[hevc @ 0x99acd6680] Skipping invalid undecodable NALU: 1
[hevc @ 0x99acd6a00] PPS id out of range: 1
[hevc @ 0x99acd6a00] Skipping invalid undecodable NALU: 1
[hevc @ 0x99acd6d80] PPS id out of range: 1
[hevc @ 0x99acd6d80] Skipping invalid undecodable NALU: 1
[hevc @ 0x99acd5180] PPS id out of range: 1
[hevc @ 0x99acd5180] Skipping invalid undecodable NALU: 1
[hevc @ 0x99acd5500] PPS id out of range: 1
[hevc @ 0x99acd5500] Skipping invalid undecodable NALU: 1
[hevc @ 0x99acd5880] PPS id out of range: 1
[hevc @ 0x99acd5880] Skipping invalid undecodable NALU: 1
[hevc @ 0x99acd5c00] PPS id out of range: 1
[hevc @ 0x99acd5c00] Skipping invalid undecodable NALU: 1
[hevc @ 0x99acd5f80] PPS id out of range: 1
[hevc @ 0x99acd5f80] Skipping invalid undecodable NALU: 1
[hevc @ 0x99acd6300] PPS id out of range: 1
[hevc @ 0x99acd6300] Skipping invalid undecodable NALU: 1
[hevc @ 0x99acd6680] PPS id out of range: 1
[hevc @ 0x99acd6680] Skipping invalid undecodable NALU: 1
[hevc @ 0x99acd6a00] PPS id out of range: 1
[hevc @ 0x99acd6a00] Skipping invalid undecodable NALU: 1
[hevc @ 0x99acd6d80] PPS id out of range: 1
[hevc @ 0x99acd6d80] Skipping invalid undecodable NALU: 1
[hevc @ 0x99acd5180] PPS id out of range: 1
[hevc @ 0x99acd5180] Skipping invalid undecodable NALU: 21
[hevc @ 0x99acd5500] PPS id out of range: 1
[hevc @ 0x99acd5500] Skipping invalid undecodable NALU: 9
[hevc @ 0x99acd5880] PPS id out of range: 1
[hevc @ 0x99acd5880] Skipping invalid undecodable NALU: 8
[hevc @ 0x99acd5c00] PPS id out of range: 1
[hevc @ 0x99acd5c00] Skipping invalid undecodable NALU: 8
[hevc @ 0x99acd5f80] PPS id out of range: 1
[hevc @ 0x99acd5f80] Skipping invalid undecodable NALU: 1
[hevc @ 0x99acd6300] PPS id out of range: 1
[hevc @ 0x99acd6300] Skipping invalid undecodable NALU: 1
[hevc @ 0x99acd6680] PPS id out of range: 1
[hevc @ 0x99acd6680] Skipping invalid undecodable NALU: 1
[hevc @ 0x99acd6a00] PPS id out of range: 1
[hevc @ 0x99acd6a00] Skipping invalid undecodable NALU: 1
[hevc @ 0x99acd6d80] PPS id out of range: 1
[hevc @ 0x99acd6d80] Skipping invalid undecodable NALU: 1
[hevc @ 0x99acd5180] PPS id out of range: 1
[hevc @ 0x99acd5180] Skipping invalid undecodable NALU: 1
[hevc @ 0x99acd5500] PPS id out of range: 1
[hevc @ 0x99acd5500] Skipping invalid undecodable NALU: 1
[hevc @ 0x99acd5880] PPS id out of range: 1
[hevc @ 0x99acd5880] Skipping invalid undecodable NALU: 1
[hevc @ 0x99acd5c00] PPS id out of range: 1
[hevc @ 0x99acd5c00] Skipping invalid undecodable NALU: 1
[hevc @ 0x99acd5f80] PPS id out of range: 1
[hevc @ 0x99acd5f80] Skipping invalid undecodable NALU: 1
[hevc @ 0x99acd6300] PPS id out of range: 1
[hevc @ 0x99acd6300] Skipping invalid undecodable NALU: 1
[hevc @ 0x99acd6680] PPS id out of range: 1
[hevc @ 0x99acd6680] Skipping invalid undecodable NALU: 1
[hevc @ 0x99acd6a00] PPS id out of range: 1
[hevc @ 0x99acd6a00] Skipping invalid undecodable NALU: 1
[hevc @ 0x99acd6d80] PPS id out of range: 1
[hevc @ 0x99acd6d80] Skipping invalid undecodable NALU: 1
[hevc @ 0x99acd5180] PPS id out of range: 1
[hevc @ 0x99acd5180] Skipping invalid undecodable NALU: 1
[hevc @ 0x99acd5500] PPS id out of range: 1
[hevc @ 0x99acd5500] Skipping invalid undecodable NALU: 1
[hevc @ 0x99acd5880] PPS id out of range: 1
[hevc @ 0x99acd5880] Skipping invalid undecodable NALU: 1
[hevc @ 0x99acd5c00] PPS id out of range: 1
[hevc @ 0x99acd5c00] Skipping invalid undecodable NALU: 1
[hevc @ 0x99acd5f80] PPS id out of range: 1
[hevc @ 0x99acd5f80] Skipping invalid undecodable NALU: 1
[hevc @ 0x99acd6300] PPS id out of range: 1
[hevc @ 0x99acd6300] Skipping invalid undecodable NALU: 1
[hevc @ 0x99acd6680] PPS id out of range: 1
[hevc @ 0x99acd6680] Skipping invalid undecodable NALU: 1
[hevc @ 0x99acd6a00] PPS id out of range: 1
[hevc @ 0x99acd6a00] Skipping invalid undecodable NALU: 1
[hevc @ 0x99acd6d80] PPS id out of range: 1
[hevc @ 0x99acd6d80] Skipping invalid undecodable NALU: 1
[hevc @ 0x99acd5180] PPS id out of range: 1
[hevc @ 0x99acd5180] Skipping invalid undecodable NALU: 1
[hevc @ 0x99acd5500] PPS id out of range: 1
[hevc @ 0x99acd5500] Skipping invalid undecodable NALU: 21
[hevc @ 0x99acd5880] PPS id out of range: 1
[hevc @ 0x99acd5880] Skipping invalid undecodable NALU: 9
[hevc @ 0x99acd5c00] PPS id out of range: 1
[hevc @ 0x99acd5c00] Skipping invalid undecodable NALU: 8
[hevc @ 0x99acd5f80] PPS id out of range: 1
[hevc @ 0x99acd5f80] Skipping invalid undecodable NALU: 8
[hevc @ 0x99acd6300] PPS id out of range: 1
[hevc @ 0x99acd6300] Skipping invalid undecodable NALU: 1
[hevc @ 0x99acd6680] PPS id out of range: 1
[hevc @ 0x99acd6680] Skipping invalid undecodable NALU: 1
[hevc @ 0x99acd6a00] PPS id out of range: 1
[hevc @ 0x99acd6a00] Skipping invalid undecodable NALU: 1
[hevc @ 0x99acd6d80] PPS id out of range: 1
[hevc @ 0x99acd6d80] Skipping invalid undecodable NALU: 1
[hevc @ 0x99acd5180] PPS id out of range: 1
[hevc @ 0x99acd5180] Skipping invalid undecodable NALU: 1
[hevc @ 0x99acd5500] PPS id out of range: 1
[hevc @ 0x99acd5500] Skipping invalid undecodable NALU: 1
[hevc @ 0x99acd5880] PPS id out of range: 1
[hevc @ 0x99acd5880] Skipping invalid undecodable NALU: 1
[hevc @ 0x99acd5c00] PPS id out of range: 1
[hevc @ 0x99acd5c00] Skipping invalid undecodable NALU: 1
[hevc @ 0x99acd5f80] PPS id out of range: 1
[hevc @ 0x99acd5f80] Skipping invalid undecodable NALU: 1
[hevc @ 0x99acd6300] PPS id out of range: 1
[hevc @ 0x99acd6300] Skipping invalid undecodable NALU: 1
[hevc @ 0x99acd6680] PPS id out of range: 1
[hevc @ 0x99acd6680] Skipping invalid undecodable NALU: 1
[vf#0:0 @ 0x99b048800] No filtered frames for output stream, trying to initialize anyway.
[out#0/framemd5 @ 0x99ac04900] Output file is empty, nothing was encoded(check -ss / -t / -frames parameters if used)
