ffmpeg version 8.1.2 Copyright (c) 2000-2026 the FFmpeg developers
  built with Apple clang version 21.0.0 (clang-2100.0.123.102)
  configuration: --prefix=/opt/homebrew/Cellar/ffmpeg/8.1.2 --enable-shared --enable-pthreads --enable-version3 --cc=clang --host-cflags= --host-ldflags= --enable-ffplay --enable-gpl --enable-libsvtav1 --enable-libopus --enable-libx264 --enable-libmp3lame --enable-libdav1d --enable-libvmaf --enable-libvpx --enable-libx265 --enable-openssl --enable-videotoolbox --enable-audiotoolbox --enable-neon
  libavutil      60. 26.102 / 60. 26.102
  libavcodec     62. 28.102 / 62. 28.102
  libavformat    62. 12.102 / 62. 12.102
  libavdevice    62.  3.102 / 62.  3.102
  libavfilter    11. 14.102 / 11. 14.102
  libswscale      9.  5.102 /  9.  5.102
  libswresample   6.  3.102 /  6.  3.102
[hevc @ 0x7c6c38380] VPS VUI not supported
Input #0, mov,mp4,m4a,3gp,3g2,mj2, from 'research/items/R240.extract-a-native-2d-view-from-multiview-hevc.report-a/evidence/20260919T230500Z-apple-mvhevc/source.mov':
  Metadata:
    major_brand     : qt  
    minor_version   : 0
    compatible_brands: qt  
    creation_time   : 2025-07-16T22:20:37.000000Z
    encoder         : Blackmagic Design DaVinci Resolve Studio
  Duration: 00:00:04.05, start: 0.000000, bitrate: 6285 kb/s
  Stream #0:0[0x1](und): Video: hevc (Main 10), 1 reference frame (hvc1 / 0x31637668), yuv420p10le(tv, bt709, progressive, left), 1280x1280 [SAR 1:1 DAR 1:1], 5830 kb/s, 29.97 fps, 29.97 tbr, 30k tbn (default)
    Metadata:
      creation_time   : 2025-07-16T22:20:37.000000Z
      handler_name    : Core Media Video
      vendor_id       :     
      encoder         : H.265 10-bit
      timecode        : 01:00:00;00
    Side data:
      Stereo 3D: unspecified, view: packed, primary eye: left, baseline: 11800, horizontal_disparity_adjustment: 0.0200, horizontal_field_of_view: 46.900
      Spherical Mapping: rectilinear 
  Stream #0:1[0x2](und): Audio: aac (LC) (mp4a / 0x6134706D), 48000 Hz, stereo, fltp, 319 kb/s (default)
    Metadata:
      creation_time   : 2025-07-16T22:20:37.000000Z
      handler_name    : Core Media Audio
      vendor_id       : [0][0][0][0]
  Stream #0:2[0x3](eng): Data: none (tmcd / 0x64636D74) (default)
    Metadata:
      creation_time   : 2025-07-16T22:20:37.000000Z
      handler_name    : Core Media Time Code
      timecode        : 01:00:00;00
[out#0/null @ 0x7c6c04900] Adding streams from explicit maps...
[vost#0:0/copy @ 0x7c707c000] Created video stream from input stream 0:0
[trace_headers @ 0x7c6c0c0f0] Extradata
[trace_headers @ 0x7c6c0c0f0] Video Parameter Set
[trace_headers @ 0x7c6c0c0f0] 0           forbidden_zero_bit                                          0 = 0
[trace_headers @ 0x7c6c0c0f0] 1           nal_unit_type                                          100000 = 32
[trace_headers @ 0x7c6c0c0f0] 7           nuh_layer_id                                           000000 = 0
[trace_headers @ 0x7c6c0c0f0] 13          nuh_temporal_id_plus1                                     001 = 1
[trace_headers @ 0x7c6c0c0f0] 16          vps_video_parameter_set_id                               0000 = 0
[trace_headers @ 0x7c6c0c0f0] 20          vps_base_layer_internal_flag                                1 = 1
[trace_headers @ 0x7c6c0c0f0] 21          vps_base_layer_available_flag                               1 = 1
[trace_headers @ 0x7c6c0c0f0] 22          vps_max_layers_minus1                                  000001 = 1
[trace_headers @ 0x7c6c0c0f0] 28          vps_max_sub_layers_minus1                                 000 = 0
[trace_headers @ 0x7c6c0c0f0] 31          vps_temporal_id_nesting_flag                                1 = 1
[trace_headers @ 0x7c6c0c0f0] 32          vps_reserved_0xffff_16bits                   1111111111111111 = 65535
[trace_headers @ 0x7c6c0c0f0] 48          general_profile_space                                      00 = 0
[trace_headers @ 0x7c6c0c0f0] 50          general_tier_flag                                           0 = 0
[trace_headers @ 0x7c6c0c0f0] 51          general_profile_idc                                     00010 = 2
[trace_headers @ 0x7c6c0c0f0] 56          general_profile_compatibility_flag[0]                       0 = 0
[trace_headers @ 0x7c6c0c0f0] 57          general_profile_compatibility_flag[1]                       0 = 0
[trace_headers @ 0x7c6c0c0f0] 58          general_profile_compatibility_flag[2]                       1 = 1
[trace_headers @ 0x7c6c0c0f0] 59          general_profile_compatibility_flag[3]                       0 = 0
[trace_headers @ 0x7c6c0c0f0] 60          general_profile_compatibility_flag[4]                       0 = 0
[trace_headers @ 0x7c6c0c0f0] 61          general_profile_compatibility_flag[5]                       0 = 0
[trace_headers @ 0x7c6c0c0f0] 62          general_profile_compatibility_flag[6]                       0 = 0
[trace_headers @ 0x7c6c0c0f0] 63          general_profile_compatibility_flag[7]                       0 = 0
[trace_headers @ 0x7c6c0c0f0] 64          general_profile_compatibility_flag[8]                       0 = 0
[trace_headers @ 0x7c6c0c0f0] 65          general_profile_compatibility_flag[9]                       0 = 0
[trace_headers @ 0x7c6c0c0f0] 66          general_profile_compatibility_flag[10]                      0 = 0
[trace_headers @ 0x7c6c0c0f0] 67          general_profile_compatibility_flag[11]                      0 = 0
[trace_headers @ 0x7c6c0c0f0] 68          general_profile_compatibility_flag[12]                      0 = 0
[trace_headers @ 0x7c6c0c0f0] 69          general_profile_compatibility_flag[13]                      0 = 0
[trace_headers @ 0x7c6c0c0f0] 70          general_profile_compatibility_flag[14]                      0 = 0
[trace_headers @ 0x7c6c0c0f0] 71          general_profile_compatibility_flag[15]                      0 = 0
[trace_headers @ 0x7c6c0c0f0] 72          general_profile_compatibility_flag[16]                      0 = 0
[trace_headers @ 0x7c6c0c0f0] 73          general_profile_compatibility_flag[17]                      0 = 0
[trace_headers @ 0x7c6c0c0f0] 74          general_profile_compatibility_flag[18]                      0 = 0
[trace_headers @ 0x7c6c0c0f0] 75          general_profile_compatibility_flag[19]                      0 = 0
[trace_headers @ 0x7c6c0c0f0] 76          general_profile_compatibility_flag[20]                      0 = 0
[trace_headers @ 0x7c6c0c0f0] 77          general_profile_compatibility_flag[21]                      0 = 0
[trace_headers @ 0x7c6c0c0f0] 78          general_profile_compatibility_flag[22]                      0 = 0
[trace_headers @ 0x7c6c0c0f0] 79          general_profile_compatibility_flag[23]                      0 = 0
[trace_headers @ 0x7c6c0c0f0] 80          general_profile_compatibility_flag[24]                      0 = 0
[trace_headers @ 0x7c6c0c0f0] 81          general_profile_compatibility_flag[25]                      0 = 0
[trace_headers @ 0x7c6c0c0f0] 82          general_profile_compatibility_flag[26]                      0 = 0
[trace_headers @ 0x7c6c0c0f0] 83          general_profile_compatibility_flag[27]                      0 = 0
[trace_headers @ 0x7c6c0c0f0] 84          general_profile_compatibility_flag[28]                      0 = 0
[trace_headers @ 0x7c6c0c0f0] 85          general_profile_compatibility_flag[29]                      0 = 0
[trace_headers @ 0x7c6c0c0f0] 86          general_profile_compatibility_flag[30]                      0 = 0
[trace_headers @ 0x7c6c0c0f0] 87          general_profile_compatibility_flag[31]                      0 = 0
[trace_headers @ 0x7c6c0c0f0] 88          general_progressive_source_flag                             1 = 1
[trace_headers @ 0x7c6c0c0f0] 89          general_interlaced_source_flag                              0 = 0
[trace_headers @ 0x7c6c0c0f0] 90          general_non_packed_constraint_flag                          1 = 1
[trace_headers @ 0x7c6c0c0f0] 91          general_frame_only_constraint_flag                          1 = 1
[trace_headers @ 0x7c6c0c0f0] 92          general_reserved_zero_7bits                           0000000 = 0
[trace_headers @ 0x7c6c0c0f0] 99          general_one_picture_only_constraint_flag                    0 = 0
[trace_headers @ 0x7c6c0c0f0] 100         general_reserved_zero_35bits         000000000000000000000000 = 0
[trace_headers @ 0x7c6c0c0f0] 124         general_reserved_zero_35bits                      00000000000 = 0
[trace_headers @ 0x7c6c0c0f0] 135         general_inbld_flag                                          0 = 0
[trace_headers @ 0x7c6c0c0f0] 136         general_level_idc                                    01111000 = 120
[trace_headers @ 0x7c6c0c0f0] 144         vps_sub_layer_ordering_info_present_flag                    0 = 0
[trace_headers @ 0x7c6c0c0f0] 145         vps_max_dec_pic_buffering_minus1[0]                     00101 = 4
[trace_headers @ 0x7c6c0c0f0] 150         vps_max_num_reorder_pics[0]                               011 = 2
[trace_headers @ 0x7c6c0c0f0] 153         vps_max_latency_increase_plus1[0]                           1 = 0
[trace_headers @ 0x7c6c0c0f0] 154         vps_max_layer_id                                       000001 = 1
[trace_headers @ 0x7c6c0c0f0] 160         vps_num_layer_sets_minus1                                 010 = 1
[trace_headers @ 0x7c6c0c0f0] 163         layer_id_included_flag[1][0]                                1 = 1
[trace_headers @ 0x7c6c0c0f0] 164         layer_id_included_flag[1][1]                                1 = 1
[trace_headers @ 0x7c6c0c0f0] 165         vps_timing_info_present_flag                                0 = 0
[trace_headers @ 0x7c6c0c0f0] 166         vps_extension_flag                                          1 = 1
[trace_headers @ 0x7c6c0c0f0] 167         extension_data                                              1 = 1
[trace_headers @ 0x7c6c0c0f0] 168         extension_data                                              0 = 0
[trace_headers @ 0x7c6c0c0f0] 169         extension_data                                              1 = 1
[trace_headers @ 0x7c6c0c0f0] 170         extension_data                                              1 = 1
[trace_headers @ 0x7c6c0c0f0] 171         extension_data                                              1 = 1
[trace_headers @ 0x7c6c0c0f0] 172         extension_data                                              1 = 1
[trace_headers @ 0x7c6c0c0f0] 173         extension_data                                              0 = 0
[trace_headers @ 0x7c6c0c0f0] 174         extension_data                                              0 = 0
[trace_headers @ 0x7c6c0c0f0] 175         extension_data                                              0 = 0
[trace_headers @ 0x7c6c0c0f0] 176         extension_data                                              0 = 0
[trace_headers @ 0x7c6c0c0f0] 177         extension_data                                              0 = 0
[trace_headers @ 0x7c6c0c0f0] 178         extension_data                                              1 = 1
[trace_headers @ 0x7c6c0c0f0] 179         extension_data                                              0 = 0
[trace_headers @ 0x7c6c0c0f0] 180         extension_data                                              0 = 0
[trace_headers @ 0x7c6c0c0f0] 181         extension_data                                              0 = 0
[trace_headers @ 0x7c6c0c0f0] 182         extension_data                                              0 = 0
[trace_headers @ 0x7c6c0c0f0] 183         extension_data                                              0 = 0
[trace_headers @ 0x7c6c0c0f0] 184         extension_data                                              0 = 0
[trace_headers @ 0x7c6c0c0f0] 185         extension_data                                              0 = 0
[trace_headers @ 0x7c6c0c0f0] 186         extension_data                                              0 = 0
[trace_headers @ 0x7c6c0c0f0] 187         extension_data                                              0 = 0
[trace_headers @ 0x7c6c0c0f0] 188         extension_data                                              0 = 0
[trace_headers @ 0x7c6c0c0f0] 189         extension_data                                              0 = 0
[trace_headers @ 0x7c6c0c0f0] 190         extension_data                                              0 = 0
[trace_headers @ 0x7c6c0c0f0] 191         extension_data                                              0 = 0
[trace_headers @ 0x7c6c0c0f0] 192         extension_data                                              0 = 0
[trace_headers @ 0x7c6c0c0f0] 193         extension_data                                              0 = 0
[trace_headers @ 0x7c6c0c0f0] 194         extension_data                                              1 = 1
[trace_headers @ 0x7c6c0c0f0] 195         extension_data                                              0 = 0
[trace_headers @ 0x7c6c0c0f0] 196         extension_data                                              1 = 1
[trace_headers @ 0x7c6c0c0f0] 197         extension_data                                              0 = 0
[trace_headers @ 0x7c6c0c0f0] 198         extension_data                                              0 = 0
[trace_headers @ 0x7c6c0c0f0] 199         extension_data                                              0 = 0
[trace_headers @ 0x7c6c0c0f0] 200         extension_data                                              0 = 0
[trace_headers @ 0x7c6c0c0f0] 201         extension_data                                              0 = 0
[trace_headers @ 0x7c6c0c0f0] 202         extension_data                                              1 = 1
[trace_headers @ 0x7c6c0c0f0] 203         extension_data                                              0 = 0
[trace_headers @ 0x7c6c0c0f0] 204         extension_data                                              0 = 0
[trace_headers @ 0x7c6c0c0f0] 205         extension_data                                              1 = 1
[trace_headers @ 0x7c6c0c0f0] 206         extension_data                                              0 = 0
[trace_headers @ 0x7c6c0c0f0] 207         extension_data                                              0 = 0
[trace_headers @ 0x7c6c0c0f0] 208         extension_data                                              0 = 0
[trace_headers @ 0x7c6c0c0f0] 209         extension_data                                              1 = 1
[trace_headers @ 0x7c6c0c0f0] 210         extension_data                                              0 = 0
[trace_headers @ 0x7c6c0c0f0] 211         extension_data                                              1 = 1
[trace_headers @ 0x7c6c0c0f0] 212         extension_data                                              1 = 1
[trace_headers @ 0x7c6c0c0f0] 213         extension_data                                              0 = 0
[trace_headers @ 0x7c6c0c0f0] 214         extension_data                                              0 = 0
[trace_headers @ 0x7c6c0c0f0] 215         extension_data                                              1 = 1
[trace_headers @ 0x7c6c0c0f0] 216         extension_data                                              0 = 0
[trace_headers @ 0x7c6c0c0f0] 217         extension_data                                              1 = 1
[trace_headers @ 0x7c6c0c0f0] 218         extension_data                                              1 = 1
[trace_headers @ 0x7c6c0c0f0] 219         extension_data                                              1 = 1
[trace_headers @ 0x7c6c0c0f0] 220         extension_data                                              0 = 0
[trace_headers @ 0x7c6c0c0f0] 221         extension_data                                              0 = 0
[trace_headers @ 0x7c6c0c0f0] 222         extension_data                                              0 = 0
[trace_headers @ 0x7c6c0c0f0] 223         extension_data                                              0 = 0
[trace_headers @ 0x7c6c0c0f0] 224         extension_data                                              0 = 0
[trace_headers @ 0x7c6c0c0f0] 225         extension_data                                              1 = 1
[trace_headers @ 0x7c6c0c0f0] 226         extension_data                                              1 = 1
[trace_headers @ 0x7c6c0c0f0] 227         extension_data                                              0 = 0
[trace_headers @ 0x7c6c0c0f0] 228         extension_data                                              0 = 0
[trace_headers @ 0x7c6c0c0f0] 229         extension_data                                              0 = 0
[trace_headers @ 0x7c6c0c0f0] 230         extension_data                                              0 = 0
[trace_headers @ 0x7c6c0c0f0] 231         extension_data                                              0 = 0
[trace_headers @ 0x7c6c0c0f0] 232         extension_data                                              0 = 0
[trace_headers @ 0x7c6c0c0f0] 233         extension_data                                              0 = 0
[trace_headers @ 0x7c6c0c0f0] 234         extension_data                                              1 = 1
[trace_headers @ 0x7c6c0c0f0] 235         extension_data                                              0 = 0
[trace_headers @ 0x7c6c0c0f0] 236         extension_data                                              0 = 0
[trace_headers @ 0x7c6c0c0f0] 237         extension_data                                              0 = 0
[trace_headers @ 0x7c6c0c0f0] 238         extension_data                                              0 = 0
[trace_headers @ 0x7c6c0c0f0] 239         extension_data                                              0 = 0
[trace_headers @ 0x7c6c0c0f0] 240         extension_data                                              0 = 0
[trace_headers @ 0x7c6c0c0f0] 241         extension_data                                              0 = 0
[trace_headers @ 0x7c6c0c0f0] 242         extension_data                                              0 = 0
[trace_headers @ 0x7c6c0c0f0] 243         extension_data                                              0 = 0
[trace_headers @ 0x7c6c0c0f0] 244         extension_data                                              0 = 0
[trace_headers @ 0x7c6c0c0f0] 245         extension_data                                              0 = 0
[trace_headers @ 0x7c6c0c0f0] 246         extension_data                                              0 = 0
[trace_headers @ 0x7c6c0c0f0] 247         extension_data                                              0 = 0
[trace_headers @ 0x7c6c0c0f0] 248         extension_data                                              0 = 0
[trace_headers @ 0x7c6c0c0f0] 249         extension_data                                              0 = 0
[trace_headers @ 0x7c6c0c0f0] 250         extension_data                                              0 = 0
[trace_headers @ 0x7c6c0c0f0] 251         extension_data                                              0 = 0
[trace_headers @ 0x7c6c0c0f0] 252         extension_data                                              0 = 0
[trace_headers @ 0x7c6c0c0f0] 253         extension_data                                              0 = 0
[trace_headers @ 0x7c6c0c0f0] 254         extension_data                                              0 = 0
[trace_headers @ 0x7c6c0c0f0] 255         extension_data                                              0 = 0
[trace_headers @ 0x7c6c0c0f0] 256         extension_data                                              0 = 0
[trace_headers @ 0x7c6c0c0f0] 257         extension_data                                              0 = 0
[trace_headers @ 0x7c6c0c0f0] 258         extension_data                                              0 = 0
[trace_headers @ 0x7c6c0c0f0] 259         extension_data                                              0 = 0
[trace_headers @ 0x7c6c0c0f0] 260         extension_data                                              1 = 1
[trace_headers @ 0x7c6c0c0f0] 261         extension_data                                              0 = 0
[trace_headers @ 0x7c6c0c0f0] 262         extension_data                                              1 = 1
[trace_headers @ 0x7c6c0c0f0] 263         extension_data                                              1 = 1
[trace_headers @ 0x7c6c0c0f0] 264         extension_data                                              1 = 1
[trace_headers @ 0x7c6c0c0f0] 265         extension_data                                              1 = 1
[trace_headers @ 0x7c6c0c0f0] 266         extension_data                                              0 = 0
[trace_headers @ 0x7c6c0c0f0] 267         extension_data                                              1 = 1
[trace_headers @ 0x7c6c0c0f0] 268         extension_data                                              1 = 1
[trace_headers @ 0x7c6c0c0f0] 269         extension_data                                              0 = 0
[trace_headers @ 0x7c6c0c0f0] 270         extension_data                                              0 = 0
[trace_headers @ 0x7c6c0c0f0] 271         extension_data                                              0 = 0
[trace_headers @ 0x7c6c0c0f0] 272         extension_data                                              0 = 0
[trace_headers @ 0x7c6c0c0f0] 273         extension_data                                              0 = 0
[trace_headers @ 0x7c6c0c0f0] 274         extension_data                                              0 = 0
[trace_headers @ 0x7c6c0c0f0] 275         extension_data                                              0 = 0
[trace_headers @ 0x7c6c0c0f0] 276         extension_data                                              0 = 0
[trace_headers @ 0x7c6c0c0f0] 277         extension_data                                              0 = 0
[trace_headers @ 0x7c6c0c0f0] 278         extension_data                                              0 = 0
[trace_headers @ 0x7c6c0c0f0] 279         extension_data                                              0 = 0
[trace_headers @ 0x7c6c0c0f0] 280         extension_data                                              0 = 0
[trace_headers @ 0x7c6c0c0f0] 281         extension_data                                              0 = 0
[trace_headers @ 0x7c6c0c0f0] 282         extension_data                                              0 = 0
[trace_headers @ 0x7c6c0c0f0] 283         extension_data                                              0 = 0
[trace_headers @ 0x7c6c0c0f0] 284         extension_data                                              0 = 0
[trace_headers @ 0x7c6c0c0f0] 285         extension_data                                              0 = 0
[trace_headers @ 0x7c6c0c0f0] 286         extension_data                                              0 = 0
[trace_headers @ 0x7c6c0c0f0] 287         extension_data                                              0 = 0
[trace_headers @ 0x7c6c0c0f0] 288         extension_data                                              0 = 0
[trace_headers @ 0x7c6c0c0f0] 289         extension_data                                              0 = 0
[trace_headers @ 0x7c6c0c0f0] 290         extension_data                                              0 = 0
[trace_headers @ 0x7c6c0c0f0] 291         extension_data                                              0 = 0
[trace_headers @ 0x7c6c0c0f0] 292         extension_data                                              0 = 0
[trace_headers @ 0x7c6c0c0f0] 293         extension_data                                              0 = 0
[trace_headers @ 0x7c6c0c0f0] 294         extension_data                                              0 = 0
[trace_headers @ 0x7c6c0c0f0] 295         extension_data                                              0 = 0
[trace_headers @ 0x7c6c0c0f0] 296         extension_data                                              0 = 0
[trace_headers @ 0x7c6c0c0f0] 297         extension_data                                              0 = 0
[trace_headers @ 0x7c6c0c0f0] 298         extension_data                                              0 = 0
[trace_headers @ 0x7c6c0c0f0] 299         extension_data                                              0 = 0
[trace_headers @ 0x7c6c0c0f0] 300         extension_data                                              0 = 0
[trace_headers @ 0x7c6c0c0f0] 301         extension_data                                              0 = 0
[trace_headers @ 0x7c6c0c0f0] 302         extension_data                                              0 = 0
[trace_headers @ 0x7c6c0c0f0] 303         extension_data                                              0 = 0
[trace_headers @ 0x7c6c0c0f0] 304         extension_data                                              0 = 0
[trace_headers @ 0x7c6c0c0f0] 305         extension_data                                              0 = 0
[trace_headers @ 0x7c6c0c0f0] 306         extension_data                                              0 = 0
[trace_headers @ 0x7c6c0c0f0] 307         extension_data                                              0 = 0
[trace_headers @ 0x7c6c0c0f0] 308         extension_data                                              0 = 0
[trace_headers @ 0x7c6c0c0f0] 309         extension_data                                              1 = 1
[trace_headers @ 0x7c6c0c0f0] 310         extension_data                                              1 = 1
[trace_headers @ 0x7c6c0c0f0] 311         extension_data                                              1 = 1
[trace_headers @ 0x7c6c0c0f0] 312         extension_data                                              1 = 1
[trace_headers @ 0x7c6c0c0f0] 313         extension_data                                              0 = 0
[trace_headers @ 0x7c6c0c0f0] 314         extension_data                                              0 = 0
[trace_headers @ 0x7c6c0c0f0] 315         extension_data                                              0 = 0
[trace_headers @ 0x7c6c0c0f0] 316         extension_data                                              1 = 1
[trace_headers @ 0x7c6c0c0f0] 317         extension_data                                              0 = 0
[trace_headers @ 0x7c6c0c0f0] 318         extension_data                                              0 = 0
[trace_headers @ 0x7c6c0c0f0] 319         extension_data                                              0 = 0
[trace_headers @ 0x7c6c0c0f0] 320         extension_data                                              1 = 1
[trace_headers @ 0x7c6c0c0f0] 321         extension_data                                              1 = 1
[trace_headers @ 0x7c6c0c0f0] 322         extension_data                                              0 = 0
[trace_headers @ 0x7c6c0c0f0] 323         extension_data                                              1 = 1
[trace_headers @ 0x7c6c0c0f0] 324         extension_data                                              0 = 0
[trace_headers @ 0x7c6c0c0f0] 325         extension_data                                              0 = 0
[trace_headers @ 0x7c6c0c0f0] 326         extension_data                                              0 = 0
[trace_headers @ 0x7c6c0c0f0] 327         extension_data                                              0 = 0
[trace_headers @ 0x7c6c0c0f0] 328         extension_data                                              0 = 0
[trace_headers @ 0x7c6c0c0f0] 329         extension_data                                              1 = 1
[trace_headers @ 0x7c6c0c0f0] 330         extension_data                                              0 = 0
[trace_headers @ 0x7c6c0c0f0] 331         extension_data                                              1 = 1
[trace_headers @ 0x7c6c0c0f0] 332         extension_data                                              0 = 0
[trace_headers @ 0x7c6c0c0f0] 333         extension_data                                              0 = 0
[trace_headers @ 0x7c6c0c0f0] 334         extension_data                                              0 = 0
[trace_headers @ 0x7c6c0c0f0] 335         extension_data                                              0 = 0
[trace_headers @ 0x7c6c0c0f0] 336         extension_data                                              0 = 0
[trace_headers @ 0x7c6c0c0f0] 337         extension_data                                              0 = 0
[trace_headers @ 0x7c6c0c0f0] 338         extension_data                                              0 = 0
[trace_headers @ 0x7c6c0c0f0] 339         extension_data                                              0 = 0
[trace_headers @ 0x7c6c0c0f0] 340         extension_data                                              0 = 0
[trace_headers @ 0x7c6c0c0f0] 341         extension_data                                              0 = 0
[trace_headers @ 0x7c6c0c0f0] 342         extension_data                                              0 = 0
[trace_headers @ 0x7c6c0c0f0] 343         extension_data                                              0 = 0
[trace_headers @ 0x7c6c0c0f0] 344         extension_data                                              0 = 0
[trace_headers @ 0x7c6c0c0f0] 345         extension_data                                              1 = 1
[trace_headers @ 0x7c6c0c0f0] 346         extension_data                                              0 = 0
[trace_headers @ 0x7c6c0c0f0] 347         extension_data                                              1 = 1
[trace_headers @ 0x7c6c0c0f0] 348         extension_data                                              0 = 0
[trace_headers @ 0x7c6c0c0f0] 349         extension_data                                              0 = 0
[trace_headers @ 0x7c6c0c0f0] 350         extension_data                                              0 = 0
[trace_headers @ 0x7c6c0c0f0] 351         extension_data                                              0 = 0
[trace_headers @ 0x7c6c0c0f0] 352         extension_data                                              0 = 0
[trace_headers @ 0x7c6c0c0f0] 353         extension_data                                              0 = 0
[trace_headers @ 0x7c6c0c0f0] 354         extension_data                                              0 = 0
[trace_headers @ 0x7c6c0c0f0] 355         extension_data                                              0 = 0
[trace_headers @ 0x7c6c0c0f0] 356         extension_data                                              1 = 1
[trace_headers @ 0x7c6c0c0f0] 357         extension_data                                              0 = 0
[trace_headers @ 0x7c6c0c0f0] 358         extension_data                                              1 = 1
[trace_headers @ 0x7c6c0c0f0] 359         extension_data                                              0 = 0
[trace_headers @ 0x7c6c0c0f0] 360         extension_data                                              0 = 0
[trace_headers @ 0x7c6c0c0f0] 361         extension_data                                              1 = 1
[trace_headers @ 0x7c6c0c0f0] 362         extension_data                                              0 = 0
[trace_headers @ 0x7c6c0c0f0] 363         extension_data                                              0 = 0
[trace_headers @ 0x7c6c0c0f0] 364         extension_data                                              0 = 0
[trace_headers @ 0x7c6c0c0f0] 365         extension_data                                              1 = 1
[trace_headers @ 0x7c6c0c0f0] 366         extension_data                                              0 = 0
[trace_headers @ 0x7c6c0c0f0] 367         extension_data                                              0 = 0
[trace_headers @ 0x7c6c0c0f0] 368         extension_data                                              1 = 1
[trace_headers @ 0x7c6c0c0f0] 369         extension_data                                              1 = 1
[trace_headers @ 0x7c6c0c0f0] 370         extension_data                                              0 = 0
[trace_headers @ 0x7c6c0c0f0] 371         extension_data                                              0 = 0
[trace_headers @ 0x7c6c0c0f0] 372         extension_data                                              0 = 0
[trace_headers @ 0x7c6c0c0f0] 373         extension_data                                              1 = 1
[trace_headers @ 0x7c6c0c0f0] 374         extension_data                                              0 = 0
[trace_headers @ 0x7c6c0c0f0] 375         extension_data                                              1 = 1
[trace_headers @ 0x7c6c0c0f0] 376         extension_data                                              0 = 0
[trace_headers @ 0x7c6c0c0f0] 377         extension_data                                              0 = 0
[trace_headers @ 0x7c6c0c0f0] 378         extension_data                                              1 = 1
[trace_headers @ 0x7c6c0c0f0] 379         extension_data                                              0 = 0
[trace_headers @ 0x7c6c0c0f0] 380         extension_data                                              1 = 1
[trace_headers @ 0x7c6c0c0f0] 381         extension_data                                              0 = 0
[trace_headers @ 0x7c6c0c0f0] 382         extension_data                                              1 = 1
[trace_headers @ 0x7c6c0c0f0] 383         extension_data                                              1 = 1
[trace_headers @ 0x7c6c0c0f0] 384         extension_data                                              1 = 1
[trace_headers @ 0x7c6c0c0f0] 385         extension_data                                              1 = 1
[trace_headers @ 0x7c6c0c0f0] 386         extension_data                                              1 = 1
[trace_headers @ 0x7c6c0c0f0] 387         extension_data                                              1 = 1
[trace_headers @ 0x7c6c0c0f0] 388         extension_data                                              0 = 0
[trace_headers @ 0x7c6c0c0f0] 389         extension_data                                              1 = 1
[trace_headers @ 0x7c6c0c0f0] 390         extension_data                                              1 = 1
[trace_headers @ 0x7c6c0c0f0] 391         extension_data                                              1 = 1
[trace_headers @ 0x7c6c0c0f0] 392         extension_data                                              0 = 0
[trace_headers @ 0x7c6c0c0f0] 393         extension_data                                              0 = 0
[trace_headers @ 0x7c6c0c0f0] 394         extension_data                                              0 = 0
[trace_headers @ 0x7c6c0c0f0] 395         extension_data                                              0 = 0
[trace_headers @ 0x7c6c0c0f0] 396         extension_data                                              1 = 1
[trace_headers @ 0x7c6c0c0f0] 397         extension_data                                              0 = 0
[trace_headers @ 0x7c6c0c0f0] 398         extension_data                                              0 = 0
[trace_headers @ 0x7c6c0c0f0] 399         extension_data                                              0 = 0
[trace_headers @ 0x7c6c0c0f0] 400         extension_data                                              0 = 0
[trace_headers @ 0x7c6c0c0f0] 401         extension_data                                              1 = 1
[trace_headers @ 0x7c6c0c0f0] 402         extension_data                                              0 = 0
[trace_headers @ 0x7c6c0c0f0] 403         extension_data                                              1 = 1
[trace_headers @ 0x7c6c0c0f0] 404         extension_data                                              0 = 0
[trace_headers @ 0x7c6c0c0f0] 405         extension_data                                              0 = 0
[trace_headers @ 0x7c6c0c0f0] 406         extension_data                                              0 = 0
[trace_headers @ 0x7c6c0c0f0] 407         extension_data                                              0 = 0
[trace_headers @ 0x7c6c0c0f0] 408         extension_data                                              0 = 0
[trace_headers @ 0x7c6c0c0f0] 409         extension_data                                              0 = 0
[trace_headers @ 0x7c6c0c0f0] 410         extension_data                                              0 = 0
[trace_headers @ 0x7c6c0c0f0] 411         extension_data                                              0 = 0
[trace_headers @ 0x7c6c0c0f0] 412         extension_data                                              1 = 1
[trace_headers @ 0x7c6c0c0f0] 413         extension_data                                              0 = 0
[trace_headers @ 0x7c6c0c0f0] 414         extension_data                                              0 = 0
[trace_headers @ 0x7c6c0c0f0] 415         extension_data                                              0 = 0
[trace_headers @ 0x7c6c0c0f0] 416         extension_data                                              0 = 0
[trace_headers @ 0x7c6c0c0f0] 417         extension_data                                              0 = 0
[trace_headers @ 0x7c6c0c0f0] 418         extension_data                                              0 = 0
[trace_headers @ 0x7c6c0c0f0] 419         extension_data                                              0 = 0
[trace_headers @ 0x7c6c0c0f0] 420         extension_data                                              1 = 1
[trace_headers @ 0x7c6c0c0f0] 421         extension_data                                              0 = 0
[trace_headers @ 0x7c6c0c0f0] 422         extension_data                                              0 = 0
[trace_headers @ 0x7c6c0c0f0] 423         extension_data                                              0 = 0
[trace_headers @ 0x7c6c0c0f0] 424         extension_data                                              0 = 0
[trace_headers @ 0x7c6c0c0f0] 425         extension_data                                              0 = 0
[trace_headers @ 0x7c6c0c0f0] 426         extension_data                                              0 = 0
[trace_headers @ 0x7c6c0c0f0] 427         extension_data                                              0 = 0
[trace_headers @ 0x7c6c0c0f0] 428         extension_data                                              1 = 1
[trace_headers @ 0x7c6c0c0f0] 429         extension_data                                              0 = 0
[trace_headers @ 0x7c6c0c0f0] 430         extension_data                                              0 = 0
[trace_headers @ 0x7c6c0c0f0] 431         extension_data                                              0 = 0
[trace_headers @ 0x7c6c0c0f0] 432         extension_data                                              0 = 0
[trace_headers @ 0x7c6c0c0f0] 433         extension_data                                              0 = 0
[trace_headers @ 0x7c6c0c0f0] 434         extension_data                                              0 = 0
[trace_headers @ 0x7c6c0c0f0] 435         extension_data                                              0 = 0
[trace_headers @ 0x7c6c0c0f0] 436         extension_data                                              0 = 0
[trace_headers @ 0x7c6c0c0f0] 437         extension_data                                              0 = 0
[trace_headers @ 0x7c6c0c0f0] 438         extension_data                                              0 = 0
[trace_headers @ 0x7c6c0c0f0] 439         extension_data                                              0 = 0
[trace_headers @ 0x7c6c0c0f0] 440         rbsp_stop_one_bit                                           1 = 1
[trace_headers @ 0x7c6c0c0f0] 441         rbsp_alignment_zero_bit                                     0 = 0
[trace_headers @ 0x7c6c0c0f0] 442         rbsp_alignment_zero_bit                                     0 = 0
[trace_headers @ 0x7c6c0c0f0] 443         rbsp_alignment_zero_bit                                     0 = 0
[trace_headers @ 0x7c6c0c0f0] 444         rbsp_alignment_zero_bit                                     0 = 0
[trace_headers @ 0x7c6c0c0f0] 445         rbsp_alignment_zero_bit                                     0 = 0
[trace_headers @ 0x7c6c0c0f0] 446         rbsp_alignment_zero_bit                                     0 = 0
[trace_headers @ 0x7c6c0c0f0] 447         rbsp_alignment_zero_bit                                     0 = 0
[trace_headers @ 0x7c6c0c0f0] Sequence Parameter Set
[trace_headers @ 0x7c6c0c0f0] 0           forbidden_zero_bit                                          0 = 0
[trace_headers @ 0x7c6c0c0f0] 1           nal_unit_type                                          100001 = 33
[trace_headers @ 0x7c6c0c0f0] 7           nuh_layer_id                                           000000 = 0
[trace_headers @ 0x7c6c0c0f0] 13          nuh_temporal_id_plus1                                     001 = 1
[trace_headers @ 0x7c6c0c0f0] 16          sps_video_parameter_set_id                               0000 = 0
[trace_headers @ 0x7c6c0c0f0] 20          sps_max_sub_layers_minus1                                 000 = 0
[trace_headers @ 0x7c6c0c0f0] 23          sps_temporal_id_nesting_flag                                1 = 1
[trace_headers @ 0x7c6c0c0f0] 24          general_profile_space                                      00 = 0
[trace_headers @ 0x7c6c0c0f0] 26          general_tier_flag                                           0 = 0
[trace_headers @ 0x7c6c0c0f0] 27          general_profile_idc                                     00010 = 2
[trace_headers @ 0x7c6c0c0f0] 32          general_profile_compatibility_flag[0]                       0 = 0
[trace_headers @ 0x7c6c0c0f0] 33          general_profile_compatibility_flag[1]                       0 = 0
[trace_headers @ 0x7c6c0c0f0] 34          general_profile_compatibility_flag[2]                       1 = 1
[trace_headers @ 0x7c6c0c0f0] 35          general_profile_compatibility_flag[3]                       0 = 0
[trace_headers @ 0x7c6c0c0f0] 36          general_profile_compatibility_flag[4]                       0 = 0
[trace_headers @ 0x7c6c0c0f0] 37          general_profile_compatibility_flag[5]                       0 = 0
[trace_headers @ 0x7c6c0c0f0] 38          general_profile_compatibility_flag[6]                       0 = 0
[trace_headers @ 0x7c6c0c0f0] 39          general_profile_compatibility_flag[7]                       0 = 0
[trace_headers @ 0x7c6c0c0f0] 40          general_profile_compatibility_flag[8]                       0 = 0
[trace_headers @ 0x7c6c0c0f0] 41          general_profile_compatibility_flag[9]                       0 = 0
[trace_headers @ 0x7c6c0c0f0] 42          general_profile_compatibility_flag[10]                      0 = 0
[trace_headers @ 0x7c6c0c0f0] 43          general_profile_compatibility_flag[11]                      0 = 0
[trace_headers @ 0x7c6c0c0f0] 44          general_profile_compatibility_flag[12]                      0 = 0
[trace_headers @ 0x7c6c0c0f0] 45          general_profile_compatibility_flag[13]                      0 = 0
[trace_headers @ 0x7c6c0c0f0] 46          general_profile_compatibility_flag[14]                      0 = 0
[trace_headers @ 0x7c6c0c0f0] 47          general_profile_compatibility_flag[15]                      0 = 0
[trace_headers @ 0x7c6c0c0f0] 48          general_profile_compatibility_flag[16]                      0 = 0
[trace_headers @ 0x7c6c0c0f0] 49          general_profile_compatibility_flag[17]                      0 = 0
[trace_headers @ 0x7c6c0c0f0] 50          general_profile_compatibility_flag[18]                      0 = 0
[trace_headers @ 0x7c6c0c0f0] 51          general_profile_compatibility_flag[19]                      0 = 0
[trace_headers @ 0x7c6c0c0f0] 52          general_profile_compatibility_flag[20]                      0 = 0
[trace_headers @ 0x7c6c0c0f0] 53          general_profile_compatibility_flag[21]                      0 = 0
[trace_headers @ 0x7c6c0c0f0] 54          general_profile_compatibility_flag[22]                      0 = 0
[trace_headers @ 0x7c6c0c0f0] 55          general_profile_compatibility_flag[23]                      0 = 0
[trace_headers @ 0x7c6c0c0f0] 56          general_profile_compatibility_flag[24]                      0 = 0
[trace_headers @ 0x7c6c0c0f0] 57          general_profile_compatibility_flag[25]                      0 = 0
[trace_headers @ 0x7c6c0c0f0] 58          general_profile_compatibility_flag[26]                      0 = 0
[trace_headers @ 0x7c6c0c0f0] 59          general_profile_compatibility_flag[27]                      0 = 0
[trace_headers @ 0x7c6c0c0f0] 60          general_profile_compatibility_flag[28]                      0 = 0
[trace_headers @ 0x7c6c0c0f0] 61          general_profile_compatibility_flag[29]                      0 = 0
[trace_headers @ 0x7c6c0c0f0] 62          general_profile_compatibility_flag[30]                      0 = 0
[trace_headers @ 0x7c6c0c0f0] 63          general_profile_compatibility_flag[31]                      0 = 0
[trace_headers @ 0x7c6c0c0f0] 64          general_progressive_source_flag                             1 = 1
[trace_headers @ 0x7c6c0c0f0] 65          general_interlaced_source_flag                              0 = 0
[trace_headers @ 0x7c6c0c0f0] 66          general_non_packed_constraint_flag                          1 = 1
[trace_headers @ 0x7c6c0c0f0] 67          general_frame_only_constraint_flag                          1 = 1
[trace_headers @ 0x7c6c0c0f0] 68          general_reserved_zero_7bits                           0000000 = 0
[trace_headers @ 0x7c6c0c0f0] 75          general_one_picture_only_constraint_flag                    0 = 0
[trace_headers @ 0x7c6c0c0f0] 76          general_reserved_zero_35bits         000000000000000000000000 = 0
[trace_headers @ 0x7c6c0c0f0] 100         general_reserved_zero_35bits                      00000000000 = 0
[trace_headers @ 0x7c6c0c0f0] 111         general_inbld_flag                                          0 = 0
[trace_headers @ 0x7c6c0c0f0] 112         general_level_idc                                    01111000 = 120
[trace_headers @ 0x7c6c0c0f0] 120         sps_seq_parameter_set_id                                    1 = 0
[trace_headers @ 0x7c6c0c0f0] 121         chroma_format_idc                                         010 = 1
[trace_headers @ 0x7c6c0c0f0] 124         pic_width_in_luma_samples               000000000010100000001 = 1280
[trace_headers @ 0x7c6c0c0f0] 145         pic_height_in_luma_samples              000000000010100000001 = 1280
[trace_headers @ 0x7c6c0c0f0] 166         conformance_window_flag                                     0 = 0
[trace_headers @ 0x7c6c0c0f0] 167         bit_depth_luma_minus8                                     011 = 2
[trace_headers @ 0x7c6c0c0f0] 170         bit_depth_chroma_minus8                                   011 = 2
[trace_headers @ 0x7c6c0c0f0] 173         log2_max_pic_order_cnt_lsb_minus4                     0001000 = 7
[trace_headers @ 0x7c6c0c0f0] 180         sps_sub_layer_ordering_info_present_flag                    0 = 0
[trace_headers @ 0x7c6c0c0f0] 181         sps_max_dec_pic_buffering_minus1[0]                     00101 = 4
[trace_headers @ 0x7c6c0c0f0] 186         sps_max_num_reorder_pics[0]                               011 = 2
[trace_headers @ 0x7c6c0c0f0] 189         sps_max_latency_increase_plus1[0]                           1 = 0
[trace_headers @ 0x7c6c0c0f0] 190         log2_min_luma_coding_block_size_minus3                      1 = 0
[trace_headers @ 0x7c6c0c0f0] 191         log2_diff_max_min_luma_coding_block_size                  011 = 2
[trace_headers @ 0x7c6c0c0f0] 194         log2_min_luma_transform_block_size_minus2                   1 = 0
[trace_headers @ 0x7c6c0c0f0] 195         log2_diff_max_min_luma_transform_block_size             00100 = 3
[trace_headers @ 0x7c6c0c0f0] 200         max_transform_hierarchy_depth_inter                       010 = 1
[trace_headers @ 0x7c6c0c0f0] 203         max_transform_hierarchy_depth_intra                         1 = 0
[trace_headers @ 0x7c6c0c0f0] 204         scaling_list_enabled_flag                                   1 = 1
[trace_headers @ 0x7c6c0c0f0] 205         sps_scaling_list_data_present_flag                          0 = 0
[trace_headers @ 0x7c6c0c0f0] 206         amp_enabled_flag                                            0 = 0
[trace_headers @ 0x7c6c0c0f0] 207         sample_adaptive_offset_enabled_flag                         1 = 1
[trace_headers @ 0x7c6c0c0f0] 208         pcm_enabled_flag                                            0 = 0
[trace_headers @ 0x7c6c0c0f0] 209         num_short_term_ref_pic_sets                                 1 = 0
[trace_headers @ 0x7c6c0c0f0] 210         long_term_ref_pics_present_flag                             0 = 0
[trace_headers @ 0x7c6c0c0f0] 211         sps_temporal_mvp_enabled_flag                               1 = 1
[trace_headers @ 0x7c6c0c0f0] 212         strong_intra_smoothing_enabled_flag                         0 = 0
[trace_headers @ 0x7c6c0c0f0] 213         vui_parameters_present_flag                                 1 = 1
[trace_headers @ 0x7c6c0c0f0] 214         aspect_ratio_info_present_flag                              1 = 1
[trace_headers @ 0x7c6c0c0f0] 215         aspect_ratio_idc                                     00000001 = 1
[trace_headers @ 0x7c6c0c0f0] 223         overscan_info_present_flag                                  0 = 0
[trace_headers @ 0x7c6c0c0f0] 224         video_signal_type_present_flag                              1 = 1
[trace_headers @ 0x7c6c0c0f0] 225         video_format                                              101 = 5
[trace_headers @ 0x7c6c0c0f0] 228         video_full_range_flag                                       0 = 0
[trace_headers @ 0x7c6c0c0f0] 229         colour_description_present_flag                             1 = 1
[trace_headers @ 0x7c6c0c0f0] 230         colour_primaries                                     00000001 = 1
[trace_headers @ 0x7c6c0c0f0] 238         transfer_characteristics                             00000001 = 1
[trace_headers @ 0x7c6c0c0f0] 246         matrix_coefficients                                  00000001 = 1
[trace_headers @ 0x7c6c0c0f0] 254         chroma_loc_info_present_flag                                0 = 0
[trace_headers @ 0x7c6c0c0f0] 255         neutral_chroma_indication_flag                              0 = 0
[trace_headers @ 0x7c6c0c0f0] 256         field_seq_flag                                              0 = 0
[trace_headers @ 0x7c6c0c0f0] 257         frame_field_info_present_flag                               0 = 0
[trace_headers @ 0x7c6c0c0f0] 258         default_display_window_flag                                 0 = 0
[trace_headers @ 0x7c6c0c0f0] 259         vui_timing_info_present_flag                                0 = 0
[trace_headers @ 0x7c6c0c0f0] 260         bitstream_restriction_flag                                  0 = 0
[trace_headers @ 0x7c6c0c0f0] 261         sps_extension_present_flag                                  0 = 0
[trace_headers @ 0x7c6c0c0f0] 262         rbsp_stop_one_bit                                           1 = 1
[trace_headers @ 0x7c6c0c0f0] 263         rbsp_alignment_zero_bit                                     0 = 0
[trace_headers @ 0x7c6c0c0f0] Picture Parameter Set
[trace_headers @ 0x7c6c0c0f0] 0           forbidden_zero_bit                                          0 = 0
[trace_headers @ 0x7c6c0c0f0] 1           nal_unit_type                                          100010 = 34
[trace_headers @ 0x7c6c0c0f0] 7           nuh_layer_id                                           000000 = 0
[trace_headers @ 0x7c6c0c0f0] 13          nuh_temporal_id_plus1                                     001 = 1
[trace_headers @ 0x7c6c0c0f0] 16          pps_pic_parameter_set_id                                    1 = 0
[trace_headers @ 0x7c6c0c0f0] 17          pps_seq_parameter_set_id                                    1 = 0
[trace_headers @ 0x7c6c0c0f0] 18          dependent_slice_segments_enabled_flag                       0 = 0
[trace_headers @ 0x7c6c0c0f0] 19          output_flag_present_flag                                    0 = 0
[trace_headers @ 0x7c6c0c0f0] 20          num_extra_slice_header_bits                               000 = 0
[trace_headers @ 0x7c6c0c0f0] 23          sign_data_hiding_enabled_flag                               0 = 0
[trace_headers @ 0x7c6c0c0f0] 24          cabac_init_present_flag                                     0 = 0
[trace_headers @ 0x7c6c0c0f0] 25          num_ref_idx_l0_default_active_minus1                      010 = 1
[trace_headers @ 0x7c6c0c0f0] 28          num_ref_idx_l1_default_active_minus1                        1 = 0
[trace_headers @ 0x7c6c0c0f0] 29          init_qp_minus26                                             1 = 0
[trace_headers @ 0x7c6c0c0f0] 30          constrained_intra_pred_flag                                 0 = 0
[trace_headers @ 0x7c6c0c0f0] 31          transform_skip_enabled_flag                                 0 = 0
[trace_headers @ 0x7c6c0c0f0] 32          cu_qp_delta_enabled_flag                                    1 = 1
[trace_headers @ 0x7c6c0c0f0] 33          diff_cu_qp_delta_depth                                    011 = 2
[trace_headers @ 0x7c6c0c0f0] 36          pps_cb_qp_offset                                            1 = 0
[trace_headers @ 0x7c6c0c0f0] 37          pps_cr_qp_offset                                            1 = 0
[trace_headers @ 0x7c6c0c0f0] 38          pps_slice_chroma_qp_offsets_present_flag                    0 = 0
[trace_headers @ 0x7c6c0c0f0] 39          weighted_pred_flag                                          0 = 0
[trace_headers @ 0x7c6c0c0f0] 40          weighted_bipred_flag                                        0 = 0
[trace_headers @ 0x7c6c0c0f0] 41          transquant_bypass_enabled_flag                              0 = 0
[trace_headers @ 0x7c6c0c0f0] 42          tiles_enabled_flag                                          0 = 0
[trace_headers @ 0x7c6c0c0f0] 43          entropy_coding_sync_enabled_flag                            1 = 1
[trace_headers @ 0x7c6c0c0f0] 44          pps_loop_filter_across_slices_enabled_flag                  0 = 0
[trace_headers @ 0x7c6c0c0f0] 45          deblocking_filter_control_present_flag                      1 = 1
[trace_headers @ 0x7c6c0c0f0] 46          deblocking_filter_override_enabled_flag                     0 = 0
[trace_headers @ 0x7c6c0c0f0] 47          pps_deblocking_filter_disabled_flag                         0 = 0
[trace_headers @ 0x7c6c0c0f0] 48          pps_beta_offset_div2                                        1 = 0
[trace_headers @ 0x7c6c0c0f0] 49          pps_tc_offset_div2                                          1 = 0
[trace_headers @ 0x7c6c0c0f0] 50          pps_scaling_list_data_present_flag                          0 = 0
[trace_headers @ 0x7c6c0c0f0] 51          lists_modification_present_flag                             0 = 0
[trace_headers @ 0x7c6c0c0f0] 52          log2_parallel_merge_level_minus2                            1 = 0
[trace_headers @ 0x7c6c0c0f0] 53          slice_segment_header_extension_present_flag                 0 = 0
[trace_headers @ 0x7c6c0c0f0] 54          pps_extension_present_flag                                  0 = 0
[trace_headers @ 0x7c6c0c0f0] 55          rbsp_stop_one_bit                                           1 = 1
[trace_headers @ 0x7c6c0c0f0] Prefix Supplemental Enhancement Information
[trace_headers @ 0x7c6c0c0f0] 0           forbidden_zero_bit                                          0 = 0
[trace_headers @ 0x7c6c0c0f0] 1           nal_unit_type                                          100111 = 39
[trace_headers @ 0x7c6c0c0f0] 7           nuh_layer_id                                           000000 = 0
[trace_headers @ 0x7c6c0c0f0] 13          nuh_temporal_id_plus1                                     001 = 1
[trace_headers @ 0x7c6c0c0f0] 16          last_payload_type_byte                               10110000 = 176
[trace_headers @ 0x7c6c0c0f0] 24          last_payload_size_byte                               00000100 = 4
[trace_headers @ 0x7c6c0c0f0] Three Dimensional Reference Displays Information
[trace_headers @ 0x7c6c0c0f0] 32          prec_ref_display_width                            00000100000 = 31
[trace_headers @ 0x7c6c0c0f0] 43          ref_viewing_distance_flag                                   0 = 0
[trace_headers @ 0x7c6c0c0f0] 44          num_ref_displays_minus1                                     1 = 0
[trace_headers @ 0x7c6c0c0f0] 45          left_view_id[0]                                             1 = 0
[trace_headers @ 0x7c6c0c0f0] 46          right_view_id[0]                                          010 = 1
[trace_headers @ 0x7c6c0c0f0] 49          exponent_ref_display_width[0]                          000000 = 0
[trace_headers @ 0x7c6c0c0f0] 55          mantissa_ref_display_width[0]                               0 = 0
[trace_headers @ 0x7c6c0c0f0] 56          additional_shift_present_flag[0]                            0 = 0
[trace_headers @ 0x7c6c0c0f0] 57          three_dimensional_reference_displays_extension_flag         0 = 0
[trace_headers @ 0x7c6c0c0f0] 58          bit_equal_to_one                                            1 = 1
[trace_headers @ 0x7c6c0c0f0] 59          bit_equal_to_zero                                           0 = 0
[trace_headers @ 0x7c6c0c0f0] 60          bit_equal_to_zero                                           0 = 0
[trace_headers @ 0x7c6c0c0f0] 61          bit_equal_to_zero                                           0 = 0
[trace_headers @ 0x7c6c0c0f0] 62          bit_equal_to_zero                                           0 = 0
[trace_headers @ 0x7c6c0c0f0] 63          bit_equal_to_zero                                           0 = 0
[trace_headers @ 0x7c6c0c0f0] 64          rbsp_stop_one_bit                                           1 = 1
[trace_headers @ 0x7c6c0c0f0] 65          rbsp_alignment_zero_bit                                     0 = 0
[trace_headers @ 0x7c6c0c0f0] 66          rbsp_alignment_zero_bit                                     0 = 0
[trace_headers @ 0x7c6c0c0f0] 67          rbsp_alignment_zero_bit                                     0 = 0
[trace_headers @ 0x7c6c0c0f0] 68          rbsp_alignment_zero_bit                                     0 = 0
[trace_headers @ 0x7c6c0c0f0] 69          rbsp_alignment_zero_bit                                     0 = 0
[trace_headers @ 0x7c6c0c0f0] 70          rbsp_alignment_zero_bit                                     0 = 0
[trace_headers @ 0x7c6c0c0f0] 71          rbsp_alignment_zero_bit                                     0 = 0
Stream mapping:
  Stream #0:0 -> #0:0 (copy)
Output #0, null, to 'pipe:':
  Metadata:
    major_brand     : qt  
    minor_version   : 0
    compatible_brands: qt  
    encoder         : Lavf62.12.102
  Stream #0:0(und): Video: hevc (Main 10), 1 reference frame (hvc1 / 0x31637668), yuv420p10le(tv, bt709, progressive, left), 1280x1280 [SAR 1:1 DAR 1:1], q=2-31, 5830 kb/s, 29.97 fps, 29.97 tbr, 30k tbn (default)
    Metadata:
      creation_time   : 2025-07-16T22:20:37.000000Z
      handler_name    : Core Media Video
      vendor_id       :     
      encoder         : H.265 10-bit
      timecode        : 01:00:00;00
    Side data:
      Stereo 3D: unspecified, view: packed, primary eye: left, baseline: 11800, horizontal_disparity_adjustment: 0.0200, horizontal_field_of_view: 46.900
      Spherical Mapping: rectilinear 
[out#0/null @ 0x7c6c04900] Starting thread...
[in#0/mov,mp4,m4a,3gp,3g2,mj2 @ 0x7c6c10000] Starting thread...
Press [q] to stop, [?] for help
[trace_headers @ 0x7c6c0c0f0] Packet: 71650 bytes, key frame, pts 0, dts -2002, duration 1001.
[trace_headers @ 0x7c6c0c0f0] Prefix Supplemental Enhancement Information
[trace_headers @ 0x7c6c0c0f0] 0           forbidden_zero_bit                                          0 = 0
[trace_headers @ 0x7c6c0c0f0] 1           nal_unit_type                                          100111 = 39
[trace_headers @ 0x7c6c0c0f0] 7           nuh_layer_id                                           000000 = 0
[trace_headers @ 0x7c6c0c0f0] 13          nuh_temporal_id_plus1                                     001 = 1
[trace_headers @ 0x7c6c0c0f0] 16          last_payload_type_byte                               00000101 = 5
[trace_headers @ 0x7c6c0c0f0] 24          last_payload_size_byte                               00011010 = 26
[trace_headers @ 0x7c6c0c0f0] User Data Unregistered
[trace_headers @ 0x7c6c0c0f0] 32          uuid_iso_iec_11578[0]                                01000111 = 71
[trace_headers @ 0x7c6c0c0f0] 40          uuid_iso_iec_11578[1]                                01010110 = 86
[trace_headers @ 0x7c6c0c0f0] 48          uuid_iso_iec_11578[2]                                01001010 = 74
[trace_headers @ 0x7c6c0c0f0] 56          uuid_iso_iec_11578[3]                                11011100 = 220
[trace_headers @ 0x7c6c0c0f0] 64          uuid_iso_iec_11578[4]                                01011100 = 92
[trace_headers @ 0x7c6c0c0f0] 72          uuid_iso_iec_11578[5]                                01001100 = 76
[trace_headers @ 0x7c6c0c0f0] 80          uuid_iso_iec_11578[6]                                01000011 = 67
[trace_headers @ 0x7c6c0c0f0] 88          uuid_iso_iec_11578[7]                                00111111 = 63
[trace_headers @ 0x7c6c0c0f0] 96          uuid_iso_iec_11578[8]                                10010100 = 148
[trace_headers @ 0x7c6c0c0f0] 104         uuid_iso_iec_11578[9]                                11101111 = 239
[trace_headers @ 0x7c6c0c0f0] 112         uuid_iso_iec_11578[10]                               11000101 = 197
[trace_headers @ 0x7c6c0c0f0] 120         uuid_iso_iec_11578[11]                               00010001 = 17
[trace_headers @ 0x7c6c0c0f0] 128         uuid_iso_iec_11578[12]                               00111100 = 60
[trace_headers @ 0x7c6c0c0f0] 136         uuid_iso_iec_11578[13]                               11010001 = 209
[trace_headers @ 0x7c6c0c0f0] 144         uuid_iso_iec_11578[14]                               01000011 = 67
[trace_headers @ 0x7c6c0c0f0] 152         uuid_iso_iec_11578[15]                               10101000 = 168
[trace_headers @ 0x7c6c0c0f0] 160         user_data_payload_byte[0]                            00000011 = 3
[trace_headers @ 0x7c6c0c0f0] 168         user_data_payload_byte[1]                            11101110 = 238
[trace_headers @ 0x7c6c0c0f0] 176         user_data_payload_byte[2]                            00110011 = 51
[trace_headers @ 0x7c6c0c0f0] 184         user_data_payload_byte[3]                            00110011 = 51
[trace_headers @ 0x7c6c0c0f0] 192         user_data_payload_byte[4]                            11101110 = 238
[trace_headers @ 0x7c6c0c0f0] 200         user_data_payload_byte[5]                            00000010 = 2
[trace_headers @ 0x7c6c0c0f0] 208         user_data_payload_byte[6]                            00000000 = 0
[trace_headers @ 0x7c6c0c0f0] 216         user_data_payload_byte[7]                            01010100 = 84
[trace_headers @ 0x7c6c0c0f0] 224         user_data_payload_byte[8]                            01100000 = 96
[trace_headers @ 0x7c6c0c0f0] 232         user_data_payload_byte[9]                            00000000 = 0
[trace_headers @ 0x7c6c0c0f0] 240         rbsp_stop_one_bit                                           1 = 1
[trace_headers @ 0x7c6c0c0f0] 241         rbsp_alignment_zero_bit                                     0 = 0
[trace_headers @ 0x7c6c0c0f0] 242         rbsp_alignment_zero_bit                                     0 = 0
[trace_headers @ 0x7c6c0c0f0] 243         rbsp_alignment_zero_bit                                     0 = 0
[trace_headers @ 0x7c6c0c0f0] 244         rbsp_alignment_zero_bit                                     0 = 0
[trace_headers @ 0x7c6c0c0f0] 245         rbsp_alignment_zero_bit                                     0 = 0
[trace_headers @ 0x7c6c0c0f0] 246         rbsp_alignment_zero_bit                                     0 = 0
[trace_headers @ 0x7c6c0c0f0] 247         rbsp_alignment_zero_bit                                     0 = 0
[trace_headers @ 0x7c6c0c0f0] Slice Segment Header
[trace_headers @ 0x7c6c0c0f0] 0           forbidden_zero_bit                                          0 = 0
[trace_headers @ 0x7c6c0c0f0] 1           nal_unit_type                                          010100 = 20
[trace_headers @ 0x7c6c0c0f0] 7           nuh_layer_id                                           000000 = 0
[trace_headers @ 0x7c6c0c0f0] 13          nuh_temporal_id_plus1                                     001 = 1
[trace_headers @ 0x7c6c0c0f0] 16          first_slice_segment_in_pic_flag                             1 = 1
[trace_headers @ 0x7c6c0c0f0] 17          no_output_of_prior_pics_flag                                0 = 0
[trace_headers @ 0x7c6c0c0f0] 18          slice_pic_parameter_set_id                                  1 = 0
[trace_headers @ 0x7c6c0c0f0] 19          slice_type                                                011 = 2
[trace_headers @ 0x7c6c0c0f0] 22          slice_sao_luma_flag                                         1 = 1
[trace_headers @ 0x7c6c0c0f0] 23          slice_sao_chroma_flag                                       1 = 1
[trace_headers @ 0x7c6c0c0f0] 24          slice_qp_delta                                        0001010 = 5
[trace_headers @ 0x7c6c0c0f0] 31          num_entry_point_offsets                           00000101000 = 39
[trace_headers @ 0x7c6c0c0f0] 42          offset_len_minus1                                     0001100 = 11
[trace_headers @ 0x7c6c0c0f0] 49          entry_point_offset_minus1[0]                     001011000001 = 705
[trace_headers @ 0x7c6c0c0f0] 61          entry_point_offset_minus1[1]                     001001111011 = 635
[trace_headers @ 0x7c6c0c0f0] 73          entry_point_offset_minus1[2]                     001010111000 = 696
[trace_headers @ 0x7c6c0c0f0] 85          entry_point_offset_minus1[3]                     001011100100 = 740
[trace_headers @ 0x7c6c0c0f0] 97          entry_point_offset_minus1[4]                     001010111001 = 697
[trace_headers @ 0x7c6c0c0f0] 109         entry_point_offset_minus1[5]                     001011101111 = 751
[trace_headers @ 0x7c6c0c0f0] 121         entry_point_offset_minus1[6]                     001011001110 = 718
[trace_headers @ 0x7c6c0c0f0] 133         entry_point_offset_minus1[7]                     001010111001 = 697
[trace_headers @ 0x7c6c0c0f0] 145         entry_point_offset_minus1[8]                     001111000101 = 965
[trace_headers @ 0x7c6c0c0f0] 157         entry_point_offset_minus1[9]                     010011110001 = 1265
[trace_headers @ 0x7c6c0c0f0] 169         entry_point_offset_minus1[10]                    011001000011 = 1603
[trace_headers @ 0x7c6c0c0f0] 181         entry_point_offset_minus1[11]                    010111011101 = 1501
[trace_headers @ 0x7c6c0c0f0] 193         entry_point_offset_minus1[12]                    010110111011 = 1467
[trace_headers @ 0x7c6c0c0f0] 205         entry_point_offset_minus1[13]                    010011110011 = 1267
[trace_headers @ 0x7c6c0c0f0] 217         entry_point_offset_minus1[14]                    010000101010 = 1066
[trace_headers @ 0x7c6c0c0f0] 229         entry_point_offset_minus1[15]                    010101111010 = 1402
[trace_headers @ 0x7c6c0c0f0] 241         entry_point_offset_minus1[16]                    010011010010 = 1234
[trace_headers @ 0x7c6c0c0f0] 253         entry_point_offset_minus1[17]                    010100111100 = 1340
[trace_headers @ 0x7c6c0c0f0] 265         entry_point_offset_minus1[18]                    011001111001 = 1657
[trace_headers @ 0x7c6c0c0f0] 277         entry_point_offset_minus1[19]                    011100000000 = 1792
[trace_headers @ 0x7c6c0c0f0] 289         entry_point_offset_minus1[20]                    011010100110 = 1702
[trace_headers @ 0x7c6c0c0f0] 301         entry_point_offset_minus1[21]                    010110010100 = 1428
[trace_headers @ 0x7c6c0c0f0] 313         entry_point_offset_minus1[22]                    010111011100 = 1500
[trace_headers @ 0x7c6c0c0f0] 325         entry_point_offset_minus1[23]                    011101110011 = 1907
[trace_headers @ 0x7c6c0c0f0] 337         entry_point_offset_minus1[24]                    100000110110 = 2102
[trace_headers @ 0x7c6c0c0f0] 349         entry_point_offset_minus1[25]                    100010100110 = 2214
[trace_headers @ 0x7c6c0c0f0] 361         entry_point_offset_minus1[26]                    100011010100 = 2260
[trace_headers @ 0x7c6c0c0f0] 373         entry_point_offset_minus1[27]                    011110110110 = 1974
[trace_headers @ 0x7c6c0c0f0] 385         entry_point_offset_minus1[28]                    011001101100 = 1644
[trace_headers @ 0x7c6c0c0f0] 397         entry_point_offset_minus1[29]                    010001110100 = 1140
[trace_headers @ 0x7c6c0c0f0] 409         entry_point_offset_minus1[30]                    010000010100 = 1044
[trace_headers @ 0x7c6c0c0f0] 421         entry_point_offset_minus1[31]                    001111100100 = 996
[trace_headers @ 0x7c6c0c0f0] 433         entry_point_offset_minus1[32]                    010000001100 = 1036
[trace_headers @ 0x7c6c0c0f0] 445         entry_point_offset_minus1[33]                    010000011110 = 1054
[trace_headers @ 0x7c6c0c0f0] 457         entry_point_offset_minus1[34]                    001110101001 = 937
[trace_headers @ 0x7c6c0c0f0] 469         entry_point_offset_minus1[35]                    001101110100 = 884
[trace_headers @ 0x7c6c0c0f0] 481         entry_point_offset_minus1[36]                    001011100111 = 743
[trace_headers @ 0x7c6c0c0f0] 493         entry_point_offset_minus1[37]                    001010101111 = 687
[trace_headers @ 0x7c6c0c0f0] 505         entry_point_offset_minus1[38]                    001001110111 = 631
[trace_headers @ 0x7c6c0c0f0] 517         alignment_bit_equal_to_one                                  1 = 1
[trace_headers @ 0x7c6c0c0f0] 518         alignment_bit_equal_to_zero                                 0 = 0
[trace_headers @ 0x7c6c0c0f0] 519         alignment_bit_equal_to_zero                                 0 = 0
[out#0/null @ 0x7c6c04900] Muxer returned EOF
[out#0/null @ 0x7c6c04900] Terminating thread with return code 0 (success)
[vist#0:0/hevc @ 0x7c7018780] All consumers of this stream are done
[in#0/mov,mp4,m4a,3gp,3g2,mj2 @ 0x7c6c10000] All consumers are done
[in#0/mov,mp4,m4a,3gp,3g2,mj2 @ 0x7c6c10000] Terminating thread with return code 0 (success)
[out#0/null @ 0x7c6c04900] Output file #0 (pipe:):
[out#0/null @ 0x7c6c04900]   Output stream #0:0 (video): 1 packets muxed (71650 bytes); 
[out#0/null @ 0x7c6c04900]   Total: 1 packets (71650 bytes) muxed
[out#0/null @ 0x7c6c04900] video:70KiB audio:0KiB subtitle:0KiB other streams:0KiB global headers:0KiB muxing overhead: unknown
frame=    1 fps=0.0 q=-1.0 Lsize=N/A time=00:00:00.23 bitrate=N/A speed= 938x elapsed=0:00:00.00    
[in#0/mov,mp4,m4a,3gp,3g2,mj2 @ 0x7c6c10000] Input file #0 (research/items/R240.extract-a-native-2d-view-from-multiview-hevc.report-a/evidence/20260919T230500Z-apple-mvhevc/source.mov):
[in#0/mov,mp4,m4a,3gp,3g2,mj2 @ 0x7c6c10000]   Input stream #0:0 (video): 10 packets read (216520 bytes); 
[in#0/mov,mp4,m4a,3gp,3g2,mj2 @ 0x7c6c10000]   Total: 10 packets (216520 bytes) demuxed
[AVIOContext @ 0x7c6c10140] Statistics: 372673 bytes read, 4 seeks

Exiting with exit code 0
