ffmpeg version 8.1.2 Copyright (c) 2000-2026 the FFmpeg developers
  built with Apple clang version 21.0.0 (clang-2100.0.123.102)
  configuration: --prefix=/opt/homebrew/Cellar/ffmpeg/8.1.2 --enable-shared --enable-pthreads --enable-version3 --cc=clang --host-cflags= --host-ldflags= --enable-ffplay --enable-gpl --enable-libsvtav1 --enable-libopus --enable-libx264 --enable-libmp3lame --enable-libdav1d --enable-libvmaf --enable-libvpx --enable-libx265 --enable-openssl --enable-videotoolbox --enable-audiotoolbox --enable-neon
  libavutil      60. 26.102 / 60. 26.102
  libavcodec     62. 28.102 / 62. 28.102
  libavformat    62. 12.102 / 62. 12.102
  libavdevice    62.  3.102 / 62.  3.102
  libavfilter    11. 14.102 / 11. 14.102
  libswscale      9.  5.102 /  9.  5.102
  libswresample   6.  3.102 /  6.  3.102
Splitting the commandline.
Reading option '-v' ... matched as option 'v' (set logging level) with argument 'debug'.
Reading option '-y' ... matched as option 'y' (overwrite output files) with argument '1'.
Reading option '-i' ... matched as input url with argument 'research/shared/runs/20260919T_audio_disabled_tracks/source.mkv'.
Reading option '-map' ... matched as option 'map' (set input stream mapping) with argument '0:v:0'.
Reading option '-c:v' ... matched as option 'c' (select encoder/decoder ('copy' to copy stream without reencoding)) with argument 'copy'.
Reading option '-an' ... matched as option 'an' (disable audio) with argument '1'.
Reading option '-strict' ...Routing option strict to both codec and muxer layer
 matched as AVOption 'strict' with argument 'experimental'.
Reading option '-movflags' ... matched as AVOption 'movflags' with argument 'frag_keyframe+empty_moov+default_base_moof'.
Reading option 'research/shared/runs/20260919T_audio_disabled_tracks/disabled.mp4' ... matched as output url.
Finished splitting the commandline.
Parsing a group of options: global .
Applying option v (set logging level) with argument debug.
Applying option y (overwrite output files) with argument 1.
Successfully parsed a group of options.
Parsing a group of options: input url research/shared/runs/20260919T_audio_disabled_tracks/source.mkv.
Successfully parsed a group of options.
Opening an input file: research/shared/runs/20260919T_audio_disabled_tracks/source.mkv.
[in#0 @ 0xb92c14000] Opening 'research/shared/runs/20260919T_audio_disabled_tracks/source.mkv' for reading
[file @ 0xb93024000] Setting default whitelist 'file,crypto,data'
[in#0 @ 0xb92c14000] Format matroska,webm probed with size=2048 and score=100
st:0 removing common factor 1000000 from timebase
st:1 removing common factor 1000000 from timebase
[in#0/matroska,webm @ 0xb92c14000] Before avformat_find_stream_info() pos: 836 bytes read:32768 seeks:0 nb_streams:2
[h264 @ 0xb92c24380] nal_unit_type: 7(SPS), nal_ref_idc: 3
[h264 @ 0xb92c24380] Decoding VUI
[h264 @ 0xb92c24380] nal_unit_type: 8(PPS), nal_ref_idc: 3
Transform tree:
    mdct_inv_float_c - type: mdct_float, len: 128, factors[2]: [2, any], flags: [unaligned, out_of_place, inv_only]
        fft_sr_ns_float_neon - type: fft_float, len: 64, factor: 2, flags: [aligned, inplace, out_of_place, preshuf]
Transform tree:
    mdct_inv_float_c - type: mdct_float, len: 256, factors[2]: [2, any], flags: [unaligned, out_of_place, inv_only]
        fft_sr_ns_float_neon - type: fft_float, len: 128, factor: 2, flags: [aligned, inplace, out_of_place, preshuf]
[h264 @ 0xb92c24380] nal_unit_type: 7(SPS), nal_ref_idc: 3
[h264 @ 0xb92c24380] Decoding VUI
[h264 @ 0xb92c24380] nal_unit_type: 8(PPS), nal_ref_idc: 3
[h264 @ 0xb92c24380] nal_unit_type: 6(SEI), nal_ref_idc: 0
[h264 @ 0xb92c24380] nal_unit_type: 5(IDR), nal_ref_idc: 3
[h264 @ 0xb92c24380] Format yuv420p chosen by get_format().
[h264 @ 0xb92c24380] Reinit context to 160x96, pix_fmt: yuv420p
[h264 @ 0xb92c24380] nal_unit_type: 1(Coded slice of a non-IDR picture), nal_ref_idc: 2
    Last message repeated 5 times
[in#0/matroska,webm @ 0xb92c14000] All info found
[in#0/matroska,webm @ 0xb92c14000] After avformat_find_stream_info() pos: 9415 bytes read:32768 seeks:0 frames:18
Input #0, matroska,webm, from 'research/shared/runs/20260919T_audio_disabled_tracks/source.mkv':
  Metadata:
    COMPATIBLE_BRANDS: iso5iso6mp41
    MAJOR_BRAND     : iso5
    MINOR_VERSION   : 512
    ENCODER         : Lavf62.12.102
  Duration: 00:00:02.02, start: 0.000000, bitrate: 203 kb/s
  Stream #0:0, 8, 1/1000: Video: h264 (Constrained Baseline), 1 reference frame, yuv420p(progressive, left), 160x96 [SAR 1:1 DAR 5:3], 0/1, 24 fps, 24 tbr, 1k tbn (default)
    Metadata:
      HANDLER_NAME    : VideoHandler
      ENCODER         : Lavc62.28.102 libx264
      DURATION        : 00:00:02.000000000
  Stream #0:1, 10, 1/1000: Audio: ac3, 48000 Hz, stereo, fltp, 192 kb/s
    Metadata:
      DURATION        : 00:00:02.016000000
Successfully opened the file.
Parsing a group of options: output url research/shared/runs/20260919T_audio_disabled_tracks/disabled.mp4.
Applying option map (set input stream mapping) with argument 0:v:0.
Applying option c:v (select encoder/decoder ('copy' to copy stream without reencoding)) with argument copy.
Applying option an (disable audio) with argument 1.
Successfully parsed a group of options.
Opening an output file: research/shared/runs/20260919T_audio_disabled_tracks/disabled.mp4.
[out#0/mp4 @ 0xb93068300] Adding streams from explicit maps...
[vost#0:0/copy @ 0xb930e8000] Created video stream from input stream 0:0
[file @ 0xb93068840] Setting default whitelist 'file,crypto,data'
Successfully opened the file.
Stream mapping:
  Stream #0:0 -> #0:0 (copy)
[mp4 @ 0xb92c14280] Empty MOOV enabled; disabling automatic bitstream filtering
Output #0, mp4, to 'research/shared/runs/20260919T_audio_disabled_tracks/disabled.mp4':
  Metadata:
    COMPATIBLE_BRANDS: iso5iso6mp41
    MAJOR_BRAND     : iso5
    MINOR_VERSION   : 512
    encoder         : Lavf62.12.102
  Stream #0:0, 0, 1/16000: Video: h264 (Constrained Baseline), 1 reference frame (avc1 / 0x31637661), yuv420p(progressive, left), 160x96 [SAR 1:1 DAR 5:3], 0/1, q=2-31, 24 fps, 24 tbr, 16k tbn (default)
    Metadata:
      HANDLER_NAME    : VideoHandler
      ENCODER         : Lavc62.28.102 libx264
      DURATION        : 00:00:02.000000000
[out#0/mp4 @ 0xb93068300] Starting thread...
[in#0/matroska,webm @ 0xb92c10000] Starting thread...
Press [q] to stop, [?] for help
[in#0/matroska,webm @ 0xb92c10000] EOF while reading input
[in#0/matroska,webm @ 0xb92c10000] Terminating thread with return code 0 (success)
[out#0/mp4 @ 0xb93068300] All streams finished
[out#0/mp4 @ 0xb93068300] Terminating thread with return code 0 (success)
[AVIOContext @ 0xb92c10c80] Statistics: 2695 bytes written, 0 seeks, 2 writeouts
[out#0/mp4 @ 0xb93068300] Output file #0 (research/shared/runs/20260919T_audio_disabled_tracks/disabled.mp4):
[out#0/mp4 @ 0xb93068300]   Output stream #0:0 (video): 48 packets muxed (1229 bytes); 
[out#0/mp4 @ 0xb93068300]   Total: 48 packets (1229 bytes) muxed
[out#0/mp4 @ 0xb93068300] video:1KiB audio:0KiB subtitle:0KiB other streams:0KiB global headers:0KiB muxing overhead: 119.283971%
frame=   48 fps=0.0 q=-1.0 Lsize=       3KiB time=00:00:01.99 bitrate=  10.8kbits/s speed=8.36e+03x elapsed=0:00:00.00    
[in#0/matroska,webm @ 0xb92c10000] Input file #0 (research/shared/runs/20260919T_audio_disabled_tracks/source.mkv):
[in#0/matroska,webm @ 0xb92c10000]   Input stream #0:0 (video): 48 packets read (1229 bytes); 
[in#0/matroska,webm @ 0xb92c10000]   Total: 48 packets (1229 bytes) demuxed
[AVIOContext @ 0xb92c10140] Statistics: 51255 bytes read, 0 seeks

Exiting with exit code 0
