{
  "scope": "Known local three-track MP4 metadata view; both moov layouts, actual marked output, seek and EOF. No general track admission, remote proxy or redacted export.",
  "identity": {
    "scope": "Known unencrypted three-track fixture only; nested dependencies and non-32-bit box sizes reject. All unselected payload remains: not a redacted export.",
    "cases": [
      {
        "offset": 32,
        "size": 5368,
        "replacements": [
          1904
        ],
        "enabledFlagOffsets": [
          3620
        ],
        "tracks": [
          [
            1,
            "vide"
          ],
          [
            2,
            "soun"
          ],
          [
            3,
            "soun"
          ]
        ],
        "name": "two-front",
        "originalSHA256": "f9840b85a75912c70ef8c6a4a3620d7328f84310e7ce5d0c859c4988e9e7b489",
        "selectedSHA256": "9bb28ee3181f52253213e44ad3b8dddb415a2f1f5a9e46eaf573ed5bb07fd28e",
        "sameSelectedPackets": true,
        "sameMdat": true,
        "sameSize": true
      },
      {
        "offset": 74928,
        "size": 5368,
        "replacements": [
          76800
        ],
        "enabledFlagOffsets": [
          78516
        ],
        "tracks": [
          [
            1,
            "vide"
          ],
          [
            2,
            "soun"
          ],
          [
            3,
            "soun"
          ]
        ],
        "name": "two-tail",
        "originalSHA256": "8939729f486611851fb1adec4cc4fef77e49c7a59de25af843cc9afb1911d062",
        "selectedSHA256": "be732fe59665c41b4b6e35ba6287e60521176cbd5b653f5733fcfb2c30b5cf92",
        "sameSelectedPackets": true,
        "sameMdat": true,
        "sameSize": true
      }
    ],
    "negativeControls": 2
  },
  "cases": [
    {
      "name": "default-control",
      "observations": [
        {
          "t": 0.014063,
          "pixel": [
            254,
            0,
            0,
            255
          ],
          "hz": 433.59375,
          "db": -78.36540222167969
        },
        {
          "t": 0.036127,
          "pixel": [
            254,
            0,
            0,
            255
          ],
          "hz": 433.59375,
          "db": -54.40830993652344
        },
        {
          "t": 0.058667,
          "pixel": [
            254,
            0,
            0,
            255
          ],
          "hz": 445.3125,
          "db": -44.65892028808594
        },
        {
          "t": 0.08,
          "pixel": [
            254,
            0,
            0,
            255
          ],
          "hz": 445.3125,
          "db": -40.50816345214844
        },
        {
          "t": 0.101333,
          "pixel": [
            254,
            0,
            0,
            255
          ],
          "hz": 445.3125,
          "db": -38.26863098144531
        },
        {
          "t": 0.12654,
          "pixel": [
            254,
            0,
            0,
            255
          ],
          "hz": 445.3125,
          "db": -36.801761627197266
        },
        {
          "t": 1.520942,
          "pixel": [
            254,
            0,
            0,
            255
          ],
          "hz": 445.3125,
          "db": -36.04267120361328
        },
        {
          "t": 1.542296,
          "pixel": [
            254,
            0,
            0,
            255
          ],
          "hz": 433.59375,
          "db": -35.60868453979492
        },
        {
          "t": 1.563339,
          "pixel": [
            254,
            0,
            0,
            255
          ],
          "hz": 433.59375,
          "db": -34.99492645263672
        },
        {
          "t": 1.585333,
          "pixel": [
            254,
            0,
            0,
            255
          ],
          "hz": 433.59375,
          "db": -34.5567741394043
        },
        {
          "t": 1.609867,
          "pixel": [
            254,
            0,
            0,
            255
          ],
          "hz": 433.59375,
          "db": -34.22774124145508
        },
        {
          "t": 1.633333,
          "pixel": [
            254,
            0,
            0,
            255
          ],
          "hz": 433.59375,
          "db": -33.952735900878906
        },
        {
          "t": 1.659546,
          "pixel": [
            254,
            0,
            0,
            255
          ],
          "hz": 433.59375,
          "db": -33.73440170288086
        },
        {
          "t": 1.681333,
          "pixel": [
            254,
            0,
            0,
            255
          ],
          "hz": 433.59375,
          "db": -33.576499938964844
        },
        {
          "t": 1.702667,
          "pixel": [
            254,
            0,
            0,
            255
          ],
          "hz": 445.3125,
          "db": -33.44416046142578
        },
        {
          "t": 1.728321,
          "pixel": [
            254,
            0,
            0,
            255
          ],
          "hz": 445.3125,
          "db": -33.26791763305664
        },
        {
          "t": 1.750667,
          "pixel": [
            254,
            0,
            0,
            255
          ],
          "hz": 445.3125,
          "db": -33.126041412353516
        },
        {
          "t": 1.775843,
          "pixel": [
            254,
            0,
            0,
            255
          ],
          "hz": 445.3125,
          "db": -33.00080871582031
        },
        {
          "t": 1.798667,
          "pixel": [
            254,
            0,
            0,
            255
          ],
          "hz": 445.3125,
          "db": -32.897247314453125
        },
        {
          "t": 1.824969,
          "pixel": [
            254,
            0,
            0,
            255
          ],
          "hz": 445.3125,
          "db": -32.846675872802734
        },
        {
          "t": 1.846667,
          "pixel": [
            254,
            0,
            0,
            255
          ],
          "hz": 445.3125,
          "db": -32.79584503173828
        },
        {
          "t": 1.8714,
          "pixel": [
            254,
            0,
            0,
            255
          ],
          "hz": 445.3125,
          "db": -32.736385345458984
        },
        {
          "t": 1.893341,
          "pixel": [
            254,
            0,
            0,
            255
          ],
          "hz": 445.3125,
          "db": -32.67033004760742
        },
        {
          "t": 1.916,
          "pixel": [
            254,
            0,
            0,
            255
          ],
          "hz": 445.3125,
          "db": -32.61516189575195
        },
        {
          "t": 1.941678,
          "pixel": [
            254,
            0,
            0,
            255
          ],
          "hz": 445.3125,
          "db": -32.61013412475586
        },
        {
          "t": 1.964,
          "pixel": [
            254,
            0,
            0,
            255
          ],
          "hz": 445.3125,
          "db": -32.61098861694336
        },
        {
          "t": 1.988112,
          "pixel": [
            254,
            0,
            0,
            255
          ],
          "hz": 445.3125,
          "db": -32.58261489868164
        },
        {
          "t": 2.010625,
          "pixel": [
            254,
            0,
            0,
            255
          ],
          "hz": 445.3125,
          "db": -32.5810432434082
        },
        {
          "t": 2.033333,
          "pixel": [
            254,
            0,
            0,
            255
          ],
          "hz": 445.3125,
          "db": -32.59835433959961
        },
        {
          "t": 2.058352,
          "pixel": [
            254,
            0,
            0,
            255
          ],
          "hz": 445.3125,
          "db": -32.570167541503906
        },
        {
          "t": 2.081333,
          "pixel": [
            254,
            0,
            0,
            255
          ],
          "hz": 445.3125,
          "db": -32.53898239135742
        },
        {
          "t": 2.107928,
          "pixel": [
            254,
            0,
            0,
            255
          ],
          "hz": 445.3125,
          "db": -32.521793365478516
        },
        {
          "t": 2.129333,
          "pixel": [
            254,
            0,
            0,
            255
          ],
          "hz": 445.3125,
          "db": -32.504791259765625
        },
        {
          "t": 2.153543,
          "pixel": [
            254,
            0,
            0,
            255
          ],
          "hz": 445.3125,
          "db": -32.517295837402344
        },
        {
          "t": 2.176585,
          "pixel": [
            254,
            0,
            0,
            255
          ],
          "hz": 445.3125,
          "db": -32.52496337890625
        },
        {
          "t": 2.198667,
          "pixel": [
            254,
            0,
            0,
            255
          ],
          "hz": 445.3125,
          "db": -32.52987289428711
        },
        {
          "t": 2.22,
          "pixel": [
            254,
            0,
            0,
            255
          ],
          "hz": 445.3125,
          "db": -32.53147888183594
        },
        {
          "t": 2.246445,
          "pixel": [
            254,
            0,
            0,
            255
          ],
          "hz": 445.3125,
          "db": -32.52309799194336
        },
        {
          "t": 2.268,
          "pixel": [
            254,
            0,
            0,
            255
          ],
          "hz": 445.3125,
          "db": -32.52077865600586
        },
        {
          "t": 2.29436,
          "pixel": [
            254,
            0,
            0,
            255
          ],
          "hz": 445.3125,
          "db": -32.527931213378906
        },
        {
          "t": 2.316,
          "pixel": [
            254,
            0,
            0,
            255
          ],
          "hz": 445.3125,
          "db": -32.51189041137695
        },
        {
          "t": 2.341951,
          "pixel": [
            254,
            0,
            0,
            255
          ],
          "hz": 445.3125,
          "db": -32.49749755859375
        },
        {
          "t": 2.364,
          "pixel": [
            254,
            0,
            0,
            255
          ],
          "hz": 445.3125,
          "db": -32.50104522705078
        },
        {
          "t": 2.385147,
          "pixel": [
            254,
            0,
            0,
            255
          ],
          "hz": 445.3125,
          "db": -32.524330139160156
        },
        {
          "t": 2.406667,
          "pixel": [
            254,
            0,
            0,
            255
          ],
          "hz": 445.3125,
          "db": -32.5441780090332
        },
        {
          "t": 2.431533,
          "pixel": [
            254,
            0,
            0,
            255
          ],
          "hz": 445.3125,
          "db": -32.551353454589844
        },
        {
          "t": 2.454586,
          "pixel": [
            254,
            0,
            0,
            255
          ],
          "hz": 445.3125,
          "db": -32.56218338012695
        },
        {
          "t": 2.476,
          "pixel": [
            254,
            0,
            0,
            255
          ],
          "hz": 445.3125,
          "db": -32.56228256225586
        },
        {
          "t": 2.497333,
          "pixel": [
            254,
            0,
            0,
            255
          ],
          "hz": 445.3125,
          "db": -32.547950744628906
        },
        {
          "t": 2.518667,
          "pixel": [
            254,
            0,
            0,
            255
          ],
          "hz": 445.3125,
          "db": -32.53146743774414
        },
        {
          "t": 2.543458,
          "pixel": [
            254,
            0,
            0,
            255
          ],
          "hz": 445.3125,
          "db": -32.50629425048828
        },
        {
          "t": 2.565627,
          "pixel": [
            254,
            0,
            0,
            255
          ],
          "hz": 445.3125,
          "db": -32.50567626953125
        },
        {
          "t": 2.591415,
          "pixel": [
            254,
            0,
            0,
            255
          ],
          "hz": 445.3125,
          "db": -32.5071907043457
        },
        {
          "t": 2.613732,
          "pixel": [
            254,
            0,
            0,
            255
          ],
          "hz": 445.3125,
          "db": -32.484962463378906
        },
        {
          "t": 2.636,
          "pixel": [
            254,
            0,
            0,
            255
          ],
          "hz": 445.3125,
          "db": -32.492427825927734
        },
        {
          "t": 2.657333,
          "pixel": [
            254,
            0,
            0,
            255
          ],
          "hz": 445.3125,
          "db": -32.53064727783203
        },
        {
          "t": 2.683057,
          "pixel": [
            254,
            0,
            0,
            255
          ],
          "hz": 445.3125,
          "db": -32.515254974365234
        },
        {
          "t": 2.704347,
          "pixel": [
            254,
            0,
            0,
            255
          ],
          "hz": 445.3125,
          "db": -32.50813293457031
        },
        {
          "t": 2.726667,
          "pixel": [
            254,
            0,
            0,
            255
          ],
          "hz": 445.3125,
          "db": -32.504878997802734
        },
        {
          "t": 2.748,
          "pixel": [
            254,
            0,
            0,
            255
          ],
          "hz": 445.3125,
          "db": -32.497066497802734
        },
        {
          "t": 2.772974,
          "pixel": [
            254,
            0,
            0,
            255
          ],
          "hz": 445.3125,
          "db": -32.50584411621094
        },
        {
          "t": 2.794507,
          "pixel": [
            254,
            0,
            0,
            255
          ],
          "hz": 445.3125,
          "db": -32.4862174987793
        },
        {
          "t": 2.815937,
          "pixel": [
            254,
            0,
            0,
            255
          ],
          "hz": 445.3125,
          "db": -32.489410400390625
        },
        {
          "t": 2.837971,
          "pixel": [
            254,
            0,
            0,
            255
          ],
          "hz": 445.3125,
          "db": -32.491844177246094
        },
        {
          "t": 2.86,
          "pixel": [
            254,
            0,
            0,
            255
          ],
          "hz": 445.3125,
          "db": -32.49018859863281
        },
        {
          "t": 2.885515,
          "pixel": [
            254,
            0,
            0,
            255
          ],
          "hz": 445.3125,
          "db": -32.4849739074707
        },
        {
          "t": 2.908,
          "pixel": [
            254,
            0,
            0,
            255
          ],
          "hz": 445.3125,
          "db": -32.48306655883789
        },
        {
          "t": 2.929333,
          "pixel": [
            254,
            0,
            0,
            255
          ],
          "hz": 445.3125,
          "db": -32.52117156982422
        },
        {
          "t": 2.954976,
          "pixel": [
            254,
            0,
            0,
            255
          ],
          "hz": 445.3125,
          "db": -32.51492691040039
        },
        {
          "t": 2.977333,
          "pixel": [
            254,
            0,
            0,
            255
          ],
          "hz": 445.3125,
          "db": -32.49323272705078
        },
        {
          "t": 3,
          "pixel": [
            254,
            0,
            0,
            255
          ],
          "hz": 445.3125,
          "db": -32.50163650512695
        }
      ],
      "expectedTone": 440,
      "error": null,
      "ended": true,
      "seeked": true,
      "correctBeforeSeek": 5,
      "correctAfterSeek": 65,
      "sourceBytes": 80296,
      "viewBytes": 80296,
      "metadataBytesCopied": 0
    },
    {
      "name": "selected-reference",
      "observations": [
        {
          "t": 0.010667,
          "pixel": [
            254,
            0,
            0,
            255
          ],
          "hz": 878.90625,
          "db": -89.87991333007812
        },
        {
          "t": 0.035429,
          "pixel": [
            254,
            0,
            0,
            255
          ],
          "hz": 878.90625,
          "db": -54.630653381347656
        },
        {
          "t": 0.057697,
          "pixel": [
            254,
            0,
            0,
            255
          ],
          "hz": 878.90625,
          "db": -44.406131744384766
        },
        {
          "t": 0.079467,
          "pixel": [
            254,
            0,
            0,
            255
          ],
          "hz": 878.90625,
          "db": -39.93901443481445
        },
        {
          "t": 0.101333,
          "pixel": [
            254,
            0,
            0,
            255
          ],
          "hz": 878.90625,
          "db": -37.546478271484375
        },
        {
          "t": 0.126012,
          "pixel": [
            254,
            0,
            0,
            255
          ],
          "hz": 878.90625,
          "db": -36.02623748779297
        },
        {
          "t": 1.521159,
          "pixel": [
            254,
            0,
            0,
            255
          ],
          "hz": 878.90625,
          "db": -35.2039794921875
        },
        {
          "t": 1.542667,
          "pixel": [
            254,
            0,
            0,
            255
          ],
          "hz": 878.90625,
          "db": -36.057899475097656
        },
        {
          "t": 1.564,
          "pixel": [
            254,
            0,
            0,
            255
          ],
          "hz": 878.90625,
          "db": -35.2664909362793
        },
        {
          "t": 1.590506,
          "pixel": [
            254,
            0,
            0,
            255
          ],
          "hz": 878.90625,
          "db": -34.41545867919922
        },
        {
          "t": 1.612,
          "pixel": [
            254,
            0,
            0,
            255
          ],
          "hz": 878.90625,
          "db": -33.779197692871094
        },
        {
          "t": 1.637119,
          "pixel": [
            254,
            0,
            0,
            255
          ],
          "hz": 878.90625,
          "db": -33.28633117675781
        },
        {
          "t": 1.658673,
          "pixel": [
            254,
            0,
            0,
            255
          ],
          "hz": 878.90625,
          "db": -32.93450927734375
        },
        {
          "t": 1.680579,
          "pixel": [
            254,
            0,
            0,
            255
          ],
          "hz": 878.90625,
          "db": -32.676177978515625
        },
        {
          "t": 1.702667,
          "pixel": [
            254,
            0,
            0,
            255
          ],
          "hz": 878.90625,
          "db": -32.48619079589844
        },
        {
          "t": 1.72688,
          "pixel": [
            254,
            0,
            0,
            255
          ],
          "hz": 878.90625,
          "db": -32.324058532714844
        },
        {
          "t": 1.750381,
          "pixel": [
            254,
            0,
            0,
            255
          ],
          "hz": 878.90625,
          "db": -32.16611862182617
        },
        {
          "t": 1.772,
          "pixel": [
            254,
            0,
            0,
            255
          ],
          "hz": 878.90625,
          "db": -32.06647491455078
        },
        {
          "t": 1.793333,
          "pixel": [
            254,
            0,
            0,
            255
          ],
          "hz": 878.90625,
          "db": -32.00831604003906
        },
        {
          "t": 1.819651,
          "pixel": [
            254,
            0,
            0,
            255
          ],
          "hz": 878.90625,
          "db": -31.94645881652832
        },
        {
          "t": 1.841333,
          "pixel": [
            254,
            0,
            0,
            255
          ],
          "hz": 878.90625,
          "db": -31.88778305053711
        },
        {
          "t": 1.866535,
          "pixel": [
            254,
            0,
            0,
            255
          ],
          "hz": 878.90625,
          "db": -31.8599796295166
        },
        {
          "t": 1.889107,
          "pixel": [
            254,
            0,
            0,
            255
          ],
          "hz": 878.90625,
          "db": -31.826860427856445
        },
        {
          "t": 1.910315,
          "pixel": [
            254,
            0,
            0,
            255
          ],
          "hz": 878.90625,
          "db": -31.78570556640625
        },
        {
          "t": 1.932,
          "pixel": [
            254,
            0,
            0,
            255
          ],
          "hz": 878.90625,
          "db": -31.737661361694336
        },
        {
          "t": 1.956295,
          "pixel": [
            254,
            0,
            0,
            255
          ],
          "hz": 878.90625,
          "db": -31.708030700683594
        },
        {
          "t": 1.978379,
          "pixel": [
            254,
            0,
            0,
            255
          ],
          "hz": 878.90625,
          "db": -31.677120208740234
        },
        {
          "t": 2.001333,
          "pixel": [
            254,
            0,
            0,
            255
          ],
          "hz": 878.90625,
          "db": -31.673974990844727
        },
        {
          "t": 2.025499,
          "pixel": [
            254,
            0,
            0,
            255
          ],
          "hz": 878.90625,
          "db": -31.683855056762695
        },
        {
          "t": 2.049333,
          "pixel": [
            254,
            0,
            0,
            255
          ],
          "hz": 878.90625,
          "db": -31.673498153686523
        },
        {
          "t": 2.070667,
          "pixel": [
            254,
            0,
            0,
            255
          ],
          "hz": 878.90625,
          "db": -31.66131019592285
        },
        {
          "t": 2.097142,
          "pixel": [
            254,
            0,
            0,
            255
          ],
          "hz": 878.90625,
          "db": -31.68025016784668
        },
        {
          "t": 2.118667,
          "pixel": [
            254,
            0,
            0,
            255
          ],
          "hz": 878.90625,
          "db": -31.69965934753418
        },
        {
          "t": 2.144479,
          "pixel": [
            254,
            0,
            0,
            255
          ],
          "hz": 878.90625,
          "db": -31.694421768188477
        },
        {
          "t": 2.166667,
          "pixel": [
            254,
            0,
            0,
            255
          ],
          "hz": 878.90625,
          "db": -31.686429977416992
        },
        {
          "t": 2.191106,
          "pixel": [
            254,
            0,
            0,
            255
          ],
          "hz": 878.90625,
          "db": -31.668060302734375
        },
        {
          "t": 2.213509,
          "pixel": [
            254,
            0,
            0,
            255
          ],
          "hz": 878.90625,
          "db": -31.645278930664062
        },
        {
          "t": 2.236,
          "pixel": [
            254,
            0,
            0,
            255
          ],
          "hz": 878.90625,
          "db": -31.64201545715332
        },
        {
          "t": 2.260723,
          "pixel": [
            254,
            0,
            0,
            255
          ],
          "hz": 878.90625,
          "db": -31.635515213012695
        },
        {
          "t": 2.283414,
          "pixel": [
            254,
            0,
            0,
            255
          ],
          "hz": 878.90625,
          "db": -31.628177642822266
        },
        {
          "t": 2.305333,
          "pixel": [
            254,
            0,
            0,
            255
          ],
          "hz": 878.90625,
          "db": -31.637847900390625
        },
        {
          "t": 2.326667,
          "pixel": [
            254,
            0,
            0,
            255
          ],
          "hz": 878.90625,
          "db": -31.646713256835938
        },
        {
          "t": 2.352662,
          "pixel": [
            254,
            0,
            0,
            255
          ],
          "hz": 878.90625,
          "db": -31.634904861450195
        },
        {
          "t": 2.374667,
          "pixel": [
            254,
            0,
            0,
            255
          ],
          "hz": 878.90625,
          "db": -31.63423728942871
        },
        {
          "t": 2.400307,
          "pixel": [
            254,
            0,
            0,
            255
          ],
          "hz": 878.90625,
          "db": -31.63694190979004
        },
        {
          "t": 2.422667,
          "pixel": [
            254,
            0,
            0,
            255
          ],
          "hz": 878.90625,
          "db": -31.62693214416504
        },
        {
          "t": 2.444,
          "pixel": [
            254,
            0,
            0,
            255
          ],
          "hz": 878.90625,
          "db": -31.614225387573242
        },
        {
          "t": 2.465333,
          "pixel": [
            254,
            0,
            0,
            255
          ],
          "hz": 878.90625,
          "db": -31.6060848236084
        },
        {
          "t": 2.486667,
          "pixel": [
            254,
            0,
            0,
            255
          ],
          "hz": 878.90625,
          "db": -31.616010665893555
        },
        {
          "t": 2.511762,
          "pixel": [
            254,
            0,
            0,
            255
          ],
          "hz": 878.90625,
          "db": -31.635427474975586
        },
        {
          "t": 2.534507,
          "pixel": [
            254,
            0,
            0,
            255
          ],
          "hz": 878.90625,
          "db": -31.662351608276367
        },
        {
          "t": 2.555943,
          "pixel": [
            254,
            0,
            0,
            255
          ],
          "hz": 878.90625,
          "db": -31.680274963378906
        },
        {
          "t": 2.577333,
          "pixel": [
            254,
            0,
            0,
            255
          ],
          "hz": 878.90625,
          "db": -31.66189956665039
        },
        {
          "t": 2.601712,
          "pixel": [
            254,
            0,
            0,
            255
          ],
          "hz": 878.90625,
          "db": -31.637451171875
        },
        {
          "t": 2.622816,
          "pixel": [
            254,
            0,
            0,
            255
          ],
          "hz": 878.90625,
          "db": -31.638683319091797
        },
        {
          "t": 2.645546,
          "pixel": [
            254,
            0,
            0,
            255
          ],
          "hz": 878.90625,
          "db": -31.653789520263672
        },
        {
          "t": 2.668,
          "pixel": [
            254,
            0,
            0,
            255
          ],
          "hz": 878.90625,
          "db": -31.65610122680664
        },
        {
          "t": 2.689333,
          "pixel": [
            254,
            0,
            0,
            255
          ],
          "hz": 878.90625,
          "db": -31.636585235595703
        },
        {
          "t": 2.716,
          "pixel": [
            254,
            0,
            0,
            255
          ],
          "hz": 878.90625,
          "db": -31.627517700195312
        },
        {
          "t": 2.737333,
          "pixel": [
            254,
            0,
            0,
            255
          ],
          "hz": 878.90625,
          "db": -31.615686416625977
        },
        {
          "t": 2.763554,
          "pixel": [
            254,
            0,
            0,
            255
          ],
          "hz": 878.90625,
          "db": -31.589183807373047
        },
        {
          "t": 2.785333,
          "pixel": [
            254,
            0,
            0,
            255
          ],
          "hz": 878.90625,
          "db": -31.58768653869629
        },
        {
          "t": 2.809839,
          "pixel": [
            254,
            0,
            0,
            255
          ],
          "hz": 878.90625,
          "db": -31.60806655883789
        },
        {
          "t": 2.833333,
          "pixel": [
            254,
            0,
            0,
            255
          ],
          "hz": 878.90625,
          "db": -31.608068466186523
        },
        {
          "t": 2.854667,
          "pixel": [
            254,
            0,
            0,
            255
          ],
          "hz": 878.90625,
          "db": -31.605634689331055
        },
        {
          "t": 2.880131,
          "pixel": [
            254,
            0,
            0,
            255
          ],
          "hz": 878.90625,
          "db": -31.63129425048828
        },
        {
          "t": 2.902667,
          "pixel": [
            254,
            0,
            0,
            255
          ],
          "hz": 878.90625,
          "db": -31.634790420532227
        },
        {
          "t": 2.927415,
          "pixel": [
            254,
            0,
            0,
            255
          ],
          "hz": 878.90625,
          "db": -31.609792709350586
        },
        {
          "t": 2.950413,
          "pixel": [
            254,
            0,
            0,
            255
          ],
          "hz": 878.90625,
          "db": -31.612178802490234
        },
        {
          "t": 2.972,
          "pixel": [
            254,
            0,
            0,
            255
          ],
          "hz": 878.90625,
          "db": -31.646495819091797
        },
        {
          "t": 2.996987,
          "pixel": [
            254,
            0,
            0,
            255
          ],
          "hz": 878.90625,
          "db": -31.66489601135254
        }
      ],
      "expectedTone": 880,
      "error": null,
      "ended": true,
      "seeked": true,
      "correctBeforeSeek": 5,
      "correctAfterSeek": 65,
      "sourceBytes": 41906,
      "viewBytes": 41906,
      "metadataBytesCopied": 0
    },
    {
      "name": "front-view",
      "observations": [
        {
          "t": 0.015444,
          "pixel": [
            254,
            0,
            0,
            255
          ],
          "hz": 878.90625,
          "db": -78.42896270751953
        },
        {
          "t": 0.037333,
          "pixel": [
            254,
            0,
            0,
            255
          ],
          "hz": 878.90625,
          "db": -54.30805587768555
        },
        {
          "t": 0.058667,
          "pixel": [
            254,
            0,
            0,
            255
          ],
          "hz": 878.90625,
          "db": -44.32548522949219
        },
        {
          "t": 0.08,
          "pixel": [
            254,
            0,
            0,
            255
          ],
          "hz": 878.90625,
          "db": -39.90034484863281
        },
        {
          "t": 0.104281,
          "pixel": [
            254,
            0,
            0,
            255
          ],
          "hz": 878.90625,
          "db": -37.54082489013672
        },
        {
          "t": 0.126843,
          "pixel": [
            254,
            0,
            0,
            255
          ],
          "hz": 878.90625,
          "db": -36.022438049316406
        },
        {
          "t": 1.521333,
          "pixel": [
            254,
            0,
            0,
            255
          ],
          "hz": 878.90625,
          "db": -35.20121765136719
        },
        {
          "t": 1.542667,
          "pixel": [
            254,
            0,
            0,
            255
          ],
          "hz": 878.90625,
          "db": -36.05546188354492
        },
        {
          "t": 1.564,
          "pixel": [
            254,
            0,
            0,
            255
          ],
          "hz": 878.90625,
          "db": -35.26470947265625
        },
        {
          "t": 1.589888,
          "pixel": [
            254,
            0,
            0,
            255
          ],
          "hz": 878.90625,
          "db": -34.41416549682617
        },
        {
          "t": 1.612,
          "pixel": [
            254,
            0,
            0,
            255
          ],
          "hz": 878.90625,
          "db": -33.778236389160156
        },
        {
          "t": 1.637821,
          "pixel": [
            254,
            0,
            0,
            255
          ],
          "hz": 878.90625,
          "db": -33.28560256958008
        },
        {
          "t": 1.66,
          "pixel": [
            254,
            0,
            0,
            255
          ],
          "hz": 878.90625,
          "db": -32.93395233154297
        },
        {
          "t": 1.685647,
          "pixel": [
            254,
            0,
            0,
            255
          ],
          "hz": 878.90625,
          "db": -32.677040100097656
        },
        {
          "t": 1.708,
          "pixel": [
            254,
            0,
            0,
            255
          ],
          "hz": 878.90625,
          "db": -32.49088668823242
        },
        {
          "t": 1.729333,
          "pixel": [
            254,
            0,
            0,
            255
          ],
          "hz": 878.90625,
          "db": -32.3277473449707
        },
        {
          "t": 1.754532,
          "pixel": [
            254,
            0,
            0,
            255
          ],
          "hz": 878.90625,
          "db": -32.172000885009766
        },
        {
          "t": 1.777333,
          "pixel": [
            254,
            0,
            0,
            255
          ],
          "hz": 878.90625,
          "db": -32.078128814697266
        },
        {
          "t": 1.802064,
          "pixel": [
            254,
            0,
            0,
            255
          ],
          "hz": 878.90625,
          "db": -32.017730712890625
        },
        {
          "t": 1.825333,
          "pixel": [
            254,
            0,
            0,
            255
          ],
          "hz": 878.90625,
          "db": -31.948169708251953
        },
        {
          "t": 1.846667,
          "pixel": [
            254,
            0,
            0,
            255
          ],
          "hz": 878.90625,
          "db": -31.892736434936523
        },
        {
          "t": 1.872746,
          "pixel": [
            254,
            0,
            0,
            255
          ],
          "hz": 878.90625,
          "db": -31.863292694091797
        },
        {
          "t": 1.894667,
          "pixel": [
            254,
            0,
            0,
            255
          ],
          "hz": 878.90625,
          "db": -31.82596206665039
        },
        {
          "t": 1.918683,
          "pixel": [
            254,
            0,
            0,
            255
          ],
          "hz": 878.90625,
          "db": -31.77988052368164
        },
        {
          "t": 1.942469,
          "pixel": [
            254,
            0,
            0,
            255
          ],
          "hz": 878.90625,
          "db": -31.736696243286133
        },
        {
          "t": 1.964,
          "pixel": [
            254,
            0,
            0,
            255
          ],
          "hz": 878.90625,
          "db": -31.705482482910156
        },
        {
          "t": 1.989994,
          "pixel": [
            254,
            0,
            0,
            255
          ],
          "hz": 878.90625,
          "db": -31.68218994140625
        },
        {
          "t": 2.012,
          "pixel": [
            254,
            0,
            0,
            255
          ],
          "hz": 878.90625,
          "db": -31.689043045043945
        },
        {
          "t": 2.033333,
          "pixel": [
            254,
            0,
            0,
            255
          ],
          "hz": 878.90625,
          "db": -31.690523147583008
        },
        {
          "t": 2.059281,
          "pixel": [
            254,
            0,
            0,
            255
          ],
          "hz": 878.90625,
          "db": -31.67200469970703
        },
        {
          "t": 2.081333,
          "pixel": [
            254,
            0,
            0,
            255
          ],
          "hz": 878.90625,
          "db": -31.672563552856445
        },
        {
          "t": 2.102667,
          "pixel": [
            254,
            0,
            0,
            255
          ],
          "hz": 878.90625,
          "db": -31.691650390625
        },
        {
          "t": 2.128683,
          "pixel": [
            254,
            0,
            0,
            255
          ],
          "hz": 878.90625,
          "db": -31.703720092773438
        },
        {
          "t": 2.150667,
          "pixel": [
            254,
            0,
            0,
            255
          ],
          "hz": 878.90625,
          "db": -31.69430923461914
        },
        {
          "t": 2.172,
          "pixel": [
            254,
            0,
            0,
            255
          ],
          "hz": 878.90625,
          "db": -31.686206817626953
        },
        {
          "t": 2.193333,
          "pixel": [
            254,
            0,
            0,
            255
          ],
          "hz": 878.90625,
          "db": -31.66788101196289
        },
        {
          "t": 2.219233,
          "pixel": [
            254,
            0,
            0,
            255
          ],
          "hz": 878.90625,
          "db": -31.646730422973633
        },
        {
          "t": 2.241095,
          "pixel": [
            254,
            0,
            0,
            255
          ],
          "hz": 878.90625,
          "db": -31.646955490112305
        },
        {
          "t": 2.262667,
          "pixel": [
            254,
            0,
            0,
            255
          ],
          "hz": 878.90625,
          "db": -31.639463424682617
        },
        {
          "t": 2.284,
          "pixel": [
            254,
            0,
            0,
            255
          ],
          "hz": 878.90625,
          "db": -31.63133430480957
        },
        {
          "t": 2.305333,
          "pixel": [
            254,
            0,
            0,
            255
          ],
          "hz": 878.90625,
          "db": -31.640377044677734
        },
        {
          "t": 2.326667,
          "pixel": [
            254,
            0,
            0,
            255
          ],
          "hz": 878.90625,
          "db": -31.648738861083984
        },
        {
          "t": 2.352529,
          "pixel": [
            254,
            0,
            0,
            255
          ],
          "hz": 878.90625,
          "db": -31.63652229309082
        },
        {
          "t": 2.374667,
          "pixel": [
            254,
            0,
            0,
            255
          ],
          "hz": 878.90625,
          "db": -31.635530471801758
        },
        {
          "t": 2.396,
          "pixel": [
            254,
            0,
            0,
            255
          ],
          "hz": 878.90625,
          "db": -31.640003204345703
        },
        {
          "t": 2.421517,
          "pixel": [
            254,
            0,
            0,
            255
          ],
          "hz": 878.90625,
          "db": -31.629379272460938
        },
        {
          "t": 2.444,
          "pixel": [
            254,
            0,
            0,
            255
          ],
          "hz": 878.90625,
          "db": -31.616180419921875
        },
        {
          "t": 2.469187,
          "pixel": [
            254,
            0,
            0,
            255
          ],
          "hz": 878.90625,
          "db": -31.610963821411133
        },
        {
          "t": 2.491259,
          "pixel": [
            254,
            0,
            0,
            255
          ],
          "hz": 878.90625,
          "db": -31.62386703491211
        },
        {
          "t": 2.513333,
          "pixel": [
            254,
            0,
            0,
            255
          ],
          "hz": 878.90625,
          "db": -31.6417236328125
        },
        {
          "t": 2.534667,
          "pixel": [
            254,
            0,
            0,
            255
          ],
          "hz": 878.90625,
          "db": -31.66740608215332
        },
        {
          "t": 2.559806,
          "pixel": [
            254,
            0,
            0,
            255
          ],
          "hz": 878.90625,
          "db": -31.677467346191406
        },
        {
          "t": 2.582554,
          "pixel": [
            254,
            0,
            0,
            255
          ],
          "hz": 878.90625,
          "db": -31.65277671813965
        },
        {
          "t": 2.604,
          "pixel": [
            254,
            0,
            0,
            255
          ],
          "hz": 878.90625,
          "db": -31.630172729492188
        },
        {
          "t": 2.625333,
          "pixel": [
            254,
            0,
            0,
            255
          ],
          "hz": 878.90625,
          "db": -31.63286018371582
        },
        {
          "t": 2.64964,
          "pixel": [
            254,
            0,
            0,
            255
          ],
          "hz": 878.90625,
          "db": -31.649797439575195
        },
        {
          "t": 2.673211,
          "pixel": [
            254,
            0,
            0,
            255
          ],
          "hz": 878.90625,
          "db": -31.646320343017578
        },
        {
          "t": 2.694667,
          "pixel": [
            254,
            0,
            0,
            255
          ],
          "hz": 878.90625,
          "db": -31.62782859802246
        },
        {
          "t": 2.719869,
          "pixel": [
            254,
            0,
            0,
            255
          ],
          "hz": 878.90625,
          "db": -31.621536254882812
        },
        {
          "t": 2.74208,
          "pixel": [
            254,
            0,
            0,
            255
          ],
          "hz": 878.90625,
          "db": -31.606538772583008
        },
        {
          "t": 2.764,
          "pixel": [
            254,
            0,
            0,
            255
          ],
          "hz": 878.90625,
          "db": -31.58188247680664
        },
        {
          "t": 2.788976,
          "pixel": [
            254,
            0,
            0,
            255
          ],
          "hz": 878.90625,
          "db": -31.588850021362305
        },
        {
          "t": 2.812,
          "pixel": [
            254,
            0,
            0,
            255
          ],
          "hz": 878.90625,
          "db": -31.608999252319336
        },
        {
          "t": 2.836748,
          "pixel": [
            254,
            0,
            0,
            255
          ],
          "hz": 878.90625,
          "db": -31.603696823120117
        },
        {
          "t": 2.858978,
          "pixel": [
            254,
            0,
            0,
            255
          ],
          "hz": 878.90625,
          "db": -31.609298706054688
        },
        {
          "t": 2.886017,
          "pixel": [
            254,
            0,
            0,
            255
          ],
          "hz": 878.90625,
          "db": -31.632503509521484
        },
        {
          "t": 2.908,
          "pixel": [
            254,
            0,
            0,
            255
          ],
          "hz": 878.90625,
          "db": -31.62899398803711
        },
        {
          "t": 2.932157,
          "pixel": [
            254,
            0,
            0,
            255
          ],
          "hz": 878.90625,
          "db": -31.605167388916016
        },
        {
          "t": 2.954046,
          "pixel": [
            254,
            0,
            0,
            255
          ],
          "hz": 878.90625,
          "db": -31.619089126586914
        },
        {
          "t": 2.977333,
          "pixel": [
            254,
            0,
            0,
            255
          ],
          "hz": 878.90625,
          "db": -31.653247833251953
        },
        {
          "t": 2.998667,
          "pixel": [
            254,
            0,
            0,
            255
          ],
          "hz": 878.90625,
          "db": -31.670310974121094
        }
      ],
      "expectedTone": 880,
      "error": null,
      "ended": true,
      "seeked": true,
      "correctBeforeSeek": 5,
      "correctAfterSeek": 65,
      "sourceBytes": 80296,
      "viewBytes": 80296,
      "metadataBytesCopied": 5368
    },
    {
      "name": "tail-view",
      "observations": [
        {
          "t": 0.018806,
          "pixel": [
            254,
            0,
            0,
            255
          ],
          "hz": 878.90625,
          "db": -70.09854125976562
        },
        {
          "t": 0.04195,
          "pixel": [
            254,
            0,
            0,
            255
          ],
          "hz": 878.90625,
          "db": -50.95030212402344
        },
        {
          "t": 0.064,
          "pixel": [
            254,
            0,
            0,
            255
          ],
          "hz": 878.90625,
          "db": -42.898677825927734
        },
        {
          "t": 0.088507,
          "pixel": [
            254,
            0,
            0,
            255
          ],
          "hz": 878.90625,
          "db": -39.18500518798828
        },
        {
          "t": 0.11179,
          "pixel": [
            254,
            0,
            0,
            255
          ],
          "hz": 878.90625,
          "db": -37.110069274902344
        },
        {
          "t": 0.133333,
          "pixel": [
            254,
            0,
            0,
            255
          ],
          "hz": 878.90625,
          "db": -35.71335983276367
        },
        {
          "t": 1.521333,
          "pixel": [
            254,
            0,
            0,
            255
          ],
          "hz": 878.90625,
          "db": -34.86534118652344
        },
        {
          "t": 1.547679,
          "pixel": [
            254,
            0,
            0,
            255
          ],
          "hz": 878.90625,
          "db": -34.40979766845703
        },
        {
          "t": 1.572752,
          "pixel": [
            254,
            0,
            0,
            255
          ],
          "hz": 878.90625,
          "db": -33.80899429321289
        },
        {
          "t": 1.595998,
          "pixel": [
            254,
            0,
            0,
            255
          ],
          "hz": 878.90625,
          "db": -33.33097457885742
        },
        {
          "t": 1.617333,
          "pixel": [
            254,
            0,
            0,
            255
          ],
          "hz": 878.90625,
          "db": -32.95698547363281
        },
        {
          "t": 1.642054,
          "pixel": [
            254,
            0,
            0,
            255
          ],
          "hz": 878.90625,
          "db": -32.660667419433594
        },
        {
          "t": 1.663759,
          "pixel": [
            254,
            0,
            0,
            255
          ],
          "hz": 878.90625,
          "db": -32.455528259277344
        },
        {
          "t": 1.6857,
          "pixel": [
            254,
            0,
            0,
            255
          ],
          "hz": 878.90625,
          "db": -32.30319595336914
        },
        {
          "t": 1.708,
          "pixel": [
            254,
            0,
            0,
            255
          ],
          "hz": 878.90625,
          "db": -32.196800231933594
        },
        {
          "t": 1.732613,
          "pixel": [
            254,
            0,
            0,
            255
          ],
          "hz": 878.90625,
          "db": -32.08452606201172
        },
        {
          "t": 1.756,
          "pixel": [
            254,
            0,
            0,
            255
          ],
          "hz": 878.90625,
          "db": -31.980314254760742
        },
        {
          "t": 1.780029,
          "pixel": [
            254,
            0,
            0,
            255
          ],
          "hz": 878.90625,
          "db": -31.92608070373535
        },
        {
          "t": 1.802426,
          "pixel": [
            254,
            0,
            0,
            255
          ],
          "hz": 878.90625,
          "db": -31.89671516418457
        },
        {
          "t": 1.825333,
          "pixel": [
            254,
            0,
            0,
            255
          ],
          "hz": 878.90625,
          "db": -31.85199546813965
        },
        {
          "t": 1.849627,
          "pixel": [
            254,
            0,
            0,
            255
          ],
          "hz": 878.90625,
          "db": -31.820999145507812
        },
        {
          "t": 1.873017,
          "pixel": [
            254,
            0,
            0,
            255
          ],
          "hz": 878.90625,
          "db": -31.806049346923828
        },
        {
          "t": 1.897484,
          "pixel": [
            254,
            0,
            0,
            255
          ],
          "hz": 878.90625,
          "db": -31.780330657958984
        },
        {
          "t": 1.921333,
          "pixel": [
            254,
            0,
            0,
            255
          ],
          "hz": 878.90625,
          "db": -31.73856544494629
        },
        {
          "t": 1.945647,
          "pixel": [
            254,
            0,
            0,
            255
          ],
          "hz": 878.90625,
          "db": -31.70677947998047
        },
        {
          "t": 1.969283,
          "pixel": [
            254,
            0,
            0,
            255
          ],
          "hz": 878.90625,
          "db": -31.678926467895508
        },
        {
          "t": 1.990667,
          "pixel": [
            254,
            0,
            0,
            255
          ],
          "hz": 878.90625,
          "db": -31.66099739074707
        },
        {
          "t": 2.016455,
          "pixel": [
            254,
            0,
            0,
            255
          ],
          "hz": 878.90625,
          "db": -31.673934936523438
        },
        {
          "t": 2.038667,
          "pixel": [
            254,
            0,
            0,
            255
          ],
          "hz": 878.90625,
          "db": -31.674579620361328
        },
        {
          "t": 2.063859,
          "pixel": [
            254,
            0,
            0,
            255
          ],
          "hz": 878.90625,
          "db": -31.659225463867188
        },
        {
          "t": 2.086076,
          "pixel": [
            254,
            0,
            0,
            255
          ],
          "hz": 878.90625,
          "db": -31.669151306152344
        },
        {
          "t": 2.108,
          "pixel": [
            254,
            0,
            0,
            255
          ],
          "hz": 878.90625,
          "db": -31.69028091430664
        },
        {
          "t": 2.132404,
          "pixel": [
            254,
            0,
            0,
            255
          ],
          "hz": 878.90625,
          "db": -31.697616577148438
        },
        {
          "t": 2.155522,
          "pixel": [
            254,
            0,
            0,
            255
          ],
          "hz": 878.90625,
          "db": -31.68813705444336
        },
        {
          "t": 2.177333,
          "pixel": [
            254,
            0,
            0,
            255
          ],
          "hz": 878.90625,
          "db": -31.679737091064453
        },
        {
          "t": 2.202436,
          "pixel": [
            254,
            0,
            0,
            255
          ],
          "hz": 878.90625,
          "db": -31.65654754638672
        },
        {
          "t": 2.225333,
          "pixel": [
            254,
            0,
            0,
            255
          ],
          "hz": 878.90625,
          "db": -31.64116096496582
        },
        {
          "t": 2.249491,
          "pixel": [
            254,
            0,
            0,
            255
          ],
          "hz": 878.90625,
          "db": -31.643857955932617
        },
        {
          "t": 2.273115,
          "pixel": [
            254,
            0,
            0,
            255
          ],
          "hz": 878.90625,
          "db": -31.631996154785156
        },
        {
          "t": 2.294667,
          "pixel": [
            254,
            0,
            0,
            255
          ],
          "hz": 878.90625,
          "db": -31.632946014404297
        },
        {
          "t": 2.321333,
          "pixel": [
            254,
            0,
            0,
            255
          ],
          "hz": 878.90625,
          "db": -31.645620346069336
        },
        {
          "t": 2.342667,
          "pixel": [
            254,
            0,
            0,
            255
          ],
          "hz": 878.90625,
          "db": -31.638172149658203
        },
        {
          "t": 2.368685,
          "pixel": [
            254,
            0,
            0,
            255
          ],
          "hz": 878.90625,
          "db": -31.63393211364746
        },
        {
          "t": 2.390667,
          "pixel": [
            254,
            0,
            0,
            255
          ],
          "hz": 878.90625,
          "db": -31.639179229736328
        },
        {
          "t": 2.415715,
          "pixel": [
            254,
            0,
            0,
            255
          ],
          "hz": 878.90625,
          "db": -31.630971908569336
        },
        {
          "t": 2.438667,
          "pixel": [
            254,
            0,
            0,
            255
          ],
          "hz": 878.90625,
          "db": -31.61859703063965
        },
        {
          "t": 2.46,
          "pixel": [
            254,
            0,
            0,
            255
          ],
          "hz": 878.90625,
          "db": -31.607379913330078
        },
        {
          "t": 2.481333,
          "pixel": [
            254,
            0,
            0,
            255
          ],
          "hz": 878.90625,
          "db": -31.61256980895996
        },
        {
          "t": 2.507274,
          "pixel": [
            254,
            0,
            0,
            255
          ],
          "hz": 878.90625,
          "db": -31.631441116333008
        },
        {
          "t": 2.529333,
          "pixel": [
            254,
            0,
            0,
            255
          ],
          "hz": 878.90625,
          "db": -31.65581512451172
        },
        {
          "t": 2.550667,
          "pixel": [
            254,
            0,
            0,
            255
          ],
          "hz": 878.90625,
          "db": -31.67961311340332
        },
        {
          "t": 2.576733,
          "pixel": [
            254,
            0,
            0,
            255
          ],
          "hz": 878.90625,
          "db": -31.661373138427734
        },
        {
          "t": 2.598667,
          "pixel": [
            254,
            0,
            0,
            255
          ],
          "hz": 878.90625,
          "db": -31.634178161621094
        },
        {
          "t": 2.623378,
          "pixel": [
            254,
            0,
            0,
            255
          ],
          "hz": 878.90625,
          "db": -31.636066436767578
        },
        {
          "t": 2.64641,
          "pixel": [
            254,
            0,
            0,
            255
          ],
          "hz": 878.90625,
          "db": -31.651691436767578
        },
        {
          "t": 2.668,
          "pixel": [
            254,
            0,
            0,
            255
          ],
          "hz": 878.90625,
          "db": -31.654422760009766
        },
        {
          "t": 2.692615,
          "pixel": [
            254,
            0,
            0,
            255
          ],
          "hz": 878.90625,
          "db": -31.634294509887695
        },
        {
          "t": 2.714311,
          "pixel": [
            254,
            0,
            0,
            255
          ],
          "hz": 878.90625,
          "db": -31.625682830810547
        },
        {
          "t": 2.737333,
          "pixel": [
            254,
            0,
            0,
            255
          ],
          "hz": 878.90625,
          "db": -31.61422348022461
        },
        {
          "t": 2.76358,
          "pixel": [
            254,
            0,
            0,
            255
          ],
          "hz": 878.90625,
          "db": -31.588016510009766
        },
        {
          "t": 2.789485,
          "pixel": [
            254,
            0,
            0,
            255
          ],
          "hz": 878.90625,
          "db": -31.593759536743164
        },
        {
          "t": 2.812,
          "pixel": [
            254,
            0,
            0,
            255
          ],
          "hz": 878.90625,
          "db": -31.612934112548828
        },
        {
          "t": 2.833333,
          "pixel": [
            254,
            0,
            0,
            255
          ],
          "hz": 878.90625,
          "db": -31.61196517944336
        },
        {
          "t": 2.859491,
          "pixel": [
            254,
            0,
            0,
            255
          ],
          "hz": 878.90625,
          "db": -31.615915298461914
        },
        {
          "t": 2.884124,
          "pixel": [
            254,
            0,
            0,
            255
          ],
          "hz": 878.90625,
          "db": -31.63953971862793
        },
        {
          "t": 2.906883,
          "pixel": [
            254,
            0,
            0,
            255
          ],
          "hz": 878.90625,
          "db": -31.634620666503906
        },
        {
          "t": 2.928626,
          "pixel": [
            254,
            0,
            0,
            255
          ],
          "hz": 878.90625,
          "db": -31.609657287597656
        },
        {
          "t": 2.950667,
          "pixel": [
            254,
            0,
            0,
            255
          ],
          "hz": 878.90625,
          "db": -31.612071990966797
        },
        {
          "t": 2.974794,
          "pixel": [
            254,
            0,
            0,
            255
          ],
          "hz": 878.90625,
          "db": -31.646406173706055
        },
        {
          "t": 2.996727,
          "pixel": [
            254,
            0,
            0,
            255
          ],
          "hz": 878.90625,
          "db": -31.664827346801758
        }
      ],
      "expectedTone": 880,
      "error": null,
      "ended": true,
      "seeked": true,
      "correctBeforeSeek": 5,
      "correctAfterSeek": 64,
      "sourceBytes": 80296,
      "viewBytes": 80296,
      "metadataBytesCopied": 5368
    }
  ],
  "browser": "152.0.7977.83",
  "cleanup": true,
  "passed": true
}
