[
  [
    "node",
    "/Volumes/seed2/Projects/demuxe-nonisolated-software-20260929/research/items/nonisolated-full-software-playback/tests/run-playback.mjs",
    "/Volumes/seed2/Projects/demuxe-nonisolated-full-playback-20260929/playback-link-01",
    "/Volumes/seed2/Projects/demuxe-nonisolated-software-20260929/research/items/nonisolated-full-software-playback/evidence/20260929T232928Z-mpeg2-ac3-01",
    "/Volumes/seed2/Projects/demuxe/build/head-to-head/assets-row-refresh-stereo-20260926-01/fixtures/mpeg2-ac3/index.ts",
    "/Volumes/seed2/Projects/demuxe-nonisolated-full-playback-20260929/readme-references-01/mpeg2-ac3/reference.rgb",
    "/Volumes/seed2/Projects/demuxe-nonisolated-full-playback-20260929/readme-references-01/mpeg2-ac3/reference.f32",
    "/Volumes/seed2/Projects/demuxe-nonisolated-full-playback-20260929/readme-references-01/mpeg2-ac3/profile.json"
  ],
  [
    "node",
    "/Volumes/seed2/Projects/demuxe-nonisolated-software-20260929/research/items/nonisolated-full-software-playback/tests/run-playback.mjs",
    "/Volumes/seed2/Projects/demuxe-nonisolated-full-playback-20260929/playback-link-01",
    "/Volumes/seed2/Projects/demuxe-nonisolated-software-20260929/research/items/nonisolated-full-software-playback/evidence/20260929T233133Z-mpeg2-interlaced-ac3-01",
    "/Volumes/seed2/Projects/demuxe/build/head-to-head/assets-row-refresh-stereo-20260926-01/fixtures/mpeg2-interlaced-ac3/index.ts",
    "/Volumes/seed2/Projects/demuxe-nonisolated-full-playback-20260929/readme-references-01/mpeg2-interlaced-ac3/reference.rgb",
    "/Volumes/seed2/Projects/demuxe-nonisolated-full-playback-20260929/readme-references-01/mpeg2-interlaced-ac3/reference.f32",
    "/Volumes/seed2/Projects/demuxe-nonisolated-full-playback-20260929/readme-references-01/mpeg2-interlaced-ac3/profile.json"
  ],
  [
    "node",
    "/Volumes/seed2/Projects/demuxe-nonisolated-software-20260929/research/items/nonisolated-full-software-playback/tests/run-playback.mjs",
    "/Volumes/seed2/Projects/demuxe-nonisolated-full-playback-20260929/playback-link-01",
    "/Volumes/seed2/Projects/demuxe-nonisolated-software-20260929/research/items/nonisolated-full-software-playback/evidence/20260929T233357Z-mpeg2-mp2-01",
    "/Volumes/seed2/Projects/demuxe/build/head-to-head/assets-row-refresh-stereo-20260926-01/fixtures/mpeg2-mp2/index.mpg",
    "/Volumes/seed2/Projects/demuxe-nonisolated-full-playback-20260929/readme-references-01/mpeg2-mp2/reference.rgb",
    "/Volumes/seed2/Projects/demuxe-nonisolated-full-playback-20260929/readme-references-01/mpeg2-mp2/reference.f32",
    "/Volumes/seed2/Projects/demuxe-nonisolated-full-playback-20260929/readme-references-01/mpeg2-mp2/profile.json"
  ],
  [
    "node",
    "/Volumes/seed2/Projects/demuxe-nonisolated-software-20260929/research/items/nonisolated-full-software-playback/tests/run-playback.mjs",
    "/Volumes/seed2/Projects/demuxe-nonisolated-full-playback-20260929/playback-link-01",
    "/Volumes/seed2/Projects/demuxe-nonisolated-software-20260929/research/items/nonisolated-full-software-playback/evidence/20260929T233650Z-mpeg4-mp3-01",
    "/Volumes/seed2/Projects/demuxe/build/head-to-head/assets-row-refresh-stereo-20260926-01/fixtures/mpeg4-mp3/index.avi",
    "/Volumes/seed2/Projects/demuxe-nonisolated-full-playback-20260929/readme-references-01/mpeg4-mp3/reference.rgb",
    "/Volumes/seed2/Projects/demuxe-nonisolated-full-playback-20260929/readme-references-01/mpeg4-mp3/reference.f32",
    "/Volumes/seed2/Projects/demuxe-nonisolated-full-playback-20260929/readme-references-01/mpeg4-mp3/profile.json"
  ],
  [
    "node",
    "/Volumes/seed2/Projects/demuxe-nonisolated-software-20260929/research/items/nonisolated-full-software-playback/tests/run-playback.mjs",
    "/Volumes/seed2/Projects/demuxe-nonisolated-full-playback-20260929/playback-link-01",
    "/Volumes/seed2/Projects/demuxe-nonisolated-software-20260929/research/items/nonisolated-full-software-playback/evidence/20260929T233920Z-prores-pcm-01",
    "/Volumes/seed2/Projects/demuxe/build/head-to-head/assets-row-refresh-stereo-20260926-01/fixtures/prores-pcm/index.mov",
    "/Volumes/seed2/Projects/demuxe-nonisolated-full-playback-20260929/readme-references-01/prores-pcm/reference.rgb",
    "/Volumes/seed2/Projects/demuxe-nonisolated-full-playback-20260929/readme-references-01/prores-pcm/reference.f32",
    "/Volumes/seed2/Projects/demuxe-nonisolated-full-playback-20260929/readme-references-01/prores-pcm/profile.json"
  ],
  [
    "node",
    "/Volumes/seed2/Projects/demuxe-nonisolated-software-20260929/research/items/nonisolated-full-software-playback/tests/run-playback.mjs",
    "/Volumes/seed2/Projects/demuxe-nonisolated-full-playback-20260929/playback-link-01",
    "/Volumes/seed2/Projects/demuxe-nonisolated-software-20260929/research/items/nonisolated-full-software-playback/evidence/20260929T234138Z-mpeg2-video-only-01",
    "/Volumes/seed2/Projects/demuxe/build/head-to-head/assets-row-refresh-stereo-20260926-01/fixtures/mpeg2-video-only/index.ts",
    "/Volumes/seed2/Projects/demuxe-nonisolated-full-playback-20260929/readme-references-01/mpeg2-video-only/reference.rgb",
    "-",
    "/Volumes/seed2/Projects/demuxe-nonisolated-full-playback-20260929/readme-references-01/mpeg2-video-only/profile.json"
  ]
]
