configure: cmake -S /Volumes/seed2/Projects/demuxe/build/top100-ass/library/build/sources/freetype -B /Volumes/seed2/Projects/demuxe/build/top100-ass/obj-freetype -G Ninja -DCMAKE_INSTALL_PREFIX=/Volumes/seed2/Projects/demuxe/build/top100-ass/library/build/prefix -DCMAKE_BUILD_TYPE=Release -DBUILD_SHARED_LIBS=OFF -DFT_DISABLE_ZLIB=TRUE -DFT_DISABLE_BZIP2=TRUE -DFT_DISABLE_PNG=TRUE -DFT_DISABLE_HARFBUZZ=TRUE -DFT_DISABLE_BROTLI=TRUE -DCMAKE_TOOLCHAIN_FILE=/Volumes/seed2/Projects/webmpv/build/emsdk-4.0.14/upstream/emscripten/cmake/Modules/Platform/Emscripten.cmake -DCMAKE_CROSSCOMPILING_EMULATOR=/Users/jagatranvo/.nvm/versions/node/v23.5.0/bin/node
CMake Deprecation Warning at CMakeLists.txt:113 (cmake_minimum_required):
  Compatibility with CMake < 3.10 will be removed from a future version of
  CMake.

  Update the VERSION argument <min> value.  Or, use the <min>...<max> syntax
  to tell CMake that the project requires at least <min> but has been updated
  to work with policies introduced by <max> or earlier.


-- Found PkgConfig: /opt/homebrew/bin/pkg-config (found version "2.5.1")
-- Looking for unistd.h
-- Looking for unistd.h - found
-- Looking for fcntl.h
-- Looking for fcntl.h - found
-- Configuring done (41.0s)
-- Generating done (0.0s)
-- Build files have been written to: /Volumes/seed2/Projects/demuxe/build/top100-ass/obj-freetype
[1/43] Building C object CMakeFiles/freetype.dir/src/base/ftbdf.c.o
[2/43] Building C object CMakeFiles/freetype.dir/src/base/ftbbox.c.o
[3/43] Building C object CMakeFiles/freetype.dir/src/base/ftbitmap.c.o
[4/43] Building C object CMakeFiles/freetype.dir/src/base/ftcid.c.o
[5/43] Building C object CMakeFiles/freetype.dir/src/base/ftfstype.c.o
[6/43] Building C object CMakeFiles/freetype.dir/src/base/ftgasp.c.o
[7/43] Building C object CMakeFiles/freetype.dir/src/base/ftglyph.c.o
[8/43] Building C object CMakeFiles/freetype.dir/src/base/ftgxval.c.o
[9/43] Building C object CMakeFiles/freetype.dir/src/autofit/autofit.c.o
[10/43] Building C object CMakeFiles/freetype.dir/src/base/ftbase.c.o
[11/43] Building C object CMakeFiles/freetype.dir/src/base/ftinit.c.o
[12/43] Building C object CMakeFiles/freetype.dir/src/base/ftotval.c.o
[13/43] Building C object CMakeFiles/freetype.dir/src/base/ftmm.c.o
[14/43] Building C object CMakeFiles/freetype.dir/src/base/ftpatent.c.o
[15/43] Building C object CMakeFiles/freetype.dir/src/base/ftpfr.c.o
[16/43] Building C object CMakeFiles/freetype.dir/src/base/ftsynth.c.o
[17/43] Building C object CMakeFiles/freetype.dir/src/base/fttype1.c.o
[18/43] Building C object CMakeFiles/freetype.dir/src/base/ftstroke.c.o
[19/43] Building C object CMakeFiles/freetype.dir/src/base/ftwinfnt.c.o
[20/43] Building C object CMakeFiles/freetype.dir/src/bzip2/ftbzip2.c.o
[21/43] Building C object CMakeFiles/freetype.dir/src/bdf/bdf.c.o
[22/43] Building C object CMakeFiles/freetype.dir/src/cache/ftcache.c.o
[23/43] Building C object CMakeFiles/freetype.dir/src/cid/type1cid.c.o
[24/43] Building C object CMakeFiles/freetype.dir/src/cff/cff.c.o
[25/43] Building C object CMakeFiles/freetype.dir/src/lzw/ftlzw.c.o
[26/43] Building C object CMakeFiles/freetype.dir/src/gzip/ftgzip.c.o
[27/43] Building C object CMakeFiles/freetype.dir/src/pcf/pcf.c.o
[28/43] Building C object CMakeFiles/freetype.dir/src/pfr/pfr.c.o
[29/43] Building C object CMakeFiles/freetype.dir/src/psnames/psnames.c.o
[30/43] Building C object CMakeFiles/freetype.dir/src/pshinter/pshinter.c.o
[31/43] Building C object CMakeFiles/freetype.dir/src/raster/raster.c.o
[32/43] Building C object CMakeFiles/freetype.dir/src/sdf/sdf.c.o
[33/43] Building C object CMakeFiles/freetype.dir/src/psaux/psaux.c.o
[34/43] Building C object CMakeFiles/freetype.dir/src/smooth/smooth.c.o
[35/43] Building C object CMakeFiles/freetype.dir/src/svg/svg.c.o
[36/43] Building C object CMakeFiles/freetype.dir/src/type42/type42.c.o
[37/43] Building C object CMakeFiles/freetype.dir/src/type1/type1.c.o
[38/43] Building C object CMakeFiles/freetype.dir/src/sfnt/sfnt.c.o
[39/43] Building C object CMakeFiles/freetype.dir/src/winfonts/winfnt.c.o
[40/43] Building C object CMakeFiles/freetype.dir/builds/unix/ftsystem.c.o
[41/43] Building C object CMakeFiles/freetype.dir/src/base/ftdebug.c.o
[42/43] Building C object CMakeFiles/freetype.dir/src/truetype/truetype.c.o
[43/43] Linking C static library libfreetype.a
-- Install configuration: "Release"
-- Installing: /Volumes/seed2/Projects/demuxe/build/top100-ass/library/build/prefix/include/freetype2
-- Installing: /Volumes/seed2/Projects/demuxe/build/top100-ass/library/build/prefix/include/freetype2/freetype
-- Installing: /Volumes/seed2/Projects/demuxe/build/top100-ass/library/build/prefix/include/freetype2/freetype/config
-- Installing: /Volumes/seed2/Projects/demuxe/build/top100-ass/library/build/prefix/include/freetype2/freetype/config/ftheader.h
-- Installing: /Volumes/seed2/Projects/demuxe/build/top100-ass/library/build/prefix/include/freetype2/freetype/config/ftmodule.h
-- Installing: /Volumes/seed2/Projects/demuxe/build/top100-ass/library/build/prefix/include/freetype2/freetype/config/ftstdlib.h
-- Installing: /Volumes/seed2/Projects/demuxe/build/top100-ass/library/build/prefix/include/freetype2/freetype/config/integer-types.h
-- Installing: /Volumes/seed2/Projects/demuxe/build/top100-ass/library/build/prefix/include/freetype2/freetype/config/mac-support.h
-- Installing: /Volumes/seed2/Projects/demuxe/build/top100-ass/library/build/prefix/include/freetype2/freetype/config/public-macros.h
-- Installing: /Volumes/seed2/Projects/demuxe/build/top100-ass/library/build/prefix/include/freetype2/freetype/freetype.h
-- Installing: /Volumes/seed2/Projects/demuxe/build/top100-ass/library/build/prefix/include/freetype2/freetype/ftadvanc.h
-- Installing: /Volumes/seed2/Projects/demuxe/build/top100-ass/library/build/prefix/include/freetype2/freetype/ftbbox.h
-- Installing: /Volumes/seed2/Projects/demuxe/build/top100-ass/library/build/prefix/include/freetype2/freetype/ftbdf.h
-- Installing: /Volumes/seed2/Projects/demuxe/build/top100-ass/library/build/prefix/include/freetype2/freetype/ftbitmap.h
-- Installing: /Volumes/seed2/Projects/demuxe/build/top100-ass/library/build/prefix/include/freetype2/freetype/ftbzip2.h
-- Installing: /Volumes/seed2/Projects/demuxe/build/top100-ass/library/build/prefix/include/freetype2/freetype/ftcache.h
-- Installing: /Volumes/seed2/Projects/demuxe/build/top100-ass/library/build/prefix/include/freetype2/freetype/ftchapters.h
-- Installing: /Volumes/seed2/Projects/demuxe/build/top100-ass/library/build/prefix/include/freetype2/freetype/ftcid.h
-- Installing: /Volumes/seed2/Projects/demuxe/build/top100-ass/library/build/prefix/include/freetype2/freetype/ftcolor.h
-- Installing: /Volumes/seed2/Projects/demuxe/build/top100-ass/library/build/prefix/include/freetype2/freetype/ftdriver.h
-- Installing: /Volumes/seed2/Projects/demuxe/build/top100-ass/library/build/prefix/include/freetype2/freetype/fterrdef.h
-- Installing: /Volumes/seed2/Projects/demuxe/build/top100-ass/library/build/prefix/include/freetype2/freetype/fterrors.h
-- Installing: /Volumes/seed2/Projects/demuxe/build/top100-ass/library/build/prefix/include/freetype2/freetype/ftfntfmt.h
-- Installing: /Volumes/seed2/Projects/demuxe/build/top100-ass/library/build/prefix/include/freetype2/freetype/ftgasp.h
-- Installing: /Volumes/seed2/Projects/demuxe/build/top100-ass/library/build/prefix/include/freetype2/freetype/ftglyph.h
-- Installing: /Volumes/seed2/Projects/demuxe/build/top100-ass/library/build/prefix/include/freetype2/freetype/ftgxval.h
-- Installing: /Volumes/seed2/Projects/demuxe/build/top100-ass/library/build/prefix/include/freetype2/freetype/ftgzip.h
-- Installing: /Volumes/seed2/Projects/demuxe/build/top100-ass/library/build/prefix/include/freetype2/freetype/ftimage.h
-- Installing: /Volumes/seed2/Projects/demuxe/build/top100-ass/library/build/prefix/include/freetype2/freetype/ftincrem.h
-- Installing: /Volumes/seed2/Projects/demuxe/build/top100-ass/library/build/prefix/include/freetype2/freetype/ftlcdfil.h
-- Installing: /Volumes/seed2/Projects/demuxe/build/top100-ass/library/build/prefix/include/freetype2/freetype/ftlist.h
-- Installing: /Volumes/seed2/Projects/demuxe/build/top100-ass/library/build/prefix/include/freetype2/freetype/ftlogging.h
-- Installing: /Volumes/seed2/Projects/demuxe/build/top100-ass/library/build/prefix/include/freetype2/freetype/ftlzw.h
-- Installing: /Volumes/seed2/Projects/demuxe/build/top100-ass/library/build/prefix/include/freetype2/freetype/ftmac.h
-- Installing: /Volumes/seed2/Projects/demuxe/build/top100-ass/library/build/prefix/include/freetype2/freetype/ftmm.h
-- Installing: /Volumes/seed2/Projects/demuxe/build/top100-ass/library/build/prefix/include/freetype2/freetype/ftmodapi.h
-- Installing: /Volumes/seed2/Projects/demuxe/build/top100-ass/library/build/prefix/include/freetype2/freetype/ftmoderr.h
-- Installing: /Volumes/seed2/Projects/demuxe/build/top100-ass/library/build/prefix/include/freetype2/freetype/ftotval.h
-- Installing: /Volumes/seed2/Projects/demuxe/build/top100-ass/library/build/prefix/include/freetype2/freetype/ftoutln.h
-- Installing: /Volumes/seed2/Projects/demuxe/build/top100-ass/library/build/prefix/include/freetype2/freetype/ftparams.h
-- Installing: /Volumes/seed2/Projects/demuxe/build/top100-ass/library/build/prefix/include/freetype2/freetype/ftpfr.h
-- Installing: /Volumes/seed2/Projects/demuxe/build/top100-ass/library/build/prefix/include/freetype2/freetype/ftrender.h
-- Installing: /Volumes/seed2/Projects/demuxe/build/top100-ass/library/build/prefix/include/freetype2/freetype/ftsizes.h
-- Installing: /Volumes/seed2/Projects/demuxe/build/top100-ass/library/build/prefix/include/freetype2/freetype/ftsnames.h
-- Installing: /Volumes/seed2/Projects/demuxe/build/top100-ass/library/build/prefix/include/freetype2/freetype/ftstroke.h
-- Installing: /Volumes/seed2/Projects/demuxe/build/top100-ass/library/build/prefix/include/freetype2/freetype/ftsynth.h
-- Installing: /Volumes/seed2/Projects/demuxe/build/top100-ass/library/build/prefix/include/freetype2/freetype/ftsystem.h
-- Installing: /Volumes/seed2/Projects/demuxe/build/top100-ass/library/build/prefix/include/freetype2/freetype/fttrigon.h
-- Installing: /Volumes/seed2/Projects/demuxe/build/top100-ass/library/build/prefix/include/freetype2/freetype/fttypes.h
-- Installing: /Volumes/seed2/Projects/demuxe/build/top100-ass/library/build/prefix/include/freetype2/freetype/ftwinfnt.h
-- Installing: /Volumes/seed2/Projects/demuxe/build/top100-ass/library/build/prefix/include/freetype2/freetype/otsvg.h
-- Installing: /Volumes/seed2/Projects/demuxe/build/top100-ass/library/build/prefix/include/freetype2/freetype/t1tables.h
-- Installing: /Volumes/seed2/Projects/demuxe/build/top100-ass/library/build/prefix/include/freetype2/freetype/ttnameid.h
-- Installing: /Volumes/seed2/Projects/demuxe/build/top100-ass/library/build/prefix/include/freetype2/freetype/tttables.h
-- Installing: /Volumes/seed2/Projects/demuxe/build/top100-ass/library/build/prefix/include/freetype2/freetype/tttags.h
-- Installing: /Volumes/seed2/Projects/demuxe/build/top100-ass/library/build/prefix/include/freetype2/ft2build.h
-- Installing: /Volumes/seed2/Projects/demuxe/build/top100-ass/library/build/prefix/include/freetype2/freetype/config/ftconfig.h
-- Installing: /Volumes/seed2/Projects/demuxe/build/top100-ass/library/build/prefix/include/freetype2/freetype/config/ftoption.h
-- Installing: /Volumes/seed2/Projects/demuxe/build/top100-ass/library/build/prefix/lib/pkgconfig/freetype2.pc
-- Installing: /Volumes/seed2/Projects/demuxe/build/top100-ass/library/build/prefix/lib/libfreetype.a
-- Installing: /Volumes/seed2/Projects/demuxe/build/top100-ass/library/build/prefix/lib/cmake/freetype/freetype-config.cmake
-- Installing: /Volumes/seed2/Projects/demuxe/build/top100-ass/library/build/prefix/lib/cmake/freetype/freetype-config-release.cmake
-- Installing: /Volumes/seed2/Projects/demuxe/build/top100-ass/library/build/prefix/lib/cmake/freetype/freetype-config-version.cmake
The Meson build system
Version: 1.9.1
Source dir: /Volumes/seed2/Projects/demuxe/build/top100-ass/library/build/sources/fribidi
Build dir: /Volumes/seed2/Projects/demuxe/build/top100-ass/obj-fribidi
Build type: cross build
Project name: fribidi
Project version: 1.0.16
C compiler for the host machine: /Volumes/seed2/Projects/webmpv/build/emsdk-4.0.14/upstream/emscripten/emcc (emscripten 4.0.14 "emcc (Emscripten gcc/clang-like replacement + linker emulating GNU ld) 4.0.14 (96371ed7888fc78c040179f4d4faa82a6a07a116)")
C linker for the host machine: /Volumes/seed2/Projects/webmpv/build/emsdk-4.0.14/upstream/emscripten/emcc ld.wasm 22.0.0
C compiler for the build machine: cc (clang 21.0.0 "Apple clang version 21.0.0 (clang-2100.1.1.101)")
C linker for the build machine: cc ld64 1267
Build machine cpu family: aarch64
Build machine cpu: aarch64
Host machine cpu family: wasm32
Host machine cpu: wasm32
Target machine cpu family: wasm32
Target machine cpu: wasm32
Checking for function "memmove" : YES 
Checking for function "memset" : YES 
Checking for function "strdup" : YES 
Has header "stdlib.h" : YES 
Has header "string.h" : YES 
Has header "memory.h" : YES 
Has header "strings.h" : YES 
Has header "sys/times.h" : YES 
Has header "strings.h" : YES (cached)
Configuring config.h using configuration
Has header "stdlib.h" : YES (cached)
Has header "string.h" : YES (cached)
Has header "strings.h" : YES (cached)
Checking for size of "int" : 4 
Configuring fribidi-config.h using configuration
Found pkg-config: YES (/opt/homebrew/bin/pkg-config) 2.5.1
Build targets in project: 15

fribidi 1.0.16

  User defined options
    Cross files    : /Volumes/seed2/Projects/demuxe/build/top100-ass/cross.ini
    auto_features  : disabled
    bin            : false
    buildtype      : release
    default_library: static
    docs           : false
    libdir         : lib
    prefix         : /Volumes/seed2/Projects/demuxe/build/top100-ass/library/build/prefix
    tests          : false
    wrap_mode      : nofallback

Found ninja-1.13.2 at /opt/homebrew/bin/ninja
ninja: Entering directory `/Volumes/seed2/Projects/demuxe/build/top100-ass/obj-fribidi'
[1/46] Compiling C object gen.tab/gen-unicode-version.p/gen-unicode-version.c.o
[2/46] Linking target gen.tab/gen-unicode-version
[3/46] Generating gen.tab/fribidi-unicode-version.h with a custom command (wrapped by meson to capture output)
[4/46] Compiling C object gen.tab/gen-bidi-type-tab.p/gen-bidi-type-tab.c.o
[5/46] Compiling C object gen.tab/gen-joining-type-tab.p/gen-joining-type-tab.c.o
[6/46] Compiling C object gen.tab/gen-joining-type-tab.p/packtab.c.o
[7/46] Compiling C object gen.tab/gen-bidi-type-tab.p/packtab.c.o
[8/46] Compiling C object gen.tab/gen-arabic-shaping-tab.p/gen-arabic-shaping-tab.c.o
[9/46] Compiling C object gen.tab/gen-mirroring-tab.p/gen-mirroring-tab.c.o
[10/46] Compiling C object gen.tab/gen-arabic-shaping-tab.p/packtab.c.o
[11/46] Compiling C object gen.tab/gen-brackets-tab.p/gen-brackets-tab.c.o
[12/46] Compiling C object gen.tab/gen-mirroring-tab.p/packtab.c.o
[13/46] Compiling C object gen.tab/gen-brackets-type-tab.p/gen-brackets-type-tab.c.o
[14/46] Linking target gen.tab/gen-bidi-type-tab
[15/46] Compiling C object gen.tab/gen-brackets-tab.p/packtab.c.o
[16/46] Linking target gen.tab/gen-joining-type-tab
[17/46] Linking target gen.tab/gen-arabic-shaping-tab
[18/46] Compiling C object gen.tab/gen-brackets-type-tab.p/packtab.c.o
[19/46] Linking target gen.tab/gen-mirroring-tab
[20/46] Linking target gen.tab/gen-brackets-tab
[21/46] Linking target gen.tab/gen-brackets-type-tab
[22/46] Generating gen.tab/gen-arabic-shaping-tab with a custom command (wrapped by meson to capture output)
[23/46] Generating gen.tab/gen-bidi-type-tab with a custom command (wrapped by meson to capture output)
[24/46] Generating gen.tab/gen-mirroring-tab with a custom command (wrapped by meson to capture output)
[25/46] Generating gen.tab/gen-joining-type-tab with a custom command (wrapped by meson to capture output)
[26/46] Generating gen.tab/gen-brackets-tab with a custom command (wrapped by meson to capture output)
[27/46] Generating gen.tab/gen-brackets-type-tab with a custom command (wrapped by meson to capture output)
[28/46] Compiling C object lib/libfribidi.a.p/fribidi-arabic.c.o
[29/46] Compiling C object lib/libfribidi.a.p/fribidi-bidi-types.c.o
[30/46] Compiling C object lib/libfribidi.a.p/fribidi.c.o
[31/46] Compiling C object lib/libfribidi.a.p/fribidi-bidi.c.o
../library/build/sources/fribidi/lib/fribidi-bidi.c:577:28: warning: implicit conversion from enumeration type 'FriBidiCharType' to different enumeration type 'FriBidiParType' [-Wimplicit-enum-enum-cast]
  577 |               *pbase_dir = FRIBIDI_LEVEL_TO_DIR (base_level);
      |                          ~ ^~~~~~~~~~~~~~~~~~~~~~~~~~~~~~~~~
../library/build/sources/fribidi/lib/fribidi-bidi-types.h:257:32: note: expanded from macro 'FRIBIDI_LEVEL_TO_DIR'
  257 |         (FRIBIDI_LEVEL_IS_RTL (lev) ? FRIBIDI_TYPE_RTL : FRIBIDI_TYPE_LTR)
      |                                       ^~~~~~~~~~~~~~~~
../library/build/sources/fribidi/lib/fribidi-bidi.c:577:28: warning: implicit conversion from enumeration type 'FriBidiCharType' to different enumeration type 'FriBidiParType' [-Wimplicit-enum-enum-cast]
  577 |               *pbase_dir = FRIBIDI_LEVEL_TO_DIR (base_level);
      |                          ~ ^~~~~~~~~~~~~~~~~~~~~~~~~~~~~~~~~
../library/build/sources/fribidi/lib/fribidi-bidi-types.h:257:51: note: expanded from macro 'FRIBIDI_LEVEL_TO_DIR'
  257 |         (FRIBIDI_LEVEL_IS_RTL (lev) ? FRIBIDI_TYPE_RTL : FRIBIDI_TYPE_LTR)
      |                                                          ^~~~~~~~~~~~~~~~
../library/build/sources/fribidi/lib/fribidi-bidi.c:582:14: warning: implicit conversion from enumeration type 'FriBidiCharType' to different enumeration type 'FriBidiParType' [-Wimplicit-enum-enum-cast]
  582 |   base_dir = FRIBIDI_LEVEL_TO_DIR (base_level);
      |            ~ ^~~~~~~~~~~~~~~~~~~~~~~~~~~~~~~~~
../library/build/sources/fribidi/lib/fribidi-bidi-types.h:257:32: note: expanded from macro 'FRIBIDI_LEVEL_TO_DIR'
  257 |         (FRIBIDI_LEVEL_IS_RTL (lev) ? FRIBIDI_TYPE_RTL : FRIBIDI_TYPE_LTR)
      |                                       ^~~~~~~~~~~~~~~~
../library/build/sources/fribidi/lib/fribidi-bidi.c:582:14: warning: implicit conversion from enumeration type 'FriBidiCharType' to different enumeration type 'FriBidiParType' [-Wimplicit-enum-enum-cast]
  582 |   base_dir = FRIBIDI_LEVEL_TO_DIR (base_level);
      |            ~ ^~~~~~~~~~~~~~~~~~~~~~~~~~~~~~~~~
../library/build/sources/fribidi/lib/fribidi-bidi-types.h:257:51: note: expanded from macro 'FRIBIDI_LEVEL_TO_DIR'
  257 |         (FRIBIDI_LEVEL_IS_RTL (lev) ? FRIBIDI_TYPE_RTL : FRIBIDI_TYPE_LTR)
      |                                                          ^~~~~~~~~~~~~~~~
../library/build/sources/fribidi/lib/fribidi-bidi.c:1392:16: warning: implicit conversion from enumeration type 'FriBidiParType' to different enumeration type 'FriBidiCharType' [-Wimplicit-enum-enum-cast]
 1392 |             p->type = base_dir;
      |                     ~ ^~~~~~~~
5 warnings generated.
[32/46] Compiling C object lib/libfribidi.a.p/fribidi-char-sets.c.o
[33/46] Compiling C object lib/libfribidi.a.p/fribidi-char-sets-cp1255.c.o
[34/46] Compiling C object lib/libfribidi.a.p/fribidi-char-sets-cap-rtl.c.o
[35/46] Compiling C object lib/libfribidi.a.p/fribidi-char-sets-cp1256.c.o
[36/46] Compiling C object lib/libfribidi.a.p/fribidi-char-sets-iso8859-6.c.o
[37/46] Compiling C object lib/libfribidi.a.p/fribidi-char-sets-iso8859-8.c.o
[38/46] Compiling C object lib/libfribidi.a.p/fribidi-char-sets-utf8.c.o
[39/46] Compiling C object lib/libfribidi.a.p/fribidi-deprecated.c.o
[40/46] Compiling C object lib/libfribidi.a.p/fribidi-joining.c.o
[41/46] Compiling C object lib/libfribidi.a.p/fribidi-mirroring.c.o
[42/46] Compiling C object lib/libfribidi.a.p/fribidi-joining-types.c.o
[43/46] Compiling C object lib/libfribidi.a.p/fribidi-brackets.c.o
[44/46] Compiling C object lib/libfribidi.a.p/fribidi-run.c.o
[45/46] Compiling C object lib/libfribidi.a.p/fribidi-shape.c.o
[46/46] Linking static target lib/libfribidi.a
ninja: Entering directory `/Volumes/seed2/Projects/demuxe/build/top100-ass/obj-fribidi'
ninja: no work to do.
Installing gen.tab/fribidi-unicode-version.h to /Volumes/seed2/Projects/demuxe/build/top100-ass/library/build/prefix/include/fribidi
Installing lib/libfribidi.a to /Volumes/seed2/Projects/demuxe/build/top100-ass/library/build/prefix/lib
Installing /Volumes/seed2/Projects/demuxe/build/top100-ass/library/build/sources/fribidi/lib/fribidi-arabic.h to /Volumes/seed2/Projects/demuxe/build/top100-ass/library/build/prefix/include/fribidi
Installing /Volumes/seed2/Projects/demuxe/build/top100-ass/library/build/sources/fribidi/lib/fribidi-begindecls.h to /Volumes/seed2/Projects/demuxe/build/top100-ass/library/build/prefix/include/fribidi
Installing /Volumes/seed2/Projects/demuxe/build/top100-ass/library/build/sources/fribidi/lib/fribidi-bidi.h to /Volumes/seed2/Projects/demuxe/build/top100-ass/library/build/prefix/include/fribidi
Installing /Volumes/seed2/Projects/demuxe/build/top100-ass/library/build/sources/fribidi/lib/fribidi-bidi-types.h to /Volumes/seed2/Projects/demuxe/build/top100-ass/library/build/prefix/include/fribidi
Installing /Volumes/seed2/Projects/demuxe/build/top100-ass/library/build/sources/fribidi/lib/fribidi-bidi-types-list.h to /Volumes/seed2/Projects/demuxe/build/top100-ass/library/build/prefix/include/fribidi
Installing /Volumes/seed2/Projects/demuxe/build/top100-ass/library/build/sources/fribidi/lib/fribidi-char-sets.h to /Volumes/seed2/Projects/demuxe/build/top100-ass/library/build/prefix/include/fribidi
Installing /Volumes/seed2/Projects/demuxe/build/top100-ass/library/build/sources/fribidi/lib/fribidi-char-sets-list.h to /Volumes/seed2/Projects/demuxe/build/top100-ass/library/build/prefix/include/fribidi
Installing /Volumes/seed2/Projects/demuxe/build/top100-ass/library/build/sources/fribidi/lib/fribidi-common.h to /Volumes/seed2/Projects/demuxe/build/top100-ass/library/build/prefix/include/fribidi
Installing /Volumes/seed2/Projects/demuxe/build/top100-ass/library/build/sources/fribidi/lib/fribidi-deprecated.h to /Volumes/seed2/Projects/demuxe/build/top100-ass/library/build/prefix/include/fribidi
Installing /Volumes/seed2/Projects/demuxe/build/top100-ass/library/build/sources/fribidi/lib/fribidi-enddecls.h to /Volumes/seed2/Projects/demuxe/build/top100-ass/library/build/prefix/include/fribidi
Installing /Volumes/seed2/Projects/demuxe/build/top100-ass/library/build/sources/fribidi/lib/fribidi-flags.h to /Volumes/seed2/Projects/demuxe/build/top100-ass/library/build/prefix/include/fribidi
Installing /Volumes/seed2/Projects/demuxe/build/top100-ass/library/build/sources/fribidi/lib/fribidi-joining.h to /Volumes/seed2/Projects/demuxe/build/top100-ass/library/build/prefix/include/fribidi
Installing /Volumes/seed2/Projects/demuxe/build/top100-ass/library/build/sources/fribidi/lib/fribidi-joining-types.h to /Volumes/seed2/Projects/demuxe/build/top100-ass/library/build/prefix/include/fribidi
Installing /Volumes/seed2/Projects/demuxe/build/top100-ass/library/build/sources/fribidi/lib/fribidi-joining-types-list.h to /Volumes/seed2/Projects/demuxe/build/top100-ass/library/build/prefix/include/fribidi
Installing /Volumes/seed2/Projects/demuxe/build/top100-ass/library/build/sources/fribidi/lib/fribidi-mirroring.h to /Volumes/seed2/Projects/demuxe/build/top100-ass/library/build/prefix/include/fribidi
Installing /Volumes/seed2/Projects/demuxe/build/top100-ass/library/build/sources/fribidi/lib/fribidi-brackets.h to /Volumes/seed2/Projects/demuxe/build/top100-ass/library/build/prefix/include/fribidi
Installing /Volumes/seed2/Projects/demuxe/build/top100-ass/library/build/sources/fribidi/lib/fribidi-shape.h to /Volumes/seed2/Projects/demuxe/build/top100-ass/library/build/prefix/include/fribidi
Installing /Volumes/seed2/Projects/demuxe/build/top100-ass/library/build/sources/fribidi/lib/fribidi-types.h to /Volumes/seed2/Projects/demuxe/build/top100-ass/library/build/prefix/include/fribidi
Installing /Volumes/seed2/Projects/demuxe/build/top100-ass/library/build/sources/fribidi/lib/fribidi-unicode.h to /Volumes/seed2/Projects/demuxe/build/top100-ass/library/build/prefix/include/fribidi
Installing /Volumes/seed2/Projects/demuxe/build/top100-ass/library/build/sources/fribidi/lib/fribidi.h to /Volumes/seed2/Projects/demuxe/build/top100-ass/library/build/prefix/include/fribidi
Installing /Volumes/seed2/Projects/demuxe/build/top100-ass/obj-fribidi/lib/fribidi-config.h to /Volumes/seed2/Projects/demuxe/build/top100-ass/library/build/prefix/include/fribidi
Installing /Volumes/seed2/Projects/demuxe/build/top100-ass/obj-fribidi/meson-private/fribidi.pc to /Volumes/seed2/Projects/demuxe/build/top100-ass/library/build/prefix/lib/pkgconfig
The Meson build system
Version: 1.9.1
Source dir: /Volumes/seed2/Projects/demuxe/build/top100-ass/library/build/sources/harfbuzz
Build dir: /Volumes/seed2/Projects/demuxe/build/top100-ass/obj-harfbuzz
Build type: cross build
Project name: harfbuzz
Project version: 10.4.0
C compiler for the host machine: /Volumes/seed2/Projects/webmpv/build/emsdk-4.0.14/upstream/emscripten/emcc (emscripten 4.0.14 "emcc (Emscripten gcc/clang-like replacement + linker emulating GNU ld) 4.0.14 (96371ed7888fc78c040179f4d4faa82a6a07a116)")
C linker for the host machine: /Volumes/seed2/Projects/webmpv/build/emsdk-4.0.14/upstream/emscripten/emcc ld.wasm 22.0.0
C++ compiler for the host machine: /Volumes/seed2/Projects/webmpv/build/emsdk-4.0.14/upstream/emscripten/em++ (emscripten 4.0.14 "emcc (Emscripten gcc/clang-like replacement + linker emulating GNU ld) 4.0.14 (96371ed7888fc78c040179f4d4faa82a6a07a116)")
C++ linker for the host machine: /Volumes/seed2/Projects/webmpv/build/emsdk-4.0.14/upstream/emscripten/em++ ld.wasm 22.0.0
C compiler for the build machine: cc (clang 21.0.0 "Apple clang version 21.0.0 (clang-2100.1.1.101)")
C linker for the build machine: cc ld64 1267
C++ compiler for the build machine: c++ (clang 21.0.0 "Apple clang version 21.0.0 (clang-2100.1.1.101)")
C++ linker for the build machine: c++ ld64 1267
Build machine cpu family: aarch64
Build machine cpu: aarch64
Host machine cpu family: wasm32
Host machine cpu: wasm32
Target machine cpu family: wasm32
Target machine cpu: wasm32
Compiler for C++ supports link arguments -Bsymbolic-functions: YES 
Compiler for C++ supports arguments -fno-exceptions: YES 
Compiler for C++ supports arguments -fno-rtti: YES 
Compiler for C++ supports arguments -fno-threadsafe-statics: YES 
Compiler for C++ supports arguments -fvisibility-inlines-hidden: YES 
Library m found: YES
Found pkg-config: YES (/opt/homebrew/bin/pkg-config) 2.5.1
Run-time dependency freetype2 found: YES 26.2.20
Dependency glib-2.0 skipped: feature glib disabled
Dependency gobject-2.0 skipped: feature gobject disabled
Dependency graphite2 skipped: feature graphite2 disabled
Dependency graphite2 skipped: feature graphite disabled
Library iwasm skipped: feature wasm disabled
Dependency icu-uc skipped: feature icu disabled
Dependency chafa skipped: feature chafa disabled
Compiler for C++ supports arguments -Wno-non-virtual-dtor: YES 
Run-time dependency threads found: YES
Has header "unistd.h" : YES 
Has header "sys/mman.h" : YES 
Has header "stdbool.h" : YES 
Has header "xlocale.h" : YES 
Checking for function "atexit" : YES 
Checking for function "mprotect" : YES 
Checking for function "sysconf" : YES 
Checking for function "getpagesize" : YES 
Checking for function "mmap" : YES 
Checking for function "isatty" : YES 
Checking for function "uselocale" : YES 
Checking for function "newlocale" : YES 
Checking for function "sincosf" : YES 
Checking for function "FT_Get_Var_Blend_Coordinates" with dependency freetype2: YES 
Checking for function "FT_Set_Var_Blend_Coordinates" with dependency freetype2: YES 
Checking for function "FT_Done_MM_Var" with dependency freetype2: YES 
Checking for function "FT_Get_Transform" with dependency freetype2: YES 
Program gen-hb-version.py found: YES (/Volumes/seed2/Projects/demuxe/build/top100-ass/library/build/sources/harfbuzz/src/gen-hb-version.py)
Configuring hb-version.h with command
Program ragel found: NO
build/top100-ass/library/build/sources/harfbuzz/src/meson.build:422: WARNING: You have to install ragel if you are going to develop HarfBuzz itself
Program gen-harfbuzzcc.py found: YES (/Volumes/seed2/Projects/demuxe/build/top100-ass/library/build/sources/harfbuzz/src/gen-harfbuzzcc.py)
Configuring hb-features.h using configuration
Configuring hb-supported-features.h using configuration
Program gen-def.py found: YES (/Volumes/seed2/Projects/demuxe/build/top100-ass/library/build/sources/harfbuzz/src/gen-def.py)
Fetching value of define "_MSC_FULL_VER" : (undefined) 
Program gen-harfbuzzcc.py found: YES (/Volumes/seed2/Projects/demuxe/build/top100-ass/library/build/sources/harfbuzz/src/gen-harfbuzzcc.py)
build/top100-ass/library/build/sources/harfbuzz/src/meson.build:826: WARNING: Project targets '>= 0.55.0' but uses feature introduced in '1.3.0': fs.relative_to.
Configuring harfbuzz-config.cmake using configuration
Configuring config.h using configuration
Build targets in project: 8
WARNING: Project specifies a minimum meson_version '>= 0.55.0' but uses features which were added in newer versions:
 * 1.3.0: {'fs.relative_to'}

harfbuzz 10.4.0

  Directories
    prefix                    : /Volumes/seed2/Projects/demuxe/build/top100-ass/library/build/prefix
    bindir                    : bin
    libdir                    : lib
    includedir                : include
    datadir                   : share
    cmakepackagedir           : lib/cmake

  Unicode callbacks (you want at least one)
    Builtin                   : YES
    Glib                      : NO
    ICU                       : NO

  Font callbacks (the more the merrier)
    Builtin                   : YES
    FreeType                  : YES

  Dependencies used for command-line utilities
    Cairo                     : NO
    Chafa                     : NO

  Additional shapers
    Graphite2                 : NO
    WebAssembly (experimental): NO

  Platform shapers (not normally needed)
    CoreText                  : NO
    DirectWrite (experimental): NO
    GDI/Uniscribe             : NO

  Other features
    Documentation             : NO
    GObject bindings          : NO
    Cairo integration         : NO
    Introspection             : NO
    Experimental APIs         : NO

  Testing
    Tests                     : NO
    Benchmark                 : NO

  User defined options
    Cross files               : /Volumes/seed2/Projects/demuxe/build/top100-ass/cross.ini
    auto_features             : disabled
    buildtype                 : release
    default_library           : static
    freetype                  : enabled
    libdir                    : lib
    prefix                    : /Volumes/seed2/Projects/demuxe/build/top100-ass/library/build/prefix
    tests                     : disabled
    utilities                 : disabled
    wrap_mode                 : nofallback

Found ninja-1.13.2 at /opt/homebrew/bin/ninja
ninja: Entering directory `/Volumes/seed2/Projects/demuxe/build/top100-ass/obj-harfbuzz'
[1/73] Compiling C++ object src/libharfbuzz.a.p/hb-blob.cc.o
[2/73] Compiling C++ object src/libharfbuzz.a.p/hb-buffer-serialize.cc.o
[3/73] Compiling C++ object src/libharfbuzz.a.p/hb-aat-map.cc.o
[4/73] Compiling C++ object src/libharfbuzz.a.p/hb-buffer-verify.cc.o
[5/73] Compiling C++ object src/libharfbuzz.a.p/hb-common.cc.o
[6/73] Compiling C++ object src/libharfbuzz.a.p/hb-buffer.cc.o
[7/73] Compiling C++ object src/libharfbuzz.a.p/hb-draw.cc.o
[8/73] Compiling C++ object src/libharfbuzz.a.p/hb-paint.cc.o
[9/73] Compiling C++ object src/libharfbuzz.a.p/hb-paint-extents.cc.o
[10/73] Compiling C++ object src/libharfbuzz.a.p/hb-fallback-shape.cc.o
[11/73] Compiling C++ object src/libharfbuzz.a.p/hb-face-builder.cc.o
[12/73] Compiling C++ object src/libharfbuzz.a.p/hb-face.cc.o
[13/73] Compiling C++ object src/libharfbuzz.a.p/hb-number.cc.o
[14/73] Compiling C++ object src/libharfbuzz.a.p/hb-map.cc.o
[15/73] Compiling C++ object src/libharfbuzz.a.p/hb-aat-layout.cc.o
[16/73] Compiling C++ object src/libharfbuzz.a.p/hb-font.cc.o
[17/73] Compiling C++ object src/libharfbuzz.a.p/hb-ot-cff2-table.cc.o
[18/73] Compiling C++ object src/libharfbuzz.a.p/hb-ot-cff1-table.cc.o
[19/73] Compiling C++ object src/libharfbuzz.a.p/hb-ot-color.cc.o
[20/73] Compiling C++ object src/libharfbuzz.a.p/hb-outline.cc.o
[21/73] Compiling C++ object src/libharfbuzz.a.p/OT_Var_VARC_VARC.cc.o
[22/73] Compiling C++ object src/libharfbuzz.a.p/hb-ot-face.cc.o
[23/73] Compiling C++ object src/libharfbuzz.a.p/hb-ot-map.cc.o
[24/73] Compiling C++ object src/libharfbuzz.a.p/hb-ot-math.cc.o
[25/73] Compiling C++ object src/libharfbuzz.a.p/hb-ot-meta.cc.o
[26/73] Compiling C++ object src/libharfbuzz.a.p/hb-ot-font.cc.o
[27/73] Compiling C++ object src/libharfbuzz.a.p/hb-ot-name.cc.o
[28/73] Compiling C++ object src/libharfbuzz.a.p/hb-ot-metrics.cc.o
[29/73] Compiling C++ object src/libharfbuzz.a.p/hb-ot-shaper-default.cc.o
[30/73] Compiling C++ object src/libharfbuzz.a.p/hb-ot-shaper-hangul.cc.o
[31/73] Compiling C++ object src/libharfbuzz.a.p/hb-ot-shaper-hebrew.cc.o
[32/73] Compiling C++ object src/libharfbuzz.a.p/hb-ot-shaper-indic-table.cc.o
[33/73] Compiling C++ object src/libharfbuzz.a.p/hb-ot-layout.cc.o
[34/73] Compiling C++ object src/libharfbuzz.a.p/hb-ot-shaper-arabic.cc.o
[35/73] Compiling C++ object src/libharfbuzz.a.p/hb-ot-shaper-khmer.cc.o
[36/73] Compiling C++ object src/libharfbuzz.a.p/hb-ot-shaper-indic.cc.o
[37/73] Compiling C++ object src/libharfbuzz.a.p/hb-ot-shaper-myanmar.cc.o
[38/73] Compiling C++ object src/libharfbuzz.a.p/hb-ot-shaper-syllabic.cc.o
[39/73] Compiling C++ object src/libharfbuzz.a.p/hb-ot-shaper-thai.cc.o
[40/73] Compiling C++ object src/libharfbuzz.a.p/hb-ot-shaper-vowel-constraints.cc.o
[41/73] Compiling C++ object src/libharfbuzz.a.p/hb-ot-shape-normalize.cc.o
[42/73] Compiling C++ object src/libharfbuzz.a.p/hb-ot-shaper-use.cc.o
[43/73] Compiling C++ object src/libharfbuzz.a.p/hb-ot-shape.cc.o
[44/73] Compiling C++ object src/libharfbuzz.a.p/hb-ot-shape-fallback.cc.o
[45/73] Compiling C++ object src/libharfbuzz.a.p/hb-shape-plan.cc.o
[46/73] Compiling C++ object src/libharfbuzz.a.p/hb-ot-tag.cc.o
[47/73] Compiling C++ object src/libharfbuzz.a.p/hb-set.cc.o
[48/73] Compiling C++ object src/libharfbuzz.a.p/hb-ot-var.cc.o
[49/73] Compiling C++ object src/libharfbuzz.a.p/hb-shaper.cc.o
[50/73] Compiling C++ object src/libharfbuzz.a.p/hb-shape.cc.o
[51/73] Compiling C++ object src/libharfbuzz.a.p/hb-unicode.cc.o
[52/73] Compiling C++ object src/libharfbuzz.a.p/hb-ucd.cc.o
[53/73] Compiling C++ object src/libharfbuzz.a.p/hb-style.cc.o
[54/73] Compiling C++ object src/libharfbuzz-subset.a.p/hb-number.cc.o
[55/73] Compiling C++ object src/libharfbuzz.a.p/hb-static.cc.o
[56/73] Compiling C++ object src/libharfbuzz.a.p/hb-ft.cc.o
[57/73] Compiling C++ object src/libharfbuzz-subset.a.p/hb-ot-cff1-table.cc.o
[58/73] Compiling C++ object src/libharfbuzz-subset.a.p/hb-ot-cff2-table.cc.o
[59/73] Compiling C++ object src/libharfbuzz-subset.a.p/hb-subset-cff-common.cc.o
[60/73] Compiling C++ object src/libharfbuzz-subset.a.p/hb-static.cc.o
[61/73] Compiling C++ object src/libharfbuzz-subset.a.p/hb-subset-cff1.cc.o
[62/73] Compiling C++ object src/libharfbuzz-subset.a.p/hb-subset-input.cc.o
[63/73] Compiling C++ object src/libharfbuzz-subset.a.p/hb-subset-cff2.cc.o
[64/73] Compiling C++ object src/libharfbuzz-subset.a.p/hb-subset-instancer-iup.cc.o
[65/73] Compiling C++ object src/libharfbuzz-subset.a.p/hb-subset-instancer-solver.cc.o
[66/73] Compiling C++ object src/libharfbuzz-subset.a.p/graph_gsubgpos-context.cc.o
[67/73] Generating src/harfbuzz.cc with a custom command
[68/73] Linking static target src/libharfbuzz.a
[69/73] Generating src/harfbuzz-subset.cc with a custom command
[70/73] Compiling C++ object src/libharfbuzz-subset.a.p/hb-subset-serialize.cc.o
[71/73] Compiling C++ object src/libharfbuzz-subset.a.p/hb-subset-plan.cc.o
[72/73] Compiling C++ object src/libharfbuzz-subset.a.p/hb-subset.cc.o
[73/73] Linking static target src/libharfbuzz-subset.a
ninja: Entering directory `/Volumes/seed2/Projects/demuxe/build/top100-ass/obj-harfbuzz'
ninja: no work to do.
Installing src/libharfbuzz.a to /Volumes/seed2/Projects/demuxe/build/top100-ass/library/build/prefix/lib
Installing src/libharfbuzz-subset.a to /Volumes/seed2/Projects/demuxe/build/top100-ass/library/build/prefix/lib
Installing /Volumes/seed2/Projects/demuxe/build/top100-ass/library/build/sources/harfbuzz/src/hb-aat-layout.h to /Volumes/seed2/Projects/demuxe/build/top100-ass/library/build/prefix/include/harfbuzz
Installing /Volumes/seed2/Projects/demuxe/build/top100-ass/library/build/sources/harfbuzz/src/hb-aat.h to /Volumes/seed2/Projects/demuxe/build/top100-ass/library/build/prefix/include/harfbuzz
Installing /Volumes/seed2/Projects/demuxe/build/top100-ass/library/build/sources/harfbuzz/src/hb-blob.h to /Volumes/seed2/Projects/demuxe/build/top100-ass/library/build/prefix/include/harfbuzz
Installing /Volumes/seed2/Projects/demuxe/build/top100-ass/library/build/sources/harfbuzz/src/hb-buffer.h to /Volumes/seed2/Projects/demuxe/build/top100-ass/library/build/prefix/include/harfbuzz
Installing /Volumes/seed2/Projects/demuxe/build/top100-ass/library/build/sources/harfbuzz/src/hb-common.h to /Volumes/seed2/Projects/demuxe/build/top100-ass/library/build/prefix/include/harfbuzz
Installing /Volumes/seed2/Projects/demuxe/build/top100-ass/library/build/sources/harfbuzz/src/hb-cplusplus.hh to /Volumes/seed2/Projects/demuxe/build/top100-ass/library/build/prefix/include/harfbuzz
Installing /Volumes/seed2/Projects/demuxe/build/top100-ass/library/build/sources/harfbuzz/src/hb-deprecated.h to /Volumes/seed2/Projects/demuxe/build/top100-ass/library/build/prefix/include/harfbuzz
Installing /Volumes/seed2/Projects/demuxe/build/top100-ass/library/build/sources/harfbuzz/src/hb-draw.h to /Volumes/seed2/Projects/demuxe/build/top100-ass/library/build/prefix/include/harfbuzz
Installing /Volumes/seed2/Projects/demuxe/build/top100-ass/library/build/sources/harfbuzz/src/hb-paint.h to /Volumes/seed2/Projects/demuxe/build/top100-ass/library/build/prefix/include/harfbuzz
Installing /Volumes/seed2/Projects/demuxe/build/top100-ass/library/build/sources/harfbuzz/src/hb-face.h to /Volumes/seed2/Projects/demuxe/build/top100-ass/library/build/prefix/include/harfbuzz
Installing /Volumes/seed2/Projects/demuxe/build/top100-ass/library/build/sources/harfbuzz/src/hb-font.h to /Volumes/seed2/Projects/demuxe/build/top100-ass/library/build/prefix/include/harfbuzz
Installing /Volumes/seed2/Projects/demuxe/build/top100-ass/library/build/sources/harfbuzz/src/hb-map.h to /Volumes/seed2/Projects/demuxe/build/top100-ass/library/build/prefix/include/harfbuzz
Installing /Volumes/seed2/Projects/demuxe/build/top100-ass/library/build/sources/harfbuzz/src/hb-ot-color.h to /Volumes/seed2/Projects/demuxe/build/top100-ass/library/build/prefix/include/harfbuzz
Installing /Volumes/seed2/Projects/demuxe/build/top100-ass/library/build/sources/harfbuzz/src/hb-ot-deprecated.h to /Volumes/seed2/Projects/demuxe/build/top100-ass/library/build/prefix/include/harfbuzz
Installing /Volumes/seed2/Projects/demuxe/build/top100-ass/library/build/sources/harfbuzz/src/hb-ot-font.h to /Volumes/seed2/Projects/demuxe/build/top100-ass/library/build/prefix/include/harfbuzz
Installing /Volumes/seed2/Projects/demuxe/build/top100-ass/library/build/sources/harfbuzz/src/hb-ot-layout.h to /Volumes/seed2/Projects/demuxe/build/top100-ass/library/build/prefix/include/harfbuzz
Installing /Volumes/seed2/Projects/demuxe/build/top100-ass/library/build/sources/harfbuzz/src/hb-ot-math.h to /Volumes/seed2/Projects/demuxe/build/top100-ass/library/build/prefix/include/harfbuzz
Installing /Volumes/seed2/Projects/demuxe/build/top100-ass/library/build/sources/harfbuzz/src/hb-ot-meta.h to /Volumes/seed2/Projects/demuxe/build/top100-ass/library/build/prefix/include/harfbuzz
Installing /Volumes/seed2/Projects/demuxe/build/top100-ass/library/build/sources/harfbuzz/src/hb-ot-metrics.h to /Volumes/seed2/Projects/demuxe/build/top100-ass/library/build/prefix/include/harfbuzz
Installing /Volumes/seed2/Projects/demuxe/build/top100-ass/library/build/sources/harfbuzz/src/hb-ot-name.h to /Volumes/seed2/Projects/demuxe/build/top100-ass/library/build/prefix/include/harfbuzz
Installing /Volumes/seed2/Projects/demuxe/build/top100-ass/library/build/sources/harfbuzz/src/hb-ot-shape.h to /Volumes/seed2/Projects/demuxe/build/top100-ass/library/build/prefix/include/harfbuzz
Installing /Volumes/seed2/Projects/demuxe/build/top100-ass/library/build/sources/harfbuzz/src/hb-ot-var.h to /Volumes/seed2/Projects/demuxe/build/top100-ass/library/build/prefix/include/harfbuzz
Installing /Volumes/seed2/Projects/demuxe/build/top100-ass/library/build/sources/harfbuzz/src/hb-ot.h to /Volumes/seed2/Projects/demuxe/build/top100-ass/library/build/prefix/include/harfbuzz
Installing /Volumes/seed2/Projects/demuxe/build/top100-ass/library/build/sources/harfbuzz/src/hb-set.h to /Volumes/seed2/Projects/demuxe/build/top100-ass/library/build/prefix/include/harfbuzz
Installing /Volumes/seed2/Projects/demuxe/build/top100-ass/library/build/sources/harfbuzz/src/hb-shape-plan.h to /Volumes/seed2/Projects/demuxe/build/top100-ass/library/build/prefix/include/harfbuzz
Installing /Volumes/seed2/Projects/demuxe/build/top100-ass/library/build/sources/harfbuzz/src/hb-shape.h to /Volumes/seed2/Projects/demuxe/build/top100-ass/library/build/prefix/include/harfbuzz
Installing /Volumes/seed2/Projects/demuxe/build/top100-ass/library/build/sources/harfbuzz/src/hb-style.h to /Volumes/seed2/Projects/demuxe/build/top100-ass/library/build/prefix/include/harfbuzz
Installing /Volumes/seed2/Projects/demuxe/build/top100-ass/library/build/sources/harfbuzz/src/hb-unicode.h to /Volumes/seed2/Projects/demuxe/build/top100-ass/library/build/prefix/include/harfbuzz
Installing /Volumes/seed2/Projects/demuxe/build/top100-ass/library/build/sources/harfbuzz/src/hb.h to /Volumes/seed2/Projects/demuxe/build/top100-ass/library/build/prefix/include/harfbuzz
Installing /Volumes/seed2/Projects/demuxe/build/top100-ass/obj-harfbuzz/src/hb-version.h to /Volumes/seed2/Projects/demuxe/build/top100-ass/library/build/prefix/include/harfbuzz
Installing /Volumes/seed2/Projects/demuxe/build/top100-ass/library/build/sources/harfbuzz/src/hb-ft.h to /Volumes/seed2/Projects/demuxe/build/top100-ass/library/build/prefix/include/harfbuzz
Installing /Volumes/seed2/Projects/demuxe/build/top100-ass/library/build/sources/harfbuzz/src/hb-subset.h to /Volumes/seed2/Projects/demuxe/build/top100-ass/library/build/prefix/include/harfbuzz
Installing /Volumes/seed2/Projects/demuxe/build/top100-ass/library/build/sources/harfbuzz/src/hb-subset-serialize.h to /Volumes/seed2/Projects/demuxe/build/top100-ass/library/build/prefix/include/harfbuzz
Installing /Volumes/seed2/Projects/demuxe/build/top100-ass/obj-harfbuzz/src/hb-version.h to /Volumes/seed2/Projects/demuxe/build/top100-ass/library/build/prefix/include/harfbuzz
Installing /Volumes/seed2/Projects/demuxe/build/top100-ass/obj-harfbuzz/src/hb-features.h to /Volumes/seed2/Projects/demuxe/build/top100-ass/library/build/prefix/include/harfbuzz
Installing /Volumes/seed2/Projects/demuxe/build/top100-ass/obj-harfbuzz/meson-private/harfbuzz.pc to /Volumes/seed2/Projects/demuxe/build/top100-ass/library/build/prefix/lib/pkgconfig
Installing /Volumes/seed2/Projects/demuxe/build/top100-ass/obj-harfbuzz/meson-private/harfbuzz-subset.pc to /Volumes/seed2/Projects/demuxe/build/top100-ass/library/build/prefix/lib/pkgconfig
Installing /Volumes/seed2/Projects/demuxe/build/top100-ass/obj-harfbuzz/src/harfbuzz-config.cmake to /Volumes/seed2/Projects/demuxe/build/top100-ass/library/build/prefix/lib/cmake/harfbuzz
The Meson build system
Version: 1.9.1
Source dir: /Volumes/seed2/Projects/demuxe/build/top100-ass/library/build/sources/libass
Build dir: /Volumes/seed2/Projects/demuxe/build/top100-ass/obj-libass
Build type: cross build
Project name: libass
Project version: 0.17.3
C compiler for the host machine: /Volumes/seed2/Projects/webmpv/build/emsdk-4.0.14/upstream/emscripten/emcc (emscripten 4.0.14 "emcc (Emscripten gcc/clang-like replacement + linker emulating GNU ld) 4.0.14 (96371ed7888fc78c040179f4d4faa82a6a07a116)")
C linker for the host machine: /Volumes/seed2/Projects/webmpv/build/emsdk-4.0.14/upstream/emscripten/emcc ld.wasm 22.0.0
C compiler for the build machine: cc (clang 21.0.0 "Apple clang version 21.0.0 (clang-2100.1.1.101)")
C linker for the build machine: cc ld64 1267
Build machine cpu family: aarch64
Build machine cpu: aarch64
Host machine cpu family: wasm32
Host machine cpu: wasm32
Target machine cpu family: wasm32
Target machine cpu: wasm32
Compiler for C supports arguments -Wno-sign-compare: YES 
Compiler for C supports arguments -Wno-unused-parameter: YES 
Compiler for C supports arguments -Werror-implicit-function-declaration: YES 
Compiler for C supports arguments -Wstrict-prototypes: YES 
Compiler for C supports arguments -Wpointer-arith: YES 
Compiler for C supports arguments -Wredundant-decls: YES 
Compiler for C supports arguments -Wno-missing-field-initializers: YES 
Compiler for C supports arguments -D_POSIX_C_SOURCE=200809L: YES 
Compiler for C supports arguments -fno-math-errno: YES 
Checking for function "strdup" : YES 
Header "string.h" has symbol "strdup" : YES 
Checking for function "strndup" : YES 
Header "string.h" has symbol "strndup" : YES 
Checking for function "fstat" : YES 
Header "sys/stat.h" has symbol "fstat" : YES 
Library m found: YES
Run-time dependency iconv found: YES
Found pkg-config: YES (/opt/homebrew/bin/pkg-config) 2.5.1
Run-time dependency freetype2 found: YES 26.2.20
Run-time dependency fribidi found: YES 1.0.16
Run-time dependency harfbuzz found: YES 10.4.0
Dependency libunibreak skipped: feature libunibreak disabled
Dependency fontconfig skipped: feature fontconfig disabled
Configuring config.h.in.in using configuration
Build targets in project: 5

libass 0.17.3

    Font providers              : none
    ASM optimizations           : NO

  User defined options
    Cross files                 : /Volumes/seed2/Projects/demuxe/build/top100-ass/cross.ini
    auto_features               : disabled
    buildtype                   : release
    default_library             : static
    libdir                      : lib
    prefix                      : /Volumes/seed2/Projects/demuxe/build/top100-ass/library/build/prefix
    require-system-font-provider: false
    wrap_mode                   : nofallback

Found ninja-1.13.2 at /opt/homebrew/bin/ninja
ninja: Entering directory `/Volumes/seed2/Projects/demuxe/build/top100-ass/obj-libass'
[1/28] Copying file libass/ass/ass_types.h
[2/28] Copying file libass/ass/ass.h
[3/28] Generating config.h.in with a custom command
[4/28] Generating config.h with a custom command
[5/28] Compiling C object libass/libass.a.p/c_c_be_blur.c.o
[6/28] Compiling C object libass/libass.a.p/c_c_blend_bitmaps.c.o
[7/28] Compiling C object libass/libass.a.p/c_c_blur.c.o
[8/28] Compiling C object libass/libass.a.p/c_c_rasterizer.c.o
[9/28] Compiling C object libass/libass.a.p/ass_bitmap_engine.c.o
[10/28] Compiling C object libass/libass.a.p/ass_bitmap.c.o
[11/28] Compiling C object libass/libass.a.p/ass.c.o
[12/28] Compiling C object libass/libass.a.p/ass_blur.c.o
[13/28] Compiling C object libass/libass.a.p/ass_drawing.c.o
[14/28] Compiling C object libass/libass.a.p/ass_cache.c.o
[15/28] Compiling C object libass/libass.a.p/ass_filesystem.c.o
[16/28] Compiling C object libass/libass.a.p/ass_font.c.o
[17/28] Compiling C object libass/libass.a.p/ass_fontselect.c.o
[18/28] Compiling C object libass/libass.a.p/ass_library.c.o
[19/28] Compiling C object libass/libass.a.p/ass_outline.c.o
[20/28] Compiling C object libass/libass.a.p/ass_parse.c.o
[21/28] Compiling C object libass/libass.a.p/ass_rasterizer.c.o
[22/28] Compiling C object libass/libass.a.p/ass_render_api.c.o
[23/28] Compiling C object libass/libass.a.p/ass_string.c.o
[24/28] Compiling C object libass/libass.a.p/ass_shaper.c.o
[25/28] Compiling C object libass/libass.a.p/ass_render.c.o
[26/28] Compiling C object libass/libass.a.p/ass_strtod.c.o
[27/28] Compiling C object libass/libass.a.p/ass_utils.c.o
[28/28] Linking static target libass/libass.a
ninja: Entering directory `/Volumes/seed2/Projects/demuxe/build/top100-ass/obj-libass'
[1/26] Generating config.h.in with a custom command
[2/26] Generating config.h with a custom command
Installing libass/libass.a to /Volumes/seed2/Projects/demuxe/build/top100-ass/library/build/prefix/lib
Installing /Volumes/seed2/Projects/demuxe/build/top100-ass/library/build/sources/libass/libass/ass.h to /Volumes/seed2/Projects/demuxe/build/top100-ass/library/build/prefix/include/ass
Installing /Volumes/seed2/Projects/demuxe/build/top100-ass/library/build/sources/libass/libass/ass_types.h to /Volumes/seed2/Projects/demuxe/build/top100-ass/library/build/prefix/include/ass
Installing /Volumes/seed2/Projects/demuxe/build/top100-ass/obj-libass/meson-private/libass.pc to /Volumes/seed2/Projects/demuxe/build/top100-ass/library/build/prefix/lib/pkgconfig
emcc: warning: -pthread + ALLOW_MEMORY_GROWTH may run non-wasm code slowly, see https://github.com/WebAssembly/design/issues/1271 [-Wpthreads-mem-growth]
Built optional ASS runtime: /Volumes/seed2/Projects/demuxe/build/top100-ass/runtime
