{
  "scope": "Browser MSE actual generated outputs, decoded-frame and audio-tone observations. Host exact oracles are recorded by producer experiments.",
  "cases": [
    {
      "name": "js-mp4-adapter",
      "eof": true,
      "cleanup": true,
      "av": 100
    },
    {
      "name": "nonisolated-jspi-ts",
      "eof": true,
      "cleanup": true,
      "av": 133
    },
    {
      "name": "matroska-zlib",
      "eof": true,
      "cleanup": true,
      "av": 65
    }
  ],
  "browser": "152.0.7977.83",
  "passed": true
}
