configure: ./configure --static --prefix=/Volumes/seed2/Projects/demuxe/build/top100-jspi/prefix
Building static library libz.a version 1.3.1 with /Volumes/seed2/Projects/webmpv/build/emsdk-4.0.14/upstream/emscripten/emcc.
Checking for size_t... Yes.
Checking for off64_t... Yes.
Checking for fseeko... Yes.
Checking for strerror... Yes.
Checking for unistd.h... Yes.
Checking for stdarg.h... Yes.
Checking whether to use vs[n]printf() or s[n]printf()... using vs[n]printf().
Checking for vsnprintf() in stdio.h... Yes.
Checking for return value of vsnprintf()... Yes.
Checking for attribute(visibility) support... Yes.
make: make -j4
/Volumes/seed2/Projects/webmpv/build/emsdk-4.0.14/upstream/emscripten/emcc -O2 -D_LARGEFILE64_SOURCE=1 -DHAVE_HIDDEN -I. -c -o example.o test/example.c
/Volumes/seed2/Projects/webmpv/build/emsdk-4.0.14/upstream/emscripten/emcc -O2 -D_LARGEFILE64_SOURCE=1 -DHAVE_HIDDEN  -c -o adler32.o adler32.c
/Volumes/seed2/Projects/webmpv/build/emsdk-4.0.14/upstream/emscripten/emcc -O2 -D_LARGEFILE64_SOURCE=1 -DHAVE_HIDDEN  -c -o crc32.o crc32.c
/Volumes/seed2/Projects/webmpv/build/emsdk-4.0.14/upstream/emscripten/emcc -O2 -D_LARGEFILE64_SOURCE=1 -DHAVE_HIDDEN  -c -o deflate.o deflate.c
/Volumes/seed2/Projects/webmpv/build/emsdk-4.0.14/upstream/emscripten/emcc -O2 -D_LARGEFILE64_SOURCE=1 -DHAVE_HIDDEN  -c -o infback.o infback.c
/Volumes/seed2/Projects/webmpv/build/emsdk-4.0.14/upstream/emscripten/emcc -O2 -D_LARGEFILE64_SOURCE=1 -DHAVE_HIDDEN  -c -o inffast.o inffast.c
/Volumes/seed2/Projects/webmpv/build/emsdk-4.0.14/upstream/emscripten/emcc -O2 -D_LARGEFILE64_SOURCE=1 -DHAVE_HIDDEN  -c -o inflate.o inflate.c
/Volumes/seed2/Projects/webmpv/build/emsdk-4.0.14/upstream/emscripten/emcc -O2 -D_LARGEFILE64_SOURCE=1 -DHAVE_HIDDEN  -c -o inftrees.o inftrees.c
/Volumes/seed2/Projects/webmpv/build/emsdk-4.0.14/upstream/emscripten/emcc -O2 -D_LARGEFILE64_SOURCE=1 -DHAVE_HIDDEN  -c -o trees.o trees.c
/Volumes/seed2/Projects/webmpv/build/emsdk-4.0.14/upstream/emscripten/emcc -O2 -D_LARGEFILE64_SOURCE=1 -DHAVE_HIDDEN  -c -o zutil.o zutil.c
/Volumes/seed2/Projects/webmpv/build/emsdk-4.0.14/upstream/emscripten/emcc -O2 -D_LARGEFILE64_SOURCE=1 -DHAVE_HIDDEN  -c -o compress.o compress.c
/Volumes/seed2/Projects/webmpv/build/emsdk-4.0.14/upstream/emscripten/emcc -O2 -D_LARGEFILE64_SOURCE=1 -DHAVE_HIDDEN  -c -o uncompr.o uncompr.c
/Volumes/seed2/Projects/webmpv/build/emsdk-4.0.14/upstream/emscripten/emcc -O2 -D_LARGEFILE64_SOURCE=1 -DHAVE_HIDDEN  -c -o gzclose.o gzclose.c
/Volumes/seed2/Projects/webmpv/build/emsdk-4.0.14/upstream/emscripten/emcc -O2 -D_LARGEFILE64_SOURCE=1 -DHAVE_HIDDEN  -c -o gzlib.o gzlib.c
/Volumes/seed2/Projects/webmpv/build/emsdk-4.0.14/upstream/emscripten/emcc -O2 -D_LARGEFILE64_SOURCE=1 -DHAVE_HIDDEN  -c -o gzread.o gzread.c
/Volumes/seed2/Projects/webmpv/build/emsdk-4.0.14/upstream/emscripten/emcc -O2 -D_LARGEFILE64_SOURCE=1 -DHAVE_HIDDEN  -c -o gzwrite.o gzwrite.c
/Volumes/seed2/Projects/webmpv/build/emsdk-4.0.14/upstream/emscripten/emcc -O2 -D_LARGEFILE64_SOURCE=1 -DHAVE_HIDDEN -I. -c -o minigzip.o test/minigzip.c
/Volumes/seed2/Projects/webmpv/build/emsdk-4.0.14/upstream/emscripten/emcc -O2 -D_LARGEFILE64_SOURCE=1 -DHAVE_HIDDEN -I. -D_FILE_OFFSET_BITS=64 -c -o example64.o test/example.c
/Volumes/seed2/Projects/webmpv/build/emsdk-4.0.14/upstream/emscripten/emcc -O2 -D_LARGEFILE64_SOURCE=1 -DHAVE_HIDDEN -I. -D_FILE_OFFSET_BITS=64 -c -o minigzip64.o test/minigzip.c
libtool -o libz.a adler32.o crc32.o deflate.o infback.o inffast.o inflate.o inftrees.o trees.o zutil.o compress.o uncompr.o gzclose.o gzlib.o gzread.o gzwrite.o 
libtool: warning: not a mach-o 'adler32.o'
libtool: warning: not a mach-o 'crc32.o'
libtool: warning: not a mach-o 'deflate.o'
libtool: warning: not a mach-o 'infback.o'
libtool: warning: not a mach-o 'inffast.o'
libtool: warning: not a mach-o 'inflate.o'
libtool: warning: not a mach-o 'inftrees.o'
libtool: warning: not a mach-o 'trees.o'
libtool: warning: not a mach-o 'zutil.o'
libtool: warning: not a mach-o 'compress.o'
libtool: warning: not a mach-o 'uncompr.o'
libtool: warning: not a mach-o 'gzclose.o'
libtool: warning: not a mach-o 'gzlib.o'
libtool: warning: not a mach-o 'gzread.o'
libtool: warning: not a mach-o 'gzwrite.o'
/Volumes/seed2/Projects/webmpv/build/emsdk-4.0.14/upstream/emscripten/emcc -O2 -D_LARGEFILE64_SOURCE=1 -DHAVE_HIDDEN  -o example example.o -L. libz.a
/Volumes/seed2/Projects/webmpv/build/emsdk-4.0.14/upstream/emscripten/emcc -O2 -D_LARGEFILE64_SOURCE=1 -DHAVE_HIDDEN  -o minigzip minigzip.o -L. libz.a
/Volumes/seed2/Projects/webmpv/build/emsdk-4.0.14/upstream/emscripten/emcc -O2 -D_LARGEFILE64_SOURCE=1 -DHAVE_HIDDEN  -o example64 example64.o -L. libz.a
/Volumes/seed2/Projects/webmpv/build/emsdk-4.0.14/upstream/emscripten/emcc -O2 -D_LARGEFILE64_SOURCE=1 -DHAVE_HIDDEN  -o minigzip64 minigzip64.o -L. libz.a
cache:INFO: generating system library: sysroot/lib/wasm32-emscripten/libnoexit.a... (this will be cached in "/Volumes/seed2/Projects/demuxe/build/top100-jspi/cache/sysroot/lib/wasm32-emscripten/libnoexit.a" for subsequent builds)
system_libs:INFO: compiled 1 inputs in 0.18s
cache:INFO:  - ok
wasm-ld: error: example64.o: undefined symbol: zlibVersion
wasm-ld: error: example64.o: undefined symbol: zlibVersion
wasm-ld: error: example64.o: undefined symbol: zlibVersion
wasm-ld: error: example64.o: undefined symbol: zlibCompileFlags
wasm-ld: error: example64.o: undefined symbol: compress
wasm-ld: error: example64.o: undefined symbol: uncompress
wasm-ld: error: example64.o: undefined symbol: gzopen
wasm-ld: error: example64.o: undefined symbol: gzputc
wasm-ld: error: example64.o: undefined symbol: gzputs
wasm-ld: error: example64.o: undefined symbol: gzprintf
wasm-ld: error: example64.o: undefined symbol: gzseek
wasm-ld: error: example64.o: undefined symbol: gzclose
wasm-ld: error: example64.o: undefined symbol: gzopen
wasm-ld: error: example64.o: undefined symbol: gzread
wasm-ld: error: example64.o: undefined symbol: gzseek
wasm-ld: error: example64.o: undefined symbol: gztell
wasm-ld: error: example64.o: undefined symbol: gzgetc
wasm-ld: error: example64.o: undefined symbol: gzungetc
wasm-ld: error: example64.o: undefined symbol: gzgets
wasm-ld: error: example64.o: undefined symbol: gzclose
wasm-ld: error: too many errors emitted, stopping now (use -error-limit=0 to see all errors)
emcc: error: '/Volumes/seed2/Projects/webmpv/build/emsdk-4.0.14/upstream/bin/wasm-ld -o example64.wasm example64.o -L. libz.a -L/Volumes/seed2/Projects/demuxe/build/top100-jspi/cache/sysroot/lib/wasm32-emscripten -L/Volumes/seed2/Projects/webmpv/build/emsdk-4.0.14/upstream/emscripten/src/lib -lGL-getprocaddr -lal -lhtml5 -lstubs -lnoexit -lc -ldlmalloc -lcompiler_rt -lc++-noexcept -lc++abi-noexcept -lsockets -mllvm -combiner-global-alias-analysis=false -mllvm -enable-emscripten-sjlj -mllvm -disable-lsr /var/folders/p2/hs2582qs5672qbvtm4z5_9840000gn/T/tmp6hl2qjbalibemscripten_js_symbols.so --strip-debug --export=_emscripten_stack_alloc --export=__wasm_call_ctors --export=emscripten_stack_get_current --export=_emscripten_stack_restore --export-if-defined=__start_em_asm --export-if-defined=__stop_em_asm --export-if-defined=__start_em_lib_deps --export-if-defined=__stop_em_lib_deps --export-if-defined=__start_em_js --export-if-defined=__stop_em_js --export-if-defined=main --export-if-defined=__main_argc_argv --export-table -z stack-size=65536 --no-growable-memory --initial-heap=16777216 --no-entry --table-base=1 --global-base=1024' failed (returned 1)
make: *** [example64] Error 1
make: *** Waiting for unfinished jobs....
wasm-ld: error: minigzip64.o: undefined symbol: gzopen
wasm-ld: error: minigzip64.o: undefined symbol: gzopen
wasm-ld: error: minigzip64.o: undefined symbol: gzdopen
wasm-ld: error: minigzip64.o: undefined symbol: gzopen
wasm-ld: error: minigzip64.o: undefined symbol: gzdopen
wasm-ld: error: minigzip64.o: undefined symbol: gzdopen
wasm-ld: error: minigzip64.o: undefined symbol: gzread
wasm-ld: error: minigzip64.o: undefined symbol: gzclose
wasm-ld: error: minigzip64.o: undefined symbol: gzerror
wasm-ld: error: minigzip64.o: undefined symbol: gzwrite
wasm-ld: error: minigzip64.o: undefined symbol: gzerror
wasm-ld: error: minigzip64.o: undefined symbol: gzclose
wasm-ld: error: example.o: undefined symbol: zlibVersion
wasm-ld: error: example.o: undefined symbol: zlibVersion
wasm-ld: error: example.o: undefined symbol: zlibVersion
wasm-ld: error: example.o: undefined symbol: zlibCompileFlags
wasm-ld: error: example.o: undefined symbol: compress
wasm-ld: error: example.o: undefined symbol: uncompress
wasm-ld: error: example.o: undefined symbol: gzopen
wasm-ld: error: example.o: undefined symbol: gzputc
wasm-ld: error: example.o: undefined symbol: gzputs
wasm-ld: error: example.o: undefined symbol: gzprintf
wasm-ld: error: example.o: undefined symbol: gzseek
wasm-ld: error: example.o: undefined symbol: gzclose
wasm-ld: error: example.o: undefined symbol: gzopen
wasm-ld: error: example.o: undefined symbol: gzread
wasm-ld: error: example.o: undefined symbol: gzseek
wasm-ld: error: example.o: undefined symbol: gztell
wasm-ld: error: example.o: undefined symbol: gzgetc
wasm-ld: error: example.o: undefined symbol: gzungetc
wasm-ld: error: example.o: undefined symbol: gzgets
wasm-ld: error: example.o: undefined symbol: gzclose
wasm-ld: error: too many errors emitted, stopping now (use -error-limit=0 to see all errors)
emcc: error: '/Volumes/seed2/Projects/webmpv/build/emsdk-4.0.14/upstream/bin/wasm-ld -o minigzip64.wasm minigzip64.o -L. libz.a -L/Volumes/seed2/Projects/demuxe/build/top100-jspi/cache/sysroot/lib/wasm32-emscripten -L/Volumes/seed2/Projects/webmpv/build/emsdk-4.0.14/upstream/emscripten/src/lib -lGL-getprocaddr -lal -lhtml5 -lstubs -lnoexit -lc -ldlmalloc -lcompiler_rt -lc++-noexcept -lc++abi-noexcept -lsockets -mllvm -combiner-global-alias-analysis=false -mllvm -enable-emscripten-sjlj -mllvm -disable-lsr /var/folders/p2/hs2582qs5672qbvtm4z5_9840000gn/T/tmp1xlqad3xlibemscripten_js_symbols.so --strip-debug --export=_emscripten_stack_alloc --export=__wasm_call_ctors --export=emscripten_stack_get_current --export=_emscripten_stack_restore --export-if-defined=__start_em_asm --export-if-defined=__stop_em_asm --export-if-defined=__start_em_lib_deps --export-if-defined=__stop_em_lib_deps --export-if-defined=__start_em_js --export-if-defined=__stop_em_js --export-if-defined=main --export-if-defined=__main_argc_argv --export-table -z stack-size=65536 --no-growable-memory --initial-heap=16777216 --no-entry --table-base=1 --global-base=1024' failed (returned 1)
emcc: error: '/Volumes/seed2/Projects/webmpv/build/emsdk-4.0.14/upstream/bin/wasm-ld -o example.wasm example.o -L. libz.a -L/Volumes/seed2/Projects/demuxe/build/top100-jspi/cache/sysroot/lib/wasm32-emscripten -L/Volumes/seed2/Projects/webmpv/build/emsdk-4.0.14/upstream/emscripten/src/lib -lGL-getprocaddr -lal -lhtml5 -lstubs -lnoexit -lc -ldlmalloc -lcompiler_rt -lc++-noexcept -lc++abi-noexcept -lsockets -mllvm -combiner-global-alias-analysis=false -mllvm -enable-emscripten-sjlj -mllvm -disable-lsr /var/folders/p2/hs2582qs5672qbvtm4z5_9840000gn/T/tmpq4mbfxshlibemscripten_js_symbols.so --strip-debug --export=_emscripten_stack_alloc --export=__wasm_call_ctors --export=emscripten_stack_get_current --export=_emscripten_stack_restore --export-if-defined=__start_em_asm --export-if-defined=__stop_em_asm --export-if-defined=__start_em_lib_deps --export-if-defined=__stop_em_lib_deps --export-if-defined=__start_em_js --export-if-defined=__stop_em_js --export-if-defined=main --export-if-defined=__main_argc_argv --export-table -z stack-size=65536 --no-growable-memory --initial-heap=16777216 --no-entry --table-base=1 --global-base=1024' failed (returned 1)
wasm-ld: error: minigzip.o: undefined symbol: gzopen
wasm-ld: error: minigzip.o: undefined symbol: gzopen
wasm-ld: error: minigzip.o: undefined symbol: gzdopen
wasm-ld: error: minigzip.o: undefined symbol: gzopen
wasm-ld: error: minigzip.o: undefined symbol: gzdopen
wasm-ld: error: minigzip.o: undefined symbol: gzdopen
wasm-ld: error: minigzip.o: undefined symbol: gzread
wasm-ld: error: minigzip.o: undefined symbol: gzclose
wasm-ld: error: minigzip.o: undefined symbol: gzerror
wasm-ld: error: minigzip.o: undefined symbol: gzwrite
wasm-ld: error: minigzip.o: undefined symbol: gzerror
wasm-ld: error: minigzip.o: undefined symbol: gzclose
emcc: error: '/Volumes/seed2/Projects/webmpv/build/emsdk-4.0.14/upstream/bin/wasm-ld -o minigzip.wasm minigzip.o -L. libz.a -L/Volumes/seed2/Projects/demuxe/build/top100-jspi/cache/sysroot/lib/wasm32-emscripten -L/Volumes/seed2/Projects/webmpv/build/emsdk-4.0.14/upstream/emscripten/src/lib -lGL-getprocaddr -lal -lhtml5 -lstubs -lnoexit -lc -ldlmalloc -lcompiler_rt -lc++-noexcept -lc++abi-noexcept -lsockets -mllvm -combiner-global-alias-analysis=false -mllvm -enable-emscripten-sjlj -mllvm -disable-lsr /var/folders/p2/hs2582qs5672qbvtm4z5_9840000gn/T/tmpzn4row_olibemscripten_js_symbols.so --strip-debug --export=_emscripten_stack_alloc --export=__wasm_call_ctors --export=emscripten_stack_get_current --export=_emscripten_stack_restore --export-if-defined=__start_em_asm --export-if-defined=__stop_em_asm --export-if-defined=__start_em_lib_deps --export-if-defined=__stop_em_lib_deps --export-if-defined=__start_em_js --export-if-defined=__stop_em_js --export-if-defined=main --export-if-defined=__main_argc_argv --export-table -z stack-size=65536 --no-growable-memory --initial-heap=16777216 --no-entry --table-base=1 --global-base=1024' failed (returned 1)
make: *** [example] Error 1
make: *** [minigzip64] Error 1
make: *** [minigzip] Error 1
emmake: error: 'make -j4' failed (returned 2)
Traceback (most recent call last):
  File "/Volumes/seed2/Projects/demuxe/results/top100/build-jspi.py", line 11, in <module>
    z=out/'zlib';z.mkdir(exist_ok=True);run(['tar','-xf',str(a),'--strip-components=1','-C',str(z)],root);run(['emconfigure','./configure','--static','--prefix='+str(prefix)],z);run(['emmake','make','-j4'],z);run(['emmake','make','install'],z)
                                                                                                                                                                                  ~~~^^^^^^^^^^^^^^^^^^^^^^^^^^^
  File "/Volumes/seed2/Projects/demuxe/results/top100/build-jspi.py", line 9, in run
    commands.append([str(x) for x in cmd]);(root/'results/top100/jspi-commands.json').write_text(json.dumps(commands,indent=2)+'\n');subprocess.run(cmd,cwd=cwd,env=env,check=True)
                                                                                                                                     ~~~~~~~~~~~~~~^^^^^^^^^^^^^^^^^^^^^^^^^^^^^^^^
  File "/opt/homebrew/Cellar/python@3.14/3.14.6/Frameworks/Python.framework/Versions/3.14/lib/python3.14/subprocess.py", line 578, in run
    raise CalledProcessError(retcode, process.args,
                             output=stdout, stderr=stderr)
subprocess.CalledProcessError: Command '['emmake', 'make', '-j4']' returned non-zero exit status 1.
