install prefix            /usr/local
source path               /Volumes/seed2/Projects/demuxe/build/head-to-head/engine-build-01/build/sources/ffmpeg
C compiler                /Volumes/seed2/Projects/demuxe-release-closeout-20260916/build/emsdk-4.0.14/upstream/emscripten/emcc
C library                 
host C compiler           gcc
host C library            
ARCH                      c (generic)
big-endian                no
runtime cpu detection     yes
debug symbols             no
strip symbols             yes
optimize for size         no
optimizations             yes
static                    yes
shared                    no
postprocessing support    no
network support           no
threading support         pthreads
safe bitstream reader     yes
texi2html enabled         no
perl enabled              yes
pod2man enabled           yes
makeinfo enabled          no
makeinfo supports HTML    no
xmllint enabled           yes

External libraries:
iconv

External libraries providing hardware acceleration:

Libraries:
avcodec                 avutil

Programs:

Enabled decoders:
h264

Enabled encoders:

Enabled hwaccels:

Enabled parsers:
h264

Enabled demuxers:

Enabled muxers:

Enabled protocols:

Enabled filters:

Enabled bsfs:

Enabled indevs:

Enabled outdevs:

License: LGPL version 2.1 or later

WARNING: unknown architecture wasm32
