emcc: warning: -sSIDE_MODULE + pthreads is experimental [-Wexperimental]
cache:INFO: generating system asset: sysroot/lib/wasm32-emscripten/pic/crtbegin.o... (this will be cached in "/Volumes/seed2/Projects/demuxe/build/head-to-head/engine-build-01/build/cache/sysroot/lib/wasm32-emscripten/pic/crtbegin.o" for subsequent builds)
system_libs:INFO: compiled 1 inputs in 0.80s
cache:INFO:  - ok
wasm-ld: error: /Volumes/seed2/Projects/demuxe/build/head-to-head/engine-build-01/build/obj-software-full-ffmpeg/libavcodec/libavcodec.a(aasc.o): relocation R_WASM_MEMORY_ADDR_SLEB cannot be used against symbol `.L.str.2`; recompile with -fPIC
wasm-ld: error: /Volumes/seed2/Projects/demuxe/build/head-to-head/engine-build-01/build/obj-software-full-ffmpeg/libavcodec/libavcodec.a(aasc.o): relocation R_WASM_MEMORY_ADDR_SLEB cannot be used against symbol `.L.str.3`; recompile with -fPIC
wasm-ld: error: /Volumes/seed2/Projects/demuxe/build/head-to-head/engine-build-01/build/obj-software-full-ffmpeg/libavcodec/libavcodec.a(aasc.o): relocation R_WASM_MEMORY_ADDR_SLEB cannot be used against symbol `.L.str.4`; recompile with -fPIC
wasm-ld: error: /Volumes/seed2/Projects/demuxe/build/head-to-head/engine-build-01/build/obj-software-full-ffmpeg/libavcodec/libavcodec.a(aasc.o): relocation R_WASM_MEMORY_ADDR_SLEB cannot be used against symbol `.L.str.5`; recompile with -fPIC
wasm-ld: error: /Volumes/seed2/Projects/demuxe/build/head-to-head/engine-build-01/build/obj-software-full-ffmpeg/libavcodec/libavcodec.a(aic.o): relocation R_WASM_MEMORY_ADDR_LEB cannot be used against symbol `aic_quant_matrix`; recompile with -fPIC
wasm-ld: error: /Volumes/seed2/Projects/demuxe/build/head-to-head/engine-build-01/build/obj-software-full-ffmpeg/libavcodec/libavcodec.a(aic.o): relocation R_WASM_MEMORY_ADDR_SLEB cannot be used against symbol `.L.str.2`; recompile with -fPIC
wasm-ld: error: /Volumes/seed2/Projects/demuxe/build/head-to-head/engine-build-01/build/obj-software-full-ffmpeg/libavcodec/libavcodec.a(aic.o): relocation R_WASM_MEMORY_ADDR_SLEB cannot be used against symbol `.L.str.3`; recompile with -fPIC
wasm-ld: error: /Volumes/seed2/Projects/demuxe/build/head-to-head/engine-build-01/build/obj-software-full-ffmpeg/libavcodec/libavcodec.a(aic.o): relocation R_WASM_MEMORY_ADDR_SLEB cannot be used against symbol `.L.str.7`; recompile with -fPIC
wasm-ld: error: /Volumes/seed2/Projects/demuxe/build/head-to-head/engine-build-01/build/obj-software-full-ffmpeg/libavcodec/libavcodec.a(aic.o): relocation R_WASM_MEMORY_ADDR_SLEB cannot be used against symbol `.L.str.8`; recompile with -fPIC
wasm-ld: error: /Volumes/seed2/Projects/demuxe/build/head-to-head/engine-build-01/build/obj-software-full-ffmpeg/libavcodec/libavcodec.a(aic.o): relocation R_WASM_MEMORY_ADDR_SLEB cannot be used against symbol `.L.str.9`; recompile with -fPIC
wasm-ld: error: /Volumes/seed2/Projects/demuxe/build/head-to-head/engine-build-01/build/obj-software-full-ffmpeg/libavcodec/libavcodec.a(aic.o): relocation R_WASM_MEMORY_ADDR_SLEB cannot be used against symbol `.L.str.10`; recompile with -fPIC
wasm-ld: error: /Volumes/seed2/Projects/demuxe/build/head-to-head/engine-build-01/build/obj-software-full-ffmpeg/libavcodec/libavcodec.a(aic.o): relocation R_WASM_MEMORY_ADDR_SLEB cannot be used against symbol `.L.str.4`; recompile with -fPIC
wasm-ld: error: /Volumes/seed2/Projects/demuxe/build/head-to-head/engine-build-01/build/obj-software-full-ffmpeg/libavcodec/libavcodec.a(aic.o): relocation R_WASM_MEMORY_ADDR_SLEB cannot be used against symbol `.L.str.5`; recompile with -fPIC
wasm-ld: error: /Volumes/seed2/Projects/demuxe/build/head-to-head/engine-build-01/build/obj-software-full-ffmpeg/libavcodec/libavcodec.a(aic.o): relocation R_WASM_MEMORY_ADDR_LEB cannot be used against symbol `aic_scan`; recompile with -fPIC
wasm-ld: error: /Volumes/seed2/Projects/demuxe/build/head-to-head/engine-build-01/build/obj-software-full-ffmpeg/libavcodec/libavcodec.a(aic.o): relocation R_WASM_MEMORY_ADDR_LEB cannot be used against symbol `aic_num_band_coeffs`; recompile with -fPIC
wasm-ld: error: /Volumes/seed2/Projects/demuxe/build/head-to-head/engine-build-01/build/obj-software-full-ffmpeg/libavcodec/libavcodec.a(aic.o): relocation R_WASM_MEMORY_ADDR_LEB cannot be used against symbol `ff_log2_tab`; recompile with -fPIC
wasm-ld: error: /Volumes/seed2/Projects/demuxe/build/head-to-head/engine-build-01/build/obj-software-full-ffmpeg/libavcodec/libavcodec.a(aic.o): relocation R_WASM_MEMORY_ADDR_LEB cannot be used against symbol `ff_golomb_vlc_len`; recompile with -fPIC
wasm-ld: error: /Volumes/seed2/Projects/demuxe/build/head-to-head/engine-build-01/build/obj-software-full-ffmpeg/libavcodec/libavcodec.a(aic.o): relocation R_WASM_MEMORY_ADDR_LEB cannot be used against symbol `ff_ue_golomb_vlc_code`; recompile with -fPIC
wasm-ld: error: /Volumes/seed2/Projects/demuxe/build/head-to-head/engine-build-01/build/obj-software-full-ffmpeg/libavcodec/libavcodec.a(aic.o): relocation R_WASM_MEMORY_ADDR_LEB cannot be used against symbol `ff_golomb_vlc_len`; recompile with -fPIC
wasm-ld: error: /Volumes/seed2/Projects/demuxe/build/head-to-head/engine-build-01/build/obj-software-full-ffmpeg/libavcodec/libavcodec.a(aic.o): relocation R_WASM_MEMORY_ADDR_LEB cannot be used against symbol `ff_ue_golomb_vlc_code`; recompile with -fPIC
wasm-ld: error: too many errors emitted, stopping now (use -error-limit=0 to see all errors)
emcc: error: '/Volumes/seed2/Projects/demuxe-release-closeout-20260916/build/emsdk-4.0.14/upstream/bin/wasm-ld -o /Volumes/seed2/Projects/demuxe/research/items/granular-engine-loading/evidence/20260921T171411Z-full-study-02/dynamic/existing-archives.wasm /var/folders/p2/hs2582qs5672qbvtm4z5_9840000gn/T/emscripten_temp_tle4eev5/codec-probe_0.o /Volumes/seed2/Projects/demuxe/build/head-to-head/engine-build-01/build/obj-software-full-ffmpeg/libavcodec/libavcodec.a /Volumes/seed2/Projects/demuxe/build/head-to-head/engine-build-01/build/obj-software-full-ffmpeg/libavutil/libavutil.a -L/Volumes/seed2/Projects/demuxe/build/head-to-head/engine-build-01/build/cache/sysroot/lib/wasm32-emscripten/pic -L/Volumes/seed2/Projects/demuxe-release-closeout-20260916/build/emsdk-4.0.14/upstream/emscripten/src/lib /Volumes/seed2/Projects/demuxe/build/head-to-head/engine-build-01/build/cache/sysroot/lib/wasm32-emscripten/pic/crtbegin.o -mllvm -combiner-global-alias-analysis=false -mllvm -enable-emscripten-sjlj -mllvm -disable-lsr --import-memory --shared-memory --strip-debug --export=decode_fixture --export=get_checksum --export=__wasm_call_ctors --export=_emscripten_tls_init --export-if-defined=__start_em_asm --export-if-defined=__stop_em_asm --export-if-defined=__start_em_lib_deps --export-if-defined=__stop_em_lib_deps --export-if-defined=__start_em_js --export-if-defined=__stop_em_js --export-if-defined=__wasm_apply_data_relocs --experimental-pic --unresolved-symbols=import-dynamic -shared --no-export-dynamic' failed (returned 1)
