emcc: warning: -sMAIN_MODULE + pthreads is experimental [-Wexperimental]
emcc: warning: -pthread + ALLOW_MEMORY_GROWTH may run non-wasm code slowly, see https://github.com/WebAssembly/design/issues/1271 [-Wpthreads-mem-growth]
cache:INFO: generating system library: sysroot/lib/wasm32-emscripten/pic/libGL-mt-getprocaddr.a... (this will be cached in "/Volumes/seed2/Projects/demuxe/build/head-to-head/engine-build-01/build/cache/sysroot/lib/wasm32-emscripten/pic/libGL-mt-getprocaddr.a" for subsequent builds)
system_libs:INFO: compiled 4 inputs in 0.34s
cache:INFO:  - ok
cache:INFO: generating system library: sysroot/lib/wasm32-emscripten/pic/libal.a... (this will be cached in "/Volumes/seed2/Projects/demuxe/build/head-to-head/engine-build-01/build/cache/sysroot/lib/wasm32-emscripten/pic/libal.a" for subsequent builds)
system_libs:INFO: compiled 1 inputs in 0.21s
cache:INFO:  - ok
cache:INFO: generating system library: sysroot/lib/wasm32-emscripten/pic/libhtml5.a... (this will be cached in "/Volumes/seed2/Projects/demuxe/build/head-to-head/engine-build-01/build/cache/sysroot/lib/wasm32-emscripten/pic/libhtml5.a" for subsequent builds)
system_libs:INFO: compiled 5 inputs in 0.21s
cache:INFO:  - ok
cache:INFO: generating system library: sysroot/lib/wasm32-emscripten/pic/libstubs.a... (this will be cached in "/Volumes/seed2/Projects/demuxe/build/head-to-head/engine-build-01/build/cache/sysroot/lib/wasm32-emscripten/pic/libstubs.a" for subsequent builds)
system_libs:INFO: compiled 2 inputs in 0.29s
cache:INFO:  - ok
cache:INFO: generating system library: sysroot/lib/wasm32-emscripten/pic/libnoexit.a... (this will be cached in "/Volumes/seed2/Projects/demuxe/build/head-to-head/engine-build-01/build/cache/sysroot/lib/wasm32-emscripten/pic/libnoexit.a" for subsequent builds)
system_libs:INFO: compiled 1 inputs in 0.19s
cache:INFO:  - ok
cache:INFO: generating system library: sysroot/lib/wasm32-emscripten/pic/libc-mt.a... (this will be cached in "/Volumes/seed2/Projects/demuxe/build/head-to-head/engine-build-01/build/cache/sysroot/lib/wasm32-emscripten/pic/libc-mt.a" for subsequent builds)
system_libs:INFO: compiled 1131 inputs in 12.34s
cache:INFO:  - ok
cache:INFO: generating system library: sysroot/lib/wasm32-emscripten/pic/libdlmalloc-mt.a... (this will be cached in "/Volumes/seed2/Projects/demuxe/build/head-to-head/engine-build-01/build/cache/sysroot/lib/wasm32-emscripten/pic/libdlmalloc-mt.a" for subsequent builds)
system_libs:INFO: compiled 2 inputs in 0.55s
cache:INFO:  - ok
cache:INFO: generating system library: sysroot/lib/wasm32-emscripten/pic/libcompiler_rt-mt.a... (this will be cached in "/Volumes/seed2/Projects/demuxe/build/head-to-head/engine-build-01/build/cache/sysroot/lib/wasm32-emscripten/pic/libcompiler_rt-mt.a" for subsequent builds)
system_libs:INFO: compiled 182 inputs in 2.32s
cache:INFO:  - ok
cache:INFO: generating system library: sysroot/lib/wasm32-emscripten/pic/libc++-mt-noexcept.a... (this will be cached in "/Volumes/seed2/Projects/demuxe/build/head-to-head/engine-build-01/build/cache/sysroot/lib/wasm32-emscripten/pic/libc++-mt-noexcept.a" for subsequent builds)
system_libs:INFO: compiled 56 inputs in 5.79s
cache:INFO:  - ok
cache:INFO: generating system library: sysroot/lib/wasm32-emscripten/pic/libc++abi-mt-noexcept.a... (this will be cached in "/Volumes/seed2/Projects/demuxe/build/head-to-head/engine-build-01/build/cache/sysroot/lib/wasm32-emscripten/pic/libc++abi-mt-noexcept.a" for subsequent builds)
system_libs:INFO: compiled 16 inputs in 1.13s
cache:INFO:  - ok
cache:INFO: generating system library: sysroot/lib/wasm32-emscripten/pic/libsockets-mt.a... (this will be cached in "/Volumes/seed2/Projects/demuxe/build/head-to-head/engine-build-01/build/cache/sysroot/lib/wasm32-emscripten/pic/libsockets-mt.a" for subsequent builds)
system_libs:INFO: compiled 27 inputs in 0.82s
cache:INFO:  - ok
