GEN	libavutil/libavutil.version
GEN	libavcodec/libavcodec.version
CC	libavcodec/aom_film_grain.o
CC	libavcodec/adts_parser.o
CC	libavcodec/allcodecs.o
CC	libavcodec/ac3_parser.o
CC	libavcodec/atsc_a53.o
CC	libavcodec/avcodec.o
CC	libavcodec/avdct.o
CC	libavcodec/avfft.o
CC	libavcodec/bitstream.o
CC	libavcodec/bitstream_filters.o
CC	libavcodec/bsf.o
CC	libavcodec/cabac.o
CC	libavcodec/codec_desc.o
CC	libavcodec/codec_par.o
CC	libavcodec/d3d11va.o
CC	libavcodec/decode.o
CC	libavcodec/dirac.o
CC	libavcodec/dv_profile.o
CC	libavcodec/encode.o
CC	libavcodec/error_resilience.o
CC	libavcodec/faandct.o
CC	libavcodec/faanidct.o
CC	libavcodec/fdctdsp.o
CC	libavcodec/get_buffer.o
CC	libavcodec/golomb.o
CC	libavcodec/h2645_parse.o
CC	libavcodec/h2645_sei.o
CC	libavcodec/h2645_vui.o
CC	libavcodec/h2645data.o
CC	libavcodec/h264_cabac.o
CC	libavcodec/h264_cavlc.o
CC	libavcodec/h264_direct.o
CC	libavcodec/h264_loopfilter.o
CC	libavcodec/h264_mb.o
CC	libavcodec/h264_parse.o
CC	libavcodec/h264_parser.o
CC	libavcodec/h264_picture.o
CC	libavcodec/h264_ps.o
CC	libavcodec/h264_refs.o
CC	libavcodec/h264_sei.o
CC	libavcodec/h264_slice.o
CC	libavcodec/h264chroma.o
CC	libavcodec/h264data.o
CC	libavcodec/h264dec.o
CC	libavcodec/h264dsp.o
CC	libavcodec/h264idct.o
CC	libavcodec/h264pred.o
CC	libavcodec/h264qpel.o
CC	libavcodec/h274.o
CC	libavcodec/idctdsp.o
CC	libavcodec/imgconvert.o
CC	libavcodec/jfdctfst.o
CC	libavcodec/jfdctint.o
CC	libavcodec/jni.o
CC	libavcodec/jrevdct.o
CC	libavcodec/lcevcdec.o
CC	libavcodec/mathtables.o
CC	libavcodec/me_cmp.o
CC	libavcodec/mediacodec.o
CC	libavcodec/mpeg12framerate.o
CC	libavcodec/options.o
CC	libavcodec/packet.o
CC	libavcodec/parser.o
CC	libavcodec/parsers.o
In file included from src/libavcodec/options.c:39:
src/libavcodec/options_table.h:50:110: warning: implicit conversion from 'long long' to 'double' changes value from 9223372036854775807 to 9223372036854775808 [-Wimplicit-const-int-float-conversion]
   50 | {"b", "set bitrate (in bits/s)", OFFSET(bit_rate), AV_OPT_TYPE_INT64, {.i64 = AV_CODEC_DEFAULT_BITRATE }, 0, INT64_MAX, A|V|E},
      | ~                                                                                                            ^~~~~~~~~
/Volumes/seed2/Projects/demuxe/build/head-to-head/engine-build-01/build/cache/sysroot/include/stdint.h:46:21: note: expanded from macro 'INT64_MAX'
   46 | #define INT64_MAX  (0x7fffffffffffffff)
      |                     ^~~~~~~~~~~~~~~~~~
1 warning generated.
CC	libavcodec/profiles.o
CC	libavcodec/pthread.o
CC	libavcodec/pthread_frame.o
CC	libavcodec/pthread_slice.o
CC	libavcodec/qsv_api.o
CC	libavcodec/raw.o
CC	libavcodec/refstruct.o
CC	libavcodec/simple_idct.o
CC	libavcodec/startcode.o
CC	libavcodec/threadprogress.o
CC	libavcodec/utils.o
CC	libavcodec/version.o
CC	libavcodec/videodsp.o
CC	libavcodec/vlc.o
CC	libavcodec/vorbis_parser.o
CC	libavcodec/xiph.o
GEN	libavcodec/libavcodec.pc
CC	libavutil/adler32.o
CC	libavutil/aes.o
CC	libavutil/aes_ctr.o
CC	libavutil/ambient_viewing_environment.o
CC	libavutil/audio_fifo.o
CC	libavutil/avsscanf.o
CC	libavutil/avstring.o
CC	libavutil/base64.o
CC	libavutil/blowfish.o
CC	libavutil/bprint.o
CC	libavutil/buffer.o
CC	libavutil/camellia.o
CC	libavutil/cast5.o
CC	libavutil/channel_layout.o
CC	libavutil/cpu.o
CC	libavutil/crc.o
CC	libavutil/csp.o
src/libavutil/cpu.c:120:76: warning: implicit conversion from 'long long' to 'double' changes value from 9223372036854775807 to 9223372036854775808 [-Wimplicit-const-int-float-conversion]
  120 |         { "flags"   , NULL, 0, AV_OPT_TYPE_FLAGS, { .i64 = 0 }, INT64_MIN, INT64_MAX, .unit = "flags" },
      |         ~                                                                  ^~~~~~~~~
/Volumes/seed2/Projects/demuxe/build/head-to-head/engine-build-01/build/cache/sysroot/include/stdint.h:46:21: note: expanded from macro 'INT64_MAX'
   46 | #define INT64_MAX  (0x7fffffffffffffff)
      |                     ^~~~~~~~~~~~~~~~~~
1 warning generated.
CC	libavutil/des.o
CC	libavutil/detection_bbox.o
CC	libavutil/dict.o
CC	libavutil/display.o
CC	libavutil/dovi_meta.o
CC	libavutil/downmix_info.o
CC	libavutil/encryption_info.o
CC	libavutil/error.o
CC	libavutil/eval.o
CC	libavutil/executor.o
CC	libavutil/fifo.o
CC	libavutil/file.o
CC	libavutil/file_open.o
CC	libavutil/film_grain_params.o
src/libavutil/eval.c:249:29: warning: implicit conversion from 'unsigned long long' to 'double' changes value from 18446744073709551615 to 18446744073709551616 [-Wimplicit-const-int-float-conversion]
  249 |             return r * (1.0/UINT64_MAX);
      |                            ~^~~~~~~~~~
/Volumes/seed2/Projects/demuxe/build/head-to-head/engine-build-01/build/cache/sysroot/include/stdint.h:51:21: note: expanded from macro 'UINT64_MAX'
   51 | #define UINT64_MAX (0xffffffffffffffffu)
      |                     ^~~~~~~~~~~~~~~~~~~
src/libavutil/eval.c:255:44: warning: implicit conversion from 'unsigned long long' to 'double' changes value from 18446744073709551615 to 18446744073709551616 [-Wimplicit-const-int-float-conversion]
  255 |             return min + (max - min) * r / UINT64_MAX;
      |                                          ~ ^~~~~~~~~~
/Volumes/seed2/Projects/demuxe/build/head-to-head/engine-build-01/build/cache/sysroot/include/stdint.h:51:21: note: expanded from macro 'UINT64_MAX'
   51 | #define UINT64_MAX (0xffffffffffffffffu)
      |                     ^~~~~~~~~~~~~~~~~~~
2 warnings generated.
CC	libavutil/fixed_dsp.o
CC	libavutil/float_dsp.o
CC	libavutil/frame.o
CC	libavutil/hash.o
CC	libavutil/hdr_dynamic_metadata.o
CC	libavutil/hdr_dynamic_vivid_metadata.o
CC	libavutil/hmac.o
CC	libavutil/hwcontext.o
CC	libavutil/hwcontext_stub.o
CC	libavutil/iamf.o
CC	libavutil/imgutils.o
CC	libavutil/integer.o
CC	libavutil/intmath.o
CC	libavutil/lfg.o
CC	libavutil/lls.o
CC	libavutil/log.o
CC	libavutil/log2_tab.o
CC	libavutil/lzo.o
CC	libavutil/mastering_display_metadata.o
CC	libavutil/mathematics.o
CC	libavutil/md5.o
CC	libavutil/mem.o
CC	libavutil/murmur3.o
CC	libavutil/opt.o
CC	libavutil/parseutils.o
CC	libavutil/pixdesc.o
CC	libavutil/pixelutils.o
CC	libavutil/random_seed.o
CC	libavutil/rational.o
CC	libavutil/rc4.o
CC	libavutil/reverse.o
CC	libavutil/ripemd.o
CC	libavutil/samplefmt.o
CC	libavutil/sha.o
CC	libavutil/sha512.o
CC	libavutil/slicethread.o
CC	libavutil/spherical.o
CC	libavutil/stereo3d.o
CC	libavutil/tea.o
CC	libavutil/threadmessage.o
CC	libavutil/time.o
CC	libavutil/timecode.o
CC	libavutil/timestamp.o
CC	libavutil/tree.o
CC	libavutil/twofish.o
CC	libavutil/tx.o
CC	libavutil/tx_double.o
CC	libavutil/tx_float.o
CC	libavutil/tx_int32.o
CC	libavutil/utils.o
CC	libavutil/uuid.o
CC	libavutil/version.o
CC	libavutil/video_enc_params.o
CC	libavutil/video_hint.o
CC	libavutil/xga_font_data.o
CC	libavutil/xtea.o
GEN	libavutil/libavutil.pc
AR	libavcodec/libavcodec.a
AR	libavutil/libavutil.a
