The Meson build system
Version: 1.7.2
Source dir: /Volumes/seed2/Projects/demuxe-jspi-asyncify-builds-20260927/mpv-deps-02/sources/fribidi
Build dir: /Volumes/seed2/Projects/demuxe-jspi-asyncify-builds-20260927/mpv-deps-02/objects/fribidi
Build type: cross build
Project name: fribidi
Project version: 1.0.16
C compiler for the host machine: /Volumes/seed2/Projects/demuxe-release-closeout-20260916/build/emsdk-4.0.14/upstream/emscripten/emcc (emscripten 4.0.14 "emcc (Emscripten gcc/clang-like replacement + linker emulating GNU ld) 4.0.14 (96371ed7888fc78c040179f4d4faa82a6a07a116)")
C linker for the host machine: /Volumes/seed2/Projects/demuxe-release-closeout-20260916/build/emsdk-4.0.14/upstream/emscripten/emcc ld.wasm 22.0.0
C compiler for the build machine: cc (clang 21.0.0 "Apple clang version 21.0.0 (clang-2100.1.1.101)")
C linker for the build machine: cc ld64 1267
Build machine cpu family: aarch64
Build machine cpu: aarch64
Host machine cpu family: wasm32
Host machine cpu: wasm32
Target machine cpu family: wasm32
Target machine cpu: wasm32
Checking for function "memmove" : YES 
Checking for function "memset" : YES 
Checking for function "strdup" : YES 
Has header "stdlib.h" : YES 
Has header "string.h" : YES 
Has header "memory.h" : YES 
Has header "strings.h" : YES 
Has header "sys/times.h" : YES 
Has header "strings.h" : YES (cached)
Configuring config.h using configuration
Has header "stdlib.h" : YES (cached)
Has header "string.h" : YES (cached)
Has header "strings.h" : YES (cached)
Checking for size of "int" : 4 
Configuring fribidi-config.h using configuration
Found pkg-config: YES (/opt/homebrew/bin/pkg-config) 2.5.1
Build targets in project: 15

fribidi 1.0.16

  User defined options
    Cross files    : /Volumes/seed2/Projects/demuxe-jspi-asyncify-builds-20260927/mpv-deps-02/cross.ini
    auto_features  : disabled
    bin            : false
    buildtype      : release
    default_library: static
    docs           : false
    libdir         : lib
    prefix         : /Volumes/seed2/Projects/demuxe-jspi-asyncify-builds-20260927/mpv-deps-02/prefix
    tests          : false
    wrap_mode      : nofallback

Found ninja-1.13.2 at /opt/homebrew/bin/ninja
