ninja: Entering directory `/Volumes/seed2/Projects/demuxe-jspi-asyncify-builds-20260927/mpv-deps-02/objects/fribidi'
ninja: no work to do.
Installing gen.tab/fribidi-unicode-version.h to /Volumes/seed2/Projects/demuxe-jspi-asyncify-builds-20260927/mpv-deps-02/prefix/include/fribidi
Installing lib/libfribidi.a to /Volumes/seed2/Projects/demuxe-jspi-asyncify-builds-20260927/mpv-deps-02/prefix/lib
Installing /Volumes/seed2/Projects/demuxe-jspi-asyncify-builds-20260927/mpv-deps-02/sources/fribidi/lib/fribidi-arabic.h to /Volumes/seed2/Projects/demuxe-jspi-asyncify-builds-20260927/mpv-deps-02/prefix/include/fribidi
Installing /Volumes/seed2/Projects/demuxe-jspi-asyncify-builds-20260927/mpv-deps-02/sources/fribidi/lib/fribidi-begindecls.h to /Volumes/seed2/Projects/demuxe-jspi-asyncify-builds-20260927/mpv-deps-02/prefix/include/fribidi
Installing /Volumes/seed2/Projects/demuxe-jspi-asyncify-builds-20260927/mpv-deps-02/sources/fribidi/lib/fribidi-bidi.h to /Volumes/seed2/Projects/demuxe-jspi-asyncify-builds-20260927/mpv-deps-02/prefix/include/fribidi
Installing /Volumes/seed2/Projects/demuxe-jspi-asyncify-builds-20260927/mpv-deps-02/sources/fribidi/lib/fribidi-bidi-types.h to /Volumes/seed2/Projects/demuxe-jspi-asyncify-builds-20260927/mpv-deps-02/prefix/include/fribidi
Installing /Volumes/seed2/Projects/demuxe-jspi-asyncify-builds-20260927/mpv-deps-02/sources/fribidi/lib/fribidi-bidi-types-list.h to /Volumes/seed2/Projects/demuxe-jspi-asyncify-builds-20260927/mpv-deps-02/prefix/include/fribidi
Installing /Volumes/seed2/Projects/demuxe-jspi-asyncify-builds-20260927/mpv-deps-02/sources/fribidi/lib/fribidi-char-sets.h to /Volumes/seed2/Projects/demuxe-jspi-asyncify-builds-20260927/mpv-deps-02/prefix/include/fribidi
Installing /Volumes/seed2/Projects/demuxe-jspi-asyncify-builds-20260927/mpv-deps-02/sources/fribidi/lib/fribidi-char-sets-list.h to /Volumes/seed2/Projects/demuxe-jspi-asyncify-builds-20260927/mpv-deps-02/prefix/include/fribidi
Installing /Volumes/seed2/Projects/demuxe-jspi-asyncify-builds-20260927/mpv-deps-02/sources/fribidi/lib/fribidi-common.h to /Volumes/seed2/Projects/demuxe-jspi-asyncify-builds-20260927/mpv-deps-02/prefix/include/fribidi
Installing /Volumes/seed2/Projects/demuxe-jspi-asyncify-builds-20260927/mpv-deps-02/sources/fribidi/lib/fribidi-deprecated.h to /Volumes/seed2/Projects/demuxe-jspi-asyncify-builds-20260927/mpv-deps-02/prefix/include/fribidi
Installing /Volumes/seed2/Projects/demuxe-jspi-asyncify-builds-20260927/mpv-deps-02/sources/fribidi/lib/fribidi-enddecls.h to /Volumes/seed2/Projects/demuxe-jspi-asyncify-builds-20260927/mpv-deps-02/prefix/include/fribidi
Installing /Volumes/seed2/Projects/demuxe-jspi-asyncify-builds-20260927/mpv-deps-02/sources/fribidi/lib/fribidi-flags.h to /Volumes/seed2/Projects/demuxe-jspi-asyncify-builds-20260927/mpv-deps-02/prefix/include/fribidi
Installing /Volumes/seed2/Projects/demuxe-jspi-asyncify-builds-20260927/mpv-deps-02/sources/fribidi/lib/fribidi-joining.h to /Volumes/seed2/Projects/demuxe-jspi-asyncify-builds-20260927/mpv-deps-02/prefix/include/fribidi
Installing /Volumes/seed2/Projects/demuxe-jspi-asyncify-builds-20260927/mpv-deps-02/sources/fribidi/lib/fribidi-joining-types.h to /Volumes/seed2/Projects/demuxe-jspi-asyncify-builds-20260927/mpv-deps-02/prefix/include/fribidi
Installing /Volumes/seed2/Projects/demuxe-jspi-asyncify-builds-20260927/mpv-deps-02/sources/fribidi/lib/fribidi-joining-types-list.h to /Volumes/seed2/Projects/demuxe-jspi-asyncify-builds-20260927/mpv-deps-02/prefix/include/fribidi
Installing /Volumes/seed2/Projects/demuxe-jspi-asyncify-builds-20260927/mpv-deps-02/sources/fribidi/lib/fribidi-mirroring.h to /Volumes/seed2/Projects/demuxe-jspi-asyncify-builds-20260927/mpv-deps-02/prefix/include/fribidi
Installing /Volumes/seed2/Projects/demuxe-jspi-asyncify-builds-20260927/mpv-deps-02/sources/fribidi/lib/fribidi-brackets.h to /Volumes/seed2/Projects/demuxe-jspi-asyncify-builds-20260927/mpv-deps-02/prefix/include/fribidi
Installing /Volumes/seed2/Projects/demuxe-jspi-asyncify-builds-20260927/mpv-deps-02/sources/fribidi/lib/fribidi-shape.h to /Volumes/seed2/Projects/demuxe-jspi-asyncify-builds-20260927/mpv-deps-02/prefix/include/fribidi
Installing /Volumes/seed2/Projects/demuxe-jspi-asyncify-builds-20260927/mpv-deps-02/sources/fribidi/lib/fribidi-types.h to /Volumes/seed2/Projects/demuxe-jspi-asyncify-builds-20260927/mpv-deps-02/prefix/include/fribidi
Installing /Volumes/seed2/Projects/demuxe-jspi-asyncify-builds-20260927/mpv-deps-02/sources/fribidi/lib/fribidi-unicode.h to /Volumes/seed2/Projects/demuxe-jspi-asyncify-builds-20260927/mpv-deps-02/prefix/include/fribidi
Installing /Volumes/seed2/Projects/demuxe-jspi-asyncify-builds-20260927/mpv-deps-02/sources/fribidi/lib/fribidi.h to /Volumes/seed2/Projects/demuxe-jspi-asyncify-builds-20260927/mpv-deps-02/prefix/include/fribidi
Installing /Volumes/seed2/Projects/demuxe-jspi-asyncify-builds-20260927/mpv-deps-02/objects/fribidi/lib/fribidi-config.h to /Volumes/seed2/Projects/demuxe-jspi-asyncify-builds-20260927/mpv-deps-02/prefix/include/fribidi
Installing /Volumes/seed2/Projects/demuxe-jspi-asyncify-builds-20260927/mpv-deps-02/objects/fribidi/meson-private/fribidi.pc to /Volumes/seed2/Projects/demuxe-jspi-asyncify-builds-20260927/mpv-deps-02/prefix/lib/pkgconfig
