ninja: Entering directory `/Volumes/seed2/Projects/demuxe-jspi-asyncify-builds-20260927/mpv-deps-02/objects/harfbuzz'
[1/73] Compiling C++ object src/libharfbuzz.a.p/hb-blob.cc.o
[2/73] Compiling C++ object src/libharfbuzz.a.p/hb-buffer-serialize.cc.o
[3/73] Compiling C++ object src/libharfbuzz.a.p/hb-aat-map.cc.o
[4/73] Compiling C++ object src/libharfbuzz.a.p/hb-buffer-verify.cc.o
[5/73] Compiling C++ object src/libharfbuzz.a.p/hb-common.cc.o
[6/73] Compiling C++ object src/libharfbuzz.a.p/hb-buffer.cc.o
[7/73] Compiling C++ object src/libharfbuzz.a.p/hb-draw.cc.o
[8/73] Compiling C++ object src/libharfbuzz.a.p/hb-paint.cc.o
[9/73] Compiling C++ object src/libharfbuzz.a.p/hb-paint-extents.cc.o
[10/73] Compiling C++ object src/libharfbuzz.a.p/hb-fallback-shape.cc.o
[11/73] Compiling C++ object src/libharfbuzz.a.p/hb-face-builder.cc.o
[12/73] Compiling C++ object src/libharfbuzz.a.p/hb-face.cc.o
[13/73] Compiling C++ object src/libharfbuzz.a.p/hb-number.cc.o
[14/73] Compiling C++ object src/libharfbuzz.a.p/hb-map.cc.o
[15/73] Compiling C++ object src/libharfbuzz.a.p/hb-font.cc.o
[16/73] Compiling C++ object src/libharfbuzz.a.p/hb-aat-layout.cc.o
[17/73] Compiling C++ object src/libharfbuzz.a.p/hb-ot-cff2-table.cc.o
[18/73] Compiling C++ object src/libharfbuzz.a.p/hb-ot-cff1-table.cc.o
[19/73] Compiling C++ object src/libharfbuzz.a.p/hb-outline.cc.o
[20/73] Compiling C++ object src/libharfbuzz.a.p/hb-ot-color.cc.o
[21/73] Compiling C++ object src/libharfbuzz.a.p/hb-ot-face.cc.o
[22/73] Compiling C++ object src/libharfbuzz.a.p/OT_Var_VARC_VARC.cc.o
[23/73] Compiling C++ object src/libharfbuzz.a.p/hb-ot-map.cc.o
[24/73] Compiling C++ object src/libharfbuzz.a.p/hb-ot-math.cc.o
[25/73] Compiling C++ object src/libharfbuzz.a.p/hb-ot-font.cc.o
[26/73] Compiling C++ object src/libharfbuzz.a.p/hb-ot-meta.cc.o
[27/73] Compiling C++ object src/libharfbuzz.a.p/hb-ot-name.cc.o
[28/73] Compiling C++ object src/libharfbuzz.a.p/hb-ot-metrics.cc.o
[29/73] Compiling C++ object src/libharfbuzz.a.p/hb-ot-shaper-default.cc.o
[30/73] Compiling C++ object src/libharfbuzz.a.p/hb-ot-shaper-hangul.cc.o
[31/73] Compiling C++ object src/libharfbuzz.a.p/hb-ot-shaper-hebrew.cc.o
[32/73] Compiling C++ object src/libharfbuzz.a.p/hb-ot-shaper-indic-table.cc.o
[33/73] Compiling C++ object src/libharfbuzz.a.p/hb-ot-layout.cc.o
[34/73] Compiling C++ object src/libharfbuzz.a.p/hb-ot-shaper-arabic.cc.o
[35/73] Compiling C++ object src/libharfbuzz.a.p/hb-ot-shaper-khmer.cc.o
[36/73] Compiling C++ object src/libharfbuzz.a.p/hb-ot-shaper-indic.cc.o
[37/73] Compiling C++ object src/libharfbuzz.a.p/hb-ot-shaper-syllabic.cc.o
[38/73] Compiling C++ object src/libharfbuzz.a.p/hb-ot-shaper-myanmar.cc.o
[39/73] Compiling C++ object src/libharfbuzz.a.p/hb-ot-shaper-thai.cc.o
[40/73] Compiling C++ object src/libharfbuzz.a.p/hb-ot-shaper-vowel-constraints.cc.o
[41/73] Compiling C++ object src/libharfbuzz.a.p/hb-ot-shape-normalize.cc.o
[42/73] Compiling C++ object src/libharfbuzz.a.p/hb-ot-shape-fallback.cc.o
[43/73] Compiling C++ object src/libharfbuzz.a.p/hb-ot-shaper-use.cc.o
[44/73] Compiling C++ object src/libharfbuzz.a.p/hb-ot-shape.cc.o
[45/73] Compiling C++ object src/libharfbuzz.a.p/hb-ot-tag.cc.o
[46/73] Compiling C++ object src/libharfbuzz.a.p/hb-set.cc.o
[47/73] Compiling C++ object src/libharfbuzz.a.p/hb-shape-plan.cc.o
[48/73] Compiling C++ object src/libharfbuzz.a.p/hb-shape.cc.o
[49/73] Compiling C++ object src/libharfbuzz.a.p/hb-ot-var.cc.o
[50/73] Compiling C++ object src/libharfbuzz.a.p/hb-shaper.cc.o
[51/73] Compiling C++ object src/libharfbuzz.a.p/hb-ucd.cc.o
[52/73] Compiling C++ object src/libharfbuzz.a.p/hb-unicode.cc.o
[53/73] Compiling C++ object src/libharfbuzz.a.p/hb-style.cc.o
[54/73] Compiling C++ object src/libharfbuzz-subset.a.p/hb-number.cc.o
[55/73] Compiling C++ object src/libharfbuzz.a.p/hb-static.cc.o
[56/73] Compiling C++ object src/libharfbuzz.a.p/hb-ft.cc.o
[57/73] Compiling C++ object src/libharfbuzz-subset.a.p/hb-ot-cff2-table.cc.o
[58/73] Compiling C++ object src/libharfbuzz-subset.a.p/hb-ot-cff1-table.cc.o
[59/73] Compiling C++ object src/libharfbuzz-subset.a.p/hb-subset-cff-common.cc.o
[60/73] Compiling C++ object src/libharfbuzz-subset.a.p/hb-static.cc.o
[61/73] Compiling C++ object src/libharfbuzz-subset.a.p/hb-subset-cff2.cc.o
[62/73] Compiling C++ object src/libharfbuzz-subset.a.p/hb-subset-input.cc.o
[63/73] Compiling C++ object src/libharfbuzz-subset.a.p/hb-subset-cff1.cc.o
[64/73] Compiling C++ object src/libharfbuzz-subset.a.p/hb-subset-instancer-iup.cc.o
[65/73] Compiling C++ object src/libharfbuzz-subset.a.p/hb-subset-instancer-solver.cc.o
[66/73] Compiling C++ object src/libharfbuzz-subset.a.p/graph_gsubgpos-context.cc.o
[67/73] Generating src/harfbuzz.cc with a custom command
[68/73] Linking static target src/libharfbuzz.a
[69/73] Generating src/harfbuzz-subset.cc with a custom command
[70/73] Compiling C++ object src/libharfbuzz-subset.a.p/hb-subset-serialize.cc.o
[71/73] Compiling C++ object src/libharfbuzz-subset.a.p/hb-subset-plan.cc.o
[72/73] Compiling C++ object src/libharfbuzz-subset.a.p/hb-subset.cc.o
[73/73] Linking static target src/libharfbuzz-subset.a
