The Meson build system
Version: 1.7.2
Source dir: /Volumes/seed2/Projects/demuxe-jspi-asyncify-builds-20260927/mpv-deps-02/sources/libplacebo
Build dir: /Volumes/seed2/Projects/demuxe-jspi-asyncify-builds-20260927/mpv-deps-02/objects/libplacebo
Build type: cross build
Project name: libplacebo
Project version: 7.360.1
C compiler for the host machine: /Volumes/seed2/Projects/demuxe-release-closeout-20260916/build/emsdk-4.0.14/upstream/emscripten/emcc (emscripten 4.0.14 "emcc (Emscripten gcc/clang-like replacement + linker emulating GNU ld) 4.0.14 (96371ed7888fc78c040179f4d4faa82a6a07a116)")
C linker for the host machine: /Volumes/seed2/Projects/demuxe-release-closeout-20260916/build/emsdk-4.0.14/upstream/emscripten/emcc ld.wasm 22.0.0
C++ compiler for the host machine: /Volumes/seed2/Projects/demuxe-release-closeout-20260916/build/emsdk-4.0.14/upstream/emscripten/em++ (emscripten 4.0.14 "emcc (Emscripten gcc/clang-like replacement + linker emulating GNU ld) 4.0.14 (96371ed7888fc78c040179f4d4faa82a6a07a116)")
C++ linker for the host machine: /Volumes/seed2/Projects/demuxe-release-closeout-20260916/build/emsdk-4.0.14/upstream/emscripten/em++ ld.wasm 22.0.0
C compiler for the build machine: cc (clang 21.0.0 "Apple clang version 21.0.0 (clang-2100.1.1.101)")
C linker for the build machine: cc ld64 1267
C++ compiler for the build machine: c++ (clang 21.0.0 "Apple clang version 21.0.0 (clang-2100.1.1.101)")
C++ linker for the build machine: c++ ld64 1267
Build machine cpu family: aarch64
Build machine cpu: aarch64
Host machine cpu family: wasm32
Host machine cpu: wasm32
Target machine cpu family: wasm32
Target machine cpu: wasm32
Compiler for C supports arguments -Wincompatible-pointer-types: YES 
Compiler for C supports arguments -Wc23-extensions: YES 
Compiler for C supports link arguments -Wl,--exclude-libs=ALL: NO 
Library m found: YES
Program python3 found: YES (/Volumes/seed2/Projects/demuxe-release-closeout-20260916/build/venv/bin/python)
Header "pthread.h" has symbol "pthread_condattr_setclock" : YES 
Dependency libunwind skipped: feature unwind disabled
Library execinfo found: NO
Checking for function "backtrace_symbols" with dependency -lexecinfo: NO 
Check usable header "dbghelp.h" : NO 
Fetching value of define "__MINGW32__" : (undefined) 
Dependency shaderc skipped: feature shaderc disabled
Check usable header "d3d11.h" : NO 
Check usable header "d3d11_4.h" skipped: feature d3d11 disabled
Check usable header "dxgi1_6.h" skipped: feature d3d11 disabled
Dependency spirv-cross-c-shared skipped: feature d3d11 disabled
Library version skipped: feature d3d11 disabled
Library dl skipped: feature gl-proc-addr disabled
Found pkg-config: YES (/opt/homebrew/bin/pkg-config) 2.5.1
Run-time dependency vulkan found: NO (tried pkgconfig and system)
Header "vulkan/vulkan_core.h" has symbol "VK_VERSION_1_4" : NO 
Dependency lcms2 skipped: feature lcms disabled
sources/libplacebo/src/meson.build:171: WARNING: Building without any graphics API. libplacebo built this way still has some limited use (e.g. generating GLSL shaders), but most of its functionality will be missing or impaired!
Dependency dovi skipped: feature libdovi disabled
Dependency libxxhash skipped: feature xxhash disabled
Configuring config.h using configuration
Configuring config_internal.h using configuration
WARNING: Library target 'placebo' has 'name_prefix' set. Compilers may not find it from its '-lplacebo' linker flag in the 'libplacebo.pc' pkg-config file.
WARNING: Library target 'placebo' has 'name_prefix' set. Compilers may not find it from its '-lplacebo' linker flag in the 'libplacebo-uninstalled.pc' pkg-config file.
Build targets in project: 15

libplacebo 7.360.1

  Optional features
    d3d11          : NO
    dovi           : NO
    gl-proc-addr   : NO
    glslang        : NO
    lcms           : NO
    libdovi        : NO
    opengl         : NO
    shaderc        : NO
    vk-proc-addr   : NO
    vulkan         : NO
    xxhash         : NO

  User defined options
    Cross files    : /Volumes/seed2/Projects/demuxe-jspi-asyncify-builds-20260927/mpv-deps-02/cross.ini
    auto_features  : disabled
    buildtype      : release
    default_library: static
    demos          : false
    libdir         : lib
    prefix         : /Volumes/seed2/Projects/demuxe-jspi-asyncify-builds-20260927/mpv-deps-02/prefix
    tests          : false
    wrap_mode      : nofallback

Found ninja-1.13.2 at /opt/homebrew/bin/ninja
