install prefix            /Volumes/seed2/Projects/demuxe-jspi-asyncify-builds-20260927/mpv-deps-02/prefix
source path               /Volumes/seed2/Projects/demuxe-jspi-asyncify-builds-20260927/mpv-deps-02/sources/ffmpeg
C compiler                emcc
C library                 
host C compiler           gcc
host C library            
ARCH                      c (generic)
big-endian                no
runtime cpu detection     yes
debug symbols             no
strip symbols             yes
optimize for size         no
optimizations             yes
static                    yes
shared                    no
network support           no
threading support         no
safe bitstream reader     yes
texi2html enabled         no
perl enabled              yes
pod2man enabled           yes
makeinfo enabled          no
makeinfo supports HTML    no
experimental features     yes
xmllint enabled           yes

External libraries:
iconv

External libraries providing hardware acceleration:

Libraries:
avcodec                 avformat                swresample
avfilter                avutil                  swscale

Programs:

Enabled decoders:
ass                     pgssub                  webvtt
dvdsub                  ssa
movtext                 subrip

Enabled encoders:

Enabled hwaccels:

Enabled parsers:
ac3                     dirac                   hevc
apv                     evc                     mlp
av1                     flac                    mpegaudio
dca                     h264                    tak

Enabled demuxers:
aa                      ico                     pcm_f64le
aac                     idcin                   pcm_mulaw
aax                     idf                     pcm_s16be
ac3                     iff                     pcm_s16le
ac4                     ifv                     pcm_s24be
ace                     ilbc                    pcm_s24le
acm                     image2                  pcm_s32be
act                     image2_alias_pix        pcm_s32le
adf                     image2_brender_pix      pcm_s8
adp                     image2pipe              pcm_u16be
ads                     image_bmp_pipe          pcm_u16le
adx                     image_cri_pipe          pcm_u24be
aea                     image_dds_pipe          pcm_u24le
afc                     image_dpx_pipe          pcm_u32be
aiff                    image_exr_pipe          pcm_u32le
aix                     image_gem_pipe          pcm_u8
alp                     image_gif_pipe          pcm_vidc
amr                     image_hdr_pipe          pdv
amrnb                   image_j2k_pipe          pjs
amrwb                   image_jpeg_pipe         pmp
anm                     image_jpegls_pipe       pp_bnk
apac                    image_jpegxl_pipe       pva
apc                     image_jpegxs_pipe       pvf
ape                     image_pam_pipe          qcp
apm                     image_pbm_pipe          qoa
apng                    image_pcx_pipe          r3d
aptx                    image_pfm_pipe          rawvideo
aptx_hd                 image_pgm_pipe          rcwt
apv                     image_pgmyuv_pipe       realtext
aqtitle                 image_pgx_pipe          redspark
argo_asf                image_phm_pipe          rka
argo_brp                image_photocd_pipe      rl2
argo_cvg                image_pictor_pipe       rm
asf                     image_png_pipe          roq
asf_o                   image_ppm_pipe          rpl
ass                     image_psd_pipe          rsd
ast                     image_qdraw_pipe        rso
au                      image_qoi_pipe          s337m
av1                     image_sgi_pipe          sami
avi                     image_sunrast_pipe      sbc
avr                     image_svg_pipe          sbg
avs                     image_tiff_pipe         scc
avs2                    image_vbn_pipe          scd
avs3                    image_webp_pipe         sdns
bethsoftvid             image_xbm_pipe          sdr2
bfi                     image_xpm_pipe          sds
bfstm                   image_xwd_pipe          sdx
bink                    ingenient               segafilm
binka                   ipmovie                 ser
bintext                 ipu                     sga
bit                     ircam                   shorten
bitpacked               iss                     siff
bmv                     iv8                     simbiosis_imx
boa                     ivf                     sln
bonk                    ivr                     smacker
brstm                   jacosub                 smjpeg
c93                     jpegxl_anim             smush
caf                     jv                      sol
cavsvideo               kux                     sox
cdg                     kvag                    spdif
cdxl                    laf                     srt
cine                    lc3                     stl
codec2                  live_flv                str
codec2raw               lmlm4                   subviewer
concat                  loas                    subviewer1
data                    lrc                     sup
daud                    luodat                  svag
dcstr                   lvf                     svs
derf                    lxf                     swf
dfa                     m4v                     tak
dfpwm                   matroska                tedcaptions
dhav                    mca                     thp
dirac                   mcc                     threedostr
dnxhd                   mgsts                   tiertexseq
dsf                     microdvd                tmv
dsicin                  mjpeg                   truehd
dss                     mjpeg_2000              tta
dts                     mlp                     tty
dtshd                   mlv                     txd
dv                      mm                      ty
dvbsub                  mmf                     usm
dvbtxt                  mods                    v210
dxa                     moflex                  v210x
ea                      mov                     vag
ea_cdata                mp3                     vc1
eac3                    mpc                     vc1t
epaf                    mpc8                    vividas
evc                     mpegps                  vivo
ffmetadata              mpegts                  vmd
filmstrip               mpegtsraw               vobsub
fits                    mpegvideo               voc
flac                    mpjpeg                  vpk
flic                    mpl2                    vplayer
flv                     mpsub                   vqf
fourxm                  msf                     vvc
frm                     msnwc_tcp               w64
fsb                     msp                     wady
fwse                    mtaf                    wav
g722                    mtv                     wavarc
g723_1                  musx                    wc3
g726                    mv                      webm_dash_manifest
g726le                  mvi                     webp_anim
g728                    mxf                     webvtt
g729                    mxg                     wsaud
gdv                     nc                      wsd
genh                    nistsphere              wsvqa
gif                     nsp                     wtv
gsm                     nsv                     wv
gxf                     nut                     wve
h261                    nuv                     xa
h263                    obu                     xbin
h264                    ogg                     xmd
hca                     oma                     xmv
hcom                    osq                     xvag
hevc                    paf                     xwma
hls                     pcm_alaw                yop
hnm                     pcm_f32be               yuv4mpegpipe
hxvs                    pcm_f32le
iamf                    pcm_f64be

Enabled muxers:

Enabled protocols:
file

Enabled filters:
aformat                 aresample               null
anull                   format                  scale

Enabled bsfs:
av1_frame_merge         evc_frame_merge

Enabled indevs:

Enabled outdevs:

License: LGPL version 2.1 or later

WARNING: Threading support was disabled or is not available on the target platform. This means that not only is this build not multi-threaded, but also that the libraries from this build MUST NOT be used in a multi-threaded environment.
