GEN	libavutil/libavutil.version
GEN	libavcodec/libavcodec.version
GEN	libavformat/libavformat.version
GEN	libavfilter/libavfilter.version
GEN	libswscale/libswscale.version
GEN	libswresample/libswresample.version
CC	libavfilter/af_anull.o
CC	libavfilter/af_aresample.o
CC	libavfilter/af_aformat.o
CC	libavfilter/allfilters.o
CC	libavfilter/audio.o
CC	libavfilter/avfilter.o
CC	libavfilter/avfiltergraph.o
CC	libavfilter/buffersink.o
CC	libavfilter/buffersrc.o
CC	libavfilter/ccfifo.o
CC	libavfilter/colorspace.o
CC	libavfilter/drawutils.o
CC	libavfilter/formats.o
CC	libavfilter/framepool.o
CC	libavfilter/framequeue.o
CC	libavfilter/framesync.o
CC	libavfilter/graphdump.o
CC	libavfilter/graphparser.o
CC	libavfilter/scale_eval.o
CC	libavfilter/version.o
CC	libavfilter/vf_format.o
CC	libavfilter/vf_null.o
CC	libavfilter/vf_scale.o
CC	libavfilter/video.o
GEN	libavfilter/libavfilter.pc
CC	libavformat/3dostr.o
CC	libavformat/4xm.o
CC	libavformat/aacdec.o
CC	libavformat/aadec.o
CC	libavformat/aaxdec.o
CC	libavformat/ac3dec.o
CC	libavformat/ac4dec.o
CC	libavformat/acedec.o
CC	libavformat/acm.o
CC	libavformat/act.o
CC	libavformat/adp.o
CC	libavformat/ads.o
CC	libavformat/adxdec.o
CC	libavformat/aeadec.o
CC	libavformat/afc.o
CC	libavformat/aiff.o
CC	libavformat/aiffdec.o
CC	libavformat/aixdec.o
CC	libavformat/allformats.o
CC	libavformat/alp.o
CC	libavformat/amr.o
CC	libavformat/anm.o
CC	libavformat/apac.o
CC	libavformat/apc.o
CC	libavformat/ape.o
CC	libavformat/apetag.o
CC	libavformat/apm.o
CC	libavformat/apngdec.o
CC	libavformat/aptxdec.o
CC	libavformat/apvdec.o
CC	libavformat/aqtitledec.o
CC	libavformat/argo_asf.o
CC	libavformat/argo_brp.o
CC	libavformat/argo_cvg.o
CC	libavformat/asf.o
CC	libavformat/asf_tags.o
CC	libavformat/asfcrypt.o
CC	libavformat/asfdec_f.o
CC	libavformat/asfdec_o.o
CC	libavformat/assdec.o
CC	libavformat/ast.o
CC	libavformat/astdec.o
CC	libavformat/au.o
CC	libavformat/av1.o
CC	libavformat/av1dec.o
CC	libavformat/avformat.o
CC	libavformat/avidec.o
CC	libavformat/avio.o
CC	libavformat/aviobuf.o
CC	libavformat/avlanguage.o
CC	libavformat/avr.o
CC	libavformat/avs.o
CC	libavformat/avs2dec.o
CC	libavformat/avs3dec.o
CC	libavformat/bethsoftvid.o
CC	libavformat/bfi.o
CC	libavformat/bink.o
CC	libavformat/binka.o
CC	libavformat/bintext.o
CC	libavformat/bit.o
CC	libavformat/bmv.o
CC	libavformat/boadec.o
CC	libavformat/bonk.o
CC	libavformat/brstm.o
CC	libavformat/c93.o
CC	libavformat/caf.o
CC	libavformat/cafdec.o
CC	libavformat/cavsvideodec.o
CC	libavformat/cdg.o
CC	libavformat/cdxl.o
CC	libavformat/cinedec.o
CC	libavformat/codec2.o
CC	libavformat/codecstring.o
CC	libavformat/concatdec.o
CC	libavformat/dauddec.o
src/libavformat/codec2.c:217:12: warning: unused function 'codec2_write_header' [-Wunused-function]
  217 | static int codec2_write_header(AVFormatContext *s)
      |            ^~~~~~~~~~~~~~~~~~~
1 warning generated.
CC	libavformat/dcstr.o
CC	libavformat/demux.o
CC	libavformat/demux_utils.o
CC	libavformat/derf.o
CC	libavformat/dfa.o
CC	libavformat/dfpwmdec.o
CC	libavformat/dhav.o
CC	libavformat/diracdec.o
CC	libavformat/dnxhddec.o
CC	libavformat/dovi_isom.o
CC	libavformat/dsfdec.o
CC	libavformat/dsicin.o
CC	libavformat/dss.o
CC	libavformat/dtsdec.o
CC	libavformat/dtshddec.o
CC	libavformat/dump.o
CC	libavformat/dv.o
CC	libavformat/dvbsub.o
CC	libavformat/dvbtxt.o
CC	libavformat/dvdclut.o
CC	libavformat/dxa.o
CC	libavformat/eacdata.o
CC	libavformat/electronicarts.o
CC	libavformat/epafdec.o
CC	libavformat/evcdec.o
CC	libavformat/ffmetadec.o
CC	libavformat/file.o
CC	libavformat/filmstripdec.o
CC	libavformat/fitsdec.o
CC	libavformat/flac_picture.o
CC	libavformat/flacdec.o
CC	libavformat/flic.o
CC	libavformat/flvdec.o
CC	libavformat/format.o
CC	libavformat/frmdec.o
CC	libavformat/fsb.o
CC	libavformat/fwse.o
CC	libavformat/g722.o
CC	libavformat/g723_1.o
CC	libavformat/g726.o
CC	libavformat/g728dec.o
CC	libavformat/g729dec.o
CC	libavformat/gdv.o
CC	libavformat/genh.o
CC	libavformat/gifdec.o
CC	libavformat/gsmdec.o
CC	libavformat/gxf.o
CC	libavformat/h261dec.o
CC	libavformat/h263dec.o
CC	libavformat/h264dec.o
CC	libavformat/hca.o
CC	libavformat/hcom.o
CC	libavformat/hevcdec.o
CC	libavformat/hls.o
CC	libavformat/hls_sample_encryption.o
CC	libavformat/hnm.o
CC	libavformat/hxvs.o
CC	libavformat/iamf.o
CC	libavformat/iamf_parse.o
CC	libavformat/iamf_reader.o
CC	libavformat/iamfdec.o
CC	libavformat/icodec.o
CC	libavformat/id3v1.o
CC	libavformat/id3v2.o
CC	libavformat/idcin.o
CC	libavformat/idroqdec.o
CC	libavformat/iff.o
CC	libavformat/ifv.o
CC	libavformat/ilbc.o
CC	libavformat/img2.o
CC	libavformat/img2_alias_pix.o
src/libavformat/ilbc.c:34:12: warning: unused function 'ilbc_write_header' [-Wunused-function]
   34 | static int ilbc_write_header(AVFormatContext *s)
      |            ^~~~~~~~~~~~~~~~~
CC	libavformat/img2_brender_pix.o
1 warning generated.
CC	libavformat/img2dec.o
CC	libavformat/imx.o
CC	libavformat/ingenientdec.o
CC	libavformat/ipmovie.o
CC	libavformat/ipudec.o
CC	libavformat/ircam.o
CC	libavformat/ircamdec.o
CC	libavformat/isom.o
CC	libavformat/isom_tags.o
CC	libavformat/iss.o
CC	libavformat/iv8.o
CC	libavformat/ivfdec.o
CC	libavformat/jacosubdec.o
CC	libavformat/jpegxl_anim_dec.o
CC	libavformat/jvdec.o
CC	libavformat/kvag.o
CC	libavformat/lafdec.o
src/libavformat/jvdec.c:185:9: warning: unannotated fall-through between switch labels [-Wimplicit-fallthrough]
  185 |         case JV_VIDEO:
      |         ^
CC	libavformat/lc3.o
src/libavformat/jvdec.c:185:9: note: insert '__attribute__((fallthrough));' to silence this warning
  185 |         case JV_VIDEO:
      |         ^
      |         __attribute__((fallthrough)); 
src/libavformat/jvdec.c:185:9: note: insert 'break;' to avoid fall-through
  185 |         case JV_VIDEO:
      |         ^
      |         break; 
src/libavformat/jvdec.c:209:9: warning: unannotated fall-through between switch labels [-Wimplicit-fallthrough]
  209 |         case JV_PADDING:
      |         ^
src/libavformat/jvdec.c:209:9: note: insert '__attribute__((fallthrough));' to silence this warning
  209 |         case JV_PADDING:
      |         ^
      |         __attribute__((fallthrough)); 
src/libavformat/jvdec.c:209:9: note: insert 'break;' to avoid fall-through
  209 |         case JV_PADDING:
      |         ^
      |         break; 
2 warnings generated.
CC	libavformat/lcevc.o
CC	libavformat/lmlm4.o
CC	libavformat/loasdec.o
CC	libavformat/lrc.o
CC	libavformat/lrcdec.o
CC	libavformat/luodatdec.o
CC	libavformat/lvfdec.o
CC	libavformat/lxfdec.o
CC	libavformat/m4vdec.o
CC	libavformat/matroska.o
CC	libavformat/matroskadec.o
CC	libavformat/mca.o
CC	libavformat/mccdec.o
CC	libavformat/metadata.o
CC	libavformat/mgsts.o
CC	libavformat/microdvddec.o
CC	libavformat/mj2kdec.o
CC	libavformat/mlpdec.o
CC	libavformat/mlvdec.o
CC	libavformat/mm.o
CC	libavformat/mmf.o
CC	libavformat/mods.o
CC	libavformat/moflex.o
CC	libavformat/mov.o
CC	libavformat/mov_chan.o
CC	libavformat/mov_esds.o
CC	libavformat/mp3dec.o
CC	libavformat/mpc.o
CC	libavformat/mpc8.o
CC	libavformat/mpeg.o
CC	libavformat/mpegts.o
CC	libavformat/mpegvideodec.o
CC	libavformat/mpjpegdec.o
CC	libavformat/mpl2dec.o
CC	libavformat/mpsubdec.o
CC	libavformat/msf.o
CC	libavformat/msnwc_tcp.o
CC	libavformat/mtaf.o
CC	libavformat/mspdec.o
CC	libavformat/mtv.o
CC	libavformat/musx.o
CC	libavformat/mux.o
CC	libavformat/mux_utils.o
CC	libavformat/mvdec.o
CC	libavformat/mvi.o
CC	libavformat/mxf.o
CC	libavformat/mxfdec.o
CC	libavformat/mxg.o
CC	libavformat/nal.o
CC	libavformat/ncdec.o
CC	libavformat/nistspheredec.o
CC	libavformat/nspdec.o
CC	libavformat/nsvdec.o
CC	libavformat/nut.o
src/libavformat/nspdec.c:81:9: warning: unannotated fall-through between switch labels [-Wimplicit-fallthrough]
   81 |         case MKBETAG('S', 'D', 'A', '_'):
      |         ^
src/libavformat/nspdec.c:81:9: note: insert '__attribute__((fallthrough));' to silence this warning
   81 |         case MKBETAG('S', 'D', 'A', '_'):
      |         ^
      |         __attribute__((fallthrough)); 
src/libavformat/nspdec.c:81:9: note: insert 'break;' to avoid fall-through
   81 |         case MKBETAG('S', 'D', 'A', '_'):
      |         ^
      |         break; 
1 warning generated.
CC	libavformat/nutdec.o
CC	libavformat/nuv.o
CC	libavformat/oggdec.o
src/libavformat/nuv.c:279:9: warning: unannotated fall-through between switch labels [-Wimplicit-fallthrough]
  279 |         case NUV_VIDEO:
      |         ^
src/libavformat/nuv.c:279:9: note: insert '__attribute__((fallthrough));' to silence this warning
  279 |         case NUV_VIDEO:
      |         ^
      |         __attribute__((fallthrough)); 
src/libavformat/nuv.c:279:9: note: insert 'break;' to avoid fall-through
  279 |         case NUV_VIDEO:
      |         ^
      |         break; 
1 warning generated.
CC	libavformat/oggparsedirac.o
CC	libavformat/oggparseflac.o
CC	libavformat/oggparseogm.o
CC	libavformat/oggparseopus.o
CC	libavformat/oggparseskeleton.o
CC	libavformat/oggparsespeex.o
CC	libavformat/oggparsetheora.o
CC	libavformat/oggparsevorbis.o
CC	libavformat/oggparsevp8.o
CC	libavformat/oma.o
CC	libavformat/omadec.o
CC	libavformat/options.o
CC	libavformat/os_support.o
CC	libavformat/osq.o
CC	libavformat/packet_list.o
CC	libavformat/paf.o
CC	libavformat/pcm.o
CC	libavformat/pcmdec.o
CC	libavformat/pdvdec.o
CC	libavformat/pjsdec.o
CC	libavformat/pmpdec.o
CC	libavformat/pp_bnk.o
CC	libavformat/protocols.o
CC	libavformat/psxstr.o
CC	libavformat/pva.o
CC	libavformat/pvfdec.o
CC	libavformat/qcp.o
CC	libavformat/qoadec.o
CC	libavformat/qtpalette.o
CC	libavformat/r3d.o
CC	libavformat/rawdec.o
CC	libavformat/rawvideodec.o
CC	libavformat/rcwtdec.o
CC	libavformat/realtextdec.o
CC	libavformat/redspark.o
CC	libavformat/replaygain.o
CC	libavformat/riff.o
CC	libavformat/riffdec.o
CC	libavformat/rka.o
CC	libavformat/rl2.o
CC	libavformat/rm.o
CC	libavformat/rmdec.o
CC	libavformat/rmsipr.o
CC	libavformat/rpl.o
CC	libavformat/rsd.o
CC	libavformat/rso.o
CC	libavformat/rsodec.o
CC	libavformat/s337m.o
CC	libavformat/samidec.o
CC	libavformat/sauce.o
CC	libavformat/sbcdec.o
CC	libavformat/sccdec.o
CC	libavformat/sbgdec.o
CC	libavformat/scd.o
CC	libavformat/sdns.o
CC	libavformat/sdp.o
CC	libavformat/sdr2.o
CC	libavformat/sdsdec.o
CC	libavformat/sdxdec.o
CC	libavformat/seek.o
CC	libavformat/segafilm.o
CC	libavformat/serdec.o
CC	libavformat/sga.o
CC	libavformat/shortendec.o
CC	libavformat/sierravmd.o
CC	libavformat/siff.o
CC	libavformat/smacker.o
CC	libavformat/smjpeg.o
CC	libavformat/smjpegdec.o
CC	libavformat/smush.o
CC	libavformat/sol.o
CC	libavformat/soxdec.o
CC	libavformat/spdif.o
CC	libavformat/spdifdec.o
CC	libavformat/srtdec.o
CC	libavformat/stldec.o
CC	libavformat/subtitles.o
CC	libavformat/subviewer1dec.o
CC	libavformat/subviewerdec.o
CC	libavformat/supdec.o
CC	libavformat/svag.o
CC	libavformat/svs.o
CC	libavformat/swf.o
CC	libavformat/swfdec.o
CC	libavformat/takdec.o
CC	libavformat/tedcaptionsdec.o
CC	libavformat/thp.o
CC	libavformat/tiertexseq.o
CC	libavformat/tmv.o
CC	libavformat/tta.o
CC	libavformat/tty.o
CC	libavformat/txd.o
CC	libavformat/ty.o
CC	libavformat/url.o
CC	libavformat/urldecode.o
CC	libavformat/usmdec.o
CC	libavformat/utils.o
CC	libavformat/vag.o
CC	libavformat/vc1dec.o
CC	libavformat/vc1test.o
CC	libavformat/version.o
CC	libavformat/vividas.o
CC	libavformat/vivo.o
CC	libavformat/voc.o
CC	libavformat/voc_packet.o
CC	libavformat/vocdec.o
CC	libavformat/vorbiscomment.o
CC	libavformat/vpcc.o
CC	libavformat/vpk.o
CC	libavformat/vplayerdec.o
CC	libavformat/vqf.o
CC	libavformat/vvcdec.o
CC	libavformat/w64.o
CC	libavformat/wady.o
CC	libavformat/wavarc.o
CC	libavformat/wavdec.o
CC	libavformat/wc3movie.o
CC	libavformat/webp_anim_dec.o
CC	libavformat/webvttdec.o
CC	libavformat/westwood_aud.o
CC	libavformat/westwood_vqa.o
CC	libavformat/wsddec.o
CC	libavformat/wtv_common.o
CC	libavformat/wtvdec.o
CC	libavformat/wv.o
CC	libavformat/wvdec.o
CC	libavformat/wvedec.o
CC	libavformat/xa.o
CC	libavformat/xmd.o
CC	libavformat/xmv.o
CC	libavformat/xvag.o
CC	libavformat/xwma.o
CC	libavformat/yop.o
CC	libavformat/yuv4mpegdec.o
GEN	libavformat/libavformat.pc
CC	libavcodec/jpegxl_parse.o
CC	libavcodec/lcevctab.o
CC	libavcodec/to_upper4.o
GEN	libavcodec/libavcodec.pc
CC	libswresample/audioconvert.o
CC	libswresample/dither.o
CC	libswresample/options.o
CC	libswresample/rematrix.o
CC	libswresample/resample.o
CC	libswresample/resample_dsp.o
CC	libswresample/swresample.o
CC	libswresample/swresample_frame.o
CC	libswresample/version.o
GEN	libswresample/libswresample.pc
CC	libswscale/alphablend.o
CC	libswscale/cms.o
CC	libswscale/csputils.o
CC	libswscale/filters.o
CC	libswscale/format.o
CC	libswscale/framepool.o
CC	libswscale/gamma.o
CC	libswscale/graph.o
CC	libswscale/hscale.o
CC	libswscale/hscale_fast_bilinear.o
CC	libswscale/input.o
CC	libswscale/lut3d.o
CC	libswscale/ops.o
CC	libswscale/ops_chain.o
CC	libswscale/ops_dispatch.o
CC	libswscale/ops_memcpy.o
CC	libswscale/ops_optimizer.o
CC	libswscale/options.o
CC	libswscale/output.o
CC	libswscale/rational64.o
CC	libswscale/rgb2rgb.o
CC	libswscale/slice.o
CC	libswscale/swscale.o
CC	libswscale/swscale_unscaled.o
CC	libswscale/uops.o
CC	libswscale/uops_backend.o
CC	libswscale/utils.o
CC	libswscale/version.o
CC	libswscale/vscale.o
CC	libswscale/yuv2rgb.o
GEN	libswscale/libswscale.pc
CC	libavutil/adler32.o
CC	libavutil/aes.o
CC	libavutil/aes_ctr.o
CC	libavutil/audio_fifo.o
CC	libavutil/ambient_viewing_environment.o
CC	libavutil/avsscanf.o
CC	libavutil/avstring.o
CC	libavutil/base64.o
CC	libavutil/blowfish.o
CC	libavutil/bprint.o
CC	libavutil/buffer.o
CC	libavutil/camellia.o
CC	libavutil/cast5.o
CC	libavutil/channel_layout.o
CC	libavutil/container_fifo.o
CC	libavutil/cpu.o
CC	libavutil/crc.o
CC	libavutil/csp.o
CC	libavutil/des.o
CC	libavutil/detection_bbox.o
CC	libavutil/dict.o
CC	libavutil/display.o
CC	libavutil/dovi_meta.o
CC	libavutil/downmix_info.o
CC	libavutil/encryption_info.o
CC	libavutil/error.o
CC	libavutil/eval.o
CC	libavutil/executor.o
CC	libavutil/fifo.o
CC	libavutil/file.o
CC	libavutil/file_open.o
CC	libavutil/film_grain_params.o
CC	libavutil/fixed_dsp.o
CC	libavutil/float_dsp.o
CC	libavutil/float_scalarproduct.o
CC	libavutil/frame.o
CC	libavutil/hash.o
CC	libavutil/hdr_dynamic_metadata.o
CC	libavutil/hdr_dynamic_vivid_metadata.o
CC	libavutil/hmac.o
CC	libavutil/hwcontext.o
CC	libavutil/hwcontext_stub.o
CC	libavutil/iamf.o
CC	libavutil/imgutils.o
CC	libavutil/integer.o
CC	libavutil/intmath.o
CC	libavutil/lfg.o
CC	libavutil/lls.o
CC	libavutil/log.o
CC	libavutil/log2_tab.o
CC	libavutil/lzo.o
CC	libavutil/mastering_display_metadata.o
CC	libavutil/mathematics.o
CC	libavutil/md5.o
CC	libavutil/mem.o
CC	libavutil/murmur3.o
CC	libavutil/opt.o
CC	libavutil/parseutils.o
CC	libavutil/pixdesc.o
CC	libavutil/pixelutils.o
CC	libavutil/random_seed.o
CC	libavutil/rational.o
CC	libavutil/raw_color_params.o
CC	libavutil/rc4.o
CC	libavutil/refstruct.o
CC	libavutil/reverse.o
CC	libavutil/ripemd.o
CC	libavutil/samplefmt.o
CC	libavutil/sha.o
CC	libavutil/sha512.o
CC	libavutil/side_data.o
CC	libavutil/slicethread.o
CC	libavutil/spherical.o
CC	libavutil/stereo3d.o
CC	libavutil/tdrdi.o
CC	libavutil/tea.o
CC	libavutil/threadmessage.o
CC	libavutil/time.o
CC	libavutil/timecode.o
CC	libavutil/timecode_internal.o
CC	libavutil/timestamp.o
CC	libavutil/tree.o
CC	libavutil/twofish.o
CC	libavutil/tx.o
CC	libavutil/tx_double.o
CC	libavutil/tx_float.o
CC	libavutil/tx_int32.o
CC	libavutil/utils.o
CC	libavutil/uuid.o
CC	libavutil/version.o
CC	libavutil/video_enc_params.o
CC	libavutil/video_hint.o
CC	libavutil/xga_font_data.o
CC	libavutil/xtea.o
CC	libavutil/half2float.o
GEN	libavutil/libavutil.pc
AR	libavfilter/libavfilter.a
AR	libavformat/libavformat.a
CC	libavcodec/aac_ac3_parser.o
CC	libavcodec/ac3_channel_layout_tab.o
CC	libavcodec/ac3_parser.o
src/libavcodec/aac_ac3_parser.c:99:13: warning: variable 'bit_rate' is used uninitialized whenever 'if' condition is false [-Wsometimes-uninitialized]
   99 |         if (avctx->codec_id != AV_CODEC_ID_AAC) {
      |             ^~~~~~~~~~~~~~~~~~~~~~~~~~~~~~~~~~
src/libavcodec/aac_ac3_parser.c:167:18: note: uninitialized use occurs here
  167 |                 (bit_rate - avctx->bit_rate) / s->frame_number;
      |                  ^~~~~~~~
src/libavcodec/aac_ac3_parser.c:99:9: note: remove the 'if' if its condition is always true
   99 |         if (avctx->codec_id != AV_CODEC_ID_AAC) {
      |         ^~~~~~~~~~~~~~~~~~~~~~~~~~~~~~~~~~~~~~~
src/libavcodec/aac_ac3_parser.c:92:21: note: initialize the variable 'bit_rate' to silence this warning
   92 |         int bit_rate;
      |                     ^
      |                      = 0
1 warning generated.
CC	libavcodec/ac3tab.o
CC	libavcodec/adts_header.o
CC	libavcodec/adts_parser.o
CC	libavcodec/allcodecs.o
CC	libavcodec/aom_film_grain.o
CC	libavcodec/apv_parser.o
CC	libavcodec/ass.o
CC	libavcodec/assdec.o
CC	libavcodec/atsc_a53.o
CC	libavcodec/av1_parse.o
CC	libavcodec/av1_parser.o
CC	libavcodec/avcodec.o
CC	libavcodec/avdct.o
CC	libavcodec/bitstream.o
CC	libavcodec/bitstream_filters.o
CC	libavcodec/bsf.o
CC	libavcodec/bsf/av1_frame_merge.o
CC	libavcodec/bsf/evc_frame_merge.o
CC	libavcodec/cbs.o
CC	libavcodec/cbs_apv.o
CC	libavcodec/cbs_av1.o
CC	libavcodec/cbs_bsf.o
CC	libavcodec/codec_desc.o
CC	libavcodec/codec_par.o
CC	libavcodec/d3d11va.o
CC	libavcodec/dca.o
CC	libavcodec/dca_exss.o
CC	libavcodec/dca_parser.o
CC	libavcodec/dca_sample_rate_tab.o
CC	libavcodec/decode.o
CC	libavcodec/dirac.o
CC	libavcodec/dirac_parser.o
CC	libavcodec/dovi_rpu.o
CC	libavcodec/dovi_rpudec.o
CC	libavcodec/dvdsub.o
CC	libavcodec/dv_profile.o
CC	libavcodec/dvdsubdec.o
CC	libavcodec/dynamic_hdr_vivid.o
CC	libavcodec/evc_parse.o
CC	libavcodec/encode.o
CC	libavcodec/evc_parser.o
CC	libavcodec/evc_ps.o
CC	libavcodec/exif.o
CC	libavcodec/faandct.o
CC	libavcodec/faanidct.o
CC	libavcodec/fdctdsp.o
CC	libavcodec/fits.o
CC	libavcodec/flac.o
CC	libavcodec/flac_parser.o
CC	libavcodec/flacdata.o
CC	libavcodec/get_buffer.o
CC	libavcodec/golomb.o
CC	libavcodec/h2645_parse.o
CC	libavcodec/h2645_sei.o
CC	libavcodec/h2645_vui.o
CC	libavcodec/h2645data.o
CC	libavcodec/h264_parse.o
CC	libavcodec/h264_parser.o
CC	libavcodec/h264_ps.o
CC	libavcodec/h264_sei.o
CC	libavcodec/h264data.o
CC	libavcodec/h264dsp.o
CC	libavcodec/hevc/data.o
CC	libavcodec/h264idct.o
CC	libavcodec/hevc/parse.o
CC	libavcodec/hevc/parser.o
CC	libavcodec/hevc/ps.o
CC	libavcodec/hevc/sei.o
CC	libavcodec/htmlsubtitles.o
CC	libavcodec/idctdsp.o
CC	libavcodec/imgconvert.o
CC	libavcodec/itut35.o
CC	libavcodec/jfdctfst.o
CC	libavcodec/jfdctint.o
CC	libavcodec/jni.o
CC	libavcodec/jrevdct.o
CC	libavcodec/mathtables.o
CC	libavcodec/mediacodec.o
CC	libavcodec/mlp.o
CC	libavcodec/mlp_parse.o
CC	libavcodec/mlp_parser.o
CC	libavcodec/movtextdec.o
CC	libavcodec/mpeg12framerate.o
CC	libavcodec/mpeg4audio.o
CC	libavcodec/mpeg4audio_sample_rates.o
CC	libavcodec/mpegaudio_parser.o
CC	libavcodec/mpegaudiodecheader.o
CC	libavcodec/mpegaudiotabs.o
CC	libavcodec/packet.o
CC	libavcodec/parser.o
CC	libavcodec/options.o
CC	libavcodec/parsers.o
CC	libavcodec/pgssubdec.o
CC	libavcodec/profiles.o
CC	libavcodec/qsv_api.o
CC	libavcodec/raw.o
CC	libavcodec/simple_idct.o
CC	libavcodec/smpte_436m.o
CC	libavcodec/srtdec.o
CC	libavcodec/startcode.o
CC	libavcodec/tak.o
CC	libavcodec/tak_parser.o
CC	libavcodec/threadprogress.o
CC	libavcodec/tiff_common.o
CC	libavcodec/utils.o
CC	libavcodec/version.o
CC	libavcodec/vlc.o
CC	libavcodec/vorbis_parser.o
CC	libavcodec/webvttdec.o
CC	libavcodec/xiph.o
AR	libswresample/libswresample.a
AR	libswscale/libswscale.a
AR	libavutil/libavutil.a
AR	libavcodec/libavcodec.a
