The Meson build system
Version: 1.7.2
Source dir: /Volumes/seed2/Projects/demuxe-jspi-asyncify-builds-20260927/mpv-deps-02/sources/mpv
Build dir: /Volumes/seed2/Projects/demuxe-jspi-asyncify-builds-20260927/mpv-deps-02/objects/mpv
Build type: cross build
Project name: mpv
Project version: 0.41.0-UNKNOWN
C compiler for the host machine: /Volumes/seed2/Projects/demuxe-release-closeout-20260916/build/emsdk-4.0.14/upstream/emscripten/emcc (emscripten 4.0.14 "emcc (Emscripten gcc/clang-like replacement + linker emulating GNU ld) 4.0.14 (96371ed7888fc78c040179f4d4faa82a6a07a116)")
C linker for the host machine: /Volumes/seed2/Projects/demuxe-release-closeout-20260916/build/emsdk-4.0.14/upstream/emscripten/emcc ld.wasm 22.0.0
C compiler for the build machine: cc (clang 21.0.0 "Apple clang version 21.0.0 (clang-2100.1.1.101)")
C linker for the build machine: cc ld64 1267
Build machine cpu family: aarch64
Build machine cpu: aarch64
Host machine cpu family: wasm32
Host machine cpu: wasm32
Target machine cpu family: wasm32
Target machine cpu: wasm32
Program python3 found: YES (/Volumes/seed2/Projects/demuxe-release-closeout-20260916/build/venv/bin/python3)
Found pkg-config: YES (/opt/homebrew/bin/pkg-config) 2.5.1
Run-time dependency libavcodec found: YES 63.1.102
Run-time dependency libavfilter found: YES 12.1.102
Run-time dependency libavformat found: YES 63.1.102
Run-time dependency libavutil found: YES 61.1.102
Run-time dependency libswresample found: YES 7.1.102
Run-time dependency libswscale found: YES 10.1.102
Run-time dependency libplacebo found: YES 7.360.1
Run-time dependency libass found: YES 0.17.5
Compiler for C supports arguments -Wdisabled-optimization: YES 
Compiler for C supports arguments -Wempty-body: YES 
Compiler for C supports arguments -Wformat: YES 
Compiler for C supports arguments -Wimplicit-fallthrough: YES 
Compiler for C supports arguments -Woverflow: YES 
Compiler for C supports arguments -Wparentheses: YES 
Compiler for C supports arguments -Wpointer-arith: YES 
Compiler for C supports arguments -Wshadow: YES 
Compiler for C supports arguments -Wundef: YES 
Compiler for C supports arguments -Wvla: YES 
Compiler for C supports arguments -Wno-cast-function-type: YES 
Compiler for C supports arguments -Wno-format-zero-length: YES 
Compiler for C supports arguments -Wno-missing-field-initializers: YES 
Compiler for C supports arguments -Wno-sign-compare: YES 
Compiler for C supports arguments -Wno-switch: YES 
Compiler for C supports arguments -Wno-unused-parameter: YES 
Compiler for C supports arguments -fno-math-errno: YES 
Compiler for C supports arguments -fno-signed-zeros: YES 
Compiler for C supports arguments -fno-trapping-math: YES 
Compiler for C supports arguments -Wmissing-prototypes: YES 
Compiler for C supports arguments -Wstrict-prototypes: YES 
Compiler for C supports arguments -Werror=implicit-function-declaration: YES 
Compiler for C supports arguments -Wno-pointer-sign: YES 
Compiler for C supports arguments -Wformat -Werror=format-security: YES 
Compiler for C supports link arguments -Wl,--nxcompat,--no-seh,--dynamicbase: NO 
Compiler for C supports link arguments -Wl,-z,noexecstack: NO 
Run-time dependency dl found: YES
Dependency subrandr skipped: feature subrandr disabled
Library atomic found: NO
Compiler for C supports link arguments -rdynamic: YES 
Header "pthread.h" has symbol "pthread_condattr_setclock" : YES 
Dependency appleframeworks (modules: Cocoa, IOKit, QuartzCore) skipped: feature cocoa disabled
Checking for function "ppoll" : NO 
Checking for function "memrchr" : YES 
Header "sched.h" has symbol "clone" : YES 
Header "unistd.h" has symbol "rfork_thread" : NO 
Library windowsapp skipped: feature uwp disabled
Checking for function "glob" : YES 
Header "sys/vt.h" has symbol "VT_GETMODE" : NO 
Header "sys/consio.h" has symbol "VT_GETMODE" : NO 
Header "dev/wscons/wsdisplay_usl_io.h" has symbol "VT_GETMODE" : NO 
Checking for function "pthread_setname_np" : NO 
Checking for function "pthread_set_name_np" : NO 
Checking for function "fstatfs" : NO 
Checking for function "fstatfs" : YES 
Compiler for C supports function attribute vector_size: skipped: feature vector disabled
Program /Volumes/seed2/Projects/demuxe-jspi-asyncify-builds-20260927/mpv-deps-02/sources/mpv/TOOLS/docutils-wrapper.py found: YES (/Volumes/seed2/Projects/demuxe-jspi-asyncify-builds-20260927/mpv-deps-02/sources/mpv/TOOLS/docutils-wrapper.py)
Program /Volumes/seed2/Projects/demuxe-jspi-asyncify-builds-20260927/mpv-deps-02/sources/mpv/TOOLS/file2string.py found: YES (/Volumes/seed2/Projects/demuxe-jspi-asyncify-builds-20260927/mpv-deps-02/sources/mpv/TOOLS/file2string.py)
Program /Volumes/seed2/Projects/demuxe-jspi-asyncify-builds-20260927/mpv-deps-02/sources/mpv/TOOLS/matroska.py found: YES (/Volumes/seed2/Projects/demuxe-jspi-asyncify-builds-20260927/mpv-deps-02/sources/mpv/TOOLS/matroska.py)
Program /Volumes/seed2/Projects/demuxe-jspi-asyncify-builds-20260927/mpv-deps-02/sources/mpv/TOOLS/gen-mpv-desktop.py found: YES (/Volumes/seed2/Projects/demuxe-jspi-asyncify-builds-20260927/mpv-deps-02/sources/mpv/TOOLS/gen-mpv-desktop.py)
Program git found: YES (/usr/bin/git)
Dependency libcurl skipped: feature libcurl disabled
Dependency libcdio skipped: feature cdda disabled
Dependency libcdio_paranoia skipped: feature cdda disabled
Has header "linux/dvb/frontend.h" skipped: feature dvbin disabled
Dependency dvdread skipped: feature dvda disabled
Dependency dvdnav skipped: feature dvdnav disabled
Dependency iconv skipped: feature iconv disabled
Dependency mujs skipped: feature javascript disabled
Dependency lcms2 skipped: feature lcms2 disabled
Dependency libarchive skipped: feature libarchive disabled
Dependency libavdevice skipped: feature libavdevice disabled
Dependency libbluray skipped: feature libbluray disabled
Library m found: YES
Library rt found: YES
Dependency rubberband skipped: feature rubberband disabled
sdl2-config found: NO
Found CMake: NO
Run-time dependency sdl2 found: NO (tried pkgconfig, config-tool and cmake)
Dependency uchardet skipped: feature uchardet disabled
Run-time dependency vapoursynth-script found: NO (tried pkgconfig and cmake)
Dependency vapoursynth skipped: feature vapoursynth disabled
Dependency xfixes skipped: feature x11-clipboard disabled
Dependency x11 skipped: feature x11-clipboard disabled
Dependency zimg skipped: feature zimg disabled
Run-time dependency zlib found: YES 1.3.1
Dependency alsa skipped: feature alsa disabled
Dependency appleframeworks (modules: Foundation, AudioToolbox) skipped: feature audiounit disabled
Header "AudioToolbox/AudioToolbox.h" has symbol "kAudioUnitSubType_RemoteIO" skipped: feature audiounit disabled
Dependency appleframeworks (modules: CoreMedia, AVFoundation) skipped: feature avfoundation disabled
Dependency appleframeworks (modules: CoreFoundation, CoreAudio, AudioUnit, AudioToolbox) skipped: feature coreaudio disabled
Dependency jack skipped: feature jack disabled
Dependency openal skipped: feature openal disabled
Header "aaudio/AAudio.h" has symbol "AAudioStream" skipped: feature aaudio disabled
Library OpenSLES skipped: feature opensles disabled
Header "sys/soundcard.h" has symbol "SNDCTL_DSP_HALT" skipped: feature oss-audio disabled
Dependency libpipewire-0.3 skipped: feature pipewire disabled
Dependency libpulse skipped: feature pulse disabled
Dependency sndio skipped: feature sndio disabled
Header "audioclient.h" has symbol "IAudioClient" skipped: feature wasapi disabled
Dependency caca skipped: feature caca disabled
Has header "d3d9.h" skipped: feature direct3d disabled
Dependency libdrm skipped: feature drm disabled
Dependency libdisplay-info skipped: feature drm disabled
Dependency gbm skipped: feature gbm disabled
Dependency libjpeg skipped: feature jpeg disabled
Dependency shaderc skipped: feature shaderc disabled
Dependency libsixel skipped: feature sixel disabled
Checking for function "shm_open" : YES 
Dependency spirv-cross-c-shared skipped: feature spirv-cross disabled
Dependency wayland-client skipped: feature wayland disabled
Dependency wayland-cursor skipped: feature wayland disabled
Dependency wayland-protocols skipped: feature wayland disabled
Dependency xkbcommon skipped: feature wayland disabled
Dependency wayland-client skipped: feature wayland disabled
Has header "linux/input-event-codes.h" skipped: feature wayland disabled
Program wayland-scanner skipped: feature wayland disabled
Dependency x11 skipped: feature x11 disabled
Dependency xscrnsaver skipped: feature x11 disabled
Dependency xext skipped: feature x11 disabled
Dependency xpresent skipped: feature x11 disabled
Dependency xrandr skipped: feature x11 disabled
Dependency xv skipped: feature xv disabled
Library EGL skipped: feature egl-angle-lib disabled
Dependency egl skipped: feature egl disabled
Library EGL skipped: feature egl-android disabled
Dependency wayland-egl skipped: feature egl-wayland disabled
Dependency vulkan skipped: feature vulkan disabled
Checking for function "vkCreateDisplayPlaneSurfaceKHR" with dependency vulkan: NO 
Run-time dependency ffnvcodec found: NO (tried pkgconfig and cmake)
Has header "AMF/core/Factory.h" skipped: feature amf disabled
Header "OpenGLES/ES3/glext.h" has symbol "GL_RGB32F" skipped: feature ios-gl disabled
Dependency libva skipped: feature vaapi disabled
Dependency libva-drm skipped: feature vaapi-drm disabled
Dependency libva-wayland skipped: feature vaapi-wayland disabled
Dependency libva-x11 skipped: feature vaapi-x11 disabled
Dependency libva-win32 skipped: feature vaapi-win32 disabled
Dependency vdpau skipped: feature vdpau disabled
Dependency appleframeworks (modules: CoreVideo) skipped: feature videotoolbox-pl disabled
Program xcrun skipped: feature swift-build disabled
Program rst2man rst2man.py skipped: feature manpage-build disabled
Program rst2html rst2html.py skipped: feature html-build disabled
Program rst2pdf skipped: feature pdf-build disabled
Configuring config.h using configuration
Message: List of enabled features: clone ffmpeg glob glob-posix libass libdl libplacebo linux-fstatfs memrchr posix posix-shm pthread-condattr-setclock zlib
Fetching value of define "MPV_CLIENT_API_VERSION" : (((2) << 16) | (5) | 0UL) 
Compiler for C supports link arguments -Wl,-Bsymbolic: NO 
Build targets in project: 27

mpv 0.41.0-UNKNOWN

    cocoa          : NO
    curl           : NO
    d3d11          : NO
    drm            : NO
    javascript     : NO
    libmpv         : YES
    lua            : NO
    opengl         : NO
    vulkan         : NO
    wayland        : NO
    x11            : NO

  User defined options
    Cross files    : /Volumes/seed2/Projects/demuxe-jspi-asyncify-builds-20260927/mpv-deps-02/cross.ini
    auto_features  : disabled
    build-date     : false
    buildtype      : release
    cplayer        : false
    default_library: static
    gl             : disabled
    gpl            : false
    libdir         : lib
    libmpv         : true
    lua            : disabled
    prefix         : /Volumes/seed2/Projects/demuxe-jspi-asyncify-builds-20260927/mpv-deps-02/prefix
    wrap_mode      : nofallback
    zlib           : enabled

Found ninja-1.13.2 at /opt/homebrew/bin/ninja
