ninja: Entering directory `/Volumes/seed2/Projects/demuxe-jspi-asyncify-builds-20260927/mpv-deps-02/objects/mpv'
[1/231] Generating etc/mpv-icon-8bit-16x16.png with a custom command
[2/231] Generating ebml_defs.inc with a custom command
[3/231] Generating etc/mpv-icon-8bit-32x32.png with a custom command
[4/231] Generating ebml_types.h with a custom command
[5/231] Generating common/version.h with a custom command (wrapped by meson because command contains newlines)
[6/231] Generating etc/input.conf with a custom command
[7/231] Generating etc/mpv-icon-8bit-64x64.png with a custom command
[8/231] Generating etc/builtin.conf with a custom command
[9/231] Generating etc/mpv-icon-8bit-128x128.png with a custom command
[10/231] Generating player/lua/assdraw.lua with a custom command
[11/231] Generating etc/menu.conf with a custom command
[12/231] Generating player/javascript/defaults.js with a custom command
[13/231] Generating player/lua/defaults.lua with a custom command
[14/231] Generating player/lua/options.lua with a custom command
[15/231] Generating player/lua/ytdl_hook.lua with a custom command
[16/231] Generating player/lua/console.lua with a custom command
[17/231] Generating player/lua/stats.lua with a custom command
[18/231] Generating player/lua/auto_profiles.lua with a custom command
[19/231] Generating player/lua/input.lua with a custom command
[20/231] Generating player/lua/osc.lua with a custom command
[21/231] Generating player/lua/fzy.lua with a custom command
[22/231] Generating player/lua/select.lua with a custom command
[23/231] Generating player/lua/positioning.lua with a custom command
[24/231] Generating player/lua/context_menu.lua with a custom command
[25/231] Generating player/lua/commands.lua with a custom command
[26/231] Generating sub/osd_font.otf with a custom command
[27/231] Compiling C object libmpv.a.p/audio_chmap_avchannel.c.o
[28/231] Compiling C object libmpv.a.p/audio_aframe.c.o
[29/231] Compiling C object libmpv.a.p/audio_chmap.c.o
[30/231] Compiling C object libmpv.a.p/audio_chmap_sel.c.o
[31/231] Compiling C object libmpv.a.p/audio_filter_af_drop.c.o
[32/231] Compiling C object libmpv.a.p/audio_decode_ad_dsd.c.o
[33/231] Compiling C object libmpv.a.p/audio_decode_ad_lavc.c.o
[34/231] Compiling C object libmpv.a.p/audio_decode_ad_spdif.c.o
[35/231] Compiling C object libmpv.a.p/audio_filter_af_format.c.o
[36/231] Compiling C object libmpv.a.p/audio_filter_af_lavcac3enc.c.o
[37/231] Compiling C object libmpv.a.p/audio_filter_af_lavfi_tempo.c.o
[38/231] Compiling C object libmpv.a.p/audio_filter_af_scaletempo.c.o
[39/231] Compiling C object libmpv.a.p/audio_filter_af_scaletempo2.c.o
[40/231] Compiling C object libmpv.a.p/audio_fmt-conversion.c.o
[41/231] Compiling C object libmpv.a.p/audio_filter_af_scaletempo2_internals.c.o
[42/231] Compiling C object libmpv.a.p/audio_format.c.o
[43/231] Compiling C object libmpv.a.p/audio_out_ao_lavc.c.o
[44/231] Compiling C object libmpv.a.p/audio_out_ao_null.c.o
[45/231] Compiling C object libmpv.a.p/audio_out_ao.c.o
[46/231] Compiling C object libmpv.a.p/common_av_common.c.o
[47/231] Compiling C object libmpv.a.p/audio_out_buffer.c.o
[48/231] Compiling C object libmpv.a.p/audio_out_ao_browser.c.o
[49/231] Compiling C object libmpv.a.p/audio_out_ao_pcm.c.o
[50/231] Compiling C object libmpv.a.p/common_codecs.c.o
[51/231] Compiling C object libmpv.a.p/common_common.c.o
[52/231] Compiling C object libmpv.a.p/common_encode_lavc.c.o
[53/231] Compiling C object libmpv.a.p/common_av_log.c.o
[54/231] Compiling C object libmpv.a.p/common_playlist.c.o
[55/231] Compiling C object libmpv.a.p/common_msg.c.o
[56/231] Compiling C object libmpv.a.p/common_tags.c.o
[57/231] Compiling C object libmpv.a.p/common_recorder.c.o
[58/231] Compiling C object libmpv.a.p/common_stats.c.o
[59/231] Compiling C object libmpv.a.p/common_version.c.o
[60/231] Compiling C object libmpv.a.p/demux_codec_tags.c.o
[61/231] Compiling C object libmpv.a.p/demux_cue.c.o
[62/231] Compiling C object libmpv.a.p/demux_cache.c.o
[63/231] Compiling C object libmpv.a.p/demux_demux_cue.c.o
[64/231] Compiling C object libmpv.a.p/demux_demux_edl.c.o
[65/231] Compiling C object libmpv.a.p/demux_demux_disc.c.o
[66/231] Compiling C object libmpv.a.p/demux_demux.c.o
[67/231] Compiling C object libmpv.a.p/demux_demux_mf.c.o
[68/231] Compiling C object libmpv.a.p/demux_demux_mkv_timeline.c.o
[69/231] Compiling C object libmpv.a.p/demux_demux_mpv.c.o
[70/231] Compiling C object libmpv.a.p/demux_demux_null.c.o
[71/231] Compiling C object libmpv.a.p/demux_demux_lavf.c.o
[72/231] Compiling C object libmpv.a.p/demux_demux_playlist.c.o
[73/231] Compiling C object libmpv.a.p/demux_demux_raw.c.o
[74/231] Compiling C object libmpv.a.p/demux_demux_timeline.c.o
[75/231] Compiling C object libmpv.a.p/demux_packet.c.o
[76/231] Compiling C object libmpv.a.p/demux_dovi_split.c.o
[77/231] Compiling C object libmpv.a.p/demux_ebml.c.o
[78/231] Compiling C object libmpv.a.p/demux_timeline.c.o
[79/231] Compiling C object libmpv.a.p/demux_packet_pool.c.o
FAILED: [code=1] libmpv.a.p/demux_packet_pool.c.o 
/Volumes/seed2/Projects/demuxe-release-closeout-20260916/build/emsdk-4.0.14/upstream/emscripten/emcc -Ilibmpv.a.p -I. -I../../sources/mpv -I../../sources/mpv/include -Icommon -Ietc -Iplayer/javascript -Iplayer/lua -Isub -I/Volumes/seed2/Projects/demuxe-jspi-asyncify-builds-20260927/mpv-deps-02/prefix/include -I/Volumes/seed2/Projects/demuxe-jspi-asyncify-builds-20260927/mpv-deps-02/prefix/include/fribidi -I/Volumes/seed2/Projects/demuxe-jspi-asyncify-builds-20260927/mpv-deps-02/prefix/include/harfbuzz -I/Volumes/seed2/Projects/demuxe-jspi-asyncify-builds-20260927/mpv-deps-02/prefix/include/freetype2 -fvisibility=hidden -fdiagnostics-color=always -Wall -Winvalid-pch -Wextra -std=c11 -O3 -D_FILE_OFFSET_BITS=64 -Wdisabled-optimization -Wempty-body -Wformat -Wimplicit-fallthrough -Woverflow -Wparentheses -Wpointer-arith -Wshadow -Wundef -Wvla -Wno-cast-function-type -Wno-format-zero-length -Wno-missing-field-initializers -Wno-sign-compare -Wno-switch -Wno-unused-parameter -fno-math-errno -fno-signed-zeros -fno-trapping-math -Werror=format-security -D_GNU_SOURCE -DNO_BUILD_TIMESTAMPS -Wmissing-prototypes -Wstrict-prototypes -Werror=implicit-function-declaration -Wno-pointer-sign -O2 -msimd128 -ffile-prefix-map=/Volumes/seed2/Projects/demuxe-jspi-asyncify-builds-20260927/mpv-deps-02=/demuxe-mpv-private -fPIC -DDEMUXE_COOP_THREADS=1 -DPL_HAVE_PTHREAD -DPTHREAD_HAS_SETCLOCK -DPL_STATIC -MD -MQ libmpv.a.p/demux_packet_pool.c.o -MF libmpv.a.p/demux_packet_pool.c.o.d -o libmpv.a.p/demux_packet_pool.c.o -c ../../sources/mpv/demux/packet_pool.c
../../sources/mpv/demux/packet_pool.c:51:38: error: call to undeclared function 'talloc'; ISO C99 and later do not support implicit function declarations [-Wimplicit-function-declaration]
   51 |     struct demux_packet_pool *pool = talloc(global, struct demux_packet_pool);
      |                                      ^
../../sources/mpv/demux/packet_pool.c:51:53: error: expected expression
   51 |     struct demux_packet_pool *pool = talloc(global, struct demux_packet_pool);
      |                                                     ^
../../sources/mpv/demux/packet_pool.c:52:5: error: call to undeclared function 'talloc_set_destructor'; ISO C99 and later do not support implicit function declarations [-Wimplicit-function-declaration]
   52 |     talloc_set_destructor(pool, uninit);
      |     ^
../../sources/mpv/demux/packet_pool.c:56:5: error: call to undeclared function 'mp_assert'; ISO C99 and later do not support implicit function declarations [-Wimplicit-function-declaration]
   56 |     mp_assert(!global->packet_pool);
      |     ^
../../sources/mpv/demux/packet_pool.c:94:5: error: call to undeclared function 'mp_assert'; ISO C99 and later do not support implicit function declarations [-Wimplicit-function-declaration]
   94 |     mp_assert(tail);
      |     ^
5 errors generated.
[80/231] Compiling C object libmpv.a.p/demux_demux_mkv.c.o
[81/231] Compiling C object libmpv.a.p/filters_f_async_queue.c.o
[82/231] Compiling C object libmpv.a.p/filters_f_autoconvert.c.o
ninja: build stopped: subcommand failed.
