ninja: Entering directory `/Volumes/seed2/Projects/demuxe-jspi-asyncify-builds-20260927/mpv-deps-02/objects/mpv'
[1/163] Generating common/version.h with a custom command (wrapped by meson because command contains newlines)
[2/162] Compiling C object libmpv.a.p/audio_out_ao_lavc.c.o
[3/162] Compiling C object libmpv.a.p/audio_out_buffer.c.o
[4/162] Compiling C object libmpv.a.p/common_av_log.c.o
[5/162] Compiling C object libmpv.a.p/common_encode_lavc.c.o
[6/162] Compiling C object libmpv.a.p/common_stats.c.o
[7/162] Compiling C object libmpv.a.p/common_msg.c.o
[8/162] Compiling C object libmpv.a.p/demux_demux_lavf.c.o
[9/162] Compiling C object libmpv.a.p/demux_demux_mkv_timeline.c.o
[10/162] Compiling C object libmpv.a.p/demux_demux.c.o
[11/162] Compiling C object libmpv.a.p/demux_packet_pool.c.o
[12/162] Compiling C object libmpv.a.p/filters_f_async_queue.c.o
[13/162] Compiling C object libmpv.a.p/demux_demux_playlist.c.o
[14/162] Compiling C object libmpv.a.p/filters_f_auto_filters.c.o
[15/162] Compiling C object libmpv.a.p/filters_f_demux_in.c.o
[16/162] Compiling C object libmpv.a.p/filters_f_decoder_wrapper.c.o
[17/162] Compiling C object libmpv.a.p/filters_f_enhancement_pair.c.o
[18/162] Compiling C object libmpv.a.p/filters_f_hwtransfer.c.o
[19/162] Compiling C object libmpv.a.p/filters_f_output_chain.c.o
[20/162] Compiling C object libmpv.a.p/filters_f_swscale.c.o
[21/162] Compiling C object libmpv.a.p/filters_f_swresample.c.o
[22/162] Compiling C object libmpv.a.p/filters_f_utils.c.o
[23/162] Compiling C object libmpv.a.p/filters_filter.c.o
[24/162] Compiling C object libmpv.a.p/filters_f_lavfi.c.o
[25/162] Compiling C object libmpv.a.p/filters_frame.c.o
[26/162] Compiling C object libmpv.a.p/filters_user_filters.c.o
[27/162] Compiling C object libmpv.a.p/input_event.c.o
[28/162] Compiling C object libmpv.a.p/input_cmd.c.o
[29/162] Compiling C object libmpv.a.p/input_dnd.c.o
[30/162] Compiling C object libmpv.a.p/input_keycodes.c.o
[31/162] Compiling C object libmpv.a.p/input_ipc.c.o
[32/162] Compiling C object libmpv.a.p/misc_bstr.c.o
[33/162] Compiling C object libmpv.a.p/input_input.c.o
[34/162] Compiling C object libmpv.a.p/misc_charset_conv.c.o
[35/162] Compiling C object libmpv.a.p/misc_codepoint_width.c.o
[36/162] Compiling C object libmpv.a.p/misc_dispatch.c.o
[37/162] Compiling C object libmpv.a.p/misc_hash.c.o
[38/162] Compiling C object libmpv.a.p/misc_io_utils.c.o
[39/162] Compiling C object libmpv.a.p/misc_language.c.o
[40/162] Compiling C object libmpv.a.p/misc_natural_sort.c.o
[41/162] Compiling C object libmpv.a.p/misc_json.c.o
[42/162] Compiling C object libmpv.a.p/misc_random.c.o
[43/162] Compiling C object libmpv.a.p/misc_node.c.o
[44/162] Compiling C object libmpv.a.p/misc_path_utils.c.o
[45/162] Compiling C object libmpv.a.p/misc_rendezvous.c.o
[46/162] Compiling C object libmpv.a.p/misc_thread_pool.c.o
[47/162] Compiling C object libmpv.a.p/misc_thread_tools.c.o
[48/162] Compiling C object libmpv.a.p/options_m_config_core.c.o
[49/162] Compiling C object libmpv.a.p/options_m_config_frontend.c.o
[50/162] Compiling C object libmpv.a.p/options_parse_commandline.c.o
[51/162] Compiling C object libmpv.a.p/options_m_property.c.o
[52/162] Compiling C object libmpv.a.p/options_options.c.o
[53/162] Compiling C object libmpv.a.p/options_m_option.c.o
[54/162] Compiling C object libmpv.a.p/options_parse_configfile.c.o
[55/162] Compiling C object libmpv.a.p/options_path.c.o
[56/162] Compiling C object libmpv.a.p/player_audio.c.o
[57/162] Compiling C object libmpv.a.p/player_configfiles.c.o
[58/162] Compiling C object libmpv.a.p/player_discnav.c.o
[59/162] Compiling C object libmpv.a.p/player_client.c.o
[60/162] Compiling C object libmpv.a.p/player_external_files.c.o
[61/162] Compiling C object libmpv.a.p/player_main.c.o
[62/162] Compiling C object libmpv.a.p/player_loadfile.c.o
[63/162] Compiling C object libmpv.a.p/player_misc.c.o
[64/162] Compiling C object libmpv.a.p/player_osd.c.o
[65/162] Compiling C object libmpv.a.p/player_command.c.o
[66/162] Compiling C object libmpv.a.p/player_scripting.c.o
[67/162] Compiling C object libmpv.a.p/player_playloop.c.o
[68/162] Compiling C object libmpv.a.p/player_screenshot.c.o
[69/162] Compiling C object libmpv.a.p/player_sub.c.o
[70/162] Compiling C object libmpv.a.p/player_clipboard_clipboard-vo.c.o
[71/162] Compiling C object libmpv.a.p/player_clipboard_clipboard.c.o
[72/162] Compiling C object libmpv.a.p/stream_cookies.c.o
[73/162] Compiling C object libmpv.a.p/player_video.c.o
[74/162] Compiling C object libmpv.a.p/stream_network.c.o
[75/162] Compiling C object libmpv.a.p/stream_stream_avdevice.c.o
[76/162] Compiling C object libmpv.a.p/stream_stream_cb.c.o
[77/162] Compiling C object libmpv.a.p/stream_stream.c.o
[78/162] Compiling C object libmpv.a.p/stream_stream_concat.c.o
[79/162] Compiling C object libmpv.a.p/stream_stream_edl.c.o
[80/162] Compiling C object libmpv.a.p/stream_stream_file.c.o
[81/162] Compiling C object libmpv.a.p/stream_stream_memory.c.o
[82/162] Compiling C object libmpv.a.p/stream_stream_lavf.c.o
[83/162] Compiling C object libmpv.a.p/stream_stream_mf.c.o
[84/162] Compiling C object libmpv.a.p/stream_stream_mpv.c.o
[85/162] Compiling C object libmpv.a.p/stream_stream_null.c.o
[86/162] Compiling C object libmpv.a.p/stream_stream_slice.c.o
[87/162] Compiling C object libmpv.a.p/stream_stream_bstr.c.o
[88/162] Compiling C object libmpv.a.p/stream_stream_env.c.o
[89/162] Compiling C object libmpv.a.p/sub_ass_mp.c.o
[90/162] Compiling C object libmpv.a.p/sub_dec_sub.c.o
[91/162] Compiling C object libmpv.a.p/sub_filter_sdh.c.o
[92/162] Compiling C object libmpv.a.p/sub_img_convert.c.o
[93/162] Compiling C object libmpv.a.p/sub_draw_bmp.c.o
[94/162] Compiling C object libmpv.a.p/sub_lavc_conv.c.o
[95/162] Compiling C object libmpv.a.p/sub_osd.c.o
[96/162] Compiling C object libmpv.a.p/sub_packer.c.o
[97/162] Compiling C object libmpv.a.p/sub_osd_libass.c.o
[98/162] Compiling C object libmpv.a.p/sub_sd_ass.c.o
[99/162] Compiling C object libmpv.a.p/sub_sd_lavc.c.o
[100/162] Compiling C object libmpv.a.p/video_csputils.c.o
[101/162] Compiling C object libmpv.a.p/video_decode_vd_lavc.c.o
[102/162] Compiling C object libmpv.a.p/video_filter_vf_sub.c.o
[103/162] Compiling C object libmpv.a.p/video_filter_refqueue.c.o
[104/162] Compiling C object libmpv.a.p/video_filter_vf_format.c.o
[105/162] Compiling C object libmpv.a.p/video_fmt-conversion.c.o
[106/162] Compiling C object libmpv.a.p/video_hwdec.c.o
[107/162] Compiling C object libmpv.a.p/video_image_loader.c.o
[108/162] Compiling C object libmpv.a.p/video_image_writer.c.o
[109/162] Compiling C object libmpv.a.p/video_img_format.c.o
[110/162] Compiling C object libmpv.a.p/video_mp_image_pool.c.o
[111/162] Compiling C object libmpv.a.p/video_out_aspect.c.o
[112/162] Compiling C object libmpv.a.p/video_mp_image.c.o
[113/162] Compiling C object libmpv.a.p/video_out_dither.c.o
[114/162] Compiling C object libmpv.a.p/video_out_bitmap_packer.c.o
[115/162] Compiling C object libmpv.a.p/video_out_dr_helper.c.o
[116/162] Compiling C object libmpv.a.p/video_out_filter_kernels.c.o
[117/162] Compiling C object libmpv.a.p/video_out_gpu_context.c.o
[118/162] Compiling C object libmpv.a.p/video_out_gpu_error_diffusion.c.o
[119/162] Compiling C object libmpv.a.p/video_out_gpu_lcms.c.o
[120/162] Compiling C object libmpv.a.p/video_out_gpu_hwdec.c.o
[121/162] Compiling C object libmpv.a.p/video_out_gpu_osd.c.o
[122/162] Compiling C object libmpv.a.p/video_out_gpu_libmpv_gpu.c.o
[123/162] Compiling C object libmpv.a.p/video_out_gpu_ra.c.o
[124/162] Compiling C object libmpv.a.p/video_out_gpu_shader_cache.c.o
[125/162] Compiling C object libmpv.a.p/video_out_gpu_spirv.c.o
[126/162] Compiling C object libmpv.a.p/video_out_gpu_utils.c.o
[127/162] Compiling C object libmpv.a.p/video_out_gpu_user_shaders.c.o
[128/162] Compiling C object libmpv.a.p/video_out_libmpv_sw.c.o
[129/162] Compiling C object libmpv.a.p/video_out_gpu_video_shaders.c.o
[130/162] Compiling C object libmpv.a.p/video_out_gpu_video.c.o
[131/162] Compiling C object libmpv.a.p/video_out_vo_gpu.c.o
[132/162] Compiling C object libmpv.a.p/video_out_vo.c.o
[133/162] Compiling C object libmpv.a.p/video_out_vo_image.c.o
[134/162] Compiling C object libmpv.a.p/video_out_vo_lavc.c.o
[135/162] Compiling C object libmpv.a.p/video_out_vo_libmpv.c.o
[136/162] Compiling C object libmpv.a.p/video_out_vo_null.c.o
[137/162] Compiling C object libmpv.a.p/video_out_vo_tct.c.o
[138/162] Compiling C object libmpv.a.p/video_out_vo_kitty.c.o
[139/162] Compiling C object libmpv.a.p/video_out_win_state.c.o
[140/162] Compiling C object libmpv.a.p/video_sws_utils.c.o
[141/162] Compiling C object libmpv.a.p/video_repack.c.o
[142/162] Compiling C object libmpv.a.p/video_out_placebo_ra_pl.c.o
[143/162] Compiling C object libmpv.a.p/video_out_placebo_utils.c.o
[144/162] Compiling C object libmpv.a.p/osdep_io.c.o
[145/162] Compiling C object libmpv.a.p/osdep_subprocess.c.o
[146/162] Compiling C object libmpv.a.p/video_out_gpu_next_context.c.o
[147/162] Compiling C object libmpv.a.p/osdep_timer.c.o
[148/162] Compiling C object libmpv.a.p/ta_ta_talloc.c.o
[149/162] Compiling C object libmpv.a.p/ta_ta.c.o
[150/162] Compiling C object libmpv.a.p/video_out_vo_gpu_next.c.o
[151/162] Compiling C object libmpv.a.p/osdep_subprocess-dummy.c.o
[152/162] Compiling C object libmpv.a.p/ta_ta_utils.c.o
[153/162] Compiling C object libmpv.a.p/input_ipc-unix.c.o
[154/162] Compiling C object libmpv.a.p/osdep_threads-coop.c.o
[155/162] Compiling C object libmpv.a.p/osdep_poll_wrapper.c.o
[156/162] Compiling C object libmpv.a.p/osdep_terminal-unix.c.o
[157/162] Compiling C object libmpv.a.p/sub_filter_regex.c.o
[158/162] Compiling C object libmpv.a.p/osdep_language-posix.c.o
[159/162] Compiling C object libmpv.a.p/osdep_als-voctrl.c.o
[160/162] Compiling C object libmpv.a.p/osdep_timer-linux.c.o
[161/162] Compiling C object libmpv.a.p/osdep_path-unix.c.o
[162/162] Linking static target libmpv.a
