✖ idle controls cannot create source-scoped seek statistics (1.002458ms)
  AssertionError [ERR_ASSERTION]: Expected values to be strictly equal:
  
  1 !== 0
  
      at TestContext.<anonymous> (file:///Volumes/seed2/Projects/demuxe/tests/roadmap-contracts.mjs:86:113)
      at Test.runInAsyncScope (node:async_hooks:211:14)
      at Test.run (node:internal/test_runner/test:931:25)
      at Test.start (node:internal/test_runner/test:829:17)
      at startSubtestAfterBootstrap (node:internal/test_runner/harness:297:17) {
    generatedMessage: true,
    code: 'ERR_ASSERTION',
    actual: 1,
    expected: 0,
    operator: 'strictEqual'
  }

ℹ tests 1
ℹ suites 0
ℹ pass 0
ℹ fail 1
ℹ cancelled 0
ℹ skipped 0
ℹ todo 0
ℹ duration_ms 185.069666

✖ failing tests:

test at tests/roadmap-contracts.mjs:85:1
✖ idle controls cannot create source-scoped seek statistics (1.002458ms)
  AssertionError [ERR_ASSERTION]: Expected values to be strictly equal:
  
  1 !== 0
  
      at TestContext.<anonymous> (file:///Volumes/seed2/Projects/demuxe/tests/roadmap-contracts.mjs:86:113)
      at Test.runInAsyncScope (node:async_hooks:211:14)
      at Test.run (node:internal/test_runner/test:931:25)
      at Test.start (node:internal/test_runner/test:829:17)
      at startSubtestAfterBootstrap (node:internal/test_runner/harness:297:17) {
    generatedMessage: true,
    code: 'ERR_ASSERTION',
    actual: 1,
    expected: 0,
    operator: 'strictEqual'
  }
