
> demuxe@0.3.0-beta.3 check:licenses
> python3 scripts/check-licenses.py

Incorrect/missing SPDX header: research/items/granular-engine-loading/evidence/20260921T171411Z-full-study-02/dynamic/ffmpeg-pic/src/libavcodec/tests/aarch64/dct.c
Incorrect/missing SPDX header: research/items/granular-engine-loading/evidence/20260921T171411Z-full-study-02/dynamic/ffmpeg-pic/src/libavcodec/tests/arm/dct.c
Incorrect/missing SPDX header: research/items/granular-engine-loading/evidence/20260921T171411Z-full-study-02/dynamic/ffmpeg-pic/src/libavcodec/tests/av1_levels.c
Incorrect/missing SPDX header: research/items/granular-engine-loading/evidence/20260921T171411Z-full-study-02/dynamic/ffmpeg-pic/src/libavcodec/tests/avcodec.c
Incorrect/missing SPDX header: research/items/granular-engine-loading/evidence/20260921T171411Z-full-study-02/dynamic/ffmpeg-pic/src/libavcodec/tests/avpacket.c
Incorrect/missing SPDX header: research/items/granular-engine-loading/evidence/20260921T171411Z-full-study-02/dynamic/ffmpeg-pic/src/libavcodec/tests/bitstream_be.c
Incorrect/missing SPDX header: research/items/granular-engine-loading/evidence/20260921T171411Z-full-study-02/dynamic/ffmpeg-pic/src/libavcodec/tests/bitstream_le.c
Incorrect/missing SPDX header: research/items/granular-engine-loading/evidence/20260921T171411Z-full-study-02/dynamic/ffmpeg-pic/src/libavcodec/tests/bitstream_template.c
Incorrect/missing SPDX header: research/items/granular-engine-loading/evidence/20260921T171411Z-full-study-02/dynamic/ffmpeg-pic/src/libavcodec/tests/cabac.c
Incorrect/missing SPDX header: research/items/granular-engine-loading/evidence/20260921T171411Z-full-study-02/dynamic/ffmpeg-pic/src/libavcodec/tests/celp_math.c
Incorrect/missing SPDX header: research/items/granular-engine-loading/evidence/20260921T171411Z-full-study-02/dynamic/ffmpeg-pic/src/libavcodec/tests/codec_desc.c
Incorrect/missing SPDX header: research/items/granular-engine-loading/evidence/20260921T171411Z-full-study-02/dynamic/ffmpeg-pic/src/libavcodec/tests/dct.c
Incorrect/missing SPDX header: research/items/granular-engine-loading/evidence/20260921T171411Z-full-study-02/dynamic/ffmpeg-pic/src/libavcodec/tests/golomb.c
Incorrect/missing SPDX header: research/items/granular-engine-loading/evidence/20260921T171411Z-full-study-02/dynamic/ffmpeg-pic/src/libavcodec/tests/h264_levels.c
Incorrect/missing SPDX header: research/items/granular-engine-loading/evidence/20260921T171411Z-full-study-02/dynamic/ffmpeg-pic/src/libavcodec/tests/h265_levels.c
Incorrect/missing SPDX header: research/items/granular-engine-loading/evidence/20260921T171411Z-full-study-02/dynamic/ffmpeg-pic/src/libavcodec/tests/htmlsubtitles.c
Incorrect/missing SPDX header: research/items/granular-engine-loading/evidence/20260921T171411Z-full-study-02/dynamic/ffmpeg-pic/src/libavcodec/tests/iirfilter.c
Incorrect/missing SPDX header: research/items/granular-engine-loading/evidence/20260921T171411Z-full-study-02/dynamic/ffmpeg-pic/src/libavcodec/tests/jpeg2000dwt.c
Incorrect/missing SPDX header: research/items/granular-engine-loading/evidence/20260921T171411Z-full-study-02/dynamic/ffmpeg-pic/src/libavcodec/tests/mathops.c
Incorrect/missing SPDX header: research/items/granular-engine-loading/evidence/20260921T171411Z-full-study-02/dynamic/ffmpeg-pic/src/libavcodec/tests/mjpegenc_huffman.c
Incorrect/missing SPDX header: research/items/granular-engine-loading/evidence/20260921T171411Z-full-study-02/dynamic/ffmpeg-pic/src/libavcodec/tests/motion.c
Incorrect/missing SPDX header: research/items/granular-engine-loading/evidence/20260921T171411Z-full-study-02/dynamic/ffmpeg-pic/src/libavcodec/tests/mpeg12framerate.c
Incorrect/missing SPDX header: research/items/granular-engine-loading/evidence/20260921T171411Z-full-study-02/dynamic/ffmpeg-pic/src/libavcodec/tests/ppc/dct.c
Incorrect/missing SPDX header: research/items/granular-engine-loading/evidence/20260921T171411Z-full-study-02/dynamic/ffmpeg-pic/src/libavcodec/tests/rangecoder.c
Incorrect/missing SPDX header: research/items/granular-engine-loading/evidence/20260921T171411Z-full-study-02/dynamic/ffmpeg-pic/src/libavcodec/tests/snowenc.c
Incorrect/missing SPDX header: research/items/granular-engine-loading/evidence/20260921T171411Z-full-study-02/dynamic/ffmpeg-pic/src/libavcodec/tests/x86/dct.c
Incorrect/missing SPDX header: research/items/granular-engine-loading/evidence/20260921T171411Z-full-study-02/dynamic/ffmpeg-pic/src/libavdevice/tests/timefilter.c
Incorrect/missing SPDX header: research/items/granular-engine-loading/evidence/20260921T171411Z-full-study-02/dynamic/ffmpeg-pic/src/libavfilter/tests/drawutils.c
Incorrect/missing SPDX header: research/items/granular-engine-loading/evidence/20260921T171411Z-full-study-02/dynamic/ffmpeg-pic/src/libavfilter/tests/filtfmts.c
Incorrect/missing SPDX header: research/items/granular-engine-loading/evidence/20260921T171411Z-full-study-02/dynamic/ffmpeg-pic/src/libavfilter/tests/formats.c
Incorrect/missing SPDX header: research/items/granular-engine-loading/evidence/20260921T171411Z-full-study-02/dynamic/ffmpeg-pic/src/libavfilter/tests/integral.c
Incorrect/missing SPDX header: research/items/granular-engine-loading/evidence/20260921T171411Z-full-study-02/dynamic/ffmpeg-pic/src/libavformat/tests/fifo_muxer.c
Incorrect/missing SPDX header: research/items/granular-engine-loading/evidence/20260921T171411Z-full-study-02/dynamic/ffmpeg-pic/src/libavformat/tests/imf.c
Incorrect/missing SPDX header: research/items/granular-engine-loading/evidence/20260921T171411Z-full-study-02/dynamic/ffmpeg-pic/src/libavformat/tests/movenc.c
Incorrect/missing SPDX header: research/items/granular-engine-loading/evidence/20260921T171411Z-full-study-02/dynamic/ffmpeg-pic/src/libavformat/tests/noproxy.c
Incorrect/missing SPDX header: research/items/granular-engine-loading/evidence/20260921T171411Z-full-study-02/dynamic/ffmpeg-pic/src/libavformat/tests/rtmpdh.c
Incorrect/missing SPDX header: research/items/granular-engine-loading/evidence/20260921T171411Z-full-study-02/dynamic/ffmpeg-pic/src/libavformat/tests/seek.c
Incorrect/missing SPDX header: research/items/granular-engine-loading/evidence/20260921T171411Z-full-study-02/dynamic/ffmpeg-pic/src/libavformat/tests/seek_utils.c
Incorrect/missing SPDX header: research/items/granular-engine-loading/evidence/20260921T171411Z-full-study-02/dynamic/ffmpeg-pic/src/libavformat/tests/srtp.c
Incorrect/missing SPDX header: research/items/granular-engine-loading/evidence/20260921T171411Z-full-study-02/dynamic/ffmpeg-pic/src/libavformat/tests/url.c
Incorrect/missing SPDX header: research/items/granular-engine-loading/evidence/20260921T171411Z-full-study-02/dynamic/ffmpeg-pic/src/libavutil/tests/adler32.c
Incorrect/missing SPDX header: research/items/granular-engine-loading/evidence/20260921T171411Z-full-study-02/dynamic/ffmpeg-pic/src/libavutil/tests/aes.c
Incorrect/missing SPDX header: research/items/granular-engine-loading/evidence/20260921T171411Z-full-study-02/dynamic/ffmpeg-pic/src/libavutil/tests/aes_ctr.c
Incorrect/missing SPDX header: research/items/granular-engine-loading/evidence/20260921T171411Z-full-study-02/dynamic/ffmpeg-pic/src/libavutil/tests/audio_fifo.c
Incorrect/missing SPDX header: research/items/granular-engine-loading/evidence/20260921T171411Z-full-study-02/dynamic/ffmpeg-pic/src/libavutil/tests/avstring.c
Incorrect/missing SPDX header: research/items/granular-engine-loading/evidence/20260921T171411Z-full-study-02/dynamic/ffmpeg-pic/src/libavutil/tests/base64.c
Incorrect/missing SPDX header: research/items/granular-engine-loading/evidence/20260921T171411Z-full-study-02/dynamic/ffmpeg-pic/src/libavutil/tests/blowfish.c
Incorrect/missing SPDX header: research/items/granular-engine-loading/evidence/20260921T171411Z-full-study-02/dynamic/ffmpeg-pic/src/libavutil/tests/bprint.c
Incorrect/missing SPDX header: research/items/granular-engine-loading/evidence/20260921T171411Z-full-study-02/dynamic/ffmpeg-pic/src/libavutil/tests/camellia.c
Incorrect/missing SPDX header: research/items/granular-engine-loading/evidence/20260921T171411Z-full-study-02/dynamic/ffmpeg-pic/src/libavutil/tests/cast5.c
Incorrect/missing SPDX header: research/items/granular-engine-loading/evidence/20260921T171411Z-full-study-02/dynamic/ffmpeg-pic/src/libavutil/tests/channel_layout.c
Incorrect/missing SPDX header: research/items/granular-engine-loading/evidence/20260921T171411Z-full-study-02/dynamic/ffmpeg-pic/src/libavutil/tests/color_utils.c
Incorrect/missing SPDX header: research/items/granular-engine-loading/evidence/20260921T171411Z-full-study-02/dynamic/ffmpeg-pic/src/libavutil/tests/cpu.c
Incorrect/missing SPDX header: research/items/granular-engine-loading/evidence/20260921T171411Z-full-study-02/dynamic/ffmpeg-pic/src/libavutil/tests/cpu_init.c
Incorrect/missing SPDX header: research/items/granular-engine-loading/evidence/20260921T171411Z-full-study-02/dynamic/ffmpeg-pic/src/libavutil/tests/crc.c
Incorrect/missing SPDX header: research/items/granular-engine-loading/evidence/20260921T171411Z-full-study-02/dynamic/ffmpeg-pic/src/libavutil/tests/des.c
Incorrect/missing SPDX header: research/items/granular-engine-loading/evidence/20260921T171411Z-full-study-02/dynamic/ffmpeg-pic/src/libavutil/tests/dict.c
Incorrect/missing SPDX header: research/items/granular-engine-loading/evidence/20260921T171411Z-full-study-02/dynamic/ffmpeg-pic/src/libavutil/tests/display.c
Incorrect/missing SPDX header: research/items/granular-engine-loading/evidence/20260921T171411Z-full-study-02/dynamic/ffmpeg-pic/src/libavutil/tests/encryption_info.c
Incorrect/missing SPDX header: research/items/granular-engine-loading/evidence/20260921T171411Z-full-study-02/dynamic/ffmpeg-pic/src/libavutil/tests/error.c
Incorrect/missing SPDX header: research/items/granular-engine-loading/evidence/20260921T171411Z-full-study-02/dynamic/ffmpeg-pic/src/libavutil/tests/eval.c
Incorrect/missing SPDX header: research/items/granular-engine-loading/evidence/20260921T171411Z-full-study-02/dynamic/ffmpeg-pic/src/libavutil/tests/fifo.c
Incorrect/missing SPDX header: research/items/granular-engine-loading/evidence/20260921T171411Z-full-study-02/dynamic/ffmpeg-pic/src/libavutil/tests/file.c
Incorrect/missing SPDX header: research/items/granular-engine-loading/evidence/20260921T171411Z-full-study-02/dynamic/ffmpeg-pic/src/libavutil/tests/hash.c
Incorrect/missing SPDX header: research/items/granular-engine-loading/evidence/20260921T171411Z-full-study-02/dynamic/ffmpeg-pic/src/libavutil/tests/hmac.c
Incorrect/missing SPDX header: research/items/granular-engine-loading/evidence/20260921T171411Z-full-study-02/dynamic/ffmpeg-pic/src/libavutil/tests/hwdevice.c
Incorrect/missing SPDX header: research/items/granular-engine-loading/evidence/20260921T171411Z-full-study-02/dynamic/ffmpeg-pic/src/libavutil/tests/imgutils.c
Incorrect/missing SPDX header: research/items/granular-engine-loading/evidence/20260921T171411Z-full-study-02/dynamic/ffmpeg-pic/src/libavutil/tests/integer.c
Incorrect/missing SPDX header: research/items/granular-engine-loading/evidence/20260921T171411Z-full-study-02/dynamic/ffmpeg-pic/src/libavutil/tests/lfg.c
Incorrect/missing SPDX header: research/items/granular-engine-loading/evidence/20260921T171411Z-full-study-02/dynamic/ffmpeg-pic/src/libavutil/tests/lls.c
Incorrect/missing SPDX header: research/items/granular-engine-loading/evidence/20260921T171411Z-full-study-02/dynamic/ffmpeg-pic/src/libavutil/tests/log.c
Incorrect/missing SPDX header: research/items/granular-engine-loading/evidence/20260921T171411Z-full-study-02/dynamic/ffmpeg-pic/src/libavutil/tests/lzo.c
Incorrect/missing SPDX header: research/items/granular-engine-loading/evidence/20260921T171411Z-full-study-02/dynamic/ffmpeg-pic/src/libavutil/tests/md5.c
Incorrect/missing SPDX header: research/items/granular-engine-loading/evidence/20260921T171411Z-full-study-02/dynamic/ffmpeg-pic/src/libavutil/tests/murmur3.c
Incorrect/missing SPDX header: research/items/granular-engine-loading/evidence/20260921T171411Z-full-study-02/dynamic/ffmpeg-pic/src/libavutil/tests/opt.c
Incorrect/missing SPDX header: research/items/granular-engine-loading/evidence/20260921T171411Z-full-study-02/dynamic/ffmpeg-pic/src/libavutil/tests/parseutils.c
Incorrect/missing SPDX header: research/items/granular-engine-loading/evidence/20260921T171411Z-full-study-02/dynamic/ffmpeg-pic/src/libavutil/tests/pca.c
Incorrect/missing SPDX header: research/items/granular-engine-loading/evidence/20260921T171411Z-full-study-02/dynamic/ffmpeg-pic/src/libavutil/tests/pixdesc.c
Incorrect/missing SPDX header: research/items/granular-engine-loading/evidence/20260921T171411Z-full-study-02/dynamic/ffmpeg-pic/src/libavutil/tests/pixelutils.c
Incorrect/missing SPDX header: research/items/granular-engine-loading/evidence/20260921T171411Z-full-study-02/dynamic/ffmpeg-pic/src/libavutil/tests/pixfmt_best.c
Incorrect/missing SPDX header: research/items/granular-engine-loading/evidence/20260921T171411Z-full-study-02/dynamic/ffmpeg-pic/src/libavutil/tests/random_seed.c
Incorrect/missing SPDX header: research/items/granular-engine-loading/evidence/20260921T171411Z-full-study-02/dynamic/ffmpeg-pic/src/libavutil/tests/rational.c
Incorrect/missing SPDX header: research/items/granular-engine-loading/evidence/20260921T171411Z-full-study-02/dynamic/ffmpeg-pic/src/libavutil/tests/ripemd.c
Incorrect/missing SPDX header: research/items/granular-engine-loading/evidence/20260921T171411Z-full-study-02/dynamic/ffmpeg-pic/src/libavutil/tests/sha.c
Incorrect/missing SPDX header: research/items/granular-engine-loading/evidence/20260921T171411Z-full-study-02/dynamic/ffmpeg-pic/src/libavutil/tests/sha512.c
Incorrect/missing SPDX header: research/items/granular-engine-loading/evidence/20260921T171411Z-full-study-02/dynamic/ffmpeg-pic/src/libavutil/tests/side_data_array.c
Incorrect/missing SPDX header: research/items/granular-engine-loading/evidence/20260921T171411Z-full-study-02/dynamic/ffmpeg-pic/src/libavutil/tests/softfloat.c
Incorrect/missing SPDX header: research/items/granular-engine-loading/evidence/20260921T171411Z-full-study-02/dynamic/ffmpeg-pic/src/libavutil/tests/tea.c
Incorrect/missing SPDX header: research/items/granular-engine-loading/evidence/20260921T171411Z-full-study-02/dynamic/ffmpeg-pic/src/libavutil/tests/tree.c
Incorrect/missing SPDX header: research/items/granular-engine-loading/evidence/20260921T171411Z-full-study-02/dynamic/ffmpeg-pic/src/libavutil/tests/twofish.c
Incorrect/missing SPDX header: research/items/granular-engine-loading/evidence/20260921T171411Z-full-study-02/dynamic/ffmpeg-pic/src/libavutil/tests/utf8.c
Incorrect/missing SPDX header: research/items/granular-engine-loading/evidence/20260921T171411Z-full-study-02/dynamic/ffmpeg-pic/src/libavutil/tests/uuid.c
Incorrect/missing SPDX header: research/items/granular-engine-loading/evidence/20260921T171411Z-full-study-02/dynamic/ffmpeg-pic/src/libavutil/tests/xtea.c
Incorrect/missing SPDX header: research/items/granular-engine-loading/evidence/20260921T171411Z-full-study-02/dynamic/ffmpeg-pic/src/libswresample/tests/swresample.c
Incorrect/missing SPDX header: research/items/granular-engine-loading/evidence/20260921T171411Z-full-study-02/dynamic/ffmpeg-pic/src/libswscale/tests/colorspace.c
Incorrect/missing SPDX header: research/items/granular-engine-loading/evidence/20260921T171411Z-full-study-02/dynamic/ffmpeg-pic/src/libswscale/tests/floatimg_cmp.c
Incorrect/missing SPDX header: research/items/granular-engine-loading/evidence/20260921T171411Z-full-study-02/dynamic/ffmpeg-pic/src/libswscale/tests/pixdesc_query.c
Incorrect/missing SPDX header: research/items/granular-engine-loading/evidence/20260921T171411Z-full-study-02/dynamic/ffmpeg-pic/src/libswscale/tests/swscale.c
Incorrect/missing SPDX header: research/items/granular-engine-loading/evidence/20260921T171411Z-full-study-02/dynamic/ffmpeg-pic/src/tests/api/api-band-test.c
Incorrect/missing SPDX header: research/items/granular-engine-loading/evidence/20260921T171411Z-full-study-02/dynamic/ffmpeg-pic/src/tests/api/api-flac-test.c
Incorrect/missing SPDX header: research/items/granular-engine-loading/evidence/20260921T171411Z-full-study-02/dynamic/ffmpeg-pic/src/tests/api/api-h264-slice-test.c
Incorrect/missing SPDX header: research/items/granular-engine-loading/evidence/20260921T171411Z-full-study-02/dynamic/ffmpeg-pic/src/tests/api/api-h264-test.c
Incorrect/missing SPDX header: research/items/granular-engine-loading/evidence/20260921T171411Z-full-study-02/dynamic/ffmpeg-pic/src/tests/api/api-seek-test.c
Incorrect/missing SPDX header: research/items/granular-engine-loading/evidence/20260921T171411Z-full-study-02/dynamic/ffmpeg-pic/src/tests/api/api-threadmessage-test.c
Incorrect/missing SPDX header: research/items/granular-engine-loading/evidence/20260921T171411Z-full-study-02/dynamic/ffmpeg-pic/src/tests/audiogen.c
Incorrect/missing SPDX header: research/items/granular-engine-loading/evidence/20260921T171411Z-full-study-02/dynamic/ffmpeg-pic/src/tests/audiomatch.c
Incorrect/missing SPDX header: research/items/granular-engine-loading/evidence/20260921T171411Z-full-study-02/dynamic/ffmpeg-pic/src/tests/base64.c
Incorrect/missing SPDX header: research/items/granular-engine-loading/evidence/20260921T171411Z-full-study-02/dynamic/ffmpeg-pic/src/tests/checkasm/aacencdsp.c
Incorrect/missing SPDX header: research/items/granular-engine-loading/evidence/20260921T171411Z-full-study-02/dynamic/ffmpeg-pic/src/tests/checkasm/aacpsdsp.c
Incorrect/missing SPDX header: research/items/granular-engine-loading/evidence/20260921T171411Z-full-study-02/dynamic/ffmpeg-pic/src/tests/checkasm/ac3dsp.c
Incorrect/missing SPDX header: research/items/granular-engine-loading/evidence/20260921T171411Z-full-study-02/dynamic/ffmpeg-pic/src/tests/checkasm/af_afir.c
Incorrect/missing SPDX header: research/items/granular-engine-loading/evidence/20260921T171411Z-full-study-02/dynamic/ffmpeg-pic/src/tests/checkasm/alacdsp.c
Incorrect/missing SPDX header: research/items/granular-engine-loading/evidence/20260921T171411Z-full-study-02/dynamic/ffmpeg-pic/src/tests/checkasm/audiodsp.c
Incorrect/missing SPDX header: research/items/granular-engine-loading/evidence/20260921T171411Z-full-study-02/dynamic/ffmpeg-pic/src/tests/checkasm/av_tx.c
Incorrect/missing SPDX header: research/items/granular-engine-loading/evidence/20260921T171411Z-full-study-02/dynamic/ffmpeg-pic/src/tests/checkasm/blockdsp.c
Incorrect/missing SPDX header: research/items/granular-engine-loading/evidence/20260921T171411Z-full-study-02/dynamic/ffmpeg-pic/src/tests/checkasm/bswapdsp.c
Incorrect/missing SPDX header: research/items/granular-engine-loading/evidence/20260921T171411Z-full-study-02/dynamic/ffmpeg-pic/src/tests/checkasm/checkasm.c
Incorrect/missing SPDX header: research/items/granular-engine-loading/evidence/20260921T171411Z-full-study-02/dynamic/ffmpeg-pic/src/tests/checkasm/exrdsp.c
Incorrect/missing SPDX header: research/items/granular-engine-loading/evidence/20260921T171411Z-full-study-02/dynamic/ffmpeg-pic/src/tests/checkasm/fdctdsp.c
Incorrect/missing SPDX header: research/items/granular-engine-loading/evidence/20260921T171411Z-full-study-02/dynamic/ffmpeg-pic/src/tests/checkasm/fixed_dsp.c
Incorrect/missing SPDX header: research/items/granular-engine-loading/evidence/20260921T171411Z-full-study-02/dynamic/ffmpeg-pic/src/tests/checkasm/flacdsp.c
Incorrect/missing SPDX header: research/items/granular-engine-loading/evidence/20260921T171411Z-full-study-02/dynamic/ffmpeg-pic/src/tests/checkasm/float_dsp.c
Incorrect/missing SPDX header: research/items/granular-engine-loading/evidence/20260921T171411Z-full-study-02/dynamic/ffmpeg-pic/src/tests/checkasm/fmtconvert.c
Incorrect/missing SPDX header: research/items/granular-engine-loading/evidence/20260921T171411Z-full-study-02/dynamic/ffmpeg-pic/src/tests/checkasm/g722dsp.c
Incorrect/missing SPDX header: research/items/granular-engine-loading/evidence/20260921T171411Z-full-study-02/dynamic/ffmpeg-pic/src/tests/checkasm/h263dsp.c
Incorrect/missing SPDX header: research/items/granular-engine-loading/evidence/20260921T171411Z-full-study-02/dynamic/ffmpeg-pic/src/tests/checkasm/h264chroma.c
Incorrect/missing SPDX header: research/items/granular-engine-loading/evidence/20260921T171411Z-full-study-02/dynamic/ffmpeg-pic/src/tests/checkasm/h264dsp.c
Incorrect/missing SPDX header: research/items/granular-engine-loading/evidence/20260921T171411Z-full-study-02/dynamic/ffmpeg-pic/src/tests/checkasm/h264pred.c
Incorrect/missing SPDX header: research/items/granular-engine-loading/evidence/20260921T171411Z-full-study-02/dynamic/ffmpeg-pic/src/tests/checkasm/h264qpel.c
Incorrect/missing SPDX header: research/items/granular-engine-loading/evidence/20260921T171411Z-full-study-02/dynamic/ffmpeg-pic/src/tests/checkasm/hevc_add_res.c
Incorrect/missing SPDX header: research/items/granular-engine-loading/evidence/20260921T171411Z-full-study-02/dynamic/ffmpeg-pic/src/tests/checkasm/hevc_deblock.c
Incorrect/missing SPDX header: research/items/granular-engine-loading/evidence/20260921T171411Z-full-study-02/dynamic/ffmpeg-pic/src/tests/checkasm/hevc_idct.c
Incorrect/missing SPDX header: research/items/granular-engine-loading/evidence/20260921T171411Z-full-study-02/dynamic/ffmpeg-pic/src/tests/checkasm/hevc_pel.c
Incorrect/missing SPDX header: research/items/granular-engine-loading/evidence/20260921T171411Z-full-study-02/dynamic/ffmpeg-pic/src/tests/checkasm/hevc_sao.c
Incorrect/missing SPDX header: research/items/granular-engine-loading/evidence/20260921T171411Z-full-study-02/dynamic/ffmpeg-pic/src/tests/checkasm/huffyuvdsp.c
Incorrect/missing SPDX header: research/items/granular-engine-loading/evidence/20260921T171411Z-full-study-02/dynamic/ffmpeg-pic/src/tests/checkasm/idctdsp.c
Incorrect/missing SPDX header: research/items/granular-engine-loading/evidence/20260921T171411Z-full-study-02/dynamic/ffmpeg-pic/src/tests/checkasm/jpeg2000dsp.c
Incorrect/missing SPDX header: research/items/granular-engine-loading/evidence/20260921T171411Z-full-study-02/dynamic/ffmpeg-pic/src/tests/checkasm/llauddsp.c
Incorrect/missing SPDX header: research/items/granular-engine-loading/evidence/20260921T171411Z-full-study-02/dynamic/ffmpeg-pic/src/tests/checkasm/lls.c
Incorrect/missing SPDX header: research/items/granular-engine-loading/evidence/20260921T171411Z-full-study-02/dynamic/ffmpeg-pic/src/tests/checkasm/llviddsp.c
Incorrect/missing SPDX header: research/items/granular-engine-loading/evidence/20260921T171411Z-full-study-02/dynamic/ffmpeg-pic/src/tests/checkasm/llviddspenc.c
Incorrect/missing SPDX header: research/items/granular-engine-loading/evidence/20260921T171411Z-full-study-02/dynamic/ffmpeg-pic/src/tests/checkasm/lpc.c
Incorrect/missing SPDX header: research/items/granular-engine-loading/evidence/20260921T171411Z-full-study-02/dynamic/ffmpeg-pic/src/tests/checkasm/motion.c
Incorrect/missing SPDX header: research/items/granular-engine-loading/evidence/20260921T171411Z-full-study-02/dynamic/ffmpeg-pic/src/tests/checkasm/mpegvideoencdsp.c
Incorrect/missing SPDX header: research/items/granular-engine-loading/evidence/20260921T171411Z-full-study-02/dynamic/ffmpeg-pic/src/tests/checkasm/opusdsp.c
Incorrect/missing SPDX header: research/items/granular-engine-loading/evidence/20260921T171411Z-full-study-02/dynamic/ffmpeg-pic/src/tests/checkasm/pixblockdsp.c
Incorrect/missing SPDX header: research/items/granular-engine-loading/evidence/20260921T171411Z-full-study-02/dynamic/ffmpeg-pic/src/tests/checkasm/rv34dsp.c
Incorrect/missing SPDX header: research/items/granular-engine-loading/evidence/20260921T171411Z-full-study-02/dynamic/ffmpeg-pic/src/tests/checkasm/rv40dsp.c
Incorrect/missing SPDX header: research/items/granular-engine-loading/evidence/20260921T171411Z-full-study-02/dynamic/ffmpeg-pic/src/tests/checkasm/sbrdsp.c
Incorrect/missing SPDX header: research/items/granular-engine-loading/evidence/20260921T171411Z-full-study-02/dynamic/ffmpeg-pic/src/tests/checkasm/svq1enc.c
Incorrect/missing SPDX header: research/items/granular-engine-loading/evidence/20260921T171411Z-full-study-02/dynamic/ffmpeg-pic/src/tests/checkasm/sw_gbrp.c
Incorrect/missing SPDX header: research/items/granular-engine-loading/evidence/20260921T171411Z-full-study-02/dynamic/ffmpeg-pic/src/tests/checkasm/sw_range_convert.c
Incorrect/missing SPDX header: research/items/granular-engine-loading/evidence/20260921T171411Z-full-study-02/dynamic/ffmpeg-pic/src/tests/checkasm/sw_rgb.c
Incorrect/missing SPDX header: research/items/granular-engine-loading/evidence/20260921T171411Z-full-study-02/dynamic/ffmpeg-pic/src/tests/checkasm/sw_scale.c
Incorrect/missing SPDX header: research/items/granular-engine-loading/evidence/20260921T171411Z-full-study-02/dynamic/ffmpeg-pic/src/tests/checkasm/sw_yuv2rgb.c
Incorrect/missing SPDX header: research/items/granular-engine-loading/evidence/20260921T171411Z-full-study-02/dynamic/ffmpeg-pic/src/tests/checkasm/sw_yuv2yuv.c
Incorrect/missing SPDX header: research/items/granular-engine-loading/evidence/20260921T171411Z-full-study-02/dynamic/ffmpeg-pic/src/tests/checkasm/synth_filter.c
Incorrect/missing SPDX header: research/items/granular-engine-loading/evidence/20260921T171411Z-full-study-02/dynamic/ffmpeg-pic/src/tests/checkasm/takdsp.c
Incorrect/missing SPDX header: research/items/granular-engine-loading/evidence/20260921T171411Z-full-study-02/dynamic/ffmpeg-pic/src/tests/checkasm/utvideodsp.c
Incorrect/missing SPDX header: research/items/granular-engine-loading/evidence/20260921T171411Z-full-study-02/dynamic/ffmpeg-pic/src/tests/checkasm/v210dec.c
Incorrect/missing SPDX header: research/items/granular-engine-loading/evidence/20260921T171411Z-full-study-02/dynamic/ffmpeg-pic/src/tests/checkasm/v210enc.c
Incorrect/missing SPDX header: research/items/granular-engine-loading/evidence/20260921T171411Z-full-study-02/dynamic/ffmpeg-pic/src/tests/checkasm/vc1dsp.c
Incorrect/missing SPDX header: research/items/granular-engine-loading/evidence/20260921T171411Z-full-study-02/dynamic/ffmpeg-pic/src/tests/checkasm/vf_blend.c
Incorrect/missing SPDX header: research/items/granular-engine-loading/evidence/20260921T171411Z-full-study-02/dynamic/ffmpeg-pic/src/tests/checkasm/vf_bwdif.c
Incorrect/missing SPDX header: research/items/granular-engine-loading/evidence/20260921T171411Z-full-study-02/dynamic/ffmpeg-pic/src/tests/checkasm/vf_colorspace.c
Incorrect/missing SPDX header: research/items/granular-engine-loading/evidence/20260921T171411Z-full-study-02/dynamic/ffmpeg-pic/src/tests/checkasm/vf_convolution.c
Incorrect/missing SPDX header: research/items/granular-engine-loading/evidence/20260921T171411Z-full-study-02/dynamic/ffmpeg-pic/src/tests/checkasm/vf_eq.c
Incorrect/missing SPDX header: research/items/granular-engine-loading/evidence/20260921T171411Z-full-study-02/dynamic/ffmpeg-pic/src/tests/checkasm/vf_gblur.c
Incorrect/missing SPDX header: research/items/granular-engine-loading/evidence/20260921T171411Z-full-study-02/dynamic/ffmpeg-pic/src/tests/checkasm/vf_hflip.c
Incorrect/missing SPDX header: research/items/granular-engine-loading/evidence/20260921T171411Z-full-study-02/dynamic/ffmpeg-pic/src/tests/checkasm/vf_nlmeans.c
Incorrect/missing SPDX header: research/items/granular-engine-loading/evidence/20260921T171411Z-full-study-02/dynamic/ffmpeg-pic/src/tests/checkasm/vf_threshold.c
Incorrect/missing SPDX header: research/items/granular-engine-loading/evidence/20260921T171411Z-full-study-02/dynamic/ffmpeg-pic/src/tests/checkasm/videodsp.c
Incorrect/missing SPDX header: research/items/granular-engine-loading/evidence/20260921T171411Z-full-study-02/dynamic/ffmpeg-pic/src/tests/checkasm/vorbisdsp.c
Incorrect/missing SPDX header: research/items/granular-engine-loading/evidence/20260921T171411Z-full-study-02/dynamic/ffmpeg-pic/src/tests/checkasm/vp8dsp.c
Incorrect/missing SPDX header: research/items/granular-engine-loading/evidence/20260921T171411Z-full-study-02/dynamic/ffmpeg-pic/src/tests/checkasm/vp9dsp.c
Incorrect/missing SPDX header: research/items/granular-engine-loading/evidence/20260921T171411Z-full-study-02/dynamic/ffmpeg-pic/src/tests/checkasm/vvc_alf.c
Incorrect/missing SPDX header: research/items/granular-engine-loading/evidence/20260921T171411Z-full-study-02/dynamic/ffmpeg-pic/src/tests/checkasm/vvc_mc.c
Incorrect/missing SPDX header: research/items/granular-engine-loading/evidence/20260921T171411Z-full-study-02/dynamic/ffmpeg-pic/src/tests/copycooker.sh
Incorrect/missing SPDX header: research/items/granular-engine-loading/evidence/20260921T171411Z-full-study-02/dynamic/ffmpeg-pic/src/tests/fate-run.sh
Incorrect/missing SPDX header: research/items/granular-engine-loading/evidence/20260921T171411Z-full-study-02/dynamic/ffmpeg-pic/src/tests/fate.sh
Incorrect/missing SPDX header: research/items/granular-engine-loading/evidence/20260921T171411Z-full-study-02/dynamic/ffmpeg-pic/src/tests/fate/source-check.sh
Incorrect/missing SPDX header: research/items/granular-engine-loading/evidence/20260921T171411Z-full-study-02/dynamic/ffmpeg-pic/src/tests/md5.sh
Incorrect/missing SPDX header: research/items/granular-engine-loading/evidence/20260921T171411Z-full-study-02/dynamic/ffmpeg-pic/src/tests/rotozoom.c
Incorrect/missing SPDX header: research/items/granular-engine-loading/evidence/20260921T171411Z-full-study-02/dynamic/ffmpeg-pic/src/tests/tiny_psnr.c
Incorrect/missing SPDX header: research/items/granular-engine-loading/evidence/20260921T171411Z-full-study-02/dynamic/ffmpeg-pic/src/tests/tiny_ssim.c
Incorrect/missing SPDX header: research/items/granular-engine-loading/evidence/20260921T171411Z-full-study-02/dynamic/ffmpeg-pic/src/tests/utils.c
Incorrect/missing SPDX header: research/items/granular-engine-loading/evidence/20260921T171411Z-full-study-02/dynamic/ffmpeg-pic/src/tests/videogen.c
