✔ 64-bit local slices stay bounded and never materialize the complete file (9.800042ms)
✔ epoch cancellation releases a blocked read and permits the next bounded read (1.275833ms)
✔ destroy cancels reads; truncated and oversized sources fail explicitly (2.084541ms)
✔ an epoch change during asynchronous reader cleanup cannot publish old bytes (0.546333ms)
✔ unknown Native audio mapping is not browser incompatibility, including PCM24 regression (0.617334ms)
✔ semantic admission checks selected tracks, not a static browser codec table (0.281542ms)
✔ required embedded subtitles remain a hard gate (0.1705ms)
✔ negative browser hints and unknown AAC configuration cannot veto direct discovery (0.080833ms)
✔ HLS VOD permits a direct runtime trial without bypassing manifest requirements (0.756416ms)
✔ successful trickle expires at the absolute 15-second deadline and publishes no partial block (50.687792ms)
✔ beginEpoch promptly cancels a progressing read without waiting for its deadline (2.473375ms)
✔ close promptly cancels a progressing read without waiting for its deadline (1.442667ms)
✔ deadline settles a stalled credential refresh and ignores late renewal (1.122542ms)
✔ beginEpoch settles a stalled credential refresh and ignores late renewal (0.92975ms)
✔ close settles a stalled credential refresh and ignores late renewal (1.1055ms)
✔ retry-after cannot schedule a fresh request beyond the operation deadline (1.329208ms)
✔ successful completion clears the operation deadline and keeps the cache reusable (0.991834ms)
✔ playback read window survives 18 seconds but retains an absolute 45-second bound (5.124084ms)
✔ extended playback deadline does not delay close (1.306167ms)
✔ extended playback deadline does not delay beginEpoch (1.040125ms)
✔ only common selected-track packaging is offered (1.950708ms)
✔ successful cached evidence never bypasses startup, and source identities are isolated (7.513375ms)
✔ transport, source identity, assets, permission, timeout, unknown and cancellation never become codec fallback (3.035458ms)
✔ PCM24 lacks packet-copy construction without losing direct browser eligibility (0.653084ms)
✔ known preparation limits permit fallback without weakening terminal failures (0.914458ms)
✔ TS construction limits never veto direct playback or block runtime fallback (0.563041ms)
✔ AVC distinguishes avcC packets from Annex B and preserves parameter bytes (0.746208ms)
✔ HEVC profile compatibility bits and constraints generate the RFC codec string (0.314042ms)
✔ VP8/VP9 and AV1 use their own configuration contracts (1.461167ms)
✔ Unknown configurations and resource limits fail explicitly (0.968958ms)
✔ VP9 packet metadata comes from the key header when container metadata is absent (2.03025ms)
✔ Retained configurations admit 4K and odd dimensions within a bounded pixel budget (0.629125ms)
✔ VP9 remux derives actual chroma and depth for the MP4 configuration box (1.362625ms)
ℹ tests 33
ℹ suites 0
ℹ pass 33
ℹ fail 0
ℹ cancelled 0
ℹ skipped 0
ℹ todo 0
ℹ duration_ms 248.943292
