make -C src all
  CC utils/os_file.c
  CC utils/list.c
  CC utils/bitstream.c
  CC utils/os_divers.c
utils/os_file.c:1676:9: warning: unused variable 'errstr' [-Wunused-variable]
 1676 |                 char *errstr = (char*)strutils/os_divers.c:1247:9: warning: implicit conversion from enumeration type 'GF_Err' to different enumeration type 'Bool' [-Wimplicit-enum-enum-cast]
 1247 |         return GF_NOT_SUPPORTED;
      |         ~~~~~~ ^~~~~~~~~~~~~~~~
error(errno_save);
      |                       ^~~~~~
  CC utils/constants.c
1 warning generated.
  CC utils/error.c
1 warning generated.
  CC utils/alloc.c
  CC utils/url.c
  CC utils/configfile.c
  CC utils/gltools.c
  CC utils/gzio.c
  CC utils/xml_parser.c
  CC utils/sha1.c
  CC utils/sha256.c
  CC utils/base_encoding.c
  CC utils/math.c
  CC utils/os_net.c
  CC utils/os_thread.c
  CC utils/os_config_init.c
  CC utils/cache.c
  CC utils/downloader.c
utils/os_config_init.c:1044:14: warning: cast to smaller integer type 'u32' (aka 'unsigned int') from 'GF_Config *' (aka 'struct __tag_config *') [-Wpointer-to-int-cast]
 1044 |         v2 |= (u64) (u32) cfg;
      |                     ^~~~~~~~~
utils/os_config_init.c:1045:14: warning: cast to smaller integer type 'u32' (aka 'unsigned int') from 'char *' [-Wpointer-to-int-cast]
 1045 |         v2 ^= (u64) (u32) szPath;
      |                     ^~~~~~~~~~~~
  CC utils/utf.c
  CC utils/token.c
  CC utils/color.c
  CC utils/Remotery.c
  CC utils/uni_bidi.c
2 warnings generated.
  CC utils/unicode.c
  CC utils/os_module.c
  CC utils/module.c
  CC utils/path2d.c
  CC utils/path2d_stroker.c
utils/os_module.c:191:13: warning: unused function 'enum_modules' [-Wunused-function]
  191 | static Bool enum_modules(void *cbck, char *item_name, char *item_path, GF_FileEnumInfo *file_info)
      |             ^~~~~~~~~~~~
1 warning generated.
utils/module.c:47:24: warning: unused variable 'pr' [-Wunused-variable]
   47 |         GF_InterfaceRegister *pr;
      |                               ^~
  CC odf/desc_private.c
1 warning generated.
  CC odf/odf_code.c
  CC odf/descriptors.c
  CC odf/odf_codec.c
  CC odf/odf_command.c
  CC odf/slc.c
  CC isomedia/box_code_3gpp.c
  CC isomedia/avc_ext.c
  CC isomedia/box_code_apple.c
  CC isomedia/box_code_base.c
  CC isomedia/box_code_meta.c
  CC isomedia/box_code_drm.c
  CC isomedia/box_dump.c
  CC isomedia/box_funcs.c
  CC isomedia/data_map.c
isomedia/box_funcs.c:151:8: warning: unused variable 'otype' [-Wunused-variable]
  151 |                         u32 otype = type;
      |                             ^~~~~
isomedia/box_funcs.c:442:6: warning: variable 'start' set but not used [-Wunused-but-set-variable]
  442 |         u64 start;
      |             ^
isomedia/box_funcs.c:1841:14: warning: unused variable 'opt' [-Wunused-variable]
 1841 |         const char *opt;
      |                     ^~~
  CC isomedia/drm_sample.c
3 warnings generated.
isomedia/drm_sample.c:1960:23: warning: variable 'nb_missing' set but not used [-Wunused-but-set-variable]
 1960 |         u32 i, n_keys, kpos, nb_missing = 19;
      |                              ^
  CC isomedia/isom_intern.c
1 warning generated.
  CC isomedia/isom_read.c
  CC isomedia/isom_store.c
isomedia/isom_read.c:1782:7: warning: variable 'from_qt' set but not used [-Wunused-but-set-variable]
 1782 |         Bool from_qt=GF_FALSE;
      |              ^
  CC isomedia/isom_write.c
  CC isomedia/media.c
  CC isomedia/media_odf.c
  CC isomedia/meta.c
  CC isomedia/movie_fragments.c
1 warning generated.
  CC isomedia/sample_descs.c
  CC isomedia/stbl_read.c
  CC isomedia/stbl_write.c
  CC isomedia/track.c
  CC isomedia/tx3g.c
  CC isomedia/iff.c
  CC isomedia/hint_track.c
  CC isomedia/hinting.c
  CC isomedia/box_code_adobe.c
  CC compositor/audio_mixer.c
  CC compositor/font_engine.c
  CC compositor/mesh.c
  CC compositor/mesh_collide.c
  CC compositor/mesh_tesselate.c
  CC scenegraph/vrml_js.c
  CC media_tools/isom_tools.c
  CC media_tools/dash_segmenter.c
  CC media_tools/av_parsers.c
  CC media_tools/route_dmx.c
  CC media_tools/img.c
  CC media_tools/media_import.c
  CC media_tools/m3u8.c
  CC media_tools/mpd.c
  CC media_tools/dash_client.c
  CC media_tools/media_export.c
  CC media_tools/isom_hinter.c
  CC media_tools/webvtt.c
  CC filter_core/filter_pck.c
  CC filter_core/filter_pid.c
  CC filter_core/filter_props.c
filter_core/filter_pid.c:3110:9: warning: variable 'dijsktra_node_count' set but not used [-Wunused-but-set-variable]
 3110 |         u32 i, dijsktra_node_count, dijsktra_edge_count, count;
      |                ^
filter_core/filter_pid.c:3110:30: warning: variable 'dijsktra_edge_count' set but not used [-Wunused-but-set-variable]
 3110 |         u32 i, dijsktra_node_count, dijsktra_edge_count, count;
      |                                     ^
filter_core/filter_pid.c:3114:6: warning: variable 'dijkstra_time_us' set but not used [-Wunused-but-set-variable]
 3114 |         u64 dijkstra_time_us, sort_time_us, start_time_us = gf_sys_clock_high_res();
      |             ^
filter_core/filter_pid.c:3114:24: warning: variable 'sort_time_us' set but not used [-Wunused-but-set-variable]
 3114 |         u64 dijkstra_time_us, sort_time_us, start_time_us = gf_sys_clock_high_res();
      |                               ^
  CC filter_core/filter_queue.c
  CC filter_core/filter_session.c
  CC filter_core/filter_register.c
  CC filter_core/filter.c
  CC filter_core/filter_session_js.c
  CC filters/bs_agg.c
  CC filters/bs_split.c
4 warnings generated.
  CC filters/bsrw.c
  CC filters/dasher.c
  CC filters/compose.c
  CC filters/dec_ac52.c
  CC filters/dec_bifs.c
  CC filters/dec_faad.c
  CC filters/dec_img.c
  CC filters/dec_j2k.c
  CC filters/dec_laser.c
  CC filters/dec_mad.c
  CC filters/dec_mediacodec.c
  CC filters/dec_nvdec.c
  CC filters/dec_nvdec_sdk.c
  CC filters/dec_odf.c
  CC filters/dec_theora.c
  CC filters/dec_ttml.c
  CC filters/dec_ttxt.c
  CC filters/dec_uncv.c
  CC filters/dec_vorbis.c
  CC filters/dec_vtb.c
  CC filters/dec_webvtt.c
  CC filters/dec_xvid.c
  CC filters/decrypt_cenc_isma.c
  CC filters/dmx_avi.c
  CC filters/dmx_dash.c
  CC filters/dmx_ghi.c
  CC filters/dmx_gsf.c
  CC filters/dmx_m2ts.c
  CC filters/dmx_mpegps.c
  CC filters/dmx_nhml.c
  CC filters/dmx_nhnt.c
  CC filters/dmx_ogg.c
  CC filters/dmx_saf.c
  CC filters/dmx_vobsub.c
  CC filters/enc_jpg.c
  CC filters/enc_png.c
  CC filters/encrypt_cenc_isma.c
  CC filters/evg_rescale.c
  CC filters/filelist.c
  CC filters/hevcmerge.c
  CC filters/hevcsplit.c
  CC filters/in_dvb4linux.c
  CC filters/in_file.c
  CC filters/in_http.c
  CC filters/in_pipe.c
  CC filters/in_route.c
  CC filters/in_rtp.c
  CC filters/in_rtp_rtsp.c
  CC filters/in_rtp_sdp.c
  CC filters/in_rtp_signaling.c
  CC filters/in_rtp_stream.c
  CC filters/in_sock.c
  CC filters/inspect.c
  CC filters/io_fcryp.c
  CC filters/isoffin_load.c
  CC filters/isoffin_read.c
  CC filters/isoffin_read_ch.c
  CC filters/jsfilter.c
  CC filters/load_bt_xmt.c
  CC filters/load_svg.c
  CC filters/load_text.c
  CC filters/mux_avi.c
  CC filters/mux_gsf.c
  CC filters/mux_isom.c
  CC filters/mux_ts.c
  CC filters/mux_ogg.c
  CC filters/out_audio.c
  CC filters/out_file.c
  CC filters/out_pipe.c
  CC filters/out_http.c
  CC filters/out_route.c
  CC filters/out_rtp.c
  CC filters/out_rtsp.c
  CC filters/out_sock.c
  CC filters/out_video.c
  CC filters/reframer.c
  CC filters/reframe_ac3.c
  CC filters/reframe_adts.c
  CC filters/reframe_latm.c
  CC filters/reframe_amr.c
  CC filters/reframe_av1.c
  CC filters/reframe_flac.c
  CC filters/reframe_h263.c
  CC filters/reframe_img.c
  CC filters/reframe_mhas.c
  CC filters/reframe_mp3.c
  CC filters/reframe_mpgvid.c
  CC filters/reframe_nalu.c
  CC filters/reframe_prores.c
  CC filters/reframe_qcp.c
  CC filters/reframe_rawvid.c
  CC filters/resample_audio.c
  CC filters/reframe_rawpcm.c
  CC filters/reframe_truehd.c
  CC filters/restamp.c
  CC filters/tileagg.c
  CC filters/tilesplit.c
  CC filters/tssplit.c
  CC filters/ttml_conv.c
  CC filters/unit_test_filter.c
  CC filters/rewind.c
  CC filters/rewrite_adts.c
  CC filters/rewrite_mhas.c
  CC filters/rewrite_mp4v.c
  CC filters/rewrite_nalu.c
  CC filters/rewrite_obu.c
  CC filters/vflip.c
  CC filters/vcrop.c
  CC filters/write_generic.c
  CC filters/write_nhml.c
  CC filters/write_nhnt.c
  CC filters/write_qcp.c
  CC filters/write_tx3g.c
  CC filters/write_vtt.c
  CC ../modules/dektec_out/dektec_video_decl.c
  CC filters/dec_opensvc.c
  CC filters/unframer.c
  CC filters/ff_common.c
  CC filters/ff_avf.c
  CC filters/ff_dec.c
  CC filters/ff_dmx.c
  CC filters/ff_enc.c
  CC filters/ff_rescale.c
  CC filters/ff_mx.c
  CC filters/ff_bsf.c
  CC filters/dec_cc.c
  CC filters/dec_mpeghdec.c
  CC filters/dec_openhevc.c
  CC evg/ftgrays.c
  CC evg/raster3d.c
  CC evg/raster_565.c
  CC evg/raster_yuv.c
  CC evg/raster_rgb.c
  CC evg/raster_argb.c
  CC evg/stencil.c
  CC evg/surface.c
  CC ../modules/validator/validator.c
  CC ../modules/ft_font/ft_font.c
libtool: warning: 'os_thread.o' has no symbols
libtool: warning: 'cache.o' has no symbols
libtool: warning: 'downloader.o' has no symbols
libtool: warning: 'Remotery.o' has no symbols
libtool: warning: 'uni_bidi.o' has no symbols
libtool: warning: 'path2d_stroker.o' has no symbols
libtool: warning: 'hint_track.o' has no symbols
libtool: warning: 'hinting.o' has no symbols
libtool: warning: 'route_dmx.o' has no symbols
libtool: warning: 'mpd.o' has no symbols
libtool: warning: 'dash_client.o' has no symbols
libtool: warning: 'audio_mixer.o' has no symbols
libtool: warning: 'mesh.o' has no symbols
libtool: warning: 'mesh_collide.o' has no symbols
libtool: warning: 'mesh_tesselate.o' has no symbols
libtool: warning: 'ftgrays.o' has no symbols
libtool: warning: 'raster3d.o' has no symbols
libtool: warning: 'raster_565.o' has no symbols
libtool: warning: 'raster_argb.o' has no symbols
libtool: warning: 'raster_rgb.o' has no symbols
libtool: warning: 'raster_yuv.o' has no symbols
libtool: warning: 'stencil.o' has no symbols
libtool: warning: 'surface.o' has no symbols
libtool: warning: 'dec_nvdec_sdk.o' has no symbols
libtool: warning: 'in_rtp_rtsp.o' has no symbols
libtool: warning: 'in_rtp_sdp.o' has no symbols
libtool: warning: 'in_rtp_signaling.o' has no symbols
libtool: warning: 'in_rtp_stream.o' has no symbols
libtool: warning: 'isoffin_load.o' has no symbols
libtool: warning: 'isoffin_read_ch.o' has no symbols
libtool: warning: 'unit_test_filter.o' has no symbols
libtool: warning: 'ff_common.o' has no symbols
libtool: warning: 'dec_openhevc.o' has no symbols
libtool: warning: 'validator.o' has no symbols
libtool: warning: 'ft_font.o' has no symbols
make -C applications all
set -e; for i in gpac mp4box  ; do make -C $i all; done 
  CC compositor_tools.c
  CC gpac.c
  CC carbon_hook.c
  CC gpac_help.c
gpac.c:1148:8: warning: variable 'is_simple' set but not used [-Wunused-but-set-variable]
 1148 |                 Bool is_simple=GF_FALSE;
      |                      ^
gpac.c:1352:16: warning: unused variable 'ld' [-Wunused-variable]
 1352 |                         const char *ld = gf_list_pop_front(links_directive);
      |                                     ^~
2 warnings generated.
ld: warning: ignoring duplicate libraries: '-lbz2', '-lfreetype', '-lpng16', '-lz'
Undefined symbols for architecture arm64:
  "_filter_parse_logs", referenced from:
      _gf_fs_send_update in libgpac_static.a[96](filter_session.o)
      _gf_filter_parse_args in libgpac_static.a[98](filter.o)
  "_gf_text_get_utf8_line", referenced from:
      _gf_webvtt_parser_parse_internal in libgpac_static.a[78](webvtt.o)
ld: symbol(s) not found for architecture arm64
clang: error: linker command failed with exit code 1 (use -v to see invocation)
make[2]: *** [gpac] Error 1
make[1]: *** [apps] Error 2
make: *** [all] Error 2
