! Unknown feature "mpd", ignoring - please check help (-h) ! 
! Unknown feature "dash", ignoring - please check help (-h) ! 
! Unknown feature "hevc", ignoring - please check help (-h) ! 
diff: ./include/gpac/revision.h: No such file or directory
revision has changed
rm: ./include/gpac/revision.h: No such file or directory

** System Configuration
Install prefix: /usr/local
Source path: /private/tmp/demuxe-gpac-mosaic
C   compiler: gcc
C++ compiler: g++
make: make
CPU: unknown
Big Endian: no

** GPAC 2.4 rev0-g5d70253-HEAD Core Configuration **
Static binaries enabled
debug version: no
GProf enabled: no
Memory tracking enabled: no
Sanitizer enabled: no
Fixed-Point Version: no
IPV6 Support: no
QuickJS Support: no
Compositor disabled
Font Engine disabled
Scene Manager disabled
SVG disabled
MPEG-4/VRML/X3D disabled
X3D disabled
OD Full support disabled
OD Parsing disabled
BIFS coder disabled
BIFS encoder disabled
LASeR coder disabled
SAF container disabled
Scene encoder engine disabled
Cubic QTVR import disabled
AVI disabled
OGG disabled
MPEG-2 PS disabled
MPEG-2 TS disabled
MPEG-2 TS Multiplexer disabled
SWF import disabled
Scene Graph disabled
Scene statistics disabled
Scene dump disabled
Scene encoder to ISO FF disabled
Scene loader from ISO FF disabled
BT/WRL Scene loader disabled
XMT/X3D Scene loader disabled
OD dump disabled
Crypto tools disabled
RTP/RTSP/SDP streaming disabled
VobSub disabled
Doc disabled
EVG disabled
ROUTE Support disabled
CRYPTO Support disabled
Logging disabled
Filter vout disabled
Filter aout disabled
Network record/playback disabled

** Detected libraries **
zlib: system (pkgconfig)
OpenGL support: no
OpenSSL support: no
nghttp2: no
OSS Audio: no
ALSA Audio: no
Jack Audio: no
Pulse Audio: no
DirectFB: no
X11: no
SDL: no
FreeType: system (pkgconfig)
JPEG: no
OpenJPEG: no
PNG: no
MAD: no
FAAD: no
XVID: no
libcaption: no
MpeghDecoder: no
libcaca: no
FFMPEG: no
LZMA: no
Xiph Vorbis: no
Xiph Theora: no
A52 (AC3): no
OpenSVCDecoder: no
OpenHEVCDecoder: no
Platinum UPnP: no
Freenect: no

Creating config.mak
Network disabled
Check config.log for detection failures

Warning: static binaries on OSX cannot remove all dependendencies to system libraries

Done - type 'make help' for make info, 'make' to build
