{
  "scope": "Restricted ASS fad(300,300) mask reuse with compiled piecewise opacity against actual libass at seven times including rewind. One-alpha-unit rounding bound; no general ASS compiler or CPU claim.",
  "browser": "152.0.7977.83",
  "probe": {
    "rows": [
      {
        "seconds": 0.05,
        "opacity": 0.16666666666666669,
        "maskExact": true,
        "maxAlphaError": 0,
        "tiles": [
          {
            "geometry": [
              94,
              148,
              136,
              32
            ],
            "baseGeometry": [
              94,
              148,
              136,
              32
            ],
            "color": 212,
            "baseColor": 127,
            "differentMaskBytes": 0
          },
          {
            "geometry": [
              95,
              149,
              136,
              31
            ],
            "baseGeometry": [
              95,
              149,
              136,
              31
            ],
            "color": 4294967252,
            "baseColor": 4294967167,
            "differentMaskBytes": 0
          }
        ]
      },
      {
        "seconds": 0.15,
        "opacity": 0.5,
        "maskExact": true,
        "maxAlphaError": 0,
        "tiles": [
          {
            "geometry": [
              94,
              148,
              136,
              32
            ],
            "baseGeometry": [
              94,
              148,
              136,
              32
            ],
            "color": 127,
            "baseColor": 127,
            "differentMaskBytes": 0
          },
          {
            "geometry": [
              95,
              149,
              136,
              31
            ],
            "baseGeometry": [
              95,
              149,
              136,
              31
            ],
            "color": 4294967167,
            "baseColor": 4294967167,
            "differentMaskBytes": 0
          }
        ]
      },
      {
        "seconds": 0.3,
        "opacity": 1,
        "maskExact": true,
        "maxAlphaError": 0,
        "tiles": [
          {
            "geometry": [
              94,
              148,
              136,
              32
            ],
            "baseGeometry": [
              94,
              148,
              136,
              32
            ],
            "color": 0,
            "baseColor": 0,
            "differentMaskBytes": 0
          },
          {
            "geometry": [
              95,
              149,
              136,
              31
            ],
            "baseGeometry": [
              95,
              149,
              136,
              31
            ],
            "color": 4294967040,
            "baseColor": 4294967040,
            "differentMaskBytes": 0
          }
        ]
      },
      {
        "seconds": 1,
        "opacity": 1,
        "maskExact": true,
        "maxAlphaError": 0,
        "tiles": [
          {
            "geometry": [
              94,
              148,
              136,
              32
            ],
            "baseGeometry": [
              94,
              148,
              136,
              32
            ],
            "color": 0,
            "baseColor": 0,
            "differentMaskBytes": 0
          },
          {
            "geometry": [
              95,
              149,
              136,
              31
            ],
            "baseGeometry": [
              95,
              149,
              136,
              31
            ],
            "color": 4294967040,
            "baseColor": 4294967040,
            "differentMaskBytes": 0
          }
        ]
      },
      {
        "seconds": 3.8,
        "opacity": 0.6666666666666673,
        "maskExact": true,
        "maxAlphaError": 0,
        "tiles": [
          {
            "geometry": [
              94,
              148,
              136,
              32
            ],
            "baseGeometry": [
              94,
              148,
              136,
              32
            ],
            "color": 85,
            "baseColor": 127,
            "differentMaskBytes": 0
          },
          {
            "geometry": [
              95,
              149,
              136,
              31
            ],
            "baseGeometry": [
              95,
              149,
              136,
              31
            ],
            "color": 4294967125,
            "baseColor": 4294967167,
            "differentMaskBytes": 0
          }
        ]
      },
      {
        "seconds": 3.95,
        "opacity": 0.16666666666666607,
        "maskExact": true,
        "maxAlphaError": 1,
        "tiles": [
          {
            "geometry": [
              94,
              148,
              136,
              32
            ],
            "baseGeometry": [
              94,
              148,
              136,
              32
            ],
            "color": 212,
            "baseColor": 127,
            "differentMaskBytes": 0
          },
          {
            "geometry": [
              95,
              149,
              136,
              31
            ],
            "baseGeometry": [
              95,
              149,
              136,
              31
            ],
            "color": 4294967252,
            "baseColor": 4294967167,
            "differentMaskBytes": 0
          }
        ]
      },
      {
        "seconds": 0.15,
        "opacity": 0.5,
        "maskExact": true,
        "maxAlphaError": 0,
        "tiles": [
          {
            "geometry": [
              94,
              148,
              136,
              32
            ],
            "baseGeometry": [
              94,
              148,
              136,
              32
            ],
            "color": 127,
            "baseColor": 127,
            "differentMaskBytes": 0
          },
          {
            "geometry": [
              95,
              149,
              136,
              31
            ],
            "baseGeometry": [
              95,
              149,
              136,
              31
            ],
            "color": 4294967167,
            "baseColor": 4294967167,
            "differentMaskBytes": 0
          }
        ]
      }
    ],
    "baseTiles": 2,
    "maskFamilies": 2,
    "diagnosis": "Libass outline mask differs between opaque and translucent fill; one cached mask was not correct.",
    "cleanup": true
  },
  "passed": true
}
