 info: Initialized libplacebo v7.360.1 (API v360)
debug: No VkInstance provided, creating one...
debug: Available instance version: 1.4.350
debug: Spent 0.144 ms enumerating instance layers
debug: Available layers:
 info: Spent 24.283 ms enumerating instance extensions
debug: Available instance extensions:
debug:     VK_KHR_device_group_creation
debug:     VK_KHR_external_fence_capabilities
debug:     VK_KHR_external_memory_capabilities
debug:     VK_KHR_external_semaphore_capabilities
debug:     VK_KHR_get_physical_device_properties2
debug:     VK_KHR_get_surface_capabilities2
debug:     VK_KHR_surface
debug:     VK_KHR_surface_maintenance1
debug:     VK_KHR_surface_protected_capabilities
debug:     VK_EXT_debug_report
debug:     VK_EXT_debug_utils
debug:     VK_EXT_headless_surface
debug:     VK_EXT_layer_settings
debug:     VK_EXT_metal_surface
debug:     VK_EXT_surface_maintenance1
debug:     VK_EXT_swapchain_colorspace
debug:     VK_MVK_macos_surface
debug:     VK_KHR_portability_enumeration
debug:     VK_LUNARG_direct_driver_loading
 info: Creating vulkan instance with extensions:
 info:     VK_KHR_surface
 info:     VK_EXT_swapchain_colorspace
 info:     VK_KHR_get_surface_capabilities2
 info:     VK_KHR_surface_maintenance1
 info:     VK_EXT_surface_maintenance1
 info:     VK_KHR_portability_enumeration
 info: Spent 12.349 ms creating vulkan instance
 info: Probing for vulkan devices:
trace: EnumeratePhysicalDevices(inst, &num, NULL)
trace: EnumeratePhysicalDevices(inst, &num, devices)
debug: Spent 0.015 ms enumerating physical devices
 info:     GPU 0: Apple M1 v1.4.334 (integrated)
 info:            uuid: 00:00:10:6B:1A:05:02:07:00:00:00:00:00:00:00:00
 info: Vulkan device properties:
 info:     Device Name: Apple M1
 info:     Device ID: 106b:1a050207
 info:     Device UUID: 00:00:10:6B:1A:05:02:07:00:00:00:00:00:00:00:00
 info:     Driver version: 28a1
 info:     API version: 1.4.334
 info:     Driver ID: VK_DRIVER_ID_MOLTENVK
 info:     Driver name: MoltenVK
 info:     Driver info: 1.4.1
 info:     Conformance version: 1.4.4.0
 info:     Driver UUID: 4D:56:4B:00:00:00:28:A1:1A:05:02:07:00:00:00:00
debug: Queue families supported by device:
debug:     0: flags 0x7 num 1
debug:     1: flags 0x7 num 1
debug:     2: flags 0x7 num 1
debug:     3: flags 0x7 num 1
debug: Using graphics queue 0
trace: vk->EnumerateDeviceExtensionProperties(vk->physd, NULL, &num_exts_avail, NULL)
trace: vk->EnumerateDeviceExtensionProperties(vk->physd, NULL, &num_exts_avail, exts_avail)
debug: Spent 0.016 ms enumerating device extensions
debug: Available device extensions:
debug:     VK_KHR_16bit_storage
debug:     VK_KHR_8bit_storage
debug:     VK_KHR_bind_memory2
debug:     VK_KHR_buffer_device_address
debug:     VK_KHR_calibrated_timestamps
debug:     VK_KHR_copy_commands2
debug:     VK_KHR_create_renderpass2
debug:     VK_KHR_dedicated_allocation
debug:     VK_KHR_deferred_host_operations
debug:     VK_KHR_depth_stencil_resolve
debug:     VK_KHR_descriptor_update_template
debug:     VK_KHR_device_group
debug:     VK_KHR_driver_properties
debug:     VK_KHR_dynamic_rendering
debug:     VK_KHR_dynamic_rendering_local_read
debug:     VK_KHR_external_fence
debug:     VK_KHR_external_memory
debug:     VK_KHR_external_semaphore
debug:     VK_KHR_format_feature_flags2
debug:     VK_KHR_fragment_shader_barycentric
debug:     VK_KHR_get_memory_requirements2
debug:     VK_KHR_global_priority
debug:     VK_KHR_image_format_list
debug:     VK_KHR_imageless_framebuffer
debug:     VK_KHR_incremental_present
debug:     VK_KHR_index_type_uint8
debug:     VK_KHR_line_rasterization
debug:     VK_KHR_load_store_op_none
debug:     VK_KHR_maintenance1
debug:     VK_KHR_maintenance2
debug:     VK_KHR_maintenance3
debug:     VK_KHR_maintenance4
debug:     VK_KHR_maintenance5
debug:     VK_KHR_maintenance6
debug:     VK_KHR_maintenance7
debug:     VK_KHR_maintenance8
debug:     VK_KHR_maintenance9
debug:     VK_KHR_map_memory2
debug:     VK_KHR_multiview
debug:     VK_KHR_portability_subset
debug:     VK_KHR_present_id
debug:     VK_KHR_present_id2
debug:     VK_KHR_present_wait
debug:     VK_KHR_present_wait2
debug:     VK_KHR_push_descriptor
debug:     VK_KHR_relaxed_block_layout
debug:     VK_KHR_robustness2
debug:     VK_KHR_sampler_mirror_clamp_to_edge
debug:     VK_KHR_sampler_ycbcr_conversion
debug:     VK_KHR_separate_depth_stencil_layouts
debug:     VK_KHR_shader_draw_parameters
debug:     VK_KHR_shader_expect_assume
debug:     VK_KHR_shader_float_controls
debug:     VK_KHR_shader_float_controls2
debug:     VK_KHR_shader_float16_int8
debug:     VK_KHR_shader_fma
debug:     VK_KHR_shader_integer_dot_product
debug:     VK_KHR_shader_maximal_reconvergence
debug:     VK_KHR_shader_non_semantic_info
debug:     VK_KHR_shader_quad_control
debug:     VK_KHR_shader_relaxed_extended_instruction
debug:     VK_KHR_shader_subgroup_extended_types
debug:     VK_KHR_shader_subgroup_rotate
debug:     VK_KHR_shader_subgroup_uniform_control_flow
debug:     VK_KHR_shader_terminate_invocation
debug:     VK_KHR_spirv_1_4
debug:     VK_KHR_storage_buffer_storage_class
debug:     VK_KHR_swapchain
debug:     VK_KHR_swapchain_maintenance1
debug:     VK_KHR_swapchain_mutable_format
debug:     VK_KHR_synchronization2
debug:     VK_KHR_timeline_semaphore
debug:     VK_KHR_uniform_buffer_standard_layout
debug:     VK_KHR_variable_pointers
debug:     VK_KHR_vertex_attribute_divisor
debug:     VK_KHR_vulkan_memory_model
debug:     VK_KHR_zero_initialize_workgroup_memory
debug:     VK_EXT_4444_formats
debug:     VK_EXT_buffer_device_address
debug:     VK_EXT_calibrated_timestamps
debug:     VK_EXT_debug_marker
debug:     VK_EXT_depth_clip_control
debug:     VK_EXT_descriptor_indexing
debug:     VK_EXT_extended_dynamic_state
debug:     VK_EXT_extended_dynamic_state2
debug:     VK_EXT_extended_dynamic_state3
debug:     VK_EXT_external_memory_host
debug:     VK_EXT_external_memory_metal
debug:     VK_EXT_fragment_shader_interlock
debug:     VK_EXT_global_priority
debug:     VK_EXT_global_priority_query
debug:     VK_EXT_hdr_metadata
debug:     VK_EXT_host_image_copy
debug:     VK_EXT_host_query_reset
debug:     VK_EXT_image_2d_view_of_3d
debug:     VK_EXT_image_robustness
debug:     VK_EXT_index_type_uint8
debug:     VK_EXT_inline_uniform_block
debug:     VK_EXT_line_rasterization
debug:     VK_EXT_load_store_op_none
debug:     VK_EXT_memory_budget
debug:     VK_EXT_metal_objects
debug:     VK_EXT_pipeline_creation_cache_control
debug:     VK_EXT_pipeline_creation_feedback
debug:     VK_EXT_pipeline_robustness
debug:     VK_EXT_post_depth_coverage
debug:     VK_EXT_private_data
debug:     VK_EXT_robustness2
debug:     VK_EXT_sample_locations
debug:     VK_EXT_scalar_block_layout
debug:     VK_EXT_separate_stencil_usage
debug:     VK_EXT_shader_atomic_float
debug:     VK_EXT_shader_demote_to_helper_invocation
debug:     VK_EXT_shader_stencil_export
debug:     VK_EXT_shader_subgroup_ballot
debug:     VK_EXT_shader_subgroup_vote
debug:     VK_EXT_shader_viewport_index_layer
debug:     VK_EXT_subgroup_size_control
debug:     VK_EXT_swapchain_maintenance1
debug:     VK_EXT_texel_buffer_alignment
debug:     VK_EXT_texture_compression_astc_hdr
debug:     VK_EXT_tooling_info
debug:     VK_EXT_vertex_attribute_divisor
debug:     VK_AMD_gpu_shader_half_float
debug:     VK_AMD_negative_viewport_height
debug:     VK_AMD_shader_image_load_store_lod
debug:     VK_AMD_shader_trinary_minmax
debug:     VK_GOOGLE_display_timing
debug:     VK_IMG_format_pvrtc
debug:     VK_INTEL_shader_integer_functions2
debug:     VK_NV_fragment_shader_barycentric
 info: Creating vulkan device with extensions:
 info:     VK_KHR_swapchain
 info:     VK_EXT_external_memory_host
 info:     VK_EXT_hdr_metadata
 info:     VK_KHR_portability_subset
 info:     VK_EXT_metal_objects
 info:     VK_KHR_swapchain_maintenance1
 info:     VK_EXT_swapchain_maintenance1
trace: vk->CreateDevice(vk->physd, &dinfo, PL_VK_ALLOC, &vk->dev)
 info: Spent 766.770 ms creating vulkan device (slow!)
trace: vk->CreateSemaphore(vk->dev, &sinfo, PL_VK_ALLOC, &pool->sync[n].sem)
trace: vk->CreateCommandPool(vk->dev, &cinfo, PL_VK_ALLOC, &pool->pool)
 info: Memory heaps supported by device:
 info:     0: flags 0x1 size 8192M
debug: Memory types supported by device:
debug:     0: flags 0x1 heap 0
debug:     1: flags 0xf heap 0
debug:     2: flags 0x11 heap 0
 info: Memory summary:     0 used     0 res     0 alloc, efficiency 100.00%, utilization 100.00%, max page:  512M
 info: shaderc SPIR-V version 1.6 rev 1
 info: Initialized SPIR-V compiler 'shaderc'
debug: Handle type VK_EXTERNAL_MEMORY_HANDLE_TYPE_HOST_ALLOCATION_BIT_EXT (0x10) is not exportable
debug: Handle type VK_EXTERNAL_MEMORY_HANDLE_TYPE_HOST_ALLOCATION_BIT_EXT (0x10) is not exportable
debug: Minimum texel alignment: 48
trace: vk->CreateSampler(vk->dev, &sinfo, PL_VK_ALLOC, &p->samplers[s][a])
trace: vk->CreateSampler(vk->dev, &sinfo, PL_VK_ALLOC, &p->samplers[s][a])
trace: vk->CreateSampler(vk->dev, &sinfo, PL_VK_ALLOC, &p->samplers[s][a])
trace: vk->CreateSampler(vk->dev, &sinfo, PL_VK_ALLOC, &p->samplers[s][a])
trace: vk->CreateSampler(vk->dev, &sinfo, PL_VK_ALLOC, &p->samplers[s][a])
trace: vk->CreateSampler(vk->dev, &sinfo, PL_VK_ALLOC, &p->samplers[s][a])
 info: GPU information:
 info:     GLSL version: 450 (vulkan)
 info:       max_shmem_size:            32768
 info:       max_group_threads:         1024
 info:       max_group_size[0]:         1024
 info:       max_group_size[1]:         1024
 info:       max_group_size[2]:         1024
 info:       subgroup_size:             32
 info:       min_gather_offset:         -8
 info:       max_gather_offset:         7
 info:     Limits:
 info:       thread_safe:               1
 info:       callbacks:                 1
 info:       max_buf_size:              8589934592
 info:       max_ubo_size:              4294967295
 info:       max_ssbo_size:             4294967295
 info:       max_vbo_size:              8589934592
 info:       max_mapped_size:           8589934592
 info:       max_buffer_texels:         67108864
 info:       align_host_ptr:            16384
 info:       host_cached:               1
 info:       max_tex_1d_dim:            16384
 info:       max_tex_2d_dim:            16384
 info:       max_tex_3d_dim:            2048
 info:       blittable_1d_3d:           1
 info:       buf_transfer:              1
 info:       align_tex_xfer_pitch:      1
 info:       align_tex_xfer_offset:     16
 info:       max_variable_comps:        0
 info:       max_constants:             18446744073709551615
 info:       max_pushc_size:            4096
 info:       align_vertex_stride:       1
 info:       max_dispatch[0]:           1073741824
 info:       max_dispatch[1]:           1073741824
 info:       max_dispatch[2]:           1073741824
 info:       fragment_queues:           1
 info:       compute_queues:            1
 info:     External API interop:
 info:       UUID: 00:00:10:6B:1A:05:02:07:00:00:00:00:00:00:00:00
 info:       PCI: 0000:00:00:0
 info:       buf export caps: 0x0
 info:       buf import caps: 0x10
 info:       tex export caps: 0x0
 info:       tex import caps: 0x70
 info:       sync export caps: 0x0
 info:       sync import caps: 0x0
debug: GPU texture formats:
debug:     NAME                 TYPE   SIZE COMP CAPS         EMU DEPTH         HOST_BITS     GLSL_TYPE  GLSL_FMT   FOURCC
debug:     r8                   UNORM  1    R    SsLRbBVutHWG n   {8  0  0  0 } {8  0  0  0 } float      r8         R8    
debug:     r8s                  SNORM  1    R    SsLRbBVutHWG n   {8  0  0  0 } {8  0  0  0 } float      r8_snorm         
debug:     rg8                  UNORM  2    RG   SsLRbBVutHWG n   {8  8  0  0 } {8  8  0  0 } vec2       rg8        GR88  
debug:     rg8s                 SNORM  2    RG   SsLRbBVutHWG n   {8  8  0  0 } {8  8  0  0 } vec2       rg8_snorm        
debug:     rgba8                UNORM  4    RGBA SsLRbBVutHWG n   {8  8  8  8 } {8  8  8  8 } vec4       rgba8      AB24  
debug:     rgba8s               SNORM  4    RGBA SsLRbBVutHWG n   {8  8  8  8 } {8  8  8  8 } vec4       rgba8_snorm       
debug:     bgra8                UNORM  4    BGRA SsLRbBVutHWG n   {8  8  8  8 } {8  8  8  8 } vec4                  AR24  
debug:     rgb10a2              UNORM  4    RGBA SsLRbBVutHWG n   {10 10 10 2 } {10 10 10 2 } vec4       rgb10_a2   AB30  
debug:     bgr10a2              UNORM  4    BGRA SsLRbB-utHWG n   {10 10 10 2 } {10 10 10 2 } vec4                  AR30  
debug:     r16                  UNORM  2    R    SsLRbBVutHWG n   {16 0  0  0 } {16 0  0  0 } float      r16        R16   
debug:     r16hf                FLOAT  2    R    SsLRbBVutHWG n   {16 0  0  0 } {16 0  0  0 } float      r16f             
debug:     r16s                 SNORM  2    R    SsLRbBVutHWG n   {16 0  0  0 } {16 0  0  0 } float      r16_snorm        
debug:     rg16                 UNORM  4    RG   SsLRbBVutHWG n   {16 16 0  0 } {16 16 0  0 } vec2       rg16       GR32  
debug:     rg16hf               FLOAT  4    RG   SsLRbBVutHWG n   {16 16 0  0 } {16 16 0  0 } vec2       rg16f            
debug:     rg16s                SNORM  4    RG   SsLRbBVutHWG n   {16 16 0  0 } {16 16 0  0 } vec2       rg16_snorm       
debug:     rgba16               UNORM  8    RGBA SsLRbBVutHWG n   {16 16 16 16} {16 16 16 16} vec4       rgba16     AB48  
debug:     rgba16hf             FLOAT  8    RGBA SsLRbBVutHWG n   {16 16 16 16} {16 16 16 16} vec4       rgba16f    AB4H  
debug:     rgba16s              SNORM  8    RGBA SsLRbBVutHWG n   {16 16 16 16} {16 16 16 16} vec4       rgba16_snorm       
debug:     r32f                 FLOAT  4    R    SsLRbBVutHWG n   {32 0  0  0 } {32 0  0  0 } float      r32f             
debug:     rg32f                FLOAT  8    RG   SsLRbBVutHWG n   {32 32 0  0 } {32 32 0  0 } vec2       rg32f            
debug:     rgba32f              FLOAT  16   RGBA SsLRbBVutHWG n   {32 32 32 32} {32 32 32 32} vec4       rgba32f          
debug:     a1bgr5               UNORM  2    ABGR S-LRbB-u-H-G n   {1  5  5  5 } {1  5  5  5 } vec4                  RA15  
debug:     abgr4                UNORM  2    ABGR S-LRbB-u-H-G n   {4  4  4  4 } {4  4  4  4 } vec4                  RA12  
debug:     bgr5a1               UNORM  2    BGRA S-LRbB-u-H-G n   {5  5  5  1 } {5  5  5  1 } vec4                  AR15  
debug:     bgr565               UNORM  2    BGR  S-LRbB-u-H-G n   {5  6  5  0 } {5  6  5  0 } vec3                  RG16  
debug:     r8i                  SINT   1    R    Ss-R-BVutHWG n   {8  0  0  0 } {8  0  0  0 } int        r8i              
debug:     r8u                  UINT   1    R    Ss-R-BVutHWG n   {8  0  0  0 } {8  0  0  0 } uint       r8ui             
debug:     rg8i                 SINT   2    RG   Ss-R-BVutHWG n   {8  8  0  0 } {8  8  0  0 } ivec2      rg8i             
debug:     rg8u                 UINT   2    RG   Ss-R-BVutHWG n   {8  8  0  0 } {8  8  0  0 } uvec2      rg8ui            
debug:     rgba8i               SINT   4    RGBA Ss-R-BVutHWG n   {8  8  8  8 } {8  8  8  8 } ivec4      rgba8i           
debug:     rgba8u               UINT   4    RGBA Ss-R-BVutHWG n   {8  8  8  8 } {8  8  8  8 } uvec4      rgba8ui          
debug:     rgb10a2u             UINT   4    RGBA Ss-R-B-utHWG n   {10 10 10 2 } {10 10 10 2 } uvec4      rgb10_a2ui       
debug:     r16i                 SINT   2    R    Ss-R-BVutHWG n   {16 0  0  0 } {16 0  0  0 } int        r16i             
debug:     r16u                 UINT   2    R    Ss-R-BVutHWG n   {16 0  0  0 } {16 0  0  0 } uint       r16ui            
debug:     rg16i                SINT   4    RG   Ss-R-BVutHWG n   {16 16 0  0 } {16 16 0  0 } ivec2      rg16i            
debug:     rg16u                UINT   4    RG   Ss-R-BVutHWG n   {16 16 0  0 } {16 16 0  0 } uvec2      rg16ui           
debug:     rgba16i              SINT   8    RGBA Ss-R-BVutHWG n   {16 16 16 16} {16 16 16 16} ivec4      rgba16i          
debug:     rgba16u              UINT   8    RGBA Ss-R-BVutHWG n   {16 16 16 16} {16 16 16 16} uvec4      rgba16ui         
debug:     r32i                 SINT   4    R    Ss-R-BVutHWG n   {32 0  0  0 } {32 0  0  0 } int        r32i             
debug:     r32u                 UINT   4    R    Ss-R-BVutHWG n   {32 0  0  0 } {32 0  0  0 } uint       r32ui            
debug:     rg32i                SINT   8    RG   Ss-R-BVutHWG n   {32 32 0  0 } {32 32 0  0 } ivec2      rg32i            
debug:     rg32u                UINT   8    RG   Ss-R-BVutHWG n   {32 32 0  0 } {32 32 0  0 } uvec2      rg32ui           
debug:     rgba32i              SINT   16   RGBA Ss-R-BVutHWG n   {32 32 32 32} {32 32 32 32} ivec4      rgba32i          
debug:     rgba32u              UINT   16   RGBA Ss-R-BVutHWG n   {32 32 32 32} {32 32 32 32} uvec4      rgba32ui         
debug:     bgra8i               SINT   4    BGRA Ss---B---HWG n   {8  8  8  8 } {8  8  8  8 }                             
debug:     bgra8u               UINT   4    BGRA Ss---B---HWG n   {8  8  8  8 } {8  8  8  8 }                             
debug:     a1rgb5               UNORM  2    ARGB S-L------H-G n   {1  5  5  5 } {1  5  5  5 }                       BA15  
debug:     argb4                UNORM  2    ARGB S-L------H-G n   {4  4  4  4 } {4  4  4  4 }                       BA12  
debug:     rgb565               UNORM  2    RGB  S-L------H-G n   {5  6  5  0 } {5  6  5  0 }                       BG16  
debug:     rx10                 UNORM  2    R    S-L------H-G n   {10 0  0  0 } {16 0  0  0 }                             
debug:     rxgx10               UNORM  4    RG   S-L------H-G n   {10 10 0  0 } {16 16 0  0 }                             
debug:     rx12                 UNORM  2    R    S-L------H-G n   {12 0  0  0 } {16 0  0  0 }                             
debug:     rxgx12               UNORM  4    RG   S-L------H-G n   {12 12 0  0 } {16 16 0  0 }                             
debug:     gr4                  UNORM  1    GR   ---------H-- n   {4  4  0  0 } {4  4  0  0 }                             
debug:     rgb8i                SINT   3    RGB  ------V--H-- n   {8  8  8  0 } {8  8  8  0 } ivec3                       
debug:     rgb8s                SNORM  3    RGB  ------V--H-- n   {8  8  8  0 } {8  8  8  0 } vec3                        
debug:     rgb8u                UINT   3    RGB  ------V--H-- n   {8  8  8  0 } {8  8  8  0 } uvec3                       
debug:     bgr8                 UNORM  3    BGR  ---------H-- n   {8  8  8  0 } {8  8  8  0 }                       RG24  
debug:     bgr8i                SINT   3    BGR  ---------H-- n   {8  8  8  0 } {8  8  8  0 }                             
debug:     bgr8u                UINT   3    BGR  ---------H-- n   {8  8  8  0 } {8  8  8  0 }                             
debug:     rgb10a2i             SINT   4    RGBA ---------H-- n   {10 10 10 2 } {10 10 10 2 }                             
debug:     rgb10a2s             SNORM  4    RGBA ------V--H-- n   {10 10 10 2 } {10 10 10 2 } vec4                        
debug:     bgr10a2i             SINT   4    BGRA ---------H-- n   {10 10 10 2 } {10 10 10 2 }                             
debug:     bgr10a2s             SNORM  4    BGRA ---------H-- n   {10 10 10 2 } {10 10 10 2 }                             
debug:     bgr10a2u             UINT   4    BGRA ---------H-- n   {10 10 10 2 } {10 10 10 2 }                             
debug:     rgb16hf              FLOAT  6    RGB  ------V--H-- n   {16 16 16 0 } {16 16 16 0 } vec3                        
debug:     rgb16i               SINT   6    RGB  ------V--H-- n   {16 16 16 0 } {16 16 16 0 } ivec3                       
debug:     rgb16s               SNORM  6    RGB  ------V--H-- n   {16 16 16 0 } {16 16 16 0 } vec3                        
debug:     rgb16u               UINT   6    RGB  ------V--H-- n   {16 16 16 0 } {16 16 16 0 } uvec3                       
debug:     rgb32f               FLOAT  12   RGB  ------V--H-- n   {32 32 32 0 } {32 32 32 0 } vec3                        
debug:     rgb32i               SINT   12   RGB  ------V--H-- n   {32 32 32 0 } {32 32 32 0 } ivec3                       
debug:     rgb32u               UINT   12   RGB  ------V--H-- n   {32 32 32 0 } {32 32 32 0 } uvec3                       
debug:     rgb8                 UNORM  3    RGB  SsLRbBV--HWG y   {8  8  8  0 } {8  8  8  0 } vec3       rgba8      BG24  
debug:     rgb16                UNORM  6    RGB  SsLRbBV--HWG y   {16 16 16 0 } {16 16 16 0 } vec3       rgba16           
debug:     r16f                 FLOAT  4    R    SsLRbB---HWG y   {16 0  0  0 } {32 0  0  0 }            r16f             
debug:     rg16f                FLOAT  8    RG   SsLRbB---HWG y   {16 16 0  0 } {32 32 0  0 }            rg16f            
debug:     rgba16f              FLOAT  16   RGBA SsLRbB---HWG y   {16 16 16 16} {32 32 32 32}            rgba16f          
debug:     rgb16f               FLOAT  12   RGB  ---------H-- y   {16 16 16 0 } {32 32 32 0 }                             
debug:     g8_b8_r8_420         UNORM  0         ------------ n   {8  8  8  0 } {0  0  0  0 }                       YU12  
debug:     g8_b8_r8_422         UNORM  0         ------------ n   {8  8  8  0 } {0  0  0  0 }                       YU16  
debug:     g8_b8_r8_444         UNORM  0         ------------ n   {8  8  8  0 } {0  0  0  0 }                       YU24  
debug:     g8_br8_420           UNORM  0         ------------ n   {8  8  8  0 } {0  0  0  0 }                       NV12  
debug:     g8_br8_422           UNORM  0         ------------ n   {8  8  8  0 } {0  0  0  0 }                       NV16  
debug:     g8_br8_444           UNORM  0         ------------ n   {8  8  8  0 } {0  0  0  0 }                       NV24  
debug:     gx10_bx10_rx10_420   UNORM  0         ------------ n   {10 10 10 0 } {0  0  0  0 }                             
debug:     gx10_bx10_rx10_422   UNORM  0         ------------ n   {10 10 10 0 } {0  0  0  0 }                             
debug:     gx10_bx10_rx10_444   UNORM  0         ------------ n   {10 10 10 0 } {0  0  0  0 }                       Q410  
debug:     gx10_bxrx10_420      UNORM  0         ------------ n   {10 10 10 0 } {0  0  0  0 }                       P010  
debug:     gx10_bxrx10_422      UNORM  0         ------------ n   {10 10 10 0 } {0  0  0  0 }                       P210  
debug:     gx10_bxrx10_444      UNORM  0         ------------ n   {10 10 10 0 } {0  0  0  0 }                             
debug:     gx12_bx12_rx12_420   UNORM  0         ------------ n   {12 12 12 0 } {0  0  0  0 }                             
debug:     gx12_bx12_rx12_422   UNORM  0         ------------ n   {12 12 12 0 } {0  0  0  0 }                             
debug:     gx12_bx12_rx12_444   UNORM  0         ------------ n   {12 12 12 0 } {0  0  0  0 }                             
debug:     gx12_bxrx12_420      UNORM  0         ------------ n   {12 12 12 0 } {0  0  0  0 }                       P012  
debug:     gx12_bxrx12_422      UNORM  0         ------------ n   {12 12 12 0 } {0  0  0  0 }                             
debug:     gx12_bxrx12_444      UNORM  0         ------------ n   {12 12 12 0 } {0  0  0  0 }                             
debug:     g16_b16_r16_420      UNORM  0         ------------ n   {16 16 16 0 } {0  0  0  0 }                             
debug:     g16_b16_r16_422      UNORM  0         ------------ n   {16 16 16 0 } {0  0  0  0 }                             
debug:     g16_b16_r16_444      UNORM  0         ------------ n   {16 16 16 0 } {0  0  0  0 }                             
debug:     g16_br16_420         UNORM  0         ------------ n   {16 16 16 0 } {0  0  0  0 }                       P016  
debug:     g16_br16_422         UNORM  0         ------------ n   {16 16 16 0 } {0  0  0  0 }                             
debug:     g16_br16_444         UNORM  0         ------------ n   {16 16 16 0 } {0  0  0  0 }                             
debug: (Re)creating 1920x1080x0 texture with format r16: ../src/utils/upload.c:246
trace: vk->CreateImage(vk->dev, &iinfo, PL_VK_ALLOC, &tex_vk->img)
debug: Allocating 4308992 memory of type 0x1 (id 0) in heap 0: ../src/utils/upload.c:246
trace: Memory heaps supported by device:
trace:     0: flags 0x1 size 8192M
debug: Memory types supported by device:
debug:     0: flags 0x1 heap 0
debug:     1: flags 0xf heap 0
debug:     2: flags 0x11 heap 0
trace: Memory pool 0:
trace:     Compatible types: 0x3
trace:     Optimal flags: 0x1
trace:     Pool summary:     0 used     0 res     0 alloc, efficiency 100.00%, utilization 100.00%
trace: Memory summary:     0 used     0 res     0 alloc, efficiency 100.00%, utilization 100.00%, max page:  512M
 info: Spent 66.468 ms allocating slab
trace: vk->BindImageMemory(vk->dev, tex_vk->img, mem->vkmem, mem->offset)
trace: vk->CreateImageView(vk->dev, &vinfo, PL_VK_ALLOC, &tex_vk->view)
debug: Imported host pointer is not page-aligned. This should normally be fine on most platforms, but may cause issues in some rare circumstances.
trace: Rounding imported host pointer 0x54c800000 + 0 -> 4147200 to nearest page boundaries: 0x54c800000 + 0 -> 4161536
trace: vk->CreateBuffer(vk->dev, &binfo, PL_VK_ALLOC, &buffer)
trace: vk->GetMemoryHostPointerPropertiesEXT(vk->dev, vk_handle_type, shmem->handle.ptr, &ptrprops)
trace: vk->AllocateMemory(vk->dev, &ainfo, PL_VK_ALLOC, &vkmem)
trace: Imported 4064K bytes from ptr: 0x54c800000
trace: vk->MapMemory(vk->dev, slab->mem, 0, VK_WHOLE_SIZE, 0, &slab->data)
trace: vk->BindBufferMemory(vk->dev, buffer, vkmem, 0)
trace: vk->AllocateCommandBuffers(vk->dev, &ainfo, &cmd->buf)
trace: vk->CreateFence(vk->dev, &finfo, PL_VK_ALLOC, &cmd->fence)
trace: vk->BeginCommandBuffer(cmd->buf, &binfo)
debug: (Re)creating 960x540x0 texture with format r16: ../src/utils/upload.c:246
trace: vk->CreateImage(vk->dev, &iinfo, PL_VK_ALLOC, &tex_vk->img)
debug: Allocating 1212416 memory of type 0x1 (id 0) in heap 0: ../src/utils/upload.c:246
trace: Memory heaps supported by device:
trace:     0: flags 0x1 size 8192M
debug: Memory types supported by device:
debug:     0: flags 0x1 heap 0
debug:     1: flags 0xf heap 0
debug:     2: flags 0x11 heap 0
trace: Memory pool 0:
trace:     Compatible types: 0x3
trace:     Optimal flags: 0x1
trace:     Slab  0:        0 x 4208K: 4208K used 4208K res 4208K alloc from heap 0, efficiency 100.00%  [../src/utils/upload.c:246]
trace:     Pool summary: 4208K used 4208K res 4208K alloc, efficiency 100.00%, utilization 100.00%
trace: Memory summary: 4208K used 4208K res 4208K alloc, efficiency 100.00%, utilization 100.00%, max page:  512M
debug: Spent 0.177 ms allocating slab
trace: vk->BindImageMemory(vk->dev, tex_vk->img, mem->vkmem, mem->offset)
trace: vk->CreateImageView(vk->dev, &vinfo, PL_VK_ALLOC, &tex_vk->view)
trace: Rounding imported host pointer 0x880a48000 + 0 -> 1036800 to nearest page boundaries: 0x880a48000 + 0 -> 1048576
trace: vk->CreateBuffer(vk->dev, &binfo, PL_VK_ALLOC, &buffer)
trace: vk->GetMemoryHostPointerPropertiesEXT(vk->dev, vk_handle_type, shmem->handle.ptr, &ptrprops)
trace: vk->AllocateMemory(vk->dev, &ainfo, PL_VK_ALLOC, &vkmem)
trace: Imported 1024K bytes from ptr: 0x880a48000
trace: vk->MapMemory(vk->dev, slab->mem, 0, VK_WHOLE_SIZE, 0, &slab->data)
trace: vk->BindBufferMemory(vk->dev, buffer, vkmem, 0)
debug: (Re)creating 960x540x0 texture with format r16: ../src/utils/upload.c:246
trace: vk->CreateImage(vk->dev, &iinfo, PL_VK_ALLOC, &tex_vk->img)
debug: Allocating 2424832 memory of type 0x1 (id 0) in heap 0: ../src/utils/upload.c:246
trace: Memory heaps supported by device:
trace:     0: flags 0x1 size 8192M
debug: Memory types supported by device:
debug:     0: flags 0x1 heap 0
debug:     1: flags 0xf heap 0
debug:     2: flags 0x11 heap 0
trace: Memory pool 0:
trace:     Compatible types: 0x3
trace:     Optimal flags: 0x1
trace:     Slab  0:        0 x 4208K: 4208K used 4208K res 4208K alloc from heap 0, efficiency 100.00%  [../src/utils/upload.c:246]
trace:     Slab  1:        0 x 1184K: 1184K used 1184K res 1184K alloc from heap 0, efficiency 100.00%  [../src/utils/upload.c:246]
trace:     Pool summary: 5392K used 5392K res 5392K alloc, efficiency 100.00%, utilization 100.00%
trace: Memory summary: 5392K used 5392K res 5392K alloc, efficiency 100.00%, utilization 100.00%, max page:  512M
debug: Spent 0.091 ms allocating slab
trace: vk->BindImageMemory(vk->dev, tex_vk->img, mem->vkmem, mem->offset)
trace: vk->CreateImageView(vk->dev, &vinfo, PL_VK_ALLOC, &tex_vk->view)
trace: Rounding imported host pointer 0x880400000 + 0 -> 1036800 to nearest page boundaries: 0x880400000 + 0 -> 1048576
trace: vk->CreateBuffer(vk->dev, &binfo, PL_VK_ALLOC, &buffer)
trace: vk->GetMemoryHostPointerPropertiesEXT(vk->dev, vk_handle_type, shmem->handle.ptr, &ptrprops)
trace: vk->AllocateMemory(vk->dev, &ainfo, PL_VK_ALLOC, &vkmem)
trace: Imported 1024K bytes from ptr: 0x880400000
trace: vk->MapMemory(vk->dev, slab->mem, 0, VK_WHOLE_SIZE, 0, &slab->data)
trace: vk->BindBufferMemory(vk->dev, buffer, vkmem, 0)
trace: vk->CreateImage(vk->dev, &iinfo, PL_VK_ALLOC, &tex_vk->img)
debug: Allocating 33554432 memory of type 0x1 (id 0) in heap 0: research/items/R184.browser-hevc-base-separate-dolby-vision-reshaping/tests/placebo-reference-trace.c:14
trace: Memory heaps supported by device:
trace:     0: flags 0x1 size 8192M
debug: Memory types supported by device:
debug:     0: flags 0x1 heap 0
debug:     1: flags 0xf heap 0
debug:     2: flags 0x11 heap 0
trace: Memory pool 0:
trace:     Compatible types: 0x3
trace:     Optimal flags: 0x1
trace:     Slab  0:        0 x 4208K: 4208K used 4208K res 4208K alloc from heap 0, efficiency 100.00%  [../src/utils/upload.c:246]
trace:     Slab  1:        0 x 1184K: 1184K used 1184K res 1184K alloc from heap 0, efficiency 100.00%  [../src/utils/upload.c:246]
trace:     Slab  2:        2 x 1184K: 1184K used 1184K res 2368K alloc from heap 0, efficiency 100.00%  [../src/utils/upload.c:246]
trace:     Pool summary: 6576K used 6576K res 7760K alloc, efficiency 100.00%, utilization 84.74%
trace: Memory summary: 6576K used 6576K res 7760K alloc, efficiency 100.00%, utilization 84.74%, max page:  512M
debug: Spent 0.099 ms allocating slab
trace: vk->BindImageMemory(vk->dev, tex_vk->img, mem->vkmem, mem->offset)
trace: vk->CreateImageView(vk->dev, &vinfo, PL_VK_ALLOC, &tex_vk->view)
trace: vk->CreateRenderPass(vk->dev, &rinfo, PL_VK_ALLOC, &dummyPass)
trace: vk->CreateFramebuffer(vk->dev, &finfo, PL_VK_ALLOC, &tex_vk->framebuffer)
trace: No matching format found
trace: Plane 0:
trace:     Type: luma
trace:     Components: {0}
trace:     Rect: {0.000000 0.000000} -> {1920.000000 1080.000000}
trace:     Bits: 10 (used) / 16 (sampled), shift 0
trace: Plane 1:
trace:     Type: chroma
trace:     Components: {1}
trace:     Rect: {0.250000 0.000000} -> {960.250000 540.000000}
trace:     Bits: 10 (used) / 16 (sampled), shift 0
trace: Plane 2:
trace:     Type: chroma
trace:     Components: {2}
trace:     Rect: {0.250000 0.000000} -> {960.250000 540.000000}
trace:     Bits: 10 (used) / 16 (sampled), shift 0
trace: Rounded reference rect: {0 0 1920 1080}
trace: Aligning plane 0: {0.000000 0.000000 1920.000000 1080.000000} -> {0.000000 0.000000 1920.000000 1080.000000}
trace: Aligning plane 1: {0.250000 0.000000 960.250000 540.000000} -> {0.250000 0.000000 960.250000 540.000000}
trace: Aligning plane 2: {0.250000 0.000000 960.250000 540.000000} -> {0.250000 0.000000 960.250000 540.000000}
trace: Skipping main scaler (would be no-op)
trace: Subsampled target 0: {0.000000 0.000000 1920.000000 1080.000000} -> {0 0 1920 1080}
debug: vertex shader source:
debug: [  1] #version 450
debug: [  2] #extension GL_KHR_shader_subgroup_basic : enable 
debug: [  3] #extension GL_KHR_shader_subgroup_vote : enable 
debug: [  4] #extension GL_KHR_shader_subgroup_arithmetic : enable 
debug: [  5] #extension GL_KHR_shader_subgroup_ballot : enable 
debug: [  6] #extension GL_KHR_shader_subgroup_shuffle : enable 
debug: [  7] #extension GL_KHR_shader_subgroup_clustered : enable 
debug: [  8] #extension GL_KHR_shader_subgroup_quad : enable 
debug: [  9] #extension GL_ARB_texture_gather : enable
debug: [ 10] layout(std430, push_constant) uniform PushC {
debug: [ 11]     layout(offset=0) float _a;
debug: [ 12]     layout(offset=4) float _b;
debug: [ 13]     layout(offset=16) vec4 _c;
debug: [ 14]     layout(offset=32) float _d;
debug: [ 15]     layout(offset=36) float _e;
debug: [ 16]     layout(offset=48) vec4 _f;
debug: [ 17]     layout(offset=64) float _10;
debug: [ 18]     layout(offset=68) float _11;
debug: [ 19]     layout(offset=80) vec3 _13;
debug: [ 20]     layout(offset=92) float _8[7];
debug: [ 21]     layout(offset=128) vec4 _9[8];
debug: [ 22]     layout(offset=256) mat3 _12;
debug: [ 23]     layout(offset=304) mat3 _14;
debug: [ 24] };
debug: [ 25] layout(constant_id=0) const float _2 = 1; 
debug: [ 26] layout(constant_id=1) const float _3 = 1; 
debug: [ 27] layout(constant_id=2) const float _8004 = 1; 
debug: [ 28] layout(constant_id=3) const float _4 = 1; 
debug: [ 29] layout(constant_id=4) const float _4004 = 1; 
debug: [ 30] layout(constant_id=5) const float _5 = 1; 
debug: [ 31] layout(constant_id=6) const float _c004 = 1; 
debug: [ 32] layout(constant_id=7) const float _6 = 1; 
debug: [ 33] layout(constant_id=8) const float _7 = 1; 
debug: [ 34] layout(constant_id=9) const float _15 = 1; 
debug: [ 35] layout(binding=0) uniform  sampler2D _8002;
debug: [ 36] layout(binding=1) uniform  sampler2D _4002;
debug: [ 37] layout(binding=2) uniform  sampler2D _c002;
debug: [ 38] layout(location=0) in vec2 _19;
debug: [ 39] layout(location=0) out vec2 _8003;
debug: [ 40] layout(location=1) in vec2 _1a;
debug: [ 41] layout(location=1) out vec2 _4003;
debug: [ 42] layout(location=2) in vec2 _1b;
debug: [ 43] layout(location=2) out vec2 _c003;
debug: [ 44] layout(location=3) in vec2 _1c;
debug: [ 45] void main() {
debug: [ 46] _8003 = _19;
debug: [ 47] _4003 = _1a;
debug: [ 48] _c003 = _1b;
debug: [ 49] vec2 va_pos = _1c; 
debug: [ 50] gl_Position = vec4(va_pos, 0.0, 1.0); 
debug: [ 51] }
debug: fragment shader source:
debug: [  1] #version 450
debug: [  2] #extension GL_KHR_shader_subgroup_basic : enable 
debug: [  3] #extension GL_KHR_shader_subgroup_vote : enable 
debug: [  4] #extension GL_KHR_shader_subgroup_arithmetic : enable 
debug: [  5] #extension GL_KHR_shader_subgroup_ballot : enable 
debug: [  6] #extension GL_KHR_shader_subgroup_shuffle : enable 
debug: [  7] #extension GL_KHR_shader_subgroup_clustered : enable 
debug: [  8] #extension GL_KHR_shader_subgroup_quad : enable 
debug: [  9] #extension GL_ARB_texture_gather : enable
debug: [ 10] layout(std430, push_constant) uniform PushC {
debug: [ 11]     layout(offset=0) float _a;
debug: [ 12]     layout(offset=4) float _b;
debug: [ 13]     layout(offset=16) vec4 _c;
debug: [ 14]     layout(offset=32) float _d;
debug: [ 15]     layout(offset=36) float _e;
debug: [ 16]     layout(offset=48) vec4 _f;
debug: [ 17]     layout(offset=64) float _10;
debug: [ 18]     layout(offset=68) float _11;
debug: [ 19]     layout(offset=80) vec3 _13;
debug: [ 20]     layout(offset=92) float _8[7];
debug: [ 21]     layout(offset=128) vec4 _9[8];
debug: [ 22]     layout(offset=256) mat3 _12;
debug: [ 23]     layout(offset=304) mat3 _14;
debug: [ 24] };
debug: [ 25] layout(constant_id=0) const float _2 = 1; 
debug: [ 26] layout(constant_id=1) const float _3 = 1; 
debug: [ 27] layout(constant_id=2) const float _8004 = 1; 
debug: [ 28] layout(constant_id=3) const float _4 = 1; 
debug: [ 29] layout(constant_id=4) const float _4004 = 1; 
debug: [ 30] layout(constant_id=5) const float _5 = 1; 
debug: [ 31] layout(constant_id=6) const float _c004 = 1; 
debug: [ 32] layout(constant_id=7) const float _6 = 1; 
debug: [ 33] layout(constant_id=8) const float _7 = 1; 
debug: [ 34] layout(constant_id=9) const float _15 = 1; 
debug: [ 35] layout(binding=0) uniform  sampler2D _8002;
debug: [ 36] layout(binding=1) uniform  sampler2D _4002;
debug: [ 37] layout(binding=2) uniform  sampler2D _c002;
debug: [ 38] layout(location=0) in vec2 _8003;
debug: [ 39] layout(location=1) in vec2 _4003;
debug: [ 40] layout(location=2) in vec2 _c003;
debug: [ 41] layout(location=0) out vec4 out_color;
debug: [ 42] 
debug: [ 43] vec4 _8001() {
debug: [ 44] // pl_shader_sample_direct                                  
debug: [ 45] vec4 color = vec4(_8004) * vec4(textureLod(_8002, _8003, 0.0));   
debug: [ 46] return color;
debug: [ 47] }
debug: [ 48] 
debug: [ 49] vec4 _4001() {
debug: [ 50] // pl_shader_sample_direct                                  
debug: [ 51] vec4 color = vec4(_4004) * vec4(textureLod(_4002, _4003, 0.0));   
debug: [ 52] return color;
debug: [ 53] }
debug: [ 54] 
debug: [ 55] vec4 _c001() {
debug: [ 56] // pl_shader_sample_direct                                  
debug: [ 57] vec4 color = vec4(_c004) * vec4(textureLod(_c002, _c003, 0.0));   
debug: [ 58] return color;
debug: [ 59] }
debug: [ 60] 
debug: [ 61] vec4 _1() {
debug: [ 62] vec4 color = vec4(_2, vec2(_3), 1.0);   
debug: [ 63] // pass_read_image                        
debug: [ 64] {                                         
debug: [ 65] vec4 tmp;                                 
debug: [ 66] tmp = vec4(_4) * _8001(); 
debug: [ 67] color[0] = tmp[0];
debug: [ 68] tmp = vec4(_5) * _4001(); 
debug: [ 69] color[1] = tmp[0];
debug: [ 70] tmp = vec4(_6) * _c001(); 
debug: [ 71] color[2] = tmp[0];
debug: [ 72] }
debug: [ 73] // pl_shader_decode_color 
debug: [ 74] { 
debug: [ 75] color.rgb *= vec3(_7); 
debug: [ 76] // pl_shader_reshape                  
debug: [ 77] {                                     
debug: [ 78] vec3 sig;                             
debug: [ 79] vec4 coeffs;                          
debug: [ 80] float s;                              
debug: [ 81] sig = clamp(color.rgb, 0.0, 1.0);     
debug: [ 82] s = sig[0]; 
debug: [ 83] #define test(i) bvec4(s >= _8[i])                
debug: [ 84] #define coef(i) _9[i]                            
debug: [ 85] coeffs = mix(mix(mix(coef(0), coef(1), test(0)),  
debug: [ 86]                  mix(coef(2), coef(3), test(2)),  
debug: [ 87]                  test(1)),                        
debug: [ 88]              mix(mix(coef(4), coef(5), test(4)),  
debug: [ 89]                  mix(coef(6), coef(7), test(6)),  
debug: [ 90]                  test(5)),                        
debug: [ 91]              test(3));                            
debug: [ 92] #undef test                                       
debug: [ 93] #undef coef                                       
debug: [ 94] s = (coeffs.z * s + coeffs.y) * s + coeffs.x; 
debug: [ 95] color[0] = clamp(s, _a, _b); 
debug: [ 96] s = sig[1]; 
debug: [ 97] coeffs = _c; 
debug: [ 98] s = (coeffs.z * s + coeffs.y) * s + coeffs.x; 
debug: [ 99] color[1] = clamp(s, _d, _e); 
debug: [100] s = sig[2]; 
debug: [101] coeffs = _f; 
debug: [102] s = (coeffs.z * s + coeffs.y) * s + coeffs.x; 
debug: [103] color[2] = clamp(s, _10, _11); 
debug: [104] } 
debug: [105] color.rgb = _12 * color.rgb + _13; 
debug: [106] color.rgb = pow(max(color.rgb, 0.0), vec3(1.0/78.84375));   
debug: [107] color.rgb = max(color.rgb - vec3(0.8359375), 0.0)            
debug: [108]              / (vec3(18.8515625) - vec3(18.6875) * color.rgb);     
debug: [109] color.rgb = pow(color.rgb, vec3(1.0/0.1593017578125));             
debug: [110] color.rgb = _14 * color.rgb; 
debug: [111] color.rgb = pow(max(color.rgb, 0.0), vec3(0.1593017578125));       
debug: [112] color.rgb = (vec3(0.8359375) + vec3(18.8515625) * color.rgb)         
debug: [113]              / (vec3(1.0) + vec3(18.6875) * color.rgb);    
debug: [114] color.rgb = pow(color.rgb, vec3(78.84375));                 
debug: [115] }
debug: [116] // pl_shader_encode_color 
debug: [117] { 
debug: [118] }
debug: [119] color.rgba *= vec4(1.0 / _15); 
debug: [120] vec4 _16 = color;                 
debug: [121] color = vec4(0.0, 0.0, 0.0, 1.0); 
debug: [122] color[0] = _16[0]; 
debug: [123] color[1] = _16[1]; 
debug: [124] color[2] = _16[2]; 
debug: [125] color[3] = _16[3]; 
debug: [126] return color;
debug: [127] }
debug: [128] 
debug: [129] void main() {
debug: [130] out_color = _1();
debug: [131] }
debug: Specialization constant values:
debug:   constant_id=0: 0.000000
debug:   constant_id=1: 0.500008
debug:   constant_id=2: 64.061584
debug:   constant_id=3: 1.000000
debug:   constant_id=4: 64.061584
debug:   constant_id=5: 1.000000
debug:   constant_id=6: 64.061584
debug:   constant_id=7: 1.000000
debug:   constant_id=8: 1.000000
debug:   constant_id=9: 1.000000
trace: vk->CreateDescriptorSetLayout(vk->dev, &dinfo, PL_VK_ALLOC, &pass_vk->dsLayout)
trace: vk->CreatePipelineLayout(vk->dev, &linfo, PL_VK_ALLOC, &pass_vk->pipeLayout)
trace: vk_compile_glsl(gpu, tmp, GLSL_SHADER_VERTEX, params->vertex_shader, &vert)
debug: shaderc compile status 'success' (0 errors, 0 warnings)
trace: Generated SPIR-V:
; SPIR-V
; Version: 1.6
; Generator: Google Shaderc over Glslang; 11
; Bound: 40
; Schema: 0
               OpCapability Shader
          %1 = OpExtInstImport "GLSL.std.450"
               OpMemoryModel Logical GLSL450
               OpEntryPoint Vertex %4 "main" %9 %11 %13 %14 %16 %17 %21 %29
               OpDecorate %9 Location 0
               OpDecorate %11 Location 0
               OpDecorate %13 Location 1
               OpDecorate %14 Location 1
               OpDecorate %16 Location 2
               OpDecorate %17 Location 2
               OpDecorate %21 Location 3
               OpDecorate %_struct_27 Block
               OpMemberDecorate %_struct_27 0 BuiltIn Position
               OpMemberDecorate %_struct_27 1 BuiltIn PointSize
               OpMemberDecorate %_struct_27 2 BuiltIn ClipDistance
               OpMemberDecorate %_struct_27 3 BuiltIn CullDistance
       %void = OpTypeVoid
          %3 = OpTypeFunction %void
      %float = OpTypeFloat 32
    %v2float = OpTypeVector %float 2
%_ptr_Output_v2float = OpTypePointer Output %v2float
          %9 = OpVariable %_ptr_Output_v2float Output
%_ptr_Input_v2float = OpTypePointer Input %v2float
         %11 = OpVariable %_ptr_Input_v2float Input
         %13 = OpVariable %_ptr_Output_v2float Output
         %14 = OpVariable %_ptr_Input_v2float Input
         %16 = OpVariable %_ptr_Output_v2float Output
         %17 = OpVariable %_ptr_Input_v2float Input
         %21 = OpVariable %_ptr_Input_v2float Input
    %v4float = OpTypeVector %float 4
       %uint = OpTypeInt 32 0
     %uint_1 = OpConstant %uint 1
%_arr_float_uint_1 = OpTypeArray %float %uint_1
 %_struct_27 = OpTypeStruct %v4float %float %_arr_float_uint_1 %_arr_float_uint_1
%_ptr_Output__struct_27 = OpTypePointer Output %_struct_27
         %29 = OpVariable %_ptr_Output__struct_27 Output
        %int = OpTypeInt 32 1
      %int_0 = OpConstant %int 0
    %float_0 = OpConstant %float 0
    %float_1 = OpConstant %float 1
%_ptr_Output_v4float = OpTypePointer Output %v4float
          %4 = OpFunction %void None %3
          %5 = OpLabel
         %12 = OpLoad %v2float %11
               OpStore %9 %12
         %15 = OpLoad %v2float %14
               OpStore %13 %15
         %18 = OpLoad %v2float %17
               OpStore %16 %18
         %22 = OpLoad %v2float %21
         %35 = OpCompositeExtract %float %22 0
         %36 = OpCompositeExtract %float %22 1
         %37 = OpCompositeConstruct %v4float %35 %36 %float_0 %float_1
         %39 = OpAccessChain %_ptr_Output_v4float %29 %int_0
               OpStore %39 %37
               OpReturn
               OpFunctionEnd

 info: Spent 180.937 ms translating SPIR-V (slow!)
trace: vk_compile_glsl(gpu, tmp, GLSL_SHADER_FRAGMENT, params->glsl_shader, &frag)
debug: shaderc compile status 'success' (0 errors, 0 warnings)
trace: Generated SPIR-V:
; SPIR-V
; Version: 1.6
; Generator: Google Shaderc over Glslang; 11
; Bound: 801
; Schema: 0
               OpCapability Shader
          %1 = OpExtInstImport "GLSL.std.450"
               OpMemoryModel Logical GLSL450
               OpEntryPoint Fragment %4 "main" %24 %28 %39 %41 %51 %53 %125 %405
               OpExecutionMode %4 OriginUpperLeft
               OpDecorate %19 SpecId 2
               OpDecorate %24 Binding 0
               OpDecorate %24 DescriptorSet 0
               OpDecorate %28 Location 0
               OpDecorate %37 SpecId 4
               OpDecorate %39 Binding 1
               OpDecorate %39 DescriptorSet 0
               OpDecorate %41 Location 1
               OpDecorate %49 SpecId 6
               OpDecorate %51 Binding 2
               OpDecorate %51 DescriptorSet 0
               OpDecorate %53 Location 2
               OpDecorate %61 SpecId 0
               OpDecorate %62 SpecId 1
               OpDecorate %69 SpecId 3
               OpDecorate %79 SpecId 5
               OpDecorate %87 SpecId 7
               OpDecorate %95 SpecId 8
               OpDecorate %_arr_float_uint_7 ArrayStride 4
               OpDecorate %_arr_v4float_uint_8 ArrayStride 16
               OpDecorate %_struct_123 Block
               OpMemberDecorate %_struct_123 0 Offset 0
               OpMemberDecorate %_struct_123 1 Offset 4
               OpMemberDecorate %_struct_123 2 Offset 16
               OpMemberDecorate %_struct_123 3 Offset 32
               OpMemberDecorate %_struct_123 4 Offset 36
               OpMemberDecorate %_struct_123 5 Offset 48
               OpMemberDecorate %_struct_123 6 Offset 64
               OpMemberDecorate %_struct_123 7 Offset 68
               OpMemberDecorate %_struct_123 8 Offset 80
               OpMemberDecorate %_struct_123 9 Offset 92
               OpMemberDecorate %_struct_123 10 Offset 128
               OpMemberDecorate %_struct_123 11 ColMajor
               OpMemberDecorate %_struct_123 11 MatrixStride 16
               OpMemberDecorate %_struct_123 11 Offset 256
               OpMemberDecorate %_struct_123 12 ColMajor
               OpMemberDecorate %_struct_123 12 MatrixStride 16
               OpMemberDecorate %_struct_123 12 Offset 304
               OpDecorate %380 SpecId 9
               OpDecorate %405 Location 0
       %void = OpTypeVoid
          %3 = OpTypeFunction %void
      %float = OpTypeFloat 32
    %v4float = OpTypeVector %float 4
         %19 = OpSpecConstant %float 1
         %20 = OpSpecConstantComposite %v4float %19 %19 %19 %19
         %21 = OpTypeImage %float 2D 0 0 0 1 Unknown
         %22 = OpTypeSampledImage %21
%_ptr_UniformConstant_22 = OpTypePointer UniformConstant %22
         %24 = OpVariable %_ptr_UniformConstant_22 UniformConstant
    %v2float = OpTypeVector %float 2
%_ptr_Input_v2float = OpTypePointer Input %v2float
         %28 = OpVariable %_ptr_Input_v2float Input
    %float_0 = OpConstant %float 0
         %37 = OpSpecConstant %float 1
         %38 = OpSpecConstantComposite %v4float %37 %37 %37 %37
         %39 = OpVariable %_ptr_UniformConstant_22 UniformConstant
         %41 = OpVariable %_ptr_Input_v2float Input
         %49 = OpSpecConstant %float 1
         %50 = OpSpecConstantComposite %v4float %49 %49 %49 %49
         %51 = OpVariable %_ptr_UniformConstant_22 UniformConstant
         %53 = OpVariable %_ptr_Input_v2float Input
         %61 = OpSpecConstant %float 1
         %62 = OpSpecConstant %float 1
         %63 = OpSpecConstantComposite %v2float %62 %62
    %float_1 = OpConstant %float 1
         %65 = OpSpecConstantOp %float CompositeExtract %63 0
         %66 = OpSpecConstantOp %float CompositeExtract %63 1
         %67 = OpSpecConstantComposite %v4float %61 %65 %66 %float_1
         %69 = OpSpecConstant %float 1
         %70 = OpSpecConstantComposite %v4float %69 %69 %69 %69
       %uint = OpTypeInt 32 0
         %79 = OpSpecConstant %float 1
         %80 = OpSpecConstantComposite %v4float %79 %79 %79 %79
         %87 = OpSpecConstant %float 1
         %88 = OpSpecConstantComposite %v4float %87 %87 %87 %87
         %95 = OpSpecConstant %float 1
    %v3float = OpTypeVector %float 3
         %97 = OpSpecConstantComposite %v3float %95 %95 %95
     %uint_7 = OpConstant %uint 7
%_arr_float_uint_7 = OpTypeArray %float %uint_7
     %uint_8 = OpConstant %uint 8
%_arr_v4float_uint_8 = OpTypeArray %v4float %uint_8
%mat3v3float = OpTypeMatrix %v3float 3
%_struct_123 = OpTypeStruct %float %float %v4float %float %float %v4float %float %float %v3float %_arr_float_uint_7 %_arr_v4float_uint_8 %mat3v3float %mat3v3float
%_ptr_PushConstant__struct_123 = OpTypePointer PushConstant %_struct_123
        %125 = OpVariable %_ptr_PushConstant__struct_123 PushConstant
        %int = OpTypeInt 32 1
     %int_10 = OpConstant %int 10
      %int_0 = OpConstant %int 0
%_ptr_PushConstant_v4float = OpTypePointer PushConstant %v4float
      %int_1 = OpConstant %int 1
      %int_9 = OpConstant %int 9
%_ptr_PushConstant_float = OpTypePointer PushConstant %float
       %bool = OpTypeBool
     %v4bool = OpTypeVector %bool 4
      %int_2 = OpConstant %int 2
      %int_3 = OpConstant %int 3
      %int_4 = OpConstant %int 4
      %int_5 = OpConstant %int 5
      %int_6 = OpConstant %int 6
      %int_7 = OpConstant %int 7
     %int_11 = OpConstant %int 11
%_ptr_PushConstant_mat3v3float = OpTypePointer PushConstant %mat3v3float
      %int_8 = OpConstant %int 8
%_ptr_PushConstant_v3float = OpTypePointer PushConstant %v3float
%float_0_0126833133 = OpConstant %float 0.0126833133
        %287 = OpConstantComposite %v3float %float_0_0126833133 %float_0_0126833133 %float_0_0126833133
%float_0_8359375 = OpConstant %float 0.8359375
        %298 = OpConstantComposite %v3float %float_0_8359375 %float_0_8359375 %float_0_8359375
%float_18_8515625 = OpConstant %float 18.8515625
        %303 = OpConstantComposite %v3float %float_18_8515625 %float_18_8515625 %float_18_8515625
%float_18_6875 = OpConstant %float 18.6875
        %305 = OpConstantComposite %v3float %float_18_6875 %float_18_6875 %float_18_6875
%float_6_27739477 = OpConstant %float 6.27739477
        %320 = OpConstantComposite %v3float %float_6_27739477 %float_6_27739477 %float_6_27739477
     %int_12 = OpConstant %int 12
%float_0_159301758 = OpConstant %float 0.159301758
        %345 = OpConstantComposite %v3float %float_0_159301758 %float_0_159301758 %float_0_159301758
        %357 = OpConstantComposite %v3float %float_1 %float_1 %float_1
%float_78_84375 = OpConstant %float 78.84375
        %372 = OpConstantComposite %v3float %float_78_84375 %float_78_84375 %float_78_84375
        %380 = OpSpecConstant %float 1
%_ptr_Output_v4float = OpTypePointer Output %v4float
        %405 = OpVariable %_ptr_Output_v4float Output
        %800 = OpConstantComposite %v3float %float_0 %float_0 %float_0
          %4 = OpFunction %void None %3
          %5 = OpLabel
        %686 = OpLoad %22 %24
        %687 = OpLoad %v2float %28
        %688 = OpImageSampleExplicitLod %v4float %686 %687 Lod %float_0
        %689 = OpFMul %v4float %20 %688
        %416 = OpFMul %v4float %70 %689
        %418 = OpCompositeExtract %float %416 0
        %709 = OpCompositeInsert %v4float %418 %67 0
        %694 = OpLoad %22 %39
        %695 = OpLoad %v2float %41
        %696 = OpImageSampleExplicitLod %v4float %694 %695 Lod %float_0
        %697 = OpFMul %v4float %38 %696
        %421 = OpFMul %v4float %80 %697
        %423 = OpCompositeExtract %float %421 0
        %712 = OpCompositeInsert %v4float %423 %709 1
        %702 = OpLoad %22 %51
        %703 = OpLoad %v2float %53
        %704 = OpImageSampleExplicitLod %v4float %702 %703 Lod %float_0
        %705 = OpFMul %v4float %50 %704
        %426 = OpFMul %v4float %88 %705
        %428 = OpCompositeExtract %float %426 0
        %715 = OpCompositeInsert %v4float %428 %712 2
        %431 = OpVectorShuffle %v3float %715 %715 0 1 2
        %432 = OpFMul %v3float %431 %97
        %434 = OpCompositeExtract %float %432 0
        %717 = OpCompositeInsert %v4float %434 %715 0
        %436 = OpCompositeExtract %float %432 1
        %719 = OpCompositeInsert %v4float %436 %717 1
        %438 = OpCompositeExtract %float %432 2
        %721 = OpCompositeInsert %v4float %438 %719 2
        %440 = OpVectorShuffle %v3float %721 %721 0 1 2
        %443 = OpExtInst %v3float %1 FClamp %440 %800 %357
        %445 = OpCompositeExtract %float %443 0
        %446 = OpAccessChain %_ptr_PushConstant_v4float %125 %int_10 %int_0
        %447 = OpLoad %v4float %446
        %448 = OpAccessChain %_ptr_PushConstant_v4float %125 %int_10 %int_1
        %449 = OpLoad %v4float %448
        %451 = OpAccessChain %_ptr_PushConstant_float %125 %int_9 %int_0
        %452 = OpLoad %float %451
        %453 = OpFOrdGreaterThanEqual %bool %445 %452
        %454 = OpCompositeConstruct %v4bool %453 %453 %453 %453
        %455 = OpSelect %v4float %454 %449 %447
        %456 = OpAccessChain %_ptr_PushConstant_v4float %125 %int_10 %int_2
        %457 = OpLoad %v4float %456
        %458 = OpAccessChain %_ptr_PushConstant_v4float %125 %int_10 %int_3
        %459 = OpLoad %v4float %458
        %461 = OpAccessChain %_ptr_PushConstant_float %125 %int_9 %int_2
        %462 = OpLoad %float %461
        %463 = OpFOrdGreaterThanEqual %bool %445 %462
        %464 = OpCompositeConstruct %v4bool %463 %463 %463 %463
        %465 = OpSelect %v4float %464 %459 %457
        %467 = OpAccessChain %_ptr_PushConstant_float %125 %int_9 %int_1
        %468 = OpLoad %float %467
        %469 = OpFOrdGreaterThanEqual %bool %445 %468
        %470 = OpCompositeConstruct %v4bool %469 %469 %469 %469
        %471 = OpSelect %v4float %470 %465 %455
        %472 = OpAccessChain %_ptr_PushConstant_v4float %125 %int_10 %int_4
        %473 = OpLoad %v4float %472
        %474 = OpAccessChain %_ptr_PushConstant_v4float %125 %int_10 %int_5
        %475 = OpLoad %v4float %474
        %477 = OpAccessChain %_ptr_PushConstant_float %125 %int_9 %int_4
        %478 = OpLoad %float %477
        %479 = OpFOrdGreaterThanEqual %bool %445 %478
        %480 = OpCompositeConstruct %v4bool %479 %479 %479 %479
        %481 = OpSelect %v4float %480 %475 %473
        %482 = OpAccessChain %_ptr_PushConstant_v4float %125 %int_10 %int_6
        %483 = OpLoad %v4float %482
        %484 = OpAccessChain %_ptr_PushConstant_v4float %125 %int_10 %int_7
        %485 = OpLoad %v4float %484
        %487 = OpAccessChain %_ptr_PushConstant_float %125 %int_9 %int_6
        %488 = OpLoad %float %487
        %489 = OpFOrdGreaterThanEqual %bool %445 %488
        %490 = OpCompositeConstruct %v4bool %489 %489 %489 %489
        %491 = OpSelect %v4float %490 %485 %483
        %493 = OpAccessChain %_ptr_PushConstant_float %125 %int_9 %int_5
        %494 = OpLoad %float %493
        %495 = OpFOrdGreaterThanEqual %bool %445 %494
        %496 = OpCompositeConstruct %v4bool %495 %495 %495 %495
        %497 = OpSelect %v4float %496 %491 %481
        %499 = OpAccessChain %_ptr_PushConstant_float %125 %int_9 %int_3
        %500 = OpLoad %float %499
        %501 = OpFOrdGreaterThanEqual %bool %445 %500
        %502 = OpCompositeConstruct %v4bool %501 %501 %501 %501
        %503 = OpSelect %v4float %502 %497 %471
        %505 = OpCompositeExtract %float %503 2
        %507 = OpFMul %float %505 %445
        %509 = OpCompositeExtract %float %503 1
        %510 = OpFAdd %float %507 %509
        %512 = OpFMul %float %510 %445
        %514 = OpCompositeExtract %float %503 0
        %515 = OpFAdd %float %512 %514
        %517 = OpAccessChain %_ptr_PushConstant_float %125 %int_0
        %518 = OpLoad %float %517
        %519 = OpAccessChain %_ptr_PushConstant_float %125 %int_1
        %520 = OpLoad %float %519
        %521 = OpExtInst %float %1 FClamp %515 %518 %520
        %727 = OpCompositeInsert %v4float %521 %721 0
        %524 = OpCompositeExtract %float %443 1
        %525 = OpAccessChain %_ptr_PushConstant_v4float %125 %int_2
        %526 = OpLoad %v4float %525
        %528 = OpCompositeExtract %float %526 2
        %530 = OpFMul %float %528 %524
        %532 = OpCompositeExtract %float %526 1
        %533 = OpFAdd %float %530 %532
        %535 = OpFMul %float %533 %524
        %537 = OpCompositeExtract %float %526 0
        %538 = OpFAdd %float %535 %537
        %540 = OpAccessChain %_ptr_PushConstant_float %125 %int_3
        %541 = OpLoad %float %540
        %542 = OpAccessChain %_ptr_PushConstant_float %125 %int_4
        %543 = OpLoad %float %542
        %544 = OpExtInst %float %1 FClamp %538 %541 %543
        %733 = OpCompositeInsert %v4float %544 %727 1
        %547 = OpCompositeExtract %float %443 2
        %548 = OpAccessChain %_ptr_PushConstant_v4float %125 %int_5
        %549 = OpLoad %v4float %548
        %551 = OpCompositeExtract %float %549 2
        %553 = OpFMul %float %551 %547
        %555 = OpCompositeExtract %float %549 1
        %556 = OpFAdd %float %553 %555
        %558 = OpFMul %float %556 %547
        %560 = OpCompositeExtract %float %549 0
        %561 = OpFAdd %float %558 %560
        %563 = OpAccessChain %_ptr_PushConstant_float %125 %int_6
        %564 = OpLoad %float %563
        %565 = OpAccessChain %_ptr_PushConstant_float %125 %int_7
        %566 = OpLoad %float %565
        %567 = OpExtInst %float %1 FClamp %561 %564 %566
        %739 = OpCompositeInsert %v4float %567 %733 2
        %569 = OpAccessChain %_ptr_PushConstant_mat3v3float %125 %int_11
        %570 = OpLoad %mat3v3float %569
        %572 = OpVectorShuffle %v3float %739 %739 0 1 2
        %573 = OpMatrixTimesVector %v3float %570 %572
        %574 = OpAccessChain %_ptr_PushConstant_v3float %125 %int_8
        %575 = OpLoad %v3float %574
        %576 = OpFAdd %v3float %573 %575
        %578 = OpCompositeExtract %float %576 0
        %741 = OpCompositeInsert %v4float %578 %739 0
        %580 = OpCompositeExtract %float %576 1
        %743 = OpCompositeInsert %v4float %580 %741 1
        %582 = OpCompositeExtract %float %576 2
        %745 = OpCompositeInsert %v4float %582 %743 2
        %584 = OpVectorShuffle %v3float %745 %745 0 1 2
        %586 = OpExtInst %v3float %1 FMax %584 %800
        %587 = OpExtInst %v3float %1 Pow %586 %287
        %589 = OpCompositeExtract %float %587 0
        %747 = OpCompositeInsert %v4float %589 %745 0
        %591 = OpCompositeExtract %float %587 1
        %749 = OpCompositeInsert %v4float %591 %747 1
        %593 = OpCompositeExtract %float %587 2
        %751 = OpCompositeInsert %v4float %593 %749 2
        %595 = OpVectorShuffle %v3float %751 %751 0 1 2
        %596 = OpFSub %v3float %595 %298
        %598 = OpExtInst %v3float %1 FMax %596 %800
        %601 = OpFMul %v3float %305 %595
        %602 = OpFSub %v3float %303 %601
        %603 = OpFDiv %v3float %598 %602
        %605 = OpCompositeExtract %float %603 0
        %753 = OpCompositeInsert %v4float %605 %751 0
        %607 = OpCompositeExtract %float %603 1
        %755 = OpCompositeInsert %v4float %607 %753 1
        %609 = OpCompositeExtract %float %603 2
        %757 = OpCompositeInsert %v4float %609 %755 2
        %611 = OpVectorShuffle %v3float %757 %757 0 1 2
        %612 = OpExtInst %v3float %1 Pow %611 %320
        %614 = OpCompositeExtract %float %612 0
        %759 = OpCompositeInsert %v4float %614 %757 0
        %616 = OpCompositeExtract %float %612 1
        %761 = OpCompositeInsert %v4float %616 %759 1
        %618 = OpCompositeExtract %float %612 2
        %763 = OpCompositeInsert %v4float %618 %761 2
        %619 = OpAccessChain %_ptr_PushConstant_mat3v3float %125 %int_12
        %620 = OpLoad %mat3v3float %619
        %622 = OpVectorShuffle %v3float %763 %763 0 1 2
        %623 = OpMatrixTimesVector %v3float %620 %622
        %625 = OpCompositeExtract %float %623 0
        %765 = OpCompositeInsert %v4float %625 %763 0
        %627 = OpCompositeExtract %float %623 1
        %767 = OpCompositeInsert %v4float %627 %765 1
        %629 = OpCompositeExtract %float %623 2
        %769 = OpCompositeInsert %v4float %629 %767 2
        %631 = OpVectorShuffle %v3float %769 %769 0 1 2
        %633 = OpExtInst %v3float %1 FMax %631 %800
        %634 = OpExtInst %v3float %1 Pow %633 %345
        %636 = OpCompositeExtract %float %634 0
        %771 = OpCompositeInsert %v4float %636 %769 0
        %638 = OpCompositeExtract %float %634 1
        %773 = OpCompositeInsert %v4float %638 %771 1
        %640 = OpCompositeExtract %float %634 2
        %775 = OpCompositeInsert %v4float %640 %773 2
        %642 = OpVectorShuffle %v3float %775 %775 0 1 2
        %643 = OpFMul %v3float %303 %642
        %644 = OpFAdd %v3float %298 %643
        %647 = OpFMul %v3float %305 %642
        %648 = OpFAdd %v3float %357 %647
        %649 = OpFDiv %v3float %644 %648
        %651 = OpCompositeExtract %float %649 0
        %777 = OpCompositeInsert %v4float %651 %775 0
        %653 = OpCompositeExtract %float %649 1
        %779 = OpCompositeInsert %v4float %653 %777 1
        %655 = OpCompositeExtract %float %649 2
        %781 = OpCompositeInsert %v4float %655 %779 2
        %657 = OpVectorShuffle %v3float %781 %781 0 1 2
        %658 = OpExtInst %v3float %1 Pow %657 %372
        %660 = OpCompositeExtract %float %658 0
        %783 = OpCompositeInsert %v4float %660 %781 0
        %662 = OpCompositeExtract %float %658 1
        %785 = OpCompositeInsert %v4float %662 %783 1
        %664 = OpCompositeExtract %float %658 2
        %787 = OpCompositeInsert %v4float %664 %785 2
        %665 = OpFDiv %float %float_1 %380
        %666 = OpCompositeConstruct %v4float %665 %665 %665 %665
        %668 = OpFMul %v4float %787 %666
               OpStore %405 %668
               OpReturn
               OpFunctionEnd

 info: Spent 48.575 ms translating SPIR-V
trace: vk->CreatePipelineCache(vk->dev, &pcinfo, PL_VK_ALLOC, &pass_vk->cache)
trace: vk->CreateShaderModule(vk->dev, &sinfo, PL_VK_ALLOC, &pass_vk->vert)
trace: vk->CreateShaderModule(vk->dev, &sinfo, PL_VK_ALLOC, &pass_vk->shader)
trace: vk->CreateRenderPass(vk->dev, &rinfo, PL_VK_ALLOC, &pass_vk->renderPass)
debug: Spent 0.034 ms compiling shader
trace: vk_recreate_pipelines(vk, pass, has_spec, VK_NULL_HANDLE, pipe)
 info: Spent 119.110 ms creating pipeline (slow!)
debug: Pass statistics: size 0, SPIR-V: vert 0 frag 0 comp 0
trace: vk->CreateQueryPool(vk->dev, &qinfo, PL_VK_ALLOC, &timer->qpool)
trace: vk->CreateBuffer(vk->dev, &binfo, PL_VK_ALLOC, &slab->buffer)
debug: Allocating 260064 memory of type 0xf (id 1) in heap 0: ../src/gpu/utils.c:1179
trace: Memory heaps supported by device:
trace:     0: flags 0x1 size 8192M
debug: Memory types supported by device:
debug:     0: flags 0x1 heap 0
debug:     1: flags 0xf heap 0
debug:     2: flags 0x11 heap 0
trace: Memory pool 0:
trace:     Compatible types: 0x3
trace:     Optimal flags: 0x1
trace:     Slab  0:        0 x 4208K: 4208K used 4208K res 4208K alloc from heap 0, efficiency 100.00%  [../src/utils/upload.c:246]
trace:     Slab  1:        0 x 1184K: 1184K used 1184K res 1184K alloc from heap 0, efficiency 100.00%  [../src/utils/upload.c:246]
trace:     Slab  2:        2 x 1184K: 1184K used 1184K res 2368K alloc from heap 0, efficiency 100.00%  [../src/utils/upload.c:246]
trace:     Pool summary: 6576K used 6576K res 7760K alloc, efficiency 100.00%, utilization 84.74%
trace: Memory pool 1:
trace:     Compatible types: 0xffffffff
trace:     Required flags: 0x1
trace:     Optimal flags: 0x2
trace:     Buffer flags: 0xc3
trace:     Pool summary:     0 used     0 res     0 alloc, efficiency 100.00%, utilization 100.00%
trace: Memory summary: 6576K used 6576K res 7760K alloc, efficiency 100.00%, utilization 84.74%, max page:  512M
trace: vk->MapMemory(vk->dev, slab->mem, 0, VK_WHOLE_SIZE, 0, &slab->data)
trace: vk->BindBufferMemory(vk->dev, slab->buffer, slab->mem, 0)
debug: Spent 0.073 ms allocating slab
trace: vk->EndCommandBuffer(cmd->buf)
trace: Submitting command 0x10648fe38 on queue 0x1064aa538 (QF 0):
trace:     signals semaphore 0x880c07ca0 = 1
trace:     signals 15 callbacks
trace: vk->CreateBuffer(vk->dev, &binfo, PL_VK_ALLOC, &buffer)
trace: vk->GetMemoryHostPointerPropertiesEXT(vk->dev, vk_handle_type, shmem->handle.ptr, &ptrprops)
trace: vk->AllocateMemory(vk->dev, &ainfo, PL_VK_ALLOC, &vkmem)
trace: Imported   31M bytes from ptr: 0x54dc00000
trace: vk->MapMemory(vk->dev, slab->mem, 0, VK_WHOLE_SIZE, 0, &slab->data)
trace: vk->BindBufferMemory(vk->dev, buffer, vkmem, 0)
trace: vk->AllocateCommandBuffers(vk->dev, &ainfo, &cmd->buf)
trace: vk->CreateFence(vk->dev, &finfo, PL_VK_ALLOC, &cmd->fence)
trace: vk->BeginCommandBuffer(cmd->buf, &binfo)
trace: vk->EndCommandBuffer(cmd->buf)
trace: Submitting command 0x880ffc018 on queue 0x1064aa538 (QF 0):
trace:     signals semaphore 0x880c07ca0 = 2
trace:     signals 3 callbacks
trace: VkSemaphore signalled: 0x880c07ca0 = 1
trace: Unimporting slab of size 4064K from ptr: 0x54c800000
trace: Unimporting slab of size 1024K from ptr: 0x880a48000
trace: Unimporting slab of size 1024K from ptr: 0x880400000
trace: pl_tex_download: synchronous/blocking (slow path)
trace: VkSemaphore signalled: 0x880c07ca0 = 2
trace: Unimporting slab of size   31M from ptr: 0x54dc00000
debug: Freeing slab of size   32M
debug: Waiting for remaining commands...
debug: Memory heaps supported by device:
debug:     0: flags 0x1 size 8192M
debug: Memory types supported by device:
debug:     0: flags 0x1 heap 0
debug:     1: flags 0xf heap 0
debug:     2: flags 0x11 heap 0
debug: Memory pool 0:
debug:     Compatible types: 0x3
debug:     Optimal flags: 0x1
debug:     Slab  0:        1 x 4208K:     0 used     0 res 4208K alloc from heap 0, efficiency 100.00%  [../src/utils/upload.c:246]
debug:     Slab  1:        1 x 1184K:     0 used     0 res 1184K alloc from heap 0, efficiency 100.00%  [../src/utils/upload.c:246]
debug:     Slab  2:        3 x 1184K:     0 used     0 res 2368K alloc from heap 0, efficiency 100.00%  [../src/utils/upload.c:246]
debug:     Pool summary:     0 used     0 res 7760K alloc, efficiency 100.00%, utilization 0.00%
debug: Memory pool 1:
debug:     Compatible types: 0xffffffff
debug:     Required flags: 0x1
debug:     Optimal flags: 0x2
debug:     Buffer flags: 0xc3
debug:     Slab  0: 7fffffffffffffff x  4128:     0 used     0 res  253K alloc from heap 0, efficiency 100.00%  [../src/gpu/utils.c:1179]
debug:     Pool summary:     0 used     0 res  253K alloc, efficiency 100.00%, utilization 0.00%
debug: Memory summary:     0 used     0 res 8013K alloc, efficiency 100.00%, utilization 0.00%, max page:  512M
debug: Freeing slab of size 4208K
debug: Freeing slab of size 1184K
debug: Freeing slab of size 2368K
debug: Freeing slab of size  253K
