shared:INFO: (Emscripten: Running sanity checks)
cache:INFO: generating system headers: sysroot_install.stamp... (this will be cached in "/Volumes/seed2/Projects/demuxe-optimization-integration/build/native-ass-01/cache/sysroot_install.stamp" for subsequent builds)
cache:INFO:  - ok
emcc: warning: -pthread + ALLOW_MEMORY_GROWTH may run non-wasm code slowly, see https://github.com/WebAssembly/design/issues/1271 [-Wpthreads-mem-growth]
cache:INFO: generating system asset: sysroot/lib/wasm32-emscripten/crtbegin.o... (this will be cached in "/Volumes/seed2/Projects/demuxe-optimization-integration/build/native-ass-01/cache/sysroot/lib/wasm32-emscripten/crtbegin.o" for subsequent builds)
system_libs:INFO: compiled 1 inputs in 0.42s
cache:INFO:  - ok
cache:INFO: generating system library: sysroot/lib/wasm32-emscripten/libGL-mt-getprocaddr.a... (this will be cached in "/Volumes/seed2/Projects/demuxe-optimization-integration/build/native-ass-01/cache/sysroot/lib/wasm32-emscripten/libGL-mt-getprocaddr.a" for subsequent builds)
system_libs:INFO: compiled 4 inputs in 0.22s
cache:INFO:  - ok
cache:INFO: generating system library: sysroot/lib/wasm32-emscripten/libal.a... (this will be cached in "/Volumes/seed2/Projects/demuxe-optimization-integration/build/native-ass-01/cache/sysroot/lib/wasm32-emscripten/libal.a" for subsequent builds)
system_libs:INFO: compiled 1 inputs in 0.18s
cache:INFO:  - ok
cache:INFO: generating system library: sysroot/lib/wasm32-emscripten/libhtml5.a... (this will be cached in "/Volumes/seed2/Projects/demuxe-optimization-integration/build/native-ass-01/cache/sysroot/lib/wasm32-emscripten/libhtml5.a" for subsequent builds)
system_libs:INFO: compiled 5 inputs in 0.19s
cache:INFO:  - ok
cache:INFO: generating system library: sysroot/lib/wasm32-emscripten/libstubs.a... (this will be cached in "/Volumes/seed2/Projects/demuxe-optimization-integration/build/native-ass-01/cache/sysroot/lib/wasm32-emscripten/libstubs.a" for subsequent builds)
system_libs:INFO: compiled 2 inputs in 0.17s
cache:INFO:  - ok
cache:INFO: generating system library: sysroot/lib/wasm32-emscripten/libnoexit.a... (this will be cached in "/Volumes/seed2/Projects/demuxe-optimization-integration/build/native-ass-01/cache/sysroot/lib/wasm32-emscripten/libnoexit.a" for subsequent builds)
system_libs:INFO: compiled 1 inputs in 0.13s
cache:INFO:  - ok
cache:INFO: generating system library: sysroot/lib/wasm32-emscripten/libc-mt.a... (this will be cached in "/Volumes/seed2/Projects/demuxe-optimization-integration/build/native-ass-01/cache/sysroot/lib/wasm32-emscripten/libc-mt.a" for subsequent builds)
system_libs:INFO: compiled 1130 inputs in 9.99s
cache:INFO:  - ok
cache:INFO: generating system library: sysroot/lib/wasm32-emscripten/libdlmalloc-mt.a... (this will be cached in "/Volumes/seed2/Projects/demuxe-optimization-integration/build/native-ass-01/cache/sysroot/lib/wasm32-emscripten/libdlmalloc-mt.a" for subsequent builds)
system_libs:INFO: compiled 2 inputs in 0.38s
cache:INFO:  - ok
cache:INFO: generating system library: sysroot/lib/wasm32-emscripten/libcompiler_rt-mt.a... (this will be cached in "/Volumes/seed2/Projects/demuxe-optimization-integration/build/native-ass-01/cache/sysroot/lib/wasm32-emscripten/libcompiler_rt-mt.a" for subsequent builds)
system_libs:INFO: compiled 182 inputs in 1.95s
cache:INFO:  - ok
cache:INFO: generating system library: sysroot/lib/wasm32-emscripten/libc++-mt-noexcept.a... (this will be cached in "/Volumes/seed2/Projects/demuxe-optimization-integration/build/native-ass-01/cache/sysroot/lib/wasm32-emscripten/libc++-mt-noexcept.a" for subsequent builds)
system_libs:INFO: compiled 56 inputs in 5.84s
cache:INFO:  - ok
cache:INFO: generating system library: sysroot/lib/wasm32-emscripten/libc++abi-mt-noexcept.a... (this will be cached in "/Volumes/seed2/Projects/demuxe-optimization-integration/build/native-ass-01/cache/sysroot/lib/wasm32-emscripten/libc++abi-mt-noexcept.a" for subsequent builds)
system_libs:INFO: compiled 16 inputs in 1.07s
cache:INFO:  - ok
cache:INFO: generating system library: sysroot/lib/wasm32-emscripten/libsockets-mt.a... (this will be cached in "/Volumes/seed2/Projects/demuxe-optimization-integration/build/native-ass-01/cache/sysroot/lib/wasm32-emscripten/libsockets-mt.a" for subsequent builds)
system_libs:INFO: compiled 27 inputs in 0.76s
cache:INFO:  - ok
