✔ relay preserves 2-channel PCM and native consumption feedback (4.539958ms)
✔ relay preserves 6-channel PCM and native consumption feedback (1.468042ms)
✔ relay preserves 8-channel PCM and native consumption feedback (1.413166ms)
✔ native reset handshake prevents old counters and PCM from being accepted (1.241792ms)
✔ seek gate silences output while mpv has not yet completed the seek (0.73125ms)
✔ shared Wasm growth preserves the fixed native ring prefix (1.713583ms)
✔ invalid native counts fail instead of reading outside the ring (0.744708ms)
✔ consumer seek gate wins over a relay run publication racing the seek (0.536459ms)
✔ consumer starts before completion and a bounded small response measures without further demand (26.075917ms)
✔ measured response error retires and does not produce success (1.434625ms)
✔ measured response extra retires and does not produce success (0.911375ms)
✔ measured response cancel retires and does not produce success (0.753958ms)
✔ large segments stay progressive and demand driven (0.643834ms)
✔ closing after read-ahead accounts for every fetched but unconsumed byte (0.751708ms)
✔ network time includes request latency and no URL reaches the output sample (1.674666ms)
✔ cache hits or missing cross-origin timing cannot become bandwidth estimates (0.162333ms)
✔ application backpressure invalidates the sample instead of being subtracted (0.814375ms)
✔ incomplete, canceled and small resources do not create completed samples (0.093458ms)
✔ late timing entries may arrive after EOF, but missing entries expire explicitly (0.328ms)
✔ duplicate URLs consume distinct timing entries and check body size (0.23525ms)
✔ retry and sub-50ms resource samples are conservative exclusions (0.118ms)
✔ all histories are bounded and source retirement rejects later completion (0.3545ms)
✔ network completion during consumer idle is independent of later consumption (0.340666ms)
✔ earlier application waits and overflow remain excluded even if final idle spans completion (0.400042ms)
✔ full manifests remain owned by FFmpeg without fixed-selection rewriting (27.64875ms)
✔ slow candidate headers do not block opening the next active segment (3.610083ms)
✔ parallel manifests retain independent cancellation and shared byte accounting (2.143666ms)
✔ decoder reconfiguration preserves an old frame already scheduled by mpv (3.10925ms)
✔ source or seek retirement still rejects stale decoder generations (0.980416ms)
✔ unidentified output clears presented quality without attributing a request (1.399125ms)
✔ redrawing a held frame cannot relabel it with another selection at the same PTS (2.5115ms)
✔ internal paused seek draws its single new frame: selection-first (3.088958ms)
✔ internal paused seek draws its single new frame: frame-first (0.716875ms)
✔ identical PTS cannot let old native selection present a new reset generation (0.5495ms)
✔ late decoder reset retires explicit seek preroll after its waiter completes (0.899125ms)
✔ native source ownership rejects stale commands before policy changes (0.999791ms)
✔ seekable duration or byte counts cannot stand in for forward buffer (0.53925ms)
✔ verified samples and mpv forward buffer produce one source-bound request (0.564083ms)
✔ manual intent turns auto off, without recreating a native source (0.328833ms)
✔ new source clears health, estimates and request history (0.255125ms)
✔ old network samples never justify a late upswitch after inactivity (0.214333ms)
✔ invalid ceilings leave the accepted policy unchanged (0.117042ms)
✔ native rejection leaves the previously accepted automatic policy intact (0.270125ms)
✔ observed frame dropping can downswitch even with good throughput (1.935625ms)
✔ seek retirement drops do not masquerade as sustained decoder failure (0.8605ms)
✔ new decoder errors temporarily inhibit upswitching and reset with the source (0.274333ms)
✔ terminal demux errors are polled only for the accepted source (0.277416ms)
✔ manual policy never adapts, including during starvation (1.682167ms)
✔ unknown forward buffer and cache/backpressure samples cannot justify an upswitch (0.473541ms)
✔ upgrades require sustained headroom; deterioration and starvation downswitch promptly (2.579958ms)
✔ recovery from 2 to 8 Mbit/s remains slower than a downswitch (0.351167ms)
✔ manual selection is authoritative after auto; paused playback does not adapt (0.170542ms)
✔ ceilings and eligibility constrain decisions without inventing another track identity (1.26775ms)
✔ a pending upswitch is retired when conditions collapse, even if current quality is already low (0.452583ms)
✔ duplicate samples are ignored and a new source starts with no previous estimate (0.264917ms)
✔ known-length last chunk verifies EOF without losing remaining consumer bytes (13.178792ms)
✔ declared bytes followed by error never become a completed sample (2.893333ms)
✔ declared bytes followed by extra never become a completed sample (1.110458ms)
✔ declared bytes followed by cancel never become a completed sample (0.898042ms)
ℹ tests 59
ℹ suites 0
ℹ pass 59
ℹ fail 0
ℹ cancelled 0
ℹ skipped 0
ℹ todo 0
ℹ duration_ms 281.468458
