✔ relay preserves 2-channel PCM and native consumption feedback (3.882ms)
✔ relay preserves 6-channel PCM and native consumption feedback (2.179292ms)
✔ relay preserves 8-channel PCM and native consumption feedback (0.727583ms)
✔ native reset handshake prevents old counters and PCM from being accepted (0.556833ms)
✔ seek gate silences output while mpv has not yet completed the seek (0.584ms)
✔ shared Wasm growth preserves the fixed native ring prefix (1.2575ms)
✔ invalid native counts fail instead of reading outside the ring (1.749583ms)
✔ consumer seek gate wins over a relay run publication racing the seek (0.826541ms)
✔ consumer starts before completion and a bounded small response measures without further demand (28.184292ms)
✔ measured response error retires and does not produce success (1.711833ms)
✔ measured response extra retires and does not produce success (1.167167ms)
✔ measured response cancel retires and does not produce success (0.997417ms)
✔ large segments stay progressive and demand driven (0.668084ms)
✔ closing after read-ahead accounts for every fetched but unconsumed byte (0.827958ms)
✔ network time includes request latency and no URL reaches the output sample (2.182333ms)
✔ cache hits or missing cross-origin timing cannot become bandwidth estimates (0.443084ms)
✔ application backpressure invalidates the sample instead of being subtracted (1.069625ms)
✔ incomplete, canceled and small resources do not create completed samples (0.2875ms)
✔ late timing entries may arrive after EOF, but missing entries expire explicitly (0.60225ms)
✔ duplicate URLs consume distinct timing entries and check body size (0.458167ms)
✔ retry and sub-50ms resource samples are conservative exclusions (0.261459ms)
✔ all histories are bounded and source retirement rejects later completion (0.8755ms)
✔ network completion during consumer idle is independent of later consumption (0.94575ms)
✔ earlier application waits and overflow remain excluded even if final idle spans completion (0.408959ms)
✔ full manifests remain owned by FFmpeg without fixed-selection rewriting (29.305ms)
✔ slow candidate headers do not block opening the next active segment (4.590083ms)
✔ parallel manifests retain independent cancellation and shared byte accounting (2.277083ms)
✔ decoder reconfiguration preserves an old frame already scheduled by mpv (4.173542ms)
✔ source or seek retirement still rejects stale decoder generations (1.757958ms)
✔ unidentified output clears presented quality without attributing a request (1.517209ms)
✔ redrawing a held frame cannot relabel it with another selection at the same PTS (2.38025ms)
✔ internal paused seek draws its single new frame: selection-first (2.962917ms)
✔ internal paused seek draws its single new frame: frame-first (1.591167ms)
✔ identical PTS cannot let old native selection present a new reset generation (1.318208ms)
✔ late decoder reset retires explicit seek preroll after its waiter completes (0.97025ms)
✔ native source ownership rejects stale commands before policy changes (0.879666ms)
✔ seekable duration or byte counts cannot stand in for forward buffer (1.298375ms)
✔ verified samples and mpv forward buffer produce one source-bound request (1.074875ms)
✔ manual intent turns auto off, without recreating a native source (0.271625ms)
✔ new source clears health, estimates and request history (0.204833ms)
✔ old network samples never justify a late upswitch after inactivity (0.211833ms)
✔ invalid ceilings leave the accepted policy unchanged (0.111417ms)
✔ native rejection leaves the previously accepted automatic policy intact (0.07925ms)
✔ observed frame dropping can downswitch even with good throughput (0.421166ms)
✔ seek retirement drops do not masquerade as sustained decoder failure (0.535ms)
✔ new decoder errors temporarily inhibit upswitching and reset with the source (0.202708ms)
✔ terminal demux errors are polled only for the accepted source (0.940875ms)
✔ manual policy never adapts, including during starvation (0.708083ms)
✔ unknown forward buffer and cache/backpressure samples cannot justify an upswitch (0.196875ms)
✔ upgrades require sustained headroom; deterioration and starvation downswitch promptly (0.753542ms)
✔ recovery from 2 to 8 Mbit/s remains slower than a downswitch (0.259791ms)
✔ manual selection is authoritative after auto; paused playback does not adapt (0.144708ms)
✔ ceilings and eligibility constrain decisions without inventing another track identity (0.40025ms)
✔ a pending upswitch is retired when conditions collapse, even if current quality is already low (0.180875ms)
✔ duplicate samples are ignored and a new source starts with no previous estimate (0.0995ms)
✔ known-length last chunk verifies EOF without losing remaining consumer bytes (12.359875ms)
✔ declared bytes followed by error never become a completed sample (2.853833ms)
✔ declared bytes followed by extra never become a completed sample (1.04675ms)
✔ declared bytes followed by cancel never become a completed sample (0.919125ms)
ℹ tests 59
ℹ suites 0
ℹ pass 59
ℹ fail 0
ℹ cancelled 0
ℹ skipped 0
ℹ todo 0
ℹ duration_ms 245.419625
