✔ relay preserves 2-channel PCM and native consumption feedback (10.796875ms)
✔ relay preserves 6-channel PCM and native consumption feedback (1.051292ms)
✔ relay preserves 8-channel PCM and native consumption feedback (1.010292ms)
✔ native reset handshake prevents old counters and PCM from being accepted (1.354958ms)
✔ seek gate silences output while mpv has not yet completed the seek (0.6725ms)
✔ shared Wasm growth preserves the fixed native ring prefix (2.6865ms)
✔ invalid native counts fail instead of reading outside the ring (2.196458ms)
✔ consumer seek gate wins over a relay run publication racing the seek (1.2145ms)
✔ consumer starts before completion and a bounded small response measures without further demand (26.360291ms)
✔ measured response error retires and does not produce success (1.890834ms)
✔ measured response extra retires and does not produce success (1.873209ms)
✔ measured response cancel retires and does not produce success (0.985292ms)
✔ large segments stay progressive and demand driven (0.721875ms)
✔ closing after read-ahead accounts for every fetched but unconsumed byte (1.101375ms)
✔ network time includes request latency and no URL reaches the output sample (0.785083ms)
✔ cache hits or missing cross-origin timing cannot become bandwidth estimates (0.154125ms)
✔ application backpressure invalidates the sample instead of being subtracted (0.607791ms)
✔ incomplete, canceled and small resources do not create completed samples (0.078916ms)
✔ late timing entries may arrive after EOF, but missing entries expire explicitly (0.228833ms)
✔ duplicate URLs consume distinct timing entries and check body size (0.172833ms)
✔ retry and sub-50ms resource samples are conservative exclusions (0.094833ms)
✔ all histories are bounded and source retirement rejects later completion (0.330875ms)
✔ network completion during consumer idle is independent of later consumption (0.346208ms)
✔ earlier application waits and overflow remain excluded even if final idle spans completion (0.337917ms)
✔ full manifests remain owned by FFmpeg without fixed-selection rewriting (19.417834ms)
✔ slow candidate headers do not block opening the next active segment (3.516083ms)
✔ parallel manifests retain independent cancellation and shared byte accounting (1.88475ms)
✔ decoder reconfiguration preserves an old frame already scheduled by mpv (3.498959ms)
✔ source or seek retirement still rejects stale decoder generations (0.66475ms)
✔ unidentified output clears presented quality without attributing a request (0.447625ms)
✔ redrawing a held frame cannot relabel it with another selection at the same PTS (2.141708ms)
✔ internal paused seek draws its single new frame: selection-first (1.396042ms)
✔ internal paused seek draws its single new frame: frame-first (1.271167ms)
✔ identical PTS cannot let old native selection present a new reset generation (0.647792ms)
✔ late decoder reset retires explicit seek preroll after its waiter completes (1.0985ms)
✔ native source ownership rejects stale commands before policy changes (0.805583ms)
✔ seekable duration or byte counts cannot stand in for forward buffer (0.476167ms)
✔ verified samples and mpv forward buffer produce one source-bound request (0.457875ms)
✔ manual intent turns auto off, without recreating a native source (0.225709ms)
✔ new source clears health, estimates and request history (0.195375ms)
✔ old network samples never justify a late upswitch after inactivity (0.208958ms)
✔ invalid ceilings leave the accepted policy unchanged (0.100083ms)
✔ native rejection leaves the previously accepted automatic policy intact (0.078792ms)
✔ observed frame dropping can downswitch even with good throughput (0.330959ms)
✔ seek retirement drops do not masquerade as sustained decoder failure (0.321375ms)
✔ new decoder errors temporarily inhibit upswitching and reset with the source (0.159792ms)
✔ terminal demux errors are polled only for the accepted source (0.647708ms)
✔ manual policy never adapts, including during starvation (0.6275ms)
✔ unknown forward buffer and cache/backpressure samples cannot justify an upswitch (0.151208ms)
✔ upgrades require sustained headroom; deterioration and starvation downswitch promptly (0.522584ms)
✔ recovery from 2 to 8 Mbit/s remains slower than a downswitch (0.242792ms)
✔ manual selection is authoritative after auto; paused playback does not adapt (0.13575ms)
✔ ceilings and eligibility constrain decisions without inventing another track identity (0.373625ms)
✔ a pending upswitch is retired when conditions collapse, even if current quality is already low (0.135125ms)
✔ duplicate samples are ignored and a new source starts with no previous estimate (0.072458ms)
✔ known-length last chunk verifies EOF without losing remaining consumer bytes (12.405708ms)
✔ declared bytes followed by error never become a completed sample (3.095917ms)
✔ declared bytes followed by extra never become a completed sample (1.271917ms)
✔ declared bytes followed by cancel never become a completed sample (0.979167ms)
ℹ tests 59
ℹ suites 0
ℹ pass 59
ℹ fail 0
ℹ cancelled 0
ℹ skipped 0
ℹ todo 0
ℹ duration_ms 274.746083
