✔ eight pending inputs apply backpressure before the ninth packet (2.978666ms)
✔ copy-back preserves timestamp/color and closes its source exactly once (0.55625ms)
✔ stale copy completion cannot publish into a replacement request (0.41975ms)
✔ reset closes queued frames and rejects late generation output (0.442125ms)
✔ EOF waits for queued output; close releases each remaining frame (0.418125ms)
✔ close preempts an unfinished copy and closes its frame immediately (0.39825ms)
✔ a request published immediately after acknowledgment runs without another notification (4.187417ms)
✔ Rejected Hybrid configuration retains diagnostic fields without binary initialization data (4.560667ms)
✔ Deferred VP9 rejection reports profile and depth learned from the packet (1.346083ms)
✔ Invisible packets do not exhaust a fictitious one-packet/one-frame credit (2.003167ms)
✔ output watchdog excludes idle time before a new decode burst (1.296083ms)
✔ drain after idle gets an output wait window and successful flush returns EOF (0.791667ms)
✔ AVC distinguishes avcC packets from Annex B and preserves parameter bytes (0.578125ms)
✔ HEVC profile compatibility bits and constraints generate the RFC codec string (0.216333ms)
✔ VP8/VP9 and AV1 use their own configuration contracts (0.37ms)
✔ Unknown configurations and resource limits fail explicitly (0.242333ms)
✔ VP9 packet metadata comes from the key header when container metadata is absent (0.663375ms)
✔ Retained configurations admit 4K and odd dimensions within a bounded pixel budget (0.15975ms)
✔ VP9 remux derives actual chroma and depth for the MP4 configuration box (0.280709ms)
ℹ tests 19
ℹ suites 0
ℹ pass 19
ℹ fail 0
ℹ cancelled 0
ℹ skipped 0
ℹ todo 0
ℹ duration_ms 237.716625
