✔ copy preserves unrelated files and is repeatable (1005.029084ms)
✔ copy refuses unrelated collisions and symlinks (228.613083ms)
✔ copy rejects tampered and missing assets before writing runtime files (213.559666ms)
✔ copy rejects incompatible package manifest version (62.01525ms)
✔ packaged runtime contains no host build paths or private keys, including Wasm strings (55.676292ms)
✖ optional source companions are listed and match their runtime manifests (133.125083ms)
  AssertionError [ERR_ASSERTION]: Companion missing from SHA256SUMS: engine-adaptation
      at TestContext.<anonymous> (file:///Volumes/seed2/Projects/demuxe-optimization-integration/tests/copy-assets.mjs:17:10)
      at async Test.run (node:internal/test_runner/test:932:9)
      at async Test.processPendingSubtests (node:internal/test_runner/test:629:7) {
    generatedMessage: false,
    code: 'ERR_ASSERTION',
    actual: false,
    expected: true,
    operator: '=='
  }

ℹ tests 6
ℹ suites 0
ℹ pass 5
ℹ fail 1
ℹ cancelled 0
ℹ skipped 0
ℹ todo 0
ℹ duration_ms 2358.154208

✖ failing tests:

test at tests/copy-assets.mjs:11:1
✖ optional source companions are listed and match their runtime manifests (133.125083ms)
  AssertionError [ERR_ASSERTION]: Companion missing from SHA256SUMS: engine-adaptation
      at TestContext.<anonymous> (file:///Volumes/seed2/Projects/demuxe-optimization-integration/tests/copy-assets.mjs:17:10)
      at async Test.run (node:internal/test_runner/test:932:9)
      at async Test.processPendingSubtests (node:internal/test_runner/test:629:7) {
    generatedMessage: false,
    code: 'ERR_ASSERTION',
    actual: false,
    expected: true,
    operator: '=='
  }
