Traceback (most recent call last):
  File "/mnt/data/demuxe_batch16/scripts/run_karaoke.py", line 40, in <module>
    if __name__=='__main__':main()
                            ~~~~^^
  File "/mnt/data/demuxe_batch16/scripts/run_karaoke.py", line 21, in main
    pg.add_script_tag(content=(Path(__file__).parent/'browser_caf.js').read_text());pg.add_script_tag(content=JS);o['setup']=pg.evaluate('()=>setup()');v=pg.locator('video');source=pg.evaluate('()=>v.currentSrc')
                                                                                                                             ~~~~~~~~~~~^^^^^^^^^^^^^^^
  File "/opt/pyvenv/lib/python3.13/site-packages/playwright/sync_api/_generated.py", line 8562, in evaluate
    self._sync(
    ~~~~~~~~~~^
        self._impl_obj.evaluate(expression=expression, arg=mapping.to_impl(arg))
        ^^^^^^^^^^^^^^^^^^^^^^^^^^^^^^^^^^^^^^^^^^^^^^^^^^^^^^^^^^^^^^^^^^^^^^^^
    )
    ^
  File "/opt/pyvenv/lib/python3.13/site-packages/playwright/_impl/_sync_base.py", line 115, in _sync
    return task.result()
           ~~~~~~~~~~~^^
  File "/opt/pyvenv/lib/python3.13/site-packages/playwright/_impl/_page.py", line 464, in evaluate
    return await self._main_frame.evaluate(expression, arg)
           ^^^^^^^^^^^^^^^^^^^^^^^^^^^^^^^^^^^^^^^^^^^^^^^^
  File "/opt/pyvenv/lib/python3.13/site-packages/playwright/_impl/_frame.py", line 320, in evaluate
    await self._channel.send(
    ...<6 lines>...
    )
  File "/opt/pyvenv/lib/python3.13/site-packages/playwright/_impl/_connection.py", line 69, in send
    return await self._connection.wrap_api_call(
           ^^^^^^^^^^^^^^^^^^^^^^^^^^^^^^^^^^^^^
    ...<3 lines>...
    )
    ^
  File "/opt/pyvenv/lib/python3.13/site-packages/playwright/_impl/_connection.py", line 559, in wrap_api_call
    raise rewrite_error(error, f"{parsed_st['apiName']}: {error}") from None
playwright._impl._errors.Error: Page.evaluate: TypeError: Cannot read properties of null (reading 'length')
    at <anonymous>:5:522
    at Array.map (<anonymous>)
    at window.setup (<anonymous>:5:493)
    at async <anonymous>:316:30
