 info: Initialized libplacebo v7.360.1 (API v360)
 info: Creating vulkan instance with extensions:
 info:     VK_KHR_surface
 info:     VK_EXT_swapchain_colorspace
 info:     VK_KHR_get_surface_capabilities2
 info:     VK_KHR_surface_maintenance1
 info:     VK_EXT_surface_maintenance1
 info:     VK_KHR_portability_enumeration
 info: Probing for vulkan devices:
 info:     GPU 0: Apple M1 v1.4.334 (integrated)
 info:            uuid: 00:00:10:6B:1A:05:02:07:00:00:00:00:00:00:00:00
 info: Vulkan device properties:
 info:     Device Name: Apple M1
 info:     Device ID: 106b:1a050207
 info:     Device UUID: 00:00:10:6B:1A:05:02:07:00:00:00:00:00:00:00:00
 info:     Driver version: 28a1
 info:     API version: 1.4.334
 info:     Driver ID: VK_DRIVER_ID_MOLTENVK
 info:     Driver name: MoltenVK
 info:     Driver info: 1.4.1
 info:     Conformance version: 1.4.4.0
 info:     Driver UUID: 4D:56:4B:00:00:00:28:A1:1A:05:02:07:00:00:00:00
 info: Creating vulkan device with extensions:
 info:     VK_KHR_swapchain
 info:     VK_EXT_external_memory_host
 info:     VK_EXT_hdr_metadata
 info:     VK_KHR_portability_subset
 info:     VK_EXT_metal_objects
 info:     VK_KHR_swapchain_maintenance1
 info:     VK_EXT_swapchain_maintenance1
 info: Spent 26.045 ms creating vulkan device
 info: Memory heaps supported by device:
 info:     0: flags 0x1 size 8192M
 info: Memory summary:     0 used     0 res     0 alloc, efficiency 100.00%, utilization 100.00%, max page:  512M
 info: shaderc SPIR-V version 1.6 rev 1
 info: Initialized SPIR-V compiler 'shaderc'
 info: GPU information:
 info:     GLSL version: 450 (vulkan)
 info:       max_shmem_size:            32768
 info:       max_group_threads:         1024
 info:       max_group_size[0]:         1024
 info:       max_group_size[1]:         1024
 info:       max_group_size[2]:         1024
 info:       subgroup_size:             32
 info:       min_gather_offset:         -8
 info:       max_gather_offset:         7
 info:     Limits:
 info:       thread_safe:               1
 info:       callbacks:                 1
 info:       max_buf_size:              8589934592
 info:       max_ubo_size:              4294967295
 info:       max_ssbo_size:             4294967295
 info:       max_vbo_size:              8589934592
 info:       max_mapped_size:           8589934592
 info:       max_buffer_texels:         67108864
 info:       align_host_ptr:            16384
 info:       host_cached:               1
 info:       max_tex_1d_dim:            16384
 info:       max_tex_2d_dim:            16384
 info:       max_tex_3d_dim:            2048
 info:       blittable_1d_3d:           1
 info:       buf_transfer:              1
 info:       align_tex_xfer_pitch:      1
 info:       align_tex_xfer_offset:     16
 info:       max_variable_comps:        0
 info:       max_constants:             18446744073709551615
 info:       max_pushc_size:            4096
 info:       align_vertex_stride:       1
 info:       max_dispatch[0]:           1073741824
 info:       max_dispatch[1]:           1073741824
 info:       max_dispatch[2]:           1073741824
 info:       fragment_queues:           1
 info:       compute_queues:            1
 info:     External API interop:
 info:       UUID: 00:00:10:6B:1A:05:02:07:00:00:00:00:00:00:00:00
 info:       PCI: 0000:00:00:0
 info:       buf export caps: 0x0
 info:       buf import caps: 0x10
 info:       tex export caps: 0x0
 info:       tex import caps: 0x70
 info:       sync export caps: 0x0
 info:       sync import caps: 0x0
 info: Spent 60.513 ms translating SPIR-V
 info: Spent 435.757 ms creating pipeline (slow!)
