remux-work page.evaluate: PlayerError: Source inspection worker failed: undefined
    at playerError (http://127.0.0.1:57352/web/generated/internal/errors.js:54:12)
    at http://127.0.0.1:57352/web/generated/unified-player.js:292:36
    at /Volumes/seed2/Projects/demuxe/tests/local-screening-runtime.mjs:29:66
caption-small AssertionError [ERR_ASSERTION]: Expected values to be strictly deep-equal:
+ actual - expected
... Skipped lines

  [
    '10',
    '11',
    '12',
    '13',
...
    '19',
+   '6',
    '7',
    '8',
    '9',
    'long'
  ]

    at file:///Volumes/seed2/Projects/demuxe/tests/local-screening-runtime.mjs:32:100
caption-large AssertionError [ERR_ASSERTION]: Expected values to be strictly deep-equal:
+ actual - expected
... Skipped lines

  [
+   '1058',
    '1059',
    '1060',
    '1061',
    '1062',
    '1063',
...
    '1073',
+   '1158',
    '1159',
    '1160',
    '1161',
    '1162',
    '1163',
...
    '1173',
+   '1258',
    '1259',
    '1260',
    '1261',
    '1262',
    '1263',
...
    '1273',
+   '1358',
    '1359',
    '1360',
    '1361',
    '1362',
    '1363',
...
    '1373',
+   '1458',
    '1459',
    '1460',
    '1461',
    '1462',
    '1463',
...
    '1473',
+   '1558',
    '1559',
    '1560',
    '1561',
    '1562',
    '1563',
...
    '1573',
+   '158',
    '159',
    '160',
    '161',
    '162',
    '163',
    '164',
    '165',
+   '1658',
    '1659',
    '166',
    '1660',
    '1661',
    '1662',
...
    '173',
+   '1758',
    '1759',
    '1760',
    '1761',
    '1762',
    '1763',
...
    '1773',
+   '1858',
    '1859',
    '1860',
    '1861',
    '1862',
    '1863',
...
    '1873',
+   '1958',
    '1959',
    '1960',
    '1961',
    '1962',
    '1963',
...
    '1973',
+   '2058',
    '2059',
    '2060',
    '2061',
    '2062',
    '2063',
...
    '2073',
+   '2158',
    '2159',
    '2160',
    '2161',
    '2162',
    '2163',
...
    '2173',
+   '2258',
    '2259',
    '2260',
    '2261',
    '2262',
    '2263',
...
    '2273',
+   '2358',
    '2359',
    '2360',
    '2361',
    '2362',
    '2363',
...
    '2373',
+   '2458',
    '2459',
    '2460',
    '2461',
    '2462',
    '2463',
...
    '2473',
+   '2558',
    '2559',
    '2560',
    '2561',
    '2562',
    '2563',
...
    '2573',
+   '258',
    '259',
    '260',
    '261',
    '262',
    '263',
    '264',
    '265',
+   '2658',
    '2659',
    '266',
    '2660',
    '2661',
    '2662',
...
    '273',
+   '2758',
    '2759',
    '2760',
    '2761',
    '2762',
    '2763',
...
    '2773',
+   '2858',
    '2859',
    '2860',
    '2861',
    '2862',
    '2863',
...
    '2873',
+   '2958',
    '2959',
    '2960',
    '2961',
    '2962',
    '2963',
...
    '2973',
+   '3058',
    '3059',
    '3060',
    '3061',
    '3062',
    '3063',
...
    '3073',
+   '3158',
    '3159',
    '3160',
    '3161',
    '3162',
    '3163',
...
    '3173',
+   '3258',
    '3259',
    '3260',
    '3261',
    '3262',
    '3263',
...
    '3273',
+   '3358',
    '3359',
    '3360',
    '3361',
    '3362',
    '3363',
...
    '3373',
+   '3458',
    '3459',
    '3460',
    '3461',
    '3462',
    '3463',
...
    '3473',
+   '3558',
    '3559',
    '3560',
    '3561',
    '3562',
    '3563',
...
    '3573',
+   '358',
    '359',
    '360',
    '361',
    '362',
    '363',
    '364',
    '365',
+   '3658',
    '3659',
    '366',
    '3660',
    '3661',
    '3662',
...
    '373',
+   '3758',
    '3759',
    '3760',
    '3761',
    '3762',
    '3763',
...
    '3773',
+   '3858',
    '3859',
    '3860',
    '3861',
    '3862',
    '3863',
...
    '3873',
+   '3958',
    '3959',
    '3960',
    '3961',
    '3962',
    '3963',
...
    '3973',
+   '4058',
    '4059',
    '4060',
    '4061',
    '4062',
    '4063',
...
    '4073',
+   '4158',
    '4159',
    '4160',
    '4161',
    '4162',
    '4163',
...
    '4173',
+   '4258',
    '4259',
    '4260',
    '4261',
    '4262',
    '4263',
...
    '4273',
+   '4358',
    '4359',
    '4360',
    '4361',
    '4362',
    '4363',
...
    '4373',
+   '4458',
    '4459',
    '4460',
    '4461',
    '4462',
    '4463',
...
    '4473',
+   '4558',
    '4559',
    '4560',
    '4561',
    '4562',
    '4563',
...
    '4573',
+   '458',
    '459',
    '460',
    '461',
    '462',
    '463',
    '464',
    '465',
+   '4658',
    '4659',
    '466',
    '4660',
    '4661',
    '4662',
...
    '473',
+   '4758',
    '4759',
    '4760',
    '4761',
    '4762',
    '4763',
...
    '4773',
+   '4858',
    '4859',
    '4860',
    '4861',
    '4862',
    '4863',
...
    '4873',
+   '4958',
    '4959',
    '4960',
    '4961',
    '4962',
    '4963',
...
    '4973',
+   '5058',
    '5059',
    '5060',
    '5061',
    '5062',
    '5063',
...
    '5073',
+   '5158',
    '5159',
    '5160',
    '5161',
    '5162',
    '5163',
...
    '5173',
+   '5258',
    '5259',
    '5260',
    '5261',
    '5262',
    '5263',
...
    '5273',
+   '5358',
    '5359',
    '5360',
    '5361',
    '5362',
    '5363',
...
    '5373',
+   '5458',
    '5459',
    '5460',
    '5461',
    '5462',
    '5463',
...
    '5473',
+   '5558',
    '5559',
    '5560',
    '5561',
    '5562',
    '5563',
...
    '5573',
+   '558',
    '559',
    '560',
    '561',
    '562',
    '563',
    '564',
    '565',
+   '5658',
    '5659',
    '566',
    '5660',
    '5661',
    '5662',
...
    '573',
+   '5758',
    '5759',
    '5760',
    '5761',
    '5762',
    '5763',
...
    '5773',
+   '58',
+   '5858',
    '5859',
    '5860',
    '5861',
    '5862',
    '5863',
...
    '59',
+   '5958',
    '5959',
    '5960',
    '5961',
    '5962',
    '5963',
...
    '60',
+   '6058',
    '6059',
    '6060',
    '6061',
    '6062',
    '6063',
...
    '61',
+   '6158',
    '6159',
    '6160',
    '6161',
    '6162',
    '6163',
...
    '62',
+   '6258',
    '6259',
    '6260',
    '6261',
    '6262',
    '6263',
...
    '63',
+   '6358',
    '6359',
    '6360',
    '6361',
    '6362',
    '6363',
...
    '64',
+   '6458',
    '6459',
    '6460',
    '6461',
    '6462',
    '6463',
...
    '65',
+   '6558',
    '6559',
    '6560',
    '6561',
    '6562',
    '6563',
...
    '6573',
+   '658',
    '659',
    '66',
    '660',
    '661',
    '662',
...
    '665',
+   '6658',
    '6659',
    '666',
    '6660',
    '6661',
    '6662',
...
    '673',
+   '6758',
    '6759',
    '6760',
    '6761',
    '6762',
    '6763',
...
    '68',
+   '6858',
    '6859',
    '6860',
    '6861',
    '6862',
    '6863',
...
    '69',
+   '6958',
    '6959',
    '6960',
    '6961',
    '6962',
    '6963',
...
    '70',
+   '7058',
    '7059',
    '7060',
    '7061',
    '7062',
    '7063',
...
    '71',
+   '7158',
    '7159',
    '7160',
    '7161',
    '7162',
    '7163',
...
    '72',
+   '7258',
    '7259',
    '7260',
    '7261',
    '7262',
    '7263',
...
    '73',
+   '7358',
    '7359',
    '7360',
    '7361',
    '7362',
    '7363',
...
    '7373',
+   '7458',
    '7459',
    '7460',
    '7461',
    '7462',
    '7463',
...
    '7473',
+   '7558',
    '7559',
    '7560',
    '7561',
    '7562',
    '7563',
...
    '7573',
+   '758',
    '759',
    '760',
    '761',
    '762',
    '763',
    '764',
    '765',
+   '7658',
    '7659',
    '766',
    '7660',
    '7661',
    '7662',
...
    '773',
+   '7758',
    '7759',
    '7760',
    '7761',
    '7762',
    '7763',
...
    '7773',
+   '7858',
    '7859',
    '7860',
    '7861',
    '7862',
    '7863',
...
    '7873',
+   '7958',
    '7959',
    '7960',
    '7961',
    '7962',
    '7963',
...
    '7973',
+   '8058',
    '8059',
    '8060',
    '8061',
    '8062',
    '8063',
...
    '8073',
+   '8158',
    '8159',
    '8160',
    '8161',
    '8162',
    '8163',
...
    '8173',
+   '8258',
    '8259',
    '8260',
    '8261',
    '8262',
    '8263',
...
    '8273',
+   '8358',
    '8359',
    '8360',
    '8361',
    '8362',
    '8363',
...
    '8373',
+   '8458',
    '8459',
    '8460',
    '8461',
    '8462',
    '8463',
...
    '8473',
+   '8558',
    '8559',
    '8560',
    '8561',
    '8562',
    '8563',
...
    '8573',
+   '858',
    '859',
    '860',
    '861',
    '862',
    '863',
    '864',
    '865',
+   '8658',
    '8659',
    '866',
    '8660',
    '8661',
    '8662',
...
    '873',
+   '8758',
    '8759',
    '8760',
    '8761',
    '8762',
    '8763',
...
    '8773',
+   '8858',
    '8859',
    '8860',
    '8861',
    '8862',
    '8863',
...
    '8873',
+   '8958',
    '8959',
    '8960',
    '8961',
    '8962',
    '8963',
...
    '8973',
+   '9058',
    '9059',
    '9060',
    '9061',
    '9062',
    '9063',
...
    '9073',
+   '9158',
    '9159',
    '9160',
    '9161',
    '9162',
    '9163',
...
    '9173',
+   '9258',
    '9259',
    '9260',
    '9261',
    '9262',
    '9263',
...
    '9273',
+   '9358',
    '9359',
    '9360',
    '9361',
    '9362',
    '9363',
...
    '9373',
+   '9458',
    '9459',
    '9460',
    '9461',
    '9462',
    '9463',
...
    '9473',
+   '9558',
    '9559',
    '9560',
    '9561',
    '9562',
    '9563',
...
    '9573',
+   '958',
    '959',
    '960',
    '961',
    '962',
    '963',
    '964',
    '965',
+   '9658',
    '9659',
    '966',
    '9660',
    '9661',
    '9662',
...
    '973',
+   '9758',
    '9759',
    '9760',
    '9761',
    '9762',
    '9763',
...
    '9773',
+   '9858',
    '9859',
    '9860',
    '9861',
    '9862',
    '9863',
...
    '9873',
+   '9958',
    '9959',
    '9960',
    '9961',
    '9962',
    '9963',

    at file:///Volumes/seed2/Projects/demuxe/tests/local-screening-runtime.mjs:32:100
fmp4-direct PASS
