checking build system type... arm-apple-darwin25.5.0
checking host system type... arm-apple-darwin25.5.0
checking for a BSD-compatible install... /usr/bin/install -c
checking whether build environment is sane... yes
checking for a thread-safe mkdir -p... ./install-sh -c -d
checking for gawk... no
checking for mawk... no
checking for nawk... no
checking for awk... awk
checking whether make sets $(MAKE)... yes
checking whether make supports nested variables... yes
checking whether to enable maintainer-specific portions of Makefiles... no
checking whether make supports nested variables... (cached) yes
checking for gcc... gcc
checking whether the C compiler works... yes
checking for C compiler default output file name... a.out
checking for suffix of executables... 
checking whether we are cross compiling... no
checking for suffix of object files... o
checking whether we are using the GNU C compiler... yes
checking whether gcc accepts -g... yes
checking for gcc option to accept ISO C89... none needed
checking whether gcc understands -c and -o together... yes
checking whether make supports the include directive... yes (GNU style)
checking dependency style of gcc... gcc3
checking how to run the C preprocessor... gcc -E
checking for inline... inline
checking how to print strings... printf
checking for a sed that does not truncate output... /usr/bin/sed
checking for grep that handles long lines and -e... /usr/bin/grep
checking for egrep... /usr/bin/grep -E
checking for fgrep... /usr/bin/grep -F
checking for ld used by gcc... /Applications/Xcode.app/Contents/Developer/Toolchains/XcodeDefault.xctoolchain/usr/bin/ld
checking if the linker (/Applications/Xcode.app/Contents/Developer/Toolchains/XcodeDefault.xctoolchain/usr/bin/ld) is GNU ld... no
checking for BSD- or MS-compatible name lister (nm)... /usr/bin/nm -B
checking the name lister (/usr/bin/nm -B) interface... BSD nm
checking whether ln -s works... yes
checking the maximum length of command line arguments... 786432
checking how to convert arm-apple-darwin25.5.0 file names to arm-apple-darwin25.5.0 format... func_convert_file_noop
checking how to convert arm-apple-darwin25.5.0 file names to toolchain format... func_convert_file_noop
checking for /Applications/Xcode.app/Contents/Developer/Toolchains/XcodeDefault.xctoolchain/usr/bin/ld option to reload object files... -r
checking for objdump... objdump
checking how to recognize dependent libraries... pass_all
checking for dlltool... dlltool
checking how to associate runtime and link libraries... printf %s\n
checking for ar... ar
checking for archiver @FILE support... no
checking for strip... strip
checking for ranlib... ranlib
checking command to parse /usr/bin/nm -B output from gcc object... ok
checking for sysroot... no
checking for a working dd... /bin/dd
checking how to truncate binary pipes... /bin/dd bs=4096 count=1
checking for mt... no
checking if : is a manifest tool... no
checking for dsymutil... dsymutil
checking for nmedit... nmedit
checking for lipo... lipo
checking for otool... otool
checking for otool64... no
checking for -single_module linker flag... ld: warning: -single_module is obsolete
no
checking for -exported_symbols_list linker flag... yes
checking for -force_load linker flag... yes
checking for ANSI C header files... yes
checking for sys/types.h... yes
checking for sys/stat.h... yes
checking for stdlib.h... yes
checking for string.h... yes
checking for memory.h... yes
checking for strings.h... yes
checking for inttypes.h... yes
checking for stdint.h... yes
checking for unistd.h... yes
checking for dlfcn.h... yes
checking for objdir... .libs
checking if gcc supports -fno-rtti -fno-exceptions... yes
checking for gcc option to produce PIC... -fno-common -DPIC
checking if gcc PIC flag -fno-common -DPIC works... yes
checking if gcc static flag -static works... no
checking if gcc supports -c -o file.o... yes
checking if gcc supports -c -o file.o... (cached) yes
checking whether the gcc linker (/Applications/Xcode.app/Contents/Developer/Toolchains/XcodeDefault.xctoolchain/usr/bin/ld) supports shared libraries... yes
checking dynamic linker characteristics... darwin25.5.0 dyld
checking how to hardcode library paths into programs... immediate
checking whether stripping libraries is possible... yes
checking if libtool supports shared libraries... yes
checking whether to build shared libraries... no
checking whether to build static libraries... yes
checking GCC version... 21.0.0
checking if gcc accepts -Wdeclaration-after-statement... no
checking for memory.h... (cached) yes
checking for cos in -lm... no
checking for pthread_create in -lpthread... no
checking for pkg-config... /opt/homebrew/bin/pkg-config
checking pkg-config is at least version 0.9.0... yes
checking for OGG... yes
checking for size_t... yes
checking for working alloca.h... no
checking for alloca... no
checking whether `alloca.c' needs Cray hooks... no
checking stack direction for C alloca... -1
checking for working memcmp... no
checking that generated files are newer than configure... done
configure: creating ./config.status
config.status: creating Makefile
config.status: creating m4/Makefile
config.status: creating lib/Makefile
config.status: creating lib/modes/Makefile
config.status: creating lib/books/Makefile
config.status: creating lib/books/coupled/Makefile
config.status: creating lib/books/uncoupled/Makefile
config.status: creating lib/books/floor/Makefile
config.status: creating doc/Makefile
config.status: creating doc/vorbisfile/Makefile
config.status: creating doc/vorbisenc/Makefile
config.status: creating doc/libvorbis/Makefile
config.status: creating doc/Doxyfile
config.status: creating include/Makefile
config.status: creating include/vorbis/Makefile
config.status: creating examples/Makefile
config.status: creating test/Makefile
config.status: creating vq/Makefile
config.status: creating libvorbis.spec
config.status: creating vorbis.pc
config.status: creating vorbisenc.pc
config.status: creating vorbisfile.pc
config.status: creating vorbis-uninstalled.pc
config.status: creating vorbisenc-uninstalled.pc
config.status: creating vorbisfile-uninstalled.pc
config.status: creating config.h
config.status: config.h is unchanged
config.status: executing depfiles commands
config.status: executing libtool commands
