{
  "correctness": true,
  "qual": [
    {
      "epoch": 1,
      "exact": true,
      "errors": [],
      "rows": 10
    },
    {
      "epoch": 0,
      "exact": true,
      "errors": [],
      "rows": 10
    },
    {
      "epoch": 1,
      "exact": true,
      "errors": [],
      "rows": 10
    },
    {
      "epoch": 0,
      "exact": true,
      "errors": [],
      "rows": 10
    }
  ],
  "controls": {
    "wrongStateDetected": true,
    "wrongState": {
      "rows": [],
      "errors": [
        "EncodingError: Decoding error.",
        "EncodingError: Decoding error."
      ],
      "exact": false,
      "cleanup": true
    },
    "bad-state-offset": "Error: CueCodecState is not CodecState",
    "missing-rap": "Error: state does not replace RAP dependency",
    "staleSource": "Error: source identity"
  },
  "costs": 22
}
