[h264 @ 0x843049500] top block unavailable for requested intra mode -1
[h264 @ 0x843049500] error while decoding MB 0 0
[h264 @ 0x843049880] deblocking_filter_idc 6 out of range
[h264 @ 0x843049880] no frame!
[h264 @ 0x843049c00] deblocking_filter_idc 5 out of range
[h264 @ 0x843049c00] no frame!
[h264 @ 0x843049f80] deblocking_filter_idc 5 out of range
[h264 @ 0x843049f80] no frame!
[h264 @ 0x84304a300] deblocking_filter_idc 5 out of range
[h264 @ 0x84304a300] no frame!
[h264 @ 0x84304a680] deblocking_filter_idc 5 out of range
[h264 @ 0x84304a680] no frame!
[h264 @ 0x84304aa00] deblocking_filter_idc 5 out of range
[h264 @ 0x84304aa00] no frame!
[h264 @ 0x84304ad80] deblocking_filter_idc 5 out of range
[h264 @ 0x84304ad80] no frame!
[h264 @ 0x843049180] deblocking_filter_idc 5 out of range
[h264 @ 0x843049180] no frame!
[vist#0:0/h264 @ 0x843018480] [dec:h264 @ 0x842c0cb40] Error submitting packet to decoder: Invalid data found when processing input
[h264 @ 0x843049500] deblocking_filter_idc 5 out of range
[h264 @ 0x843049500] no frame!
[vist#0:0/h264 @ 0x843018480] [dec:h264 @ 0x842c0cb40] Decoding error: Invalid data found when processing input
    Last message repeated 7 times
