✖ replay cancels an EOF task waiting for the previous PCM drain (5.549959ms)
  AssertionError [ERR_ASSERTION]: Expected values to be strictly equal:
  
  false !== true
  
      at TestContext.<anonymous> (file:///Volumes/seed2/Projects/demuxe-runtime-commit-check/tests/private-mpv-eof-race.mjs:25:9)
      at async Test.run (node:internal/test_runner/test:932:9)
      at async startSubtestAfterBootstrap (node:internal/test_runner/harness:297:3) {
    generatedMessage: true,
    code: 'ERR_ASSERTION',
    actual: false,
    expected: true,
    operator: 'strictEqual'
  }

✖ replay also cancels context suspension after an old EOF pause is in flight (2.783333ms)
  AssertionError [ERR_ASSERTION]: Expected values to be strictly equal:
  
  1 !== 0
  
      at TestContext.<anonymous> (file:///Volumes/seed2/Projects/demuxe-runtime-commit-check/tests/private-mpv-eof-race.mjs:32:44)
      at async Test.run (node:internal/test_runner/test:932:9)
      at async Test.processPendingSubtests (node:internal/test_runner/test:629:7) {
    generatedMessage: true,
    code: 'ERR_ASSERTION',
    actual: 1,
    expected: 0,
    operator: 'strictEqual'
  }

ℹ tests 2
ℹ suites 0
ℹ pass 0
ℹ fail 2
ℹ cancelled 0
ℹ skipped 0
ℹ todo 0
ℹ duration_ms 158.675917

✖ failing tests:

test at tests/private-mpv-eof-race.mjs:20:1
✖ replay cancels an EOF task waiting for the previous PCM drain (5.549959ms)
  AssertionError [ERR_ASSERTION]: Expected values to be strictly equal:
  
  false !== true
  
      at TestContext.<anonymous> (file:///Volumes/seed2/Projects/demuxe-runtime-commit-check/tests/private-mpv-eof-race.mjs:25:9)
      at async Test.run (node:internal/test_runner/test:932:9)
      at async startSubtestAfterBootstrap (node:internal/test_runner/harness:297:3) {
    generatedMessage: true,
    code: 'ERR_ASSERTION',
    actual: false,
    expected: true,
    operator: 'strictEqual'
  }

test at tests/private-mpv-eof-race.mjs:28:1
✖ replay also cancels context suspension after an old EOF pause is in flight (2.783333ms)
  AssertionError [ERR_ASSERTION]: Expected values to be strictly equal:
  
  1 !== 0
  
      at TestContext.<anonymous> (file:///Volumes/seed2/Projects/demuxe-runtime-commit-check/tests/private-mpv-eof-race.mjs:32:44)
      at async Test.run (node:internal/test_runner/test:932:9)
      at async Test.processPendingSubtests (node:internal/test_runner/test:629:7) {
    generatedMessage: true,
    code: 'ERR_ASSERTION',
    actual: 1,
    expected: 0,
    operator: 'strictEqual'
  }
