[0/1 completed] test 1/1 demuxe.auto.hls-hevc | setup: estimating | test left ~30s | campaign left ~30s
[0/1 completed] test 1/1 demuxe.auto.hls-hevc | Chrome setup: estimating | test left ~30s | campaign left ~30s
[0/1 completed] test 1/1 demuxe.auto.hls-hevc | open: estimating | test left ~28s | campaign left ~28s
[0/1 completed] test 1/1 demuxe.auto.hls-hevc | initial-playback: estimating | test left ~27s | campaign left ~27s
[0/1 completed] test 1/1 demuxe.auto.hls-hevc | initial-output: estimating | test left ~27s | campaign left ~27s
[0/1 completed] test 1/1 demuxe.auto.hls-hevc | initial-subtitles: estimating | test left ~26s | campaign left ~26s
[0/1 completed] test 1/1 demuxe.auto.hls-hevc | pause-resume: estimating | test left ~26s | campaign left ~26s
[0/1 completed] test 1/1 demuxe.auto.hls-hevc | pause-resume: estimating | test left ~25s | campaign left ~25s
[0/1 completed] test 1/1 demuxe.auto.hls-hevc | playback-rate: estimating | test left ~25s | campaign left ~25s
[0/1 completed] test 1/1 demuxe.auto.hls-hevc | seek-6: estimating | test left ~24s | campaign left ~24s
[0/1 completed] test 1/1 demuxe.auto.hls-hevc | seek-1: estimating | test left ~24s | campaign left ~24s
[0/1 completed] test 1/1 demuxe.auto.hls-hevc | seek-10: estimating | test left ~23s | campaign left ~23s
[0/1 completed] test 1/1 demuxe.auto.hls-hevc | near-eof: estimating | test left ~23s | campaign left ~23s
[0/1 completed] test 1/1 demuxe.auto.hls-hevc | cleanup: estimating | test left ~21s | campaign left ~21s
[1/1 completed] idle | campaign left ~0s
PASSED demuxe.auto.hls-hevc 
[1/1 completed] idle | campaign left ~0s
{
  "output": "/Volumes/seed2/Projects/demuxe/results/head-to-head/hls-hevc-fixed-correctness-20260927-01",
  "passed": 1,
  "failed": 0,
  "blocked": 0,
  "skipped": 0
}
