[0/3 completed] test 1/3 demuxe.auto.hls-hevc round 1 | setup: estimating | test left ~45s | campaign left ~2m 15s
[0/3 completed] test 1/3 demuxe.auto.hls-hevc round 1 | Chrome setup: estimating | test left ~45s | campaign left ~2m 15s
[0/3 completed] test 1/3 demuxe.auto.hls-hevc round 1 | Chrome launch: estimating | test left ~45s | campaign left ~2m 15s
[0/3 completed] test 1/3 demuxe.auto.hls-hevc round 1 | startup completion observation: 2m 30s | test left ~3m 20s | campaign left ~4m 50s
[0/3 completed] test 1/3 demuxe.auto.hls-hevc round 1 | startup completion observation: 2m 27s | test left ~3m 17s | campaign left ~4m 47s
[0/3 completed] test 1/3 demuxe.auto.hls-hevc round 1 | startup completion observation: 2m 22s | test left ~3m 12s | campaign left ~4m 42s
[0/3 completed] test 1/3 demuxe.auto.hls-hevc round 1 | startup completion observation: 2m 17s | test left ~3m 7s | campaign left ~4m 37s
[0/3 completed] test 1/3 demuxe.auto.hls-hevc round 1 | startup completion observation: 2m 12s | test left ~3m 2s | campaign left ~4m 32s
[0/3 completed] test 1/3 demuxe.auto.hls-hevc round 1 | startup completion observation: 2m 7s | test left ~2m 57s | campaign left ~4m 27s
[0/3 completed] test 1/3 demuxe.auto.hls-hevc round 1 | startup completion observation: 2m 2s | test left ~2m 52s | campaign left ~4m 22s
[0/3 completed] test 1/3 demuxe.auto.hls-hevc round 1 | startup completion observation: 1m 57s | test left ~2m 47s | campaign left ~4m 17s
[0/3 completed] test 1/3 demuxe.auto.hls-hevc round 1 | startup completion observation: 1m 52s | test left ~2m 42s | campaign left ~4m 12s
[0/3 completed] test 1/3 demuxe.auto.hls-hevc round 1 | startup completion observation: 1m 47s | test left ~2m 37s | campaign left ~4m 7s
[0/3 completed] test 1/3 demuxe.auto.hls-hevc round 1 | startup completion observation: 1m 42s | test left ~2m 32s | campaign left ~4m 2s
[0/3 completed] test 1/3 demuxe.auto.hls-hevc round 1 | startup completion observation: 1m 37s | test left ~2m 27s | campaign left ~3m 57s
[0/3 completed] test 1/3 demuxe.auto.hls-hevc round 1 | startup completion observation: 1m 32s | test left ~2m 22s | campaign left ~3m 52s
[0/3 completed] test 1/3 demuxe.auto.hls-hevc round 1 | startup completion observation: 1m 27s | test left ~2m 17s | campaign left ~3m 47s
[0/3 completed] test 1/3 demuxe.auto.hls-hevc round 1 | startup completion observation: 1m 22s | test left ~2m 12s | campaign left ~3m 42s
[0/3 completed] test 1/3 demuxe.auto.hls-hevc round 1 | startup completion observation: 1m 17s | test left ~2m 7s | campaign left ~3m 37s
[0/3 completed] test 1/3 demuxe.auto.hls-hevc round 1 | startup completion observation: 1m 12s | test left ~2m 2s | campaign left ~3m 32s
[0/3 completed] test 1/3 demuxe.auto.hls-hevc round 1 | startup completion observation: 1m 7s | test left ~1m 57s | campaign left ~3m 27s
[0/3 completed] test 1/3 demuxe.auto.hls-hevc round 1 | startup completion observation: 1m 2s | test left ~1m 52s | campaign left ~3m 22s
[0/3 completed] test 1/3 demuxe.auto.hls-hevc round 1 | startup completion observation: 57s | test left ~1m 47s | campaign left ~3m 17s
[0/3 completed] test 1/3 demuxe.auto.hls-hevc round 1 | startup completion observation: 52s | test left ~1m 42s | campaign left ~3m 12s
[0/3 completed] test 1/3 demuxe.auto.hls-hevc round 1 | startup completion observation: 47s | test left ~1m 37s | campaign left ~3m 7s
[0/3 completed] test 1/3 demuxe.auto.hls-hevc round 1 | startup completion observation: 42s | test left ~1m 32s | campaign left ~3m 2s
[0/3 completed] test 1/3 demuxe.auto.hls-hevc round 1 | startup completion observation: 37s | test left ~1m 27s | campaign left ~2m 57s
[0/3 completed] test 1/3 demuxe.auto.hls-hevc round 1 | startup completion observation: 32s | test left ~1m 22s | campaign left ~2m 52s
[0/3 completed] test 1/3 demuxe.auto.hls-hevc round 1 | startup completion observation: 27s | test left ~1m 17s | campaign left ~2m 47s
[0/3 completed] test 1/3 demuxe.auto.hls-hevc round 1 | startup completion observation: 22s | test left ~1m 12s | campaign left ~2m 42s
[0/3 completed] test 1/3 demuxe.auto.hls-hevc round 1 | startup completion observation: 17s | test left ~1m 7s | campaign left ~2m 37s
[0/3 completed] test 1/3 demuxe.auto.hls-hevc round 1 | startup completion observation: 12s | test left ~1m 2s | campaign left ~2m 32s
[0/3 completed] test 1/3 demuxe.auto.hls-hevc round 1 | startup completion observation: 7s | test left ~57s | campaign left ~2m 27s
[0/3 completed] test 1/3 demuxe.auto.hls-hevc round 1 | startup completion observation: 2s | test left ~52s | campaign left ~2m 22s
[0/3 completed] test 1/3 demuxe.auto.hls-hevc round 1 | startup completion observation: 0s | test left ~50s | campaign left ~2m 20s
[0/3 completed] test 1/3 demuxe.auto.hls-hevc round 1 | browser settling: 20s | test left ~50s | campaign left ~2m 20s
[0/3 completed] test 1/3 demuxe.auto.hls-hevc round 1 | browser settling: 19s | test left ~49s | campaign left ~2m 19s
[0/3 completed] test 1/3 demuxe.auto.hls-hevc round 1 | browser settling: 14s | test left ~44s | campaign left ~2m 14s
[0/3 completed] test 1/3 demuxe.auto.hls-hevc round 1 | browser settling: 9s | test left ~39s | campaign left ~2m 9s
[0/3 completed] test 1/3 demuxe.auto.hls-hevc round 1 | browser settling: 4s | test left ~34s | campaign left ~2m 4s
[0/3 completed] test 1/3 demuxe.auto.hls-hevc round 1 | warmup: 5s | test left ~28s | campaign left ~1m 58s
[0/3 completed] test 1/3 demuxe.auto.hls-hevc round 1 | warmup: 5s | test left ~28s | campaign left ~1m 58s
[0/3 completed] test 1/3 demuxe.auto.hls-hevc round 1 | measurement: 20s | test left ~23s | campaign left ~1m 53s
[0/3 completed] test 1/3 demuxe.auto.hls-hevc round 1 | measurement: 20s | test left ~23s | campaign left ~1m 53s
[0/3 completed] test 1/3 demuxe.auto.hls-hevc round 1 | measurement: 15s | test left ~18s | campaign left ~1m 48s
[0/3 completed] test 1/3 demuxe.auto.hls-hevc round 1 | measurement: 10s | test left ~13s | campaign left ~1m 43s
[0/3 completed] test 1/3 demuxe.auto.hls-hevc round 1 | measurement: 5s | test left ~8s | campaign left ~1m 38s
[0/3 completed] test 1/3 demuxe.auto.hls-hevc round 1 | cleanup: estimating | test left ~0s | campaign left ~1m 30s
[1/3 completed] idle | campaign left ~6m 50s
PASSED demuxe.auto.hls-hevc 
[1/3 completed] test 2/3 demuxe.auto.hls-hevc round 2 | setup: estimating | test left ~3m 25s | campaign left ~6m 50s
[1/3 completed] test 2/3 demuxe.auto.hls-hevc round 2 | Chrome setup: estimating | test left ~3m 25s | campaign left ~6m 50s
[1/3 completed] test 2/3 demuxe.auto.hls-hevc round 2 | Chrome setup: estimating | test left ~3m 25s | campaign left ~6m 50s
[1/3 completed] test 2/3 demuxe.auto.hls-hevc round 2 | fixture idle check: 20s | test left ~50s | campaign left ~4m 15s
[1/3 completed] test 2/3 demuxe.auto.hls-hevc round 2 | fixture idle check: 16s | test left ~46s | campaign left ~4m 11s
[1/3 completed] test 2/3 demuxe.auto.hls-hevc round 2 | fixture idle check: 11s | test left ~41s | campaign left ~4m 6s
[1/3 completed] test 2/3 demuxe.auto.hls-hevc round 2 | fixture idle check: 6s | test left ~36s | campaign left ~4m 1s
[1/3 completed] test 2/3 demuxe.auto.hls-hevc round 2 | fixture idle check: 1s | test left ~31s | campaign left ~3m 56s
[1/3 completed] test 2/3 demuxe.auto.hls-hevc round 2 | warmup: 5s | test left ~28s | campaign left ~3m 53s
[1/3 completed] test 2/3 demuxe.auto.hls-hevc round 2 | warmup: 1s | test left ~24s | campaign left ~3m 49s
[1/3 completed] test 2/3 demuxe.auto.hls-hevc round 2 | measurement: 20s | test left ~23s | campaign left ~3m 48s
[1/3 completed] test 2/3 demuxe.auto.hls-hevc round 2 | measurement: 16s | test left ~19s | campaign left ~3m 44s
[1/3 completed] test 2/3 demuxe.auto.hls-hevc round 2 | measurement: 11s | test left ~14s | campaign left ~3m 39s
[1/3 completed] test 2/3 demuxe.auto.hls-hevc round 2 | measurement: 6s | test left ~9s | campaign left ~3m 34s
[1/3 completed] test 2/3 demuxe.auto.hls-hevc round 2 | measurement: 1s | test left ~4s | campaign left ~3m 29s
[1/3 completed] test 2/3 demuxe.auto.hls-hevc round 2 | cleanup: estimating | test left ~2m 39s | campaign left ~6m 4s
[2/3 completed] idle | campaign left ~2m 6s
PASSED demuxe.auto.hls-hevc 
[2/3 completed] test 3/3 demuxe.auto.hls-hevc round 3 | setup: estimating | test left ~2m 6s | campaign left ~2m 6s
[2/3 completed] test 3/3 demuxe.auto.hls-hevc round 3 | Chrome setup: estimating | test left ~2m 6s | campaign left ~2m 6s
[2/3 completed] test 3/3 demuxe.auto.hls-hevc round 3 | fixture idle check: 20s | test left ~50s | campaign left ~50s
[2/3 completed] test 3/3 demuxe.auto.hls-hevc round 3 | fixture idle check: 17s | test left ~47s | campaign left ~47s
[2/3 completed] test 3/3 demuxe.auto.hls-hevc round 3 | fixture idle check: 12s | test left ~42s | campaign left ~42s
[2/3 completed] test 3/3 demuxe.auto.hls-hevc round 3 | fixture idle check: 7s | test left ~37s | campaign left ~37s
[2/3 completed] test 3/3 demuxe.auto.hls-hevc round 3 | fixture idle check: 2s | test left ~32s | campaign left ~32s
[2/3 completed] test 3/3 demuxe.auto.hls-hevc round 3 | warmup: 5s | test left ~28s | campaign left ~28s
[2/3 completed] test 3/3 demuxe.auto.hls-hevc round 3 | warmup: 3s | test left ~26s | campaign left ~26s
[2/3 completed] test 3/3 demuxe.auto.hls-hevc round 3 | measurement: 20s | test left ~23s | campaign left ~23s
[2/3 completed] test 3/3 demuxe.auto.hls-hevc round 3 | measurement: 18s | test left ~21s | campaign left ~21s
[2/3 completed] test 3/3 demuxe.auto.hls-hevc round 3 | measurement: 13s | test left ~16s | campaign left ~16s
[2/3 completed] test 3/3 demuxe.auto.hls-hevc round 3 | measurement: 8s | test left ~11s | campaign left ~11s
[2/3 completed] test 3/3 demuxe.auto.hls-hevc round 3 | measurement: 3s | test left ~6s | campaign left ~6s
[2/3 completed] test 3/3 demuxe.auto.hls-hevc round 3 | cleanup: estimating | test left ~1m 20s | campaign left ~1m 20s
[3/3 completed] idle | campaign left ~0s
PASSED demuxe.auto.hls-hevc 
[3/3 completed] idle | campaign left ~0s
{
  "output": "/Volumes/seed2/Projects/demuxe/results/head-to-head/hls-hevc-fixed-cpu-20260927-01",
  "passed": 3,
  "failed": 0,
  "blocked": 0,
  "skipped": 0
}
