✔ subtitle playback can exceed 8192 uncached reads with bounded memory (187.070083ms)
✔ 64-bit local slices stay bounded and never materialize the complete file (0.751875ms)
✔ epoch cancellation releases a blocked read and permits the next bounded read (0.431417ms)
✔ destroy cancels reads; truncated and oversized sources fail explicitly (0.402209ms)
✔ an epoch change during asynchronous reader cleanup cannot publish old bytes (0.136083ms)
✔ subtitle slice cache stays within budget and is cleared on close (0.255458ms)
✔ local subtitle source request budget rejects excess uncached reads (0.185ms)
✔ a pump crossing the cue start requests drawing even if its timer never fires (3.879625ms)
✔ cue end is recovered when its deadline is cancelled too (0.726458ms)
✔ render immediately before a cue retains the boundary despite timer look-ahead (0.406667ms)
✔ a delivered deadline followed by a render does not cause duplicate pump drawing (0.442583ms)
✔ seek clears the old timeline boundary (1.072916ms)
✔ select clears the old timeline boundary (0.467458ms)
✔ automatic backward clock recovery redraws even with an unchanged timing epoch (0.565292ms)
✔ automatic forward clock recovery redraws even without a future boundary (0.500584ms)
✔ the first pump detects decoded timing changes since the last render (0.754292ms)
✔ pause cancellation suppresses wakeups and resume still recovers a crossed boundary (0.72025ms)
✔ ASS profile is read-only and normal decoding can qualify complete timing (0.467208ms)
✔ EOF after a partial seek or track switch cannot qualify a complete ASS timeline (0.421208ms)
✔ a full 1080p mpv overlay fits and unchanged snapshots are reused (10.009083ms)
✔ display conversion preserves premultiplied colors, positioning and pending snapshots (0.693833ms)
✔ invalid bounds and obsolete tile engines cannot reach the display (0.667875ms)
✔ malformed export and fallback budget errors remain distinct (0.242708ms)
✔ YUV presents composed overlays and clears moved or hidden subtitles (2.462375ms)
ℹ tests 24
ℹ suites 0
ℹ pass 24
ℹ fail 0
ℹ cancelled 0
ℹ skipped 0
ℹ todo 0
ℹ duration_ms 358.245125
