PASSED video.default.aac-mp4 
PASSED demuxe.auto.aac-mp4 
FAILED movi.default.aac-mp4 page.waitForFunction: Timeout 7000ms exceeded.
PASSED libmedia.default.aac-mp4 
PASSED video.default.aac-mkv 
PASSED demuxe.auto.aac-mkv 
FAILED movi.default.aac-mkv page.waitForFunction: Timeout 7000ms exceeded.
PASSED libmedia.default.aac-mkv 
PASSED video.default.pcm-mkv 
PASSED demuxe.auto.pcm-mkv 
PASSED movi.default.pcm-mkv 
FAILED libmedia.default.pcm-mkv page.waitForFunction: Timeout 10000ms exceeded.
PASSED video.default.pcm-ass 
PASSED demuxe.auto.pcm-ass 
FAILED movi.default.pcm-ass Error: Required marked subtitle drawing missing
FAILED libmedia.default.pcm-ass page.waitForFunction: Timeout 10000ms exceeded.
{
  "output": "/Volumes/seed2/Projects/demuxe/results/head-to-head/cpu-baseline-correctness-original-01",
  "passed": 11,
  "failed": 5,
  "blocked": 0,
  "skipped": 0
}
