Input #0, sup, from '/mnt/data/_replay_batch14/fixtures/stateful.sup':
  Duration: N/A, start: 0.250000, bitrate: N/A
  Stream #0:0: Subtitle: hdmv_pgs_subtitle (pgssub), 128x64
Stream mapping:
  Stream #0:0 (pgssub) -> format:default
  showinfo:default -> Stream #0:0 (rawvideo)
Press [q] to stop, [?] for help
[Parsed_showinfo_1 @ 0x7f4328002740] config in time_base: 1/1000000, frame_rate: 0/1
[Parsed_showinfo_1 @ 0x7f4328002740] config out time_base: 0/0, frame_rate: 0/0
[Parsed_showinfo_1 @ 0x7f4328002740] n:   0 pts: 250000 pts_time:0.25    duration:      0 duration_time:0       fmt:rgba cl:unspecified sar:0/1 s:128x64 i:P iskey:0 type:? checksum:00000000 plane_checksum:[00000000] mean:[0] stdev:[0.0]
[Parsed_showinfo_1 @ 0x7f4328002740] color_range:pc color_space:gbr color_primaries:unknown color_trc:unknown
Output #0, rawvideo, to '/mnt/data/_replay_batch14/evidence/pgs_host.rgba':
  Metadata:
    encoder         : Lavf61.7.103
  Stream #0:0: Video: rawvideo (RGBA / 0x41424752), rgba(pc, gbr/unknown/unknown, progressive), 128x64, q=2-31, 262144000 kb/s, 1000k tbn
      Metadata:
        encoder         : Lavc61.19.101 rawvideo
[Parsed_showinfo_1 @ 0x7f4328002740] n:   1 pts: 250000 pts_time:0.25    duration:      0 duration_time:0       fmt:rgba cl:unspecified sar:0/1 s:128x64 i:P iskey:0 type:? checksum:3123AD29 plane_checksum:[3123AD29] mean:[15] stdev:[59.7]
[Parsed_showinfo_1 @ 0x7f4328002740] color_range:pc color_space:gbr color_primaries:unknown color_trc:unknown
[Parsed_showinfo_1 @ 0x7f4328002740] n:   2 pts: 749999 pts_time:0.749999 duration:      0 duration_time:0       fmt:rgba cl:unspecified sar:0/1 s:128x64 i:P iskey:0 type:? checksum:3123AD29 plane_checksum:[3123AD29] mean:[15] stdev:[59.7]
[Parsed_showinfo_1 @ 0x7f4328002740] color_range:pc color_space:gbr color_primaries:unknown color_trc:unknown
[rawvideo @ 0x55d7a4f8bfc0] Application provided invalid, non monotonically increasing dts to muxer in stream 0: 250000 >= 250000
[Parsed_showinfo_1 @ 0x7f4328002740] n:   3 pts: 750000 pts_time:0.75    duration:      0 duration_time:0       fmt:rgba cl:unspecified sar:0/1 s:128x64 i:P iskey:0 type:? checksum:C7D2AD29 plane_checksum:[C7D2AD29] mean:[15] stdev:[59.7]
[Parsed_showinfo_1 @ 0x7f4328002740] color_range:pc color_space:gbr color_primaries:unknown color_trc:unknown
[Parsed_showinfo_1 @ 0x7f4328002740] n:   4 pts:1249999 pts_time:1.249999 duration:      0 duration_time:0       fmt:rgba cl:unspecified sar:0/1 s:128x64 i:P iskey:0 type:? checksum:C7D2AD29 plane_checksum:[C7D2AD29] mean:[15] stdev:[59.7]
[Parsed_showinfo_1 @ 0x7f4328002740] color_range:pc color_space:gbr color_primaries:unknown color_trc:unknown
[Parsed_showinfo_1 @ 0x7f4328002740] n:   5 pts:1250000 pts_time:1.25    duration:      0 duration_time:0       fmt:rgba cl:unspecified sar:0/1 s:128x64 i:P iskey:0 type:? checksum:7E1E4B4B plane_checksum:[7E1E4B4B] mean:[11] stdev:[50.1]
[Parsed_showinfo_1 @ 0x7f4328002740] color_range:pc color_space:gbr color_primaries:unknown color_trc:unknown
[Parsed_showinfo_1 @ 0x7f4328002740] n:   6 pts:1749999 pts_time:1.749999 duration:      0 duration_time:0       fmt:rgba cl:unspecified sar:0/1 s:128x64 i:P iskey:0 type:? checksum:7E1E4B4B plane_checksum:[7E1E4B4B] mean:[11] stdev:[50.1]
[Parsed_showinfo_1 @ 0x7f4328002740] color_range:pc color_space:gbr color_primaries:unknown color_trc:unknown
[Parsed_showinfo_1 @ 0x7f4328002740] n:   7 pts:1750000 pts_time:1.75    duration:      0 duration_time:0       fmt:rgba cl:unspecified sar:0/1 s:128x64 i:P iskey:0 type:? checksum:00000000 plane_checksum:[00000000] mean:[0] stdev:[0.0]
[Parsed_showinfo_1 @ 0x7f4328002740] color_range:pc color_space:gbr color_primaries:unknown color_trc:unknown
[Parsed_showinfo_1 @ 0x7f4328002740] n:   8 pts:2249999 pts_time:2.249999 duration:      0 duration_time:0       fmt:rgba cl:unspecified sar:0/1 s:128x64 i:P iskey:0 type:? checksum:00000000 plane_checksum:[00000000] mean:[0] stdev:[0.0]
[Parsed_showinfo_1 @ 0x7f4328002740] color_range:pc color_space:gbr color_primaries:unknown color_trc:unknown
[Parsed_showinfo_1 @ 0x7f4328002740] n:   9 pts:2250000 pts_time:2.25    duration:      0 duration_time:0       fmt:rgba cl:unspecified sar:0/1 s:128x64 i:P iskey:0 type:? checksum:2FB24B4B plane_checksum:[2FB24B4B] mean:[11] stdev:[50.1]
[Parsed_showinfo_1 @ 0x7f4328002740] color_range:pc color_space:gbr color_primaries:unknown color_trc:unknown
[Parsed_showinfo_1 @ 0x7f4328002740] n:  10 pts:2749999 pts_time:2.749999 duration:      0 duration_time:0       fmt:rgba cl:unspecified sar:0/1 s:128x64 i:P iskey:0 type:? checksum:2FB24B4B plane_checksum:[2FB24B4B] mean:[11] stdev:[50.1]
[Parsed_showinfo_1 @ 0x7f4328002740] color_range:pc color_space:gbr color_primaries:unknown color_trc:unknown
[Parsed_showinfo_1 @ 0x7f4328002740] n:  11 pts:2750000 pts_time:2.75    duration:      0 duration_time:0       fmt:rgba cl:unspecified sar:0/1 s:128x64 i:P iskey:0 type:? checksum:00000000 plane_checksum:[00000000] mean:[0] stdev:[0.0]
[Parsed_showinfo_1 @ 0x7f4328002740] color_range:pc color_space:gbr color_primaries:unknown color_trc:unknown
[Parsed_showinfo_1 @ 0x7f4328002740] n:  12 pts:4294970045000 pts_time:4294970.045 duration:      0 duration_time:0       fmt:rgba cl:unspecified sar:0/1 s:128x64 i:P iskey:0 type:? checksum:00000000 plane_checksum:[00000000] mean:[0] stdev:[0.0]
[Parsed_showinfo_1 @ 0x7f4328002740] color_range:pc color_space:gbr color_primaries:unknown color_trc:unknown
[out#0/rawvideo @ 0x55d7a4f8bec0] video:416KiB audio:0KiB subtitle:0KiB other streams:0KiB global headers:0KiB muxing overhead: 0.000000%
frame=   13 fps=0.0 q=-0.0 Lsize=     416KiB time=00:00:00.00 bitrate=N/A speed=   0x    
