[libdav1d @ 0xb6cc38380] No sequence header available: unable to decode frame header.
[libdav1d @ 0xb6cc38380] Failed to read unit 1 (type 6): Invalid data found when processing input.
[libdav1d @ 0xb6cc38380] Failed to parse temporal unit.
[libdav1d @ 0xb6cc38380] Error parsing OBU data
[libdav1d @ 0xb6cc38380] No sequence header available: unable to decode frame header.
[libdav1d @ 0xb6cc38380] Failed to read unit 1 (type 6): Invalid data found when processing input.
[libdav1d @ 0xb6cc38380] Failed to parse temporal unit.
[libdav1d @ 0xb6cc38380] Error parsing OBU data
[libdav1d @ 0xb6cc38380] No sequence header available: unable to decode frame header.
[libdav1d @ 0xb6cc38380] Failed to read unit 1 (type 6): Invalid data found when processing input.
[libdav1d @ 0xb6cc38380] Failed to parse temporal unit.
[libdav1d @ 0xb6cc38380] Error parsing OBU data
[libdav1d @ 0xb6cc38380] No sequence header available: unable to decode frame header.
[libdav1d @ 0xb6cc38380] Failed to read unit 1 (type 6): Invalid data found when processing input.
[libdav1d @ 0xb6cc38380] Failed to parse temporal unit.
[libdav1d @ 0xb6cc38380] Error parsing OBU data
[libdav1d @ 0xb6cc38380] No sequence header available: unable to decode frame header.
[libdav1d @ 0xb6cc38380] Failed to read unit 1 (type 6): Invalid data found when processing input.
[libdav1d @ 0xb6cc38380] Failed to parse temporal unit.
[libdav1d @ 0xb6cc38380] Error parsing OBU data
[libdav1d @ 0xb6cc38380] No sequence header available: unable to decode frame header.
[libdav1d @ 0xb6cc38380] Failed to read unit 1 (type 6): Invalid data found when processing input.
[libdav1d @ 0xb6cc38380] Failed to parse temporal unit.
[libdav1d @ 0xb6cc38380] Error parsing OBU data
[libdav1d @ 0xb6cc38380] No sequence header available: unable to decode frame header.
[libdav1d @ 0xb6cc38380] Failed to read unit 1 (type 6): Invalid data found when processing input.
[libdav1d @ 0xb6cc38380] Failed to parse temporal unit.
[libdav1d @ 0xb6cc38380] Error parsing OBU data
[libdav1d @ 0xb6cc38380] No sequence header available: unable to decode frame header.
[libdav1d @ 0xb6cc38380] Failed to read unit 1 (type 6): Invalid data found when processing input.
[libdav1d @ 0xb6cc38380] Failed to parse temporal unit.
[libdav1d @ 0xb6cc38380] Error parsing OBU data
[libdav1d @ 0xb6cc38380] No sequence header available: unable to decode frame header.
[libdav1d @ 0xb6cc38380] Failed to read unit 1 (type 6): Invalid data found when processing input.
[libdav1d @ 0xb6cc38380] Failed to parse temporal unit.
[libdav1d @ 0xb6cc38380] Error parsing OBU data
[libdav1d @ 0xb6cc38380] No sequence header available: unable to decode frame header.
[libdav1d @ 0xb6cc38380] Failed to read unit 1 (type 6): Invalid data found when processing input.
[libdav1d @ 0xb6cc38380] Failed to parse temporal unit.
[libdav1d @ 0xb6cc38380] Error parsing OBU data
[libdav1d @ 0xb6cc38380] No sequence header available: unable to decode frame header.
[libdav1d @ 0xb6cc38380] Failed to read unit 1 (type 6): Invalid data found when processing input.
[libdav1d @ 0xb6cc38380] Failed to parse temporal unit.
[libdav1d @ 0xb6cc38380] Error parsing OBU data
[libdav1d @ 0xb6cc38380] No sequence header available
[libdav1d @ 0xb6cc3a680] Error parsing OBU data
[vist#0:0/av1 @ 0xb6d018300] [dec:libdav1d @ 0xb6cc10280] Error submitting packet to decoder: Invalid data found when processing input
[libdav1d @ 0xb6cc3a680] Error parsing OBU data
[vist#0:0/av1 @ 0xb6d018300] [dec:libdav1d @ 0xb6cc10280] Error submitting packet to decoder: Invalid data found when processing input
[libdav1d @ 0xb6cc3a680] Error parsing OBU data
[vist#0:0/av1 @ 0xb6d018300] [dec:libdav1d @ 0xb6cc10280] Error submitting packet to decoder: Invalid data found when processing input
[libdav1d @ 0xb6cc3a680] Error parsing OBU data
[vist#0:0/av1 @ 0xb6d018300] [dec:libdav1d @ 0xb6cc10280] Error submitting packet to decoder: Invalid data found when processing input
[libdav1d @ 0xb6cc3a680] Error parsing OBU data
[vist#0:0/av1 @ 0xb6d018300] [dec:libdav1d @ 0xb6cc10280] Error submitting packet to decoder: Invalid data found when processing input
[libdav1d @ 0xb6cc3a680] Error parsing OBU data
[vist#0:0/av1 @ 0xb6d018300] [dec:libdav1d @ 0xb6cc10280] Error submitting packet to decoder: Invalid data found when processing input
[libdav1d @ 0xb6cc3a680] Error parsing OBU data
[vist#0:0/av1 @ 0xb6d018300] [dec:libdav1d @ 0xb6cc10280] Error submitting packet to decoder: Invalid data found when processing input
[libdav1d @ 0xb6cc3a680] Error parsing OBU data
[vist#0:0/av1 @ 0xb6d018300] [dec:libdav1d @ 0xb6cc10280] Error submitting packet to decoder: Invalid data found when processing input
[libdav1d @ 0xb6cc3a680] Error parsing OBU data
[vist#0:0/av1 @ 0xb6d018300] [dec:libdav1d @ 0xb6cc10280] Error submitting packet to decoder: Invalid data found when processing input
[libdav1d @ 0xb6cc3a680] Error parsing OBU data
[vist#0:0/av1 @ 0xb6d018300] [dec:libdav1d @ 0xb6cc10280] Error submitting packet to decoder: Invalid data found when processing input
[libdav1d @ 0xb6cc3a680] Error parsing OBU data
[vist#0:0/av1 @ 0xb6d018300] [dec:libdav1d @ 0xb6cc10280] Error submitting packet to decoder: Invalid data found when processing input
[vist#0:0/av1 @ 0xb6d018300] [dec:libdav1d @ 0xb6cc10280] Decode error rate 1 exceeds maximum 0.666667
[vf#0:0 @ 0xb6cc40000] Cannot determine format of input 0:0 after EOF
[vf#0:0 @ 0xb6cc40000] Task finished with error code: -1094995529 (Invalid data found when processing input)
[vf#0:0 @ 0xb6cc40000] Terminating thread with return code -1094995529 (Invalid data found when processing input)
[vost#0:0/rawvideo @ 0xb6d094c00] [enc:rawvideo @ 0xb6d009810] Could not open encoder before EOF
[vost#0:0/rawvideo @ 0xb6d094c00] Task finished with error code: -22 (Invalid argument)
[vost#0:0/rawvideo @ 0xb6d094c00] Terminating thread with return code -22 (Invalid argument)
[vist#0:0/av1 @ 0xb6d018300] [dec:libdav1d @ 0xb6cc10280] Task finished with error code: -1145393733 (Error number -1145393733 occurred)
[vist#0:0/av1 @ 0xb6d018300] [dec:libdav1d @ 0xb6cc10280] Terminating thread with return code -1145393733 (Error number -1145393733 occurred)
[out#0/rawvideo @ 0xb6cc04900] Nothing was written into output file, because at least one of its streams received no packets.
