Codec AOMedia Project AV1 Encoder v3.15.0
layers: 1
width 160, height: 96
num: 1, den: 24, bitrate: 150
gop size: 24
Total number of processed frames: 24

Rate control layer stats for 2 layer(s):

For layer#: 0 0 
Bitrate (target vs actual): 75 91.848000
Average frame size (target vs actual): 6250.000000 5812.363636
Average rate_mismatch: 8.712727
Number of input frames, encoded (non-key) frames, and perc dropped frames: 12 11 0.000000

For layer#: 0 1 
Bitrate (target vs actual): 150 176.800000
Average frame size (target vs actual): 6250.000000 7079.333333
Average rate_mismatch: 22.912000
Number of input frames, encoded (non-key) frames, and perc dropped frames: 12 12 0.000000

Short-time stats, for window of 15 frames:
Average, rms-variance, and percent-fluct: nan nan nan

Per layer encoding time/FPS stats for encoder: 0 0 13 1.459615 685.111989 
Per layer encoding time/FPS stats for encoder: 0 1 12 0.601417 1662.740751 

Frame cnt and encoding time/FPS stats for encoding: 25 1.047680 954.489921
