Svt[info]: -------------------------------------------
Svt[info]: SVT [version]:	SVT-AV1 Encoder Lib v4.1.0
Svt[info]: SVT [build]  :	Apple LLVM 17.0.0 (clang-1700.6.4.2)	 64 bit
Svt[info]: LIB Build date: Mar 23 2026 06:52:18
Svt[info]: -------------------------------------------
Svt[warn]: Preset M12 is mapped to M11.
Svt[warn]: Non-RTC M10+ are meant for automation tooling usage. Visual artifacts may occur otherwise.
Svt[warn]: TPL is disabled in low delay applications.
Svt[info]: Level of Parallelism: 4
Svt[info]: Number of PPCS 1
Svt[info]: [asm level on system : up to neon_dotprod]
Svt[info]: [asm level selected : up to neon_dotprod]
Svt[info]: -------------------------------------------
Svt[info]: SVT [config]: main profile	tier (auto)	level (auto)
Svt[info]: SVT [config]: width / height / fps numerator / fps denominator 		: 160 / 96 / 24 / 1
Svt[info]: SVT [config]: bit-depth / color format 					: 8 / YUV420
Svt[info]: SVT [config]: preset / tune / pred struct 					: 11 / PSNR / low delay
Svt[info]: SVT [config]: gop size / mini-gop size / key-frame type 			: 24 / 4 / key frame
Svt[info]: SVT [config]: BRC mode / CQP Assignment 					: CQP / 35.00 
Svt[info]: SVT [config]: AQ mode / Variance Boost 					: 2 / 0
Svt[info]: SVT [config]: sharpness / luminance-based QP bias 				: 0 / 0
Svt[info]: SVT [config]: QP scale compress strength 					: 0
Svt[info]: -------------------------------------------
