build/catalogue-tools/aom-build/aomenc --ivf --limit=1 --usage=2 --cpu-used=8 --lossless=1 --width=64 --height=64 --fps=2/1 --color-primaries=1 --transfer-characteristics=1 --matrix-coefficients=1 --output=research/items/R089.avif-image-payloads-as-timed-av1-video-and-eligible-av1-frames-as-avif/evidence/20260919T231029Z-avif-default-range/image0.ivf research/items/R089.avif-image-payloads-as-timed-av1-video-and-eligible-av1-frames-as-avif/evidence/20260919T231029Z-avif-default-range/input0.yuv
ffmpeg -v error -i research/items/R089.avif-image-payloads-as-timed-av1-video-and-eligible-av1-frames-as-avif/evidence/20260919T231029Z-avif-default-range/image0.ivf -c:v copy research/items/R089.avif-image-payloads-as-timed-av1-video-and-eligible-av1-frames-as-avif/evidence/20260919T231029Z-avif-default-range/image0.avif
ffprobe -v error -select_streams v -show_packets -show_data -of json research/items/R089.avif-image-payloads-as-timed-av1-video-and-eligible-av1-frames-as-avif/evidence/20260919T231029Z-avif-default-range/image0.avif
ffmpeg -v error -i research/items/R089.avif-image-payloads-as-timed-av1-video-and-eligible-av1-frames-as-avif/evidence/20260919T231029Z-avif-default-range/image0.avif -f rawvideo -pix_fmt yuv420p -
build/catalogue-tools/aom-build/aomenc --ivf --limit=1 --usage=2 --cpu-used=8 --lossless=1 --width=64 --height=64 --fps=2/1 --color-primaries=1 --transfer-characteristics=1 --matrix-coefficients=1 --output=research/items/R089.avif-image-payloads-as-timed-av1-video-and-eligible-av1-frames-as-avif/evidence/20260919T231029Z-avif-default-range/image1.ivf research/items/R089.avif-image-payloads-as-timed-av1-video-and-eligible-av1-frames-as-avif/evidence/20260919T231029Z-avif-default-range/input1.yuv
ffmpeg -v error -i research/items/R089.avif-image-payloads-as-timed-av1-video-and-eligible-av1-frames-as-avif/evidence/20260919T231029Z-avif-default-range/image1.ivf -c:v copy research/items/R089.avif-image-payloads-as-timed-av1-video-and-eligible-av1-frames-as-avif/evidence/20260919T231029Z-avif-default-range/image1.avif
ffprobe -v error -select_streams v -show_packets -show_data -of json research/items/R089.avif-image-payloads-as-timed-av1-video-and-eligible-av1-frames-as-avif/evidence/20260919T231029Z-avif-default-range/image1.avif
ffmpeg -v error -i research/items/R089.avif-image-payloads-as-timed-av1-video-and-eligible-av1-frames-as-avif/evidence/20260919T231029Z-avif-default-range/image1.avif -f rawvideo -pix_fmt yuv420p -
build/catalogue-tools/aom-build/aomenc --ivf --limit=1 --usage=2 --cpu-used=8 --lossless=1 --width=64 --height=64 --fps=2/1 --color-primaries=1 --transfer-characteristics=1 --matrix-coefficients=1 --output=research/items/R089.avif-image-payloads-as-timed-av1-video-and-eligible-av1-frames-as-avif/evidence/20260919T231029Z-avif-default-range/image2.ivf research/items/R089.avif-image-payloads-as-timed-av1-video-and-eligible-av1-frames-as-avif/evidence/20260919T231029Z-avif-default-range/input2.yuv
ffmpeg -v error -i research/items/R089.avif-image-payloads-as-timed-av1-video-and-eligible-av1-frames-as-avif/evidence/20260919T231029Z-avif-default-range/image2.ivf -c:v copy research/items/R089.avif-image-payloads-as-timed-av1-video-and-eligible-av1-frames-as-avif/evidence/20260919T231029Z-avif-default-range/image2.avif
ffprobe -v error -select_streams v -show_packets -show_data -of json research/items/R089.avif-image-payloads-as-timed-av1-video-and-eligible-av1-frames-as-avif/evidence/20260919T231029Z-avif-default-range/image2.avif
ffmpeg -v error -i research/items/R089.avif-image-payloads-as-timed-av1-video-and-eligible-av1-frames-as-avif/evidence/20260919T231029Z-avif-default-range/image2.avif -f rawvideo -pix_fmt yuv420p -
ffmpeg -v error -i research/items/R089.avif-image-payloads-as-timed-av1-video-and-eligible-av1-frames-as-avif/evidence/20260919T231029Z-avif-default-range/combined.ivf -c:v copy -movflags +faststart research/items/R089.avif-image-payloads-as-timed-av1-video-and-eligible-av1-frames-as-avif/evidence/20260919T231029Z-avif-default-range/video.mp4
ffmpeg -v error -i research/items/R089.avif-image-payloads-as-timed-av1-video-and-eligible-av1-frames-as-avif/evidence/20260919T231029Z-avif-default-range/combined.ivf -c:v copy -movflags empty_moov+default_base_moof+frag_every_frame research/items/R089.avif-image-payloads-as-timed-av1-video-and-eligible-av1-frames-as-avif/evidence/20260919T231029Z-avif-default-range/fragmented.mp4
ffprobe -v error -select_streams v -show_packets -show_data -of json research/items/R089.avif-image-payloads-as-timed-av1-video-and-eligible-av1-frames-as-avif/evidence/20260919T231029Z-avif-default-range/video.mp4
ffmpeg -v error -i research/items/R089.avif-image-payloads-as-timed-av1-video-and-eligible-av1-frames-as-avif/evidence/20260919T231029Z-avif-default-range/video.mp4 -f rawvideo -pix_fmt yuv420p -
ffmpeg -v error -ss 0.0 -i research/items/R089.avif-image-payloads-as-timed-av1-video-and-eligible-av1-frames-as-avif/evidence/20260919T231029Z-avif-default-range/video.mp4 -frames:v 1 -c:v copy research/items/R089.avif-image-payloads-as-timed-av1-video-and-eligible-av1-frames-as-avif/evidence/20260919T231029Z-avif-default-range/reverse0.avif
ffprobe -v error -select_streams v -show_packets -show_data -of json research/items/R089.avif-image-payloads-as-timed-av1-video-and-eligible-av1-frames-as-avif/evidence/20260919T231029Z-avif-default-range/reverse0.avif
ffmpeg -v error -ss 0.5 -i research/items/R089.avif-image-payloads-as-timed-av1-video-and-eligible-av1-frames-as-avif/evidence/20260919T231029Z-avif-default-range/video.mp4 -frames:v 1 -c:v copy research/items/R089.avif-image-payloads-as-timed-av1-video-and-eligible-av1-frames-as-avif/evidence/20260919T231029Z-avif-default-range/reverse1.avif
ffprobe -v error -select_streams v -show_packets -show_data -of json research/items/R089.avif-image-payloads-as-timed-av1-video-and-eligible-av1-frames-as-avif/evidence/20260919T231029Z-avif-default-range/reverse1.avif
ffmpeg -v error -ss 1.0 -i research/items/R089.avif-image-payloads-as-timed-av1-video-and-eligible-av1-frames-as-avif/evidence/20260919T231029Z-avif-default-range/video.mp4 -frames:v 1 -c:v copy research/items/R089.avif-image-payloads-as-timed-av1-video-and-eligible-av1-frames-as-avif/evidence/20260919T231029Z-avif-default-range/reverse2.avif
ffprobe -v error -select_streams v -show_packets -show_data -of json research/items/R089.avif-image-payloads-as-timed-av1-video-and-eligible-av1-frames-as-avif/evidence/20260919T231029Z-avif-default-range/reverse2.avif
