{
  "scope": "Actual maintained decoder worker; aggregate versus split packet framing. Synthetic VP9 profile0/8-bit, no audio, 160x96 24fps. Not full player/compositor qualification.",
  "fixtureSHA256": "99779a1ffce13923efaf0f7b1dcd78bacbfd29b58324dc107c8fa7ece663e97e",
  "workerSHA256": "ee28b3a8b13e5daa7fe18cb5b6beec81adb17d8ef8ced637dcea582c028dd2c5",
  "ffmpeg": "ffmpeg version 8.1.2 Copyright (c) 2000-2026 the FFmpeg developers",
  "packets": 72,
  "components": 78,
  "superframes": 6,
  "hidden": 6,
  "oracleFrames": 72,
  "componentIdentityMatchesFFmpeg": true,
  "parserAdverseControls": 3,
  "cases": [
    {
      "errors": [],
      "failed": null,
      "eof": true,
      "stats": {
        "packetBytes": 38984,
        "ownedPacketBytes": 0,
        "sharedPacketInputs": 72,
        "sharedPacketFallbacks": 0,
        "submitted": 72,
        "frames": 72,
        "receivedFrames": 72,
        "closedFrames": 72,
        "peakOutstanding": 0,
        "peakFrames": 1,
        "resets": 0,
        "errors": 0,
        "copyMs": 0,
        "input": {
          "kind": 4,
          "width": 160,
          "height": 96,
          "profile": 0,
          "level": 10,
          "depth": 8,
          "descriptionBytes": 0
        },
        "codec": "vp09.00.10.08",
        "supportCheck": {
          "requested": {
            "codec": "vp09.00.10.08",
            "codedWidth": 160,
            "codedHeight": 96,
            "descriptionBytes": 0,
            "hardwareAcceleration": "no-preference",
            "optimizeForLatency": false
          },
          "source": {
            "kind": 4,
            "width": 160,
            "height": 96,
            "profile": 0,
            "level": 10,
            "depth": 8,
            "descriptionBytes": 0
          },
          "supported": true,
          "recognized": {
            "codec": "vp09.00.10.08",
            "codedWidth": 160,
            "codedHeight": 96,
            "descriptionBytes": 0,
            "hardwareAcceleration": "no-preference",
            "optimizeForLatency": false
          }
        },
        "actualWidth": 160,
        "actualHeight": 96,
        "pixelFormat": "I420",
        "placeholderFrames": 72,
        "transferredFrames": 72,
        "outstanding": 0,
        "queued": 0,
        "active": false
      },
      "terminated": true,
      "name": "aggregate",
      "expectedFrames": 72,
      "exact": true,
      "visibleTimestampsExact": true,
      "frameCount": 72
    },
    {
      "errors": [],
      "failed": null,
      "eof": true,
      "stats": {
        "packetBytes": 38948,
        "ownedPacketBytes": 0,
        "sharedPacketInputs": 78,
        "sharedPacketFallbacks": 0,
        "submitted": 78,
        "frames": 72,
        "receivedFrames": 72,
        "closedFrames": 72,
        "peakOutstanding": 0,
        "peakFrames": 1,
        "resets": 0,
        "errors": 0,
        "copyMs": 0,
        "input": {
          "kind": 4,
          "width": 160,
          "height": 96,
          "profile": 0,
          "level": 10,
          "depth": 8,
          "descriptionBytes": 0
        },
        "codec": "vp09.00.10.08",
        "supportCheck": {
          "requested": {
            "codec": "vp09.00.10.08",
            "codedWidth": 160,
            "codedHeight": 96,
            "descriptionBytes": 0,
            "hardwareAcceleration": "no-preference",
            "optimizeForLatency": false
          },
          "source": {
            "kind": 4,
            "width": 160,
            "height": 96,
            "profile": 0,
            "level": 10,
            "depth": 8,
            "descriptionBytes": 0
          },
          "supported": true,
          "recognized": {
            "codec": "vp09.00.10.08",
            "codedWidth": 160,
            "codedHeight": 96,
            "descriptionBytes": 0,
            "hardwareAcceleration": "no-preference",
            "optimizeForLatency": false
          }
        },
        "actualWidth": 160,
        "actualHeight": 96,
        "pixelFormat": "I420",
        "placeholderFrames": 72,
        "transferredFrames": 72,
        "outstanding": 0,
        "queued": 0,
        "active": false
      },
      "terminated": true,
      "name": "split",
      "expectedFrames": 72,
      "exact": true,
      "visibleTimestampsExact": true,
      "frameCount": 72
    },
    {
      "errors": [],
      "failed": null,
      "eof": true,
      "stats": {
        "packetBytes": 26413,
        "ownedPacketBytes": 0,
        "sharedPacketInputs": 52,
        "sharedPacketFallbacks": 0,
        "submitted": 52,
        "frames": 48,
        "receivedFrames": 48,
        "closedFrames": 48,
        "peakOutstanding": 0,
        "peakFrames": 1,
        "resets": 0,
        "errors": 0,
        "copyMs": 0,
        "input": {
          "kind": 4,
          "width": 160,
          "height": 96,
          "profile": 0,
          "level": 10,
          "depth": 8,
          "descriptionBytes": 0
        },
        "codec": "vp09.00.10.08",
        "supportCheck": {
          "requested": {
            "codec": "vp09.00.10.08",
            "codedWidth": 160,
            "codedHeight": 96,
            "descriptionBytes": 0,
            "hardwareAcceleration": "no-preference",
            "optimizeForLatency": false
          },
          "source": {
            "kind": 4,
            "width": 160,
            "height": 96,
            "profile": 0,
            "level": 10,
            "depth": 8,
            "descriptionBytes": 0
          },
          "supported": true,
          "recognized": {
            "codec": "vp09.00.10.08",
            "codedWidth": 160,
            "codedHeight": 96,
            "descriptionBytes": 0,
            "hardwareAcceleration": "no-preference",
            "optimizeForLatency": false
          }
        },
        "actualWidth": 160,
        "actualHeight": 96,
        "pixelFormat": "I420",
        "placeholderFrames": 48,
        "transferredFrames": 48,
        "outstanding": 0,
        "queued": 0,
        "active": false
      },
      "terminated": true,
      "name": "split-seek-key24",
      "expectedFrames": 48,
      "exact": true,
      "visibleTimestampsExact": true,
      "frameCount": 48
    },
    {
      "errors": [],
      "failed": null,
      "eof": true,
      "stats": {
        "packetBytes": 27407,
        "ownedPacketBytes": 0,
        "sharedPacketInputs": 72,
        "sharedPacketFallbacks": 0,
        "submitted": 72,
        "frames": 72,
        "receivedFrames": 72,
        "closedFrames": 72,
        "peakOutstanding": 0,
        "peakFrames": 1,
        "resets": 0,
        "errors": 0,
        "copyMs": 0,
        "input": {
          "kind": 4,
          "width": 160,
          "height": 96,
          "profile": 0,
          "level": 10,
          "depth": 8,
          "descriptionBytes": 0
        },
        "codec": "vp09.00.10.08",
        "supportCheck": {
          "requested": {
            "codec": "vp09.00.10.08",
            "codedWidth": 160,
            "codedHeight": 96,
            "descriptionBytes": 0,
            "hardwareAcceleration": "no-preference",
            "optimizeForLatency": false
          },
          "source": {
            "kind": 4,
            "width": 160,
            "height": 96,
            "profile": 0,
            "level": 10,
            "depth": 8,
            "descriptionBytes": 0
          },
          "supported": true,
          "recognized": {
            "codec": "vp09.00.10.08",
            "codedWidth": 160,
            "codedHeight": 96,
            "descriptionBytes": 0,
            "hardwareAcceleration": "no-preference",
            "optimizeForLatency": false
          }
        },
        "actualWidth": 160,
        "actualHeight": 96,
        "pixelFormat": "I420",
        "placeholderFrames": 72,
        "transferredFrames": 72,
        "outstanding": 0,
        "queued": 0,
        "active": false
      },
      "terminated": true,
      "name": "split-missing-hidden",
      "expectedFrames": 72,
      "exact": false,
      "visibleTimestampsExact": true,
      "frameCount": 72
    },
    {
      "errors": [
        "DataError: Failed to execute 'decode' on 'VideoDecoder': A key frame is required after configure() or flush()."
      ],
      "failed": "Error: Decode submit -29",
      "eof": false,
      "stats": {
        "packetBytes": 321,
        "ownedPacketBytes": 0,
        "sharedPacketInputs": 1,
        "sharedPacketFallbacks": 0,
        "submitted": 0,
        "frames": 0,
        "receivedFrames": 0,
        "closedFrames": 0,
        "peakOutstanding": 0,
        "peakFrames": 0,
        "resets": 0,
        "errors": 1,
        "copyMs": 0,
        "input": {
          "kind": 4,
          "width": 160,
          "height": 96,
          "profile": 0,
          "level": 10,
          "depth": 8,
          "descriptionBytes": 0
        },
        "codec": "vp09.00.10.08",
        "supportCheck": {
          "requested": {
            "codec": "vp09.00.10.08",
            "codedWidth": 160,
            "codedHeight": 96,
            "descriptionBytes": 0,
            "hardwareAcceleration": "no-preference",
            "optimizeForLatency": false
          },
          "source": {
            "kind": 4,
            "width": 160,
            "height": 96,
            "profile": 0,
            "level": 10,
            "depth": 8,
            "descriptionBytes": 0
          },
          "supported": true,
          "recognized": {
            "codec": "vp09.00.10.08",
            "codedWidth": 160,
            "codedHeight": 96,
            "descriptionBytes": 0,
            "hardwareAcceleration": "no-preference",
            "optimizeForLatency": false
          }
        },
        "outstanding": 0,
        "queued": 0,
        "active": false
      },
      "terminated": true,
      "name": "dependent-cold-start",
      "expectedFrames": 72,
      "exact": false,
      "visibleTimestampsExact": true,
      "frameCount": 0
    }
  ],
  "browser": "152.0.7977.83",
  "cleanup": true,
  "passed": true
}
