ninja: Entering directory `/Volumes/seed2/Projects/demuxe-nonisolated-full-playback-20260929/playback-full-deps-01/objects/libass'
[1/29] Copying file libass/ass/ass.h
[2/29] Copying file libass/ass/ass_types.h
[3/29] Generating config.h.in with a custom command
fatal: not a git repository (or any parent up to mount point /Volumes)
Stopping at filesystem boundary (GIT_DISCOVERY_ACROSS_FILESYSTEM not set).
[4/29] Generating config.h with a custom command
fatal: not a git repository (or any parent up to mount point /Volumes)
Stopping at filesystem boundary (GIT_DISCOVERY_ACROSS_FILESYSTEM not set).
[5/29] Compiling C object libass/libass.a.p/c_c_blend_bitmaps.c.o
[6/29] Compiling C object libass/libass.a.p/c_c_be_blur.c.o
[7/29] Compiling C object libass/libass.a.p/c_c_rasterizer.c.o
[8/29] Compiling C object libass/libass.a.p/c_c_blur.c.o
[9/29] Compiling C object libass/libass.a.p/ass_arabic_charmap.c.o
[10/29] Compiling C object libass/libass.a.p/ass_bitmap_engine.c.o
[11/29] Compiling C object libass/libass.a.p/ass_bitmap.c.o
[12/29] Compiling C object libass/libass.a.p/ass_blur.c.o
[13/29] Compiling C object libass/libass.a.p/ass.c.o
[14/29] Compiling C object libass/libass.a.p/ass_drawing.c.o
[15/29] Compiling C object libass/libass.a.p/ass_filesystem.c.o
[16/29] Compiling C object libass/libass.a.p/ass_cache.c.o
[17/29] Compiling C object libass/libass.a.p/ass_font.c.o
[18/29] Compiling C object libass/libass.a.p/ass_library.c.o
[19/29] Compiling C object libass/libass.a.p/ass_fontselect.c.o
[20/29] Compiling C object libass/libass.a.p/ass_outline.c.o
[21/29] Compiling C object libass/libass.a.p/ass_rasterizer.c.o
[22/29] Compiling C object libass/libass.a.p/ass_parse.c.o
[23/29] Compiling C object libass/libass.a.p/ass_render_api.c.o
[24/29] Compiling C object libass/libass.a.p/ass_string.c.o
[25/29] Compiling C object libass/libass.a.p/ass_shaper.c.o
[26/29] Compiling C object libass/libass.a.p/ass_render.c.o
[27/29] Compiling C object libass/libass.a.p/ass_strtod.c.o
[28/29] Compiling C object libass/libass.a.p/ass_utils.c.o
[29/29] Linking static target libass/libass.a
