ninja: Entering directory `/Volumes/seed2/Projects/demuxe-nonisolated-full-playback-20260929/playback-full-deps-01/objects/libplacebo'
[1/52] Generating src/shaders/custom.c with a custom command (wrapped by meson to set env)
[2/52] Generating src/shaders.c with a custom command (wrapped by meson to set env)
[3/52] Generating src/shaders/colorspace.c with a custom command (wrapped by meson to set env)
[4/52] Generating src/renderer.c with a custom command (wrapped by meson to set env)
[5/52] Generating src/shaders/film_grain.c with a custom command (wrapped by meson to set env)
[6/52] Generating src/shaders/deinterlacing.c with a custom command (wrapped by meson to set env)
[7/52] Generating src/shaders/dithering.c with a custom command (wrapped by meson to set env)
[8/52] Generating src/shaders/custom_mpv.c with a custom command (wrapped by meson to set env)
[9/52] Generating src/shaders/lut.c with a custom command (wrapped by meson to set env)
[10/52] Generating src/shaders/icc.c with a custom command (wrapped by meson to set env)
[11/52] Generating src/shaders/film_grain_h274.c with a custom command (wrapped by meson to set env)
[12/52] Generating src/shaders/film_grain_av1.c with a custom command (wrapped by meson to set env)
[13/52] Generating src/version.h with a custom command
[14/52] Generating src/shaders/sampling.c with a custom command (wrapped by meson to set env)
[15/52] Compiling C object src/libplacebo.a.p/meson-generated_.._shaders_custom.c.o
[16/52] Compiling C object src/libplacebo.a.p/meson-generated_.._shaders.c.o
[17/52] Compiling C object src/libplacebo.a.p/meson-generated_.._shaders_colorspace.c.o
[18/52] Compiling C object src/libplacebo.a.p/meson-generated_.._shaders_deinterlacing.c.o
[19/52] Compiling C object src/libplacebo.a.p/meson-generated_.._shaders_dithering.c.o
[20/52] Compiling C object src/libplacebo.a.p/meson-generated_.._shaders_custom_mpv.c.o
[21/52] Compiling C object src/libplacebo.a.p/meson-generated_.._renderer.c.o
[22/52] Compiling C object src/libplacebo.a.p/meson-generated_.._shaders_film_grain.c.o
[23/52] Compiling C object src/libplacebo.a.p/meson-generated_.._shaders_icc.c.o
[24/52] Compiling C object src/libplacebo.a.p/meson-generated_.._shaders_film_grain_av1.c.o
[25/52] Compiling C object src/libplacebo.a.p/meson-generated_.._shaders_film_grain_h274.c.o
[26/52] Compiling C object src/libplacebo.a.p/meson-generated_.._shaders_lut.c.o
[27/52] Compiling C object src/libplacebo.a.p/cache.c.o
[28/52] Compiling C object src/libplacebo.a.p/meson-generated_.._shaders_sampling.c.o
[29/52] Compiling C object src/libplacebo.a.p/common.c.o
[30/52] Compiling C object src/libplacebo.a.p/colorspace.c.o
[31/52] Compiling C object src/libplacebo.a.p/dither.c.o
[32/52] Compiling C object src/libplacebo.a.p/dummy.c.o
[33/52] Compiling C object src/libplacebo.a.p/dispatch.c.o
[34/52] Compiling C object src/libplacebo.a.p/filters.c.o
[35/52] Compiling C object src/libplacebo.a.p/format.c.o
[36/52] Compiling C object src/libplacebo.a.p/glsl_spirv.c.o
[37/52] Compiling C object src/libplacebo.a.p/gamut_mapping.c.o
[38/52] Compiling C object src/libplacebo.a.p/gpu.c.o
[39/52] Compiling C object src/libplacebo.a.p/gpu_utils.c.o
[40/52] Compiling C object src/libplacebo.a.p/log.c.o
[41/52] Compiling C object src/libplacebo.a.p/options.c.o
[42/52] Compiling C object src/libplacebo.a.p/pl_alloc.c.o
[43/52] Compiling C++ object src/libplacebo.a.p/convert.cc.o
[44/52] Compiling C object src/libplacebo.a.p/pl_string.c.o
[45/52] Compiling C object src/libplacebo.a.p/swapchain.c.o
[46/52] Compiling C object src/libplacebo.a.p/utils_dolbyvision.c.o
[47/52] Compiling C object src/libplacebo.a.p/tone_mapping.c.o
[48/52] Compiling C object src/libplacebo.a.p/opengl_stubs.c.o
[49/52] Compiling C object src/libplacebo.a.p/utils_upload.c.o
[50/52] Compiling C object src/libplacebo.a.p/utils_frame_queue.c.o
[51/52] Compiling C object src/libplacebo.a.p/vulkan_stubs.c.o
[52/52] Linking static target src/libplacebo.a
