GEN	libavcodec/libavcodec.version
GEN	libavutil/libavutil.version
GEN	libavformat/libavformat.version
GEN	libavfilter/libavfilter.version
GEN	libswscale/libswscale.version
GEN	libswresample/libswresample.version
CC	libavfilter/aeval.o
CC	libavfilter/af_aap.o
CC	libavfilter/af_acontrast.o
CC	libavfilter/af_acopy.o
CC	libavfilter/af_acrossover.o
CC	libavfilter/af_acrusher.o
CC	libavfilter/af_adeclick.o
CC	libavfilter/af_adecorrelate.o
CC	libavfilter/af_adelay.o
CC	libavfilter/af_adenorm.o
CC	libavfilter/af_aderivative.o
CC	libavfilter/af_adrc.o
CC	libavfilter/af_adynamicequalizer.o
CC	libavfilter/af_adynamicsmooth.o
CC	libavfilter/af_aecho.o
CC	libavfilter/af_aemphasis.o
CC	libavfilter/af_aexciter.o
CC	libavfilter/af_afade.o
CC	libavfilter/af_afftdn.o
CC	libavfilter/af_afftfilt.o
CC	libavfilter/af_afir.o
CC	libavfilter/af_aformat.o
CC	libavfilter/af_afreqshift.o
CC	libavfilter/af_afwtdn.o
CC	libavfilter/af_agate.o
CC	libavfilter/af_aiir.o
CC	libavfilter/af_alimiter.o
CC	libavfilter/af_amerge.o
CC	libavfilter/af_amix.o
CC	libavfilter/af_amultiply.o
CC	libavfilter/af_anequalizer.o
CC	libavfilter/af_anlmdn.o
CC	libavfilter/af_anlms.o
CC	libavfilter/af_anull.o
CC	libavfilter/af_apad.o
CC	libavfilter/af_aphaser.o
CC	libavfilter/af_apsyclip.o
CC	libavfilter/af_apulsator.o
CC	libavfilter/af_aresample.o
CC	libavfilter/af_arls.o
CC	libavfilter/af_arnndn.o
CC	libavfilter/af_asdr.o
CC	libavfilter/af_asetnsamples.o
CC	libavfilter/af_asetrate.o
CC	libavfilter/af_ashowinfo.o
CC	libavfilter/af_asoftclip.o
CC	libavfilter/af_aspectralstats.o
CC	libavfilter/af_astats.o
CC	libavfilter/af_asubboost.o
CC	libavfilter/af_asupercut.o
CC	libavfilter/af_atempo.o
CC	libavfilter/af_atilt.o
CC	libavfilter/af_axcorrelate.o
CC	libavfilter/af_biquads.o
CC	libavfilter/af_channelmap.o
CC	libavfilter/af_channelsplit.o
CC	libavfilter/af_chorus.o
CC	libavfilter/af_compand.o
CC	libavfilter/af_compensationdelay.o
CC	libavfilter/af_crossfeed.o
CC	libavfilter/af_crystalizer.o
CC	libavfilter/af_dcshift.o
CC	libavfilter/af_deesser.o
CC	libavfilter/af_dialoguenhance.o
CC	libavfilter/af_drmeter.o
CC	libavfilter/af_dynaudnorm.o
CC	libavfilter/af_earwax.o
CC	libavfilter/af_extrastereo.o
CC	libavfilter/af_firequalizer.o
CC	libavfilter/af_flanger.o
CC	libavfilter/af_haas.o
CC	libavfilter/af_hdcd.o
CC	libavfilter/af_headphone.o
CC	libavfilter/af_join.o
CC	libavfilter/af_loudnorm.o
CC	libavfilter/af_mcompand.o
CC	libavfilter/af_pan.o
CC	libavfilter/af_replaygain.o
CC	libavfilter/af_sidechaincompress.o
CC	libavfilter/af_silencedetect.o
CC	libavfilter/af_silenceremove.o
CC	libavfilter/af_speechnorm.o
CC	libavfilter/af_stereotools.o
CC	libavfilter/af_stereowiden.o
CC	libavfilter/af_superequalizer.o
CC	libavfilter/af_surround.o
CC	libavfilter/af_tremolo.o
CC	libavfilter/af_vibrato.o
CC	libavfilter/af_virtualbass.o
CC	libavfilter/af_volume.o
CC	libavfilter/af_volumedetect.o
CC	libavfilter/allfilters.o
CC	libavfilter/asink_anullsink.o
CC	libavfilter/asrc_afdelaysrc.o
CC	libavfilter/asrc_afirsrc.o
CC	libavfilter/asrc_anoisesrc.o
CC	libavfilter/asrc_anullsrc.o
CC	libavfilter/asrc_hilbert.o
CC	libavfilter/asrc_sinc.o
CC	libavfilter/asrc_sine.o
CC	libavfilter/audio.o
CC	libavfilter/avf_a3dscope.o
CC	libavfilter/avf_abitscope.o
CC	libavfilter/avf_ahistogram.o
CC	libavfilter/avf_aphasemeter.o
CC	libavfilter/avf_avectorscope.o
CC	libavfilter/avf_concat.o
CC	libavfilter/avf_showcqt.o
CC	libavfilter/avf_showcwt.o
CC	libavfilter/avf_showfreqs.o
CC	libavfilter/avf_showspatial.o
CC	libavfilter/avf_showspectrum.o
CC	libavfilter/avf_showwaves.o
CC	libavfilter/avf_showvolume.o
CC	libavfilter/avfilter.o
CC	libavfilter/avfiltergraph.o
CC	libavfilter/bbox.o
CC	libavfilter/buffersink.o
CC	libavfilter/buffersrc.o
CC	libavfilter/bwdifdsp.o
CC	libavfilter/ccfifo.o
CC	libavfilter/colorspace.o
CC	libavfilter/colorspacedsp.o
CC	libavfilter/drawutils.o
CC	libavfilter/ebur128.o
CC	libavfilter/edge_common.o
CC	libavfilter/f_bench.o
CC	libavfilter/f_cue.o
CC	libavfilter/f_drawgraph.o
CC	libavfilter/f_ebur128.o
CC	libavfilter/f_graphmonitor.o
CC	libavfilter/f_interleave.o
CC	libavfilter/f_latency.o
CC	libavfilter/f_loop.o
CC	libavfilter/f_metadata.o
CC	libavfilter/f_perms.o
CC	libavfilter/f_realtime.o
CC	libavfilter/f_reverse.o
CC	libavfilter/f_segment.o
CC	libavfilter/f_select.o
CC	libavfilter/f_sendcmd.o
CC	libavfilter/f_sidedata.o
CC	libavfilter/f_streamselect.o
CC	libavfilter/formats.o
CC	libavfilter/framepool.o
CC	libavfilter/framequeue.o
CC	libavfilter/framesync.o
CC	libavfilter/generate_wave_table.o
CC	libavfilter/graphdump.o
CC	libavfilter/graphparser.o
CC	libavfilter/lavfutils.o
CC	libavfilter/lswsutils.o
CC	libavfilter/motion_estimation.o
CC	libavfilter/palette.o
CC	libavfilter/perlin.o
CC	libavfilter/psnr.o
CC	libavfilter/qp_table.o
CC	libavfilter/scale_eval.o
CC	libavfilter/scene_sad.o
CC	libavfilter/setpts.o
CC	libavfilter/settb.o
CC	libavfilter/split.o
CC	libavfilter/src_avsynctest.o
CC	libavfilter/src_movie.o
CC	libavfilter/transform.o
CC	libavfilter/trim.o
CC	libavfilter/vaf_spectrumsynth.o
CC	libavfilter/version.o
CC	libavfilter/vf_addroi.o
CC	libavfilter/vf_alphamerge.o
CC	libavfilter/vf_amplify.o
CC	libavfilter/vf_aspect.o
CC	libavfilter/vf_atadenoise.o
CC	libavfilter/vf_avgblur.o
CC	libavfilter/vf_backgroundkey.o
CC	libavfilter/vf_bbox.o
CC	libavfilter/vf_bilateral.o
CC	libavfilter/vf_bitplanenoise.o
CC	libavfilter/vf_blackdetect.o
CC	libavfilter/vf_blend.o
CC	libavfilter/vf_blockdetect.o
CC	libavfilter/vf_blurdetect.o
CC	libavfilter/vf_bm3d.o
CC	libavfilter/vf_bwdif.o
CC	libavfilter/vf_cas.o
CC	libavfilter/vf_ccrepack.o
CC	libavfilter/vf_chromakey.o
CC	libavfilter/vf_chromanr.o
CC	libavfilter/vf_chromashift.o
CC	libavfilter/vf_ciescope.o
CC	libavfilter/vf_codecview.o
CC	libavfilter/vf_colorbalance.o
CC	libavfilter/vf_colorchannelmixer.o
CC	libavfilter/vf_colorconstancy.o
CC	libavfilter/vf_colorcontrast.o
CC	libavfilter/vf_colorcorrect.o
CC	libavfilter/vf_colordetect.o
CC	libavfilter/vf_colorize.o
CC	libavfilter/vf_colorkey.o
CC	libavfilter/vf_colorlevels.o
CC	libavfilter/vf_colormap.o
CC	libavfilter/vf_colorspace.o
CC	libavfilter/vf_colortemperature.o
CC	libavfilter/vf_convolution.o
CC	libavfilter/vf_convolve.o
CC	libavfilter/vf_copy.o
CC	libavfilter/vf_corr.o
CC	libavfilter/vf_crop.o
CC	libavfilter/vf_curves.o
CC	libavfilter/vf_datascope.o
CC	libavfilter/vf_dblur.o
CC	libavfilter/vf_dctdnoiz.o
CC	libavfilter/vf_deband.o
CC	libavfilter/vf_deblock.o
CC	libavfilter/vf_decimate.o
CC	libavfilter/vf_dedot.o
CC	libavfilter/vf_deflicker.o
CC	libavfilter/vf_dejudder.o
CC	libavfilter/vf_despill.o
CC	libavfilter/vf_deshake.o
CC	libavfilter/vf_detelecine.o
CC	libavfilter/vf_drawbox.o
CC	libavfilter/vf_displace.o
CC	libavfilter/vf_edgedetect.o
CC	libavfilter/vf_entropy.o
CC	libavfilter/vf_epx.o
CC	libavfilter/vf_elbg.o
CC	libavfilter/vf_estdif.o
CC	libavfilter/vf_exposure.o
CC	libavfilter/vf_extractplanes.o
CC	libavfilter/vf_fade.o
CC	libavfilter/vf_feedback.o
CC	libavfilter/vf_fftdnoiz.o
CC	libavfilter/vf_fftfilt.o
CC	libavfilter/vf_field.o
CC	libavfilter/vf_fieldhint.o
CC	libavfilter/vf_fieldmatch.o
CC	libavfilter/vf_fieldorder.o
CC	libavfilter/vf_fillborders.o
CC	libavfilter/vf_floodfill.o
CC	libavfilter/vf_format.o
CC	libavfilter/vf_fps.o
CC	libavfilter/vf_framepack.o
CC	libavfilter/vf_framerate.o
CC	libavfilter/vf_framestep.o
CC	libavfilter/vf_freezedetect.o
CC	libavfilter/vf_freezeframes.o
CC	libavfilter/vf_fsync.o
CC	libavfilter/vf_gblur.o
CC	libavfilter/vf_geq.o
CC	libavfilter/vf_gradfun.o
CC	libavfilter/vf_grayworld.o
CC	libavfilter/vf_hflip.o
CC	libavfilter/vf_guided.o
CC	libavfilter/vf_histogram.o
CC	libavfilter/vf_hqx.o
CC	libavfilter/vf_hsvkey.o
CC	libavfilter/vf_hue.o
CC	libavfilter/vf_huesaturation.o
CC	libavfilter/vf_hwdownload.o
CC	libavfilter/vf_hwmap.o
CC	libavfilter/vf_hwupload.o
CC	libavfilter/vf_hysteresis.o
CC	libavfilter/vf_identity.o
CC	libavfilter/vf_idet.o
CC	libavfilter/vf_idetdsp.o
CC	libavfilter/vf_il.o
CC	libavfilter/vf_lagfun.o
CC	libavfilter/vf_lenscorrection.o
CC	libavfilter/vf_limitdiff.o
CC	libavfilter/vf_limiter.o
CC	libavfilter/vf_lumakey.o
CC	libavfilter/vf_lut.o
CC	libavfilter/vf_lut3d.o
CC	libavfilter/vf_lut2.o
CC	libavfilter/vf_maskedmerge.o
CC	libavfilter/vf_maskedclamp.o
CC	libavfilter/vf_maskedminmax.o
CC	libavfilter/vf_maskedthreshold.o
CC	libavfilter/vf_maskfun.o
CC	libavfilter/vf_median.o
CC	libavfilter/vf_mergeplanes.o
CC	libavfilter/vf_mestimate.o
CC	libavfilter/vf_midequalizer.o
CC	libavfilter/vf_minterpolate.o
CC	libavfilter/vf_mix.o
CC	libavfilter/vf_monochrome.o
CC	libavfilter/vf_morpho.o
CC	libavfilter/vf_multiply.o
CC	libavfilter/vf_negate.o
CC	libavfilter/vf_neighbor.o
CC	libavfilter/vf_nlmeans.o
CC	libavfilter/vf_noise.o
CC	libavfilter/vf_normalize.o
CC	libavfilter/vf_null.o
CC	libavfilter/vf_overlay.o
CC	libavfilter/vf_pad.o
CC	libavfilter/vf_paletteuse.o
CC	libavfilter/vf_palettegen.o
CC	libavfilter/vf_photosensitivity.o
CC	libavfilter/vf_pixdesctest.o
CC	libavfilter/vf_pixelize.o
CC	libavfilter/vf_premultiply.o
CC	libavfilter/vf_pseudocolor.o
CC	libavfilter/vf_psnr.o
CC	libavfilter/vf_qp.o
CC	libavfilter/vf_random.o
CC	libavfilter/vf_readeia608.o
CC	libavfilter/vf_readvitc.o
CC	libavfilter/vf_remap.o
CC	libavfilter/vf_removegrain.o
CC	libavfilter/vf_removelogo.o
CC	libavfilter/vf_rotate.o
CC	libavfilter/vf_scale.o
CC	libavfilter/vf_scdet.o
CC	libavfilter/vf_scroll.o
CC	libavfilter/vf_selectivecolor.o
CC	libavfilter/vf_separatefields.o
CC	libavfilter/vf_setparams.o
CC	libavfilter/vf_shear.o
CC	libavfilter/vf_showinfo.o
CC	libavfilter/vf_showpalette.o
CC	libavfilter/vf_shuffleframes.o
CC	libavfilter/vf_shufflepixels.o
CC	libavfilter/vf_shuffleplanes.o
CC	libavfilter/vf_signalstats.o
CC	libavfilter/vf_siti.o
CC	libavfilter/vf_ssim.o
CC	libavfilter/vf_ssim360.o
CC	libavfilter/vf_stack.o
CC	libavfilter/vf_swaprect.o
CC	libavfilter/vf_swapuv.o
CC	libavfilter/vf_telecine.o
CC	libavfilter/vf_threshold.o
CC	libavfilter/vf_thumbnail.o
CC	libavfilter/vf_tile.o
CC	libavfilter/vf_tiltandshift.o
CC	libavfilter/vf_tmidequalizer.o
CC	libavfilter/vf_tonemap.o
CC	libavfilter/vf_tpad.o
CC	libavfilter/vf_transpose.o
CC	libavfilter/vf_unsharp.o
CC	libavfilter/vf_untile.o
CC	libavfilter/vf_v360.o
CC	libavfilter/vf_varblur.o
CC	libavfilter/vf_vectorscope.o
CC	libavfilter/vf_vflip.o
CC	libavfilter/vf_vfrdet.o
CC	libavfilter/vf_vibrance.o
CC	libavfilter/vf_vif.o
CC	libavfilter/vf_vignette.o
CC	libavfilter/vf_vmafmotion.o
CC	libavfilter/vf_w3fdif.o
CC	libavfilter/vf_waveform.o
CC	libavfilter/vf_weave.o
CC	libavfilter/vf_xbr.o
CC	libavfilter/vf_xfade.o
CC	libavfilter/vf_xmedian.o
CC	libavfilter/vf_xpsnr.o
CC	libavfilter/vf_yadif.o
CC	libavfilter/vf_yaepblur.o
CC	libavfilter/vf_zoompan.o
CC	libavfilter/video.o
CC	libavfilter/vsink_nullsink.o
CC	libavfilter/vsrc_cellauto.o
CC	libavfilter/vsrc_gradients.o
CC	libavfilter/vsrc_life.o
CC	libavfilter/vsrc_mandelbrot.o
CC	libavfilter/vsrc_perlin.o
CC	libavfilter/vsrc_sierpinski.o
CC	libavfilter/vsrc_testsrc.o
CC	libavfilter/yadif_common.o
GEN	libavfilter/libavfilter.pc
CC	libavformat/3dostr.o
CC	libavformat/4xm.o
CC	libavformat/aacdec.o
CC	libavformat/aadec.o
CC	libavformat/aaxdec.o
CC	libavformat/ac3dec.o
CC	libavformat/ac4dec.o
CC	libavformat/acedec.o
CC	libavformat/acm.o
CC	libavformat/act.o
CC	libavformat/adp.o
CC	libavformat/ads.o
CC	libavformat/adxdec.o
CC	libavformat/aeadec.o
CC	libavformat/afc.o
CC	libavformat/aiff.o
CC	libavformat/aiffdec.o
CC	libavformat/aixdec.o
CC	libavformat/allformats.o
CC	libavformat/alp.o
CC	libavformat/amr.o
CC	libavformat/anm.o
CC	libavformat/apac.o
CC	libavformat/apc.o
CC	libavformat/ape.o
CC	libavformat/apetag.o
CC	libavformat/apm.o
CC	libavformat/apngdec.o
CC	libavformat/aptxdec.o
CC	libavformat/apvdec.o
CC	libavformat/aqtitledec.o
CC	libavformat/argo_asf.o
CC	libavformat/argo_brp.o
CC	libavformat/argo_cvg.o
CC	libavformat/asf.o
CC	libavformat/asf_tags.o
CC	libavformat/asfcrypt.o
CC	libavformat/asfdec_f.o
CC	libavformat/asfdec_o.o
CC	libavformat/assdec.o
CC	libavformat/ast.o
CC	libavformat/astdec.o
CC	libavformat/au.o
CC	libavformat/av1.o
CC	libavformat/av1dec.o
CC	libavformat/avformat.o
CC	libavformat/avidec.o
CC	libavformat/avio.o
CC	libavformat/aviobuf.o
CC	libavformat/avlanguage.o
CC	libavformat/avr.o
CC	libavformat/avs.o
CC	libavformat/avs2dec.o
CC	libavformat/avs3dec.o
CC	libavformat/bethsoftvid.o
CC	libavformat/bfi.o
CC	libavformat/bink.o
CC	libavformat/binka.o
CC	libavformat/bintext.o
CC	libavformat/bit.o
CC	libavformat/bmv.o
CC	libavformat/boadec.o
CC	libavformat/bonk.o
CC	libavformat/brstm.o
CC	libavformat/c93.o
CC	libavformat/caf.o
CC	libavformat/cafdec.o
CC	libavformat/cavsvideodec.o
CC	libavformat/cdg.o
CC	libavformat/cdxl.o
CC	libavformat/cinedec.o
CC	libavformat/codec2.o
CC	libavformat/codecstring.o
CC	libavformat/concatdec.o
src/libavformat/codec2.c:217:12: warning: unused function 'codec2_write_header' [-Wunused-function]
  217 | static int codec2_write_header(AVFormatContext *s)
      |            ^~~~~~~~~~~~~~~~~~~
1 warning generated.
CC	libavformat/dcstr.o
CC	libavformat/dauddec.o
CC	libavformat/demux.o
CC	libavformat/demux_utils.o
CC	libavformat/derf.o
CC	libavformat/dfa.o
CC	libavformat/dfpwmdec.o
CC	libavformat/dhav.o
CC	libavformat/diracdec.o
CC	libavformat/dnxhddec.o
CC	libavformat/dovi_isom.o
CC	libavformat/dsfdec.o
CC	libavformat/dsicin.o
CC	libavformat/dss.o
CC	libavformat/dtsdec.o
CC	libavformat/dtshddec.o
CC	libavformat/dump.o
CC	libavformat/dv.o
CC	libavformat/dvbsub.o
CC	libavformat/dvbtxt.o
CC	libavformat/dvdclut.o
CC	libavformat/dxa.o
CC	libavformat/eacdata.o
CC	libavformat/electronicarts.o
CC	libavformat/epafdec.o
CC	libavformat/evcdec.o
CC	libavformat/ffmetadec.o
CC	libavformat/file.o
CC	libavformat/filmstripdec.o
CC	libavformat/fitsdec.o
CC	libavformat/flac_picture.o
CC	libavformat/flacdec.o
CC	libavformat/flic.o
CC	libavformat/flvdec.o
CC	libavformat/format.o
CC	libavformat/fsb.o
CC	libavformat/frmdec.o
CC	libavformat/fwse.o
CC	libavformat/g722.o
CC	libavformat/g723_1.o
CC	libavformat/g726.o
CC	libavformat/g728dec.o
CC	libavformat/gdv.o
CC	libavformat/g729dec.o
CC	libavformat/genh.o
CC	libavformat/gifdec.o
CC	libavformat/gsmdec.o
CC	libavformat/gxf.o
CC	libavformat/h261dec.o
CC	libavformat/h263dec.o
CC	libavformat/h264dec.o
CC	libavformat/hca.o
CC	libavformat/hcom.o
CC	libavformat/hevcdec.o
CC	libavformat/hls.o
CC	libavformat/hls_sample_encryption.o
CC	libavformat/hnm.o
CC	libavformat/hxvs.o
CC	libavformat/iamf.o
CC	libavformat/iamf_parse.o
CC	libavformat/iamf_reader.o
CC	libavformat/iamfdec.o
CC	libavformat/icodec.o
CC	libavformat/id3v1.o
CC	libavformat/id3v2.o
CC	libavformat/idcin.o
CC	libavformat/idroqdec.o
CC	libavformat/iff.o
CC	libavformat/ifv.o
CC	libavformat/ilbc.o
CC	libavformat/img2.o
CC	libavformat/img2_alias_pix.o
CC	libavformat/img2_brender_pix.o
src/libavformat/ilbc.c:34:12: warning: unused function 'ilbc_write_header' [-Wunused-function]
   34 | static int ilbc_write_header(AVFormatContext *s)
      |            ^~~~~~~~~~~~~~~~~
1 warning generated.
CC	libavformat/img2dec.o
CC	libavformat/imx.o
CC	libavformat/ingenientdec.o
CC	libavformat/ipmovie.o
CC	libavformat/ipudec.o
CC	libavformat/ircam.o
CC	libavformat/ircamdec.o
CC	libavformat/isom.o
CC	libavformat/isom_tags.o
CC	libavformat/iss.o
CC	libavformat/iv8.o
CC	libavformat/ivfdec.o
CC	libavformat/jacosubdec.o
CC	libavformat/jpegxl_anim_dec.o
CC	libavformat/jvdec.o
CC	libavformat/kvag.o
CC	libavformat/lafdec.o
CC	libavformat/lc3.o
src/libavformat/jvdec.c:185:9: warning: unannotated fall-through between switch labels [-Wimplicit-fallthrough]
  185 |         case JV_VIDEO:
      |         ^
CC	libavformat/lcevc.o
src/libavformat/jvdec.c:185:9: note: insert '__attribute__((fallthrough));' to silence this warning
  185 |         case JV_VIDEO:
      |         ^
      |         __attribute__((fallthrough)); 
src/libavformat/jvdec.c:185:9: note: insert 'break;' to avoid fall-through
  185 |         case JV_VIDEO:
      |         ^
      |         break; 
src/libavformat/jvdec.c:209:9: warning: unannotated fall-through between switch labels [-Wimplicit-fallthrough]
  209 |         case JV_PADDING:
      |         ^
src/libavformat/jvdec.c:209:9: note: insert '__attribute__((fallthrough));' to silence this warning
  209 |         case JV_PADDING:
      |         ^
      |         __attribute__((fallthrough)); 
src/libavformat/jvdec.c:209:9: note: insert 'break;' to avoid fall-through
  209 |         case JV_PADDING:
      |         ^
      |         break; 
2 warnings generated.
CC	libavformat/lmlm4.o
CC	libavformat/loasdec.o
CC	libavformat/lrc.o
CC	libavformat/lrcdec.o
CC	libavformat/luodatdec.o
CC	libavformat/lvfdec.o
CC	libavformat/lxfdec.o
CC	libavformat/m4vdec.o
CC	libavformat/matroska.o
CC	libavformat/matroskadec.o
CC	libavformat/mca.o
CC	libavformat/mccdec.o
CC	libavformat/metadata.o
CC	libavformat/mgsts.o
CC	libavformat/microdvddec.o
CC	libavformat/mj2kdec.o
CC	libavformat/mlpdec.o
CC	libavformat/mlvdec.o
CC	libavformat/mm.o
CC	libavformat/mmf.o
CC	libavformat/mods.o
CC	libavformat/moflex.o
CC	libavformat/mov.o
CC	libavformat/mov_chan.o
CC	libavformat/mov_esds.o
CC	libavformat/mp3dec.o
CC	libavformat/mpc.o
CC	libavformat/mpc8.o
CC	libavformat/mpeg.o
CC	libavformat/mpegts.o
CC	libavformat/mpegvideodec.o
CC	libavformat/mpjpegdec.o
CC	libavformat/mpl2dec.o
CC	libavformat/mpsubdec.o
CC	libavformat/msf.o
CC	libavformat/msnwc_tcp.o
CC	libavformat/mspdec.o
CC	libavformat/mtaf.o
CC	libavformat/mtv.o
CC	libavformat/musx.o
CC	libavformat/mux.o
CC	libavformat/mux_utils.o
CC	libavformat/mvdec.o
CC	libavformat/mvi.o
CC	libavformat/mxf.o
CC	libavformat/mxfdec.o
CC	libavformat/mxg.o
CC	libavformat/ncdec.o
CC	libavformat/nal.o
CC	libavformat/nistspheredec.o
CC	libavformat/nspdec.o
CC	libavformat/nsvdec.o
CC	libavformat/nut.o
src/libavformat/nspdec.c:81:9: warning: unannotated fall-through between switch labels [-Wimplicit-fallthrough]
   81 |         case MKBETAG('S', 'D', 'A', '_'):
      |         ^
src/libavformat/nspdec.c:81:9: note: insert '__attribute__((fallthrough));' to silence this warning
   81 |         case MKBETAG('S', 'D', 'A', '_'):
      |         ^
      |         __attribute__((fallthrough)); 
src/libavformat/nspdec.c:81:9: note: insert 'break;' to avoid fall-through
   81 |         case MKBETAG('S', 'D', 'A', '_'):
      |         ^
      |         break; 
1 warning generated.
CC	libavformat/nutdec.o
CC	libavformat/nuv.o
CC	libavformat/oggdec.o
src/libavformat/nuv.c:279:9: warning: unannotated fall-through between switch labels [-Wimplicit-fallthrough]
  279 |         case NUV_VIDEO:
      |         ^
src/libavformat/nuv.c:279:9: note: insert '__attribute__((fallthrough));' to silence this warning
  279 |         case NUV_VIDEO:
      |         ^
      |         __attribute__((fallthrough)); 
src/libavformat/nuv.c:279:9: note: insert 'break;' to avoid fall-through
  279 |         case NUV_VIDEO:
      |         ^
      |         break; 
1 warning generated.
CC	libavformat/oggparsedirac.o
CC	libavformat/oggparseflac.o
CC	libavformat/oggparseogm.o
CC	libavformat/oggparseopus.o
CC	libavformat/oggparseskeleton.o
CC	libavformat/oggparsespeex.o
CC	libavformat/oggparsetheora.o
CC	libavformat/oggparsevorbis.o
CC	libavformat/oggparsevp8.o
CC	libavformat/oma.o
CC	libavformat/omadec.o
CC	libavformat/options.o
CC	libavformat/os_support.o
CC	libavformat/osq.o
CC	libavformat/packet_list.o
CC	libavformat/paf.o
CC	libavformat/pcm.o
CC	libavformat/pcmdec.o
CC	libavformat/pdvdec.o
CC	libavformat/pjsdec.o
CC	libavformat/pmpdec.o
CC	libavformat/pp_bnk.o
CC	libavformat/protocols.o
CC	libavformat/psxstr.o
CC	libavformat/pva.o
CC	libavformat/pvfdec.o
CC	libavformat/qcp.o
CC	libavformat/qoadec.o
CC	libavformat/qtpalette.o
CC	libavformat/r3d.o
CC	libavformat/rawdec.o
CC	libavformat/rawvideodec.o
CC	libavformat/rcwtdec.o
CC	libavformat/realtextdec.o
CC	libavformat/redspark.o
CC	libavformat/replaygain.o
CC	libavformat/riff.o
CC	libavformat/riffdec.o
CC	libavformat/rka.o
CC	libavformat/rl2.o
CC	libavformat/rm.o
CC	libavformat/rmdec.o
CC	libavformat/rmsipr.o
CC	libavformat/rpl.o
CC	libavformat/rsd.o
CC	libavformat/rso.o
CC	libavformat/rsodec.o
CC	libavformat/s337m.o
CC	libavformat/samidec.o
CC	libavformat/sauce.o
CC	libavformat/sbcdec.o
CC	libavformat/sbgdec.o
CC	libavformat/sccdec.o
CC	libavformat/scd.o
CC	libavformat/sdns.o
CC	libavformat/sdp.o
CC	libavformat/sdr2.o
CC	libavformat/sdsdec.o
CC	libavformat/sdxdec.o
CC	libavformat/seek.o
CC	libavformat/segafilm.o
CC	libavformat/serdec.o
CC	libavformat/sga.o
CC	libavformat/shortendec.o
CC	libavformat/sierravmd.o
CC	libavformat/siff.o
CC	libavformat/smacker.o
CC	libavformat/smjpeg.o
CC	libavformat/smjpegdec.o
CC	libavformat/smush.o
CC	libavformat/sol.o
CC	libavformat/soxdec.o
CC	libavformat/spdif.o
CC	libavformat/spdifdec.o
CC	libavformat/srtdec.o
CC	libavformat/stldec.o
CC	libavformat/subtitles.o
CC	libavformat/subviewer1dec.o
CC	libavformat/subviewerdec.o
CC	libavformat/supdec.o
CC	libavformat/svag.o
CC	libavformat/svs.o
CC	libavformat/swf.o
CC	libavformat/swfdec.o
CC	libavformat/takdec.o
CC	libavformat/tedcaptionsdec.o
CC	libavformat/thp.o
CC	libavformat/tiertexseq.o
CC	libavformat/tmv.o
CC	libavformat/tta.o
CC	libavformat/tty.o
CC	libavformat/txd.o
CC	libavformat/ty.o
CC	libavformat/url.o
CC	libavformat/urldecode.o
CC	libavformat/usmdec.o
CC	libavformat/utils.o
CC	libavformat/vag.o
CC	libavformat/vc1dec.o
CC	libavformat/vc1test.o
CC	libavformat/version.o
CC	libavformat/vividas.o
CC	libavformat/vivo.o
CC	libavformat/voc.o
CC	libavformat/voc_packet.o
CC	libavformat/vocdec.o
CC	libavformat/vorbiscomment.o
CC	libavformat/vpcc.o
CC	libavformat/vpk.o
CC	libavformat/vplayerdec.o
CC	libavformat/vqf.o
CC	libavformat/vvcdec.o
CC	libavformat/w64.o
CC	libavformat/wady.o
CC	libavformat/wavarc.o
CC	libavformat/wavdec.o
CC	libavformat/wc3movie.o
CC	libavformat/webp_anim_dec.o
CC	libavformat/webvttdec.o
CC	libavformat/westwood_aud.o
CC	libavformat/westwood_vqa.o
CC	libavformat/wsddec.o
CC	libavformat/wtv_common.o
CC	libavformat/wtvdec.o
CC	libavformat/wv.o
CC	libavformat/wvdec.o
CC	libavformat/wvedec.o
CC	libavformat/xa.o
CC	libavformat/xmd.o
CC	libavformat/xmv.o
CC	libavformat/xvag.o
CC	libavformat/xwma.o
CC	libavformat/yop.o
CC	libavformat/yuv4mpegdec.o
GEN	libavformat/libavformat.pc
GEN	libavcodec/libavcodec.pc
CC	libswresample/audioconvert.o
CC	libswresample/dither.o
CC	libswresample/options.o
CC	libswresample/rematrix.o
CC	libswresample/resample.o
CC	libswresample/resample_dsp.o
CC	libswresample/swresample.o
CC	libswresample/swresample_frame.o
CC	libswresample/version.o
GEN	libswresample/libswresample.pc
CC	libswscale/alphablend.o
CC	libswscale/cms.o
CC	libswscale/csputils.o
CC	libswscale/filters.o
CC	libswscale/format.o
CC	libswscale/framepool.o
CC	libswscale/gamma.o
CC	libswscale/graph.o
CC	libswscale/hscale.o
CC	libswscale/hscale_fast_bilinear.o
CC	libswscale/input.o
CC	libswscale/lut3d.o
CC	libswscale/ops.o
CC	libswscale/ops_chain.o
CC	libswscale/ops_dispatch.o
CC	libswscale/ops_memcpy.o
CC	libswscale/ops_optimizer.o
CC	libswscale/options.o
CC	libswscale/output.o
CC	libswscale/rational64.o
CC	libswscale/rgb2rgb.o
CC	libswscale/slice.o
CC	libswscale/swscale_unscaled.o
CC	libswscale/swscale.o
CC	libswscale/uops.o
CC	libswscale/uops_backend.o
CC	libswscale/utils.o
CC	libswscale/version.o
CC	libswscale/vscale.o
CC	libswscale/yuv2rgb.o
GEN	libswscale/libswscale.pc
CC	libavutil/adler32.o
CC	libavutil/aes.o
CC	libavutil/aes_ctr.o
CC	libavutil/ambient_viewing_environment.o
CC	libavutil/audio_fifo.o
CC	libavutil/avsscanf.o
CC	libavutil/avstring.o
CC	libavutil/base64.o
CC	libavutil/blowfish.o
CC	libavutil/bprint.o
CC	libavutil/buffer.o
CC	libavutil/camellia.o
CC	libavutil/cast5.o
CC	libavutil/channel_layout.o
CC	libavutil/container_fifo.o
CC	libavutil/cpu.o
CC	libavutil/crc.o
CC	libavutil/csp.o
CC	libavutil/des.o
CC	libavutil/detection_bbox.o
CC	libavutil/dict.o
CC	libavutil/display.o
CC	libavutil/dovi_meta.o
CC	libavutil/downmix_info.o
CC	libavutil/encryption_info.o
CC	libavutil/error.o
CC	libavutil/eval.o
CC	libavutil/executor.o
CC	libavutil/fifo.o
CC	libavutil/file.o
CC	libavutil/file_open.o
CC	libavutil/film_grain_params.o
CC	libavutil/fixed_dsp.o
CC	libavutil/float_dsp.o
CC	libavutil/float_scalarproduct.o
CC	libavutil/frame.o
CC	libavutil/hash.o
CC	libavutil/hdr_dynamic_vivid_metadata.o
CC	libavutil/hdr_dynamic_metadata.o
CC	libavutil/hmac.o
CC	libavutil/hwcontext.o
CC	libavutil/hwcontext_stub.o
CC	libavutil/iamf.o
CC	libavutil/imgutils.o
CC	libavutil/integer.o
CC	libavutil/intmath.o
CC	libavutil/lfg.o
CC	libavutil/log.o
CC	libavutil/lls.o
CC	libavutil/log2_tab.o
CC	libavutil/lzo.o
CC	libavutil/mastering_display_metadata.o
CC	libavutil/mathematics.o
CC	libavutil/md5.o
CC	libavutil/mem.o
CC	libavutil/murmur3.o
CC	libavutil/opt.o
CC	libavutil/parseutils.o
CC	libavutil/pixdesc.o
CC	libavutil/pixelutils.o
CC	libavutil/random_seed.o
CC	libavutil/rational.o
CC	libavutil/raw_color_params.o
CC	libavutil/rc4.o
CC	libavutil/refstruct.o
CC	libavutil/reverse.o
CC	libavutil/ripemd.o
CC	libavutil/samplefmt.o
CC	libavutil/sha.o
CC	libavutil/sha512.o
CC	libavutil/side_data.o
CC	libavutil/slicethread.o
CC	libavutil/spherical.o
CC	libavutil/stereo3d.o
CC	libavutil/tdrdi.o
CC	libavutil/tea.o
CC	libavutil/threadmessage.o
CC	libavutil/time.o
CC	libavutil/timecode.o
CC	libavutil/timecode_internal.o
CC	libavutil/timestamp.o
CC	libavutil/tree.o
CC	libavutil/twofish.o
CC	libavutil/tx.o
CC	libavutil/tx_double.o
CC	libavutil/tx_float.o
CC	libavutil/tx_int32.o
CC	libavutil/utils.o
CC	libavutil/uuid.o
CC	libavutil/version.o
CC	libavutil/video_enc_params.o
CC	libavutil/video_hint.o
CC	libavutil/xga_font_data.o
CC	libavutil/xtea.o
CC	libavutil/half2float.o
GEN	libavutil/libavutil.pc
AR	libavfilter/libavfilter.a
AR	libavformat/libavformat.a
CC	libavcodec/012v.o
CC	libavcodec/4xm.o
CC	libavcodec/8bps.o
CC	libavcodec/8svx.o
CC	libavcodec/aac/aacdec.o
CC	libavcodec/aac/aacdec_ac.o
CC	libavcodec/aac/aacdec_fixed.o
CC	libavcodec/aac/aacdec_float.o
CC	libavcodec/aac/aacdec_lpd.o
CC	libavcodec/aac/aacdec_tab.o
CC	libavcodec/aac/aacdec_usac.o
CC	libavcodec/aac/aacdec_usac_mps212.o
CC	libavcodec/aac_ac3_parser.o
CC	libavcodec/aac_parser.o
CC	libavcodec/aacps_common.o
CC	libavcodec/aacps_fixed.o
CC	libavcodec/aacps_float.o
CC	libavcodec/aacpsdsp_fixed.o
CC	libavcodec/aacpsdsp_float.o
CC	libavcodec/aacsbr.o
CC	libavcodec/aacsbr_fixed.o
CC	libavcodec/aactab.o
CC	libavcodec/aandcttab.o
CC	libavcodec/aasc.o
CC	libavcodec/ac3.o
CC	libavcodec/ac3_channel_layout_tab.o
CC	libavcodec/ac3_parser.o
CC	libavcodec/ac3dec_data.o
CC	libavcodec/ac3dec_fixed.o
CC	libavcodec/ac3dec_float.o
CC	libavcodec/ac3dsp.o
CC	libavcodec/ac3tab.o
CC	libavcodec/acelp_filters.o
CC	libavcodec/acelp_pitch_delay.o
CC	libavcodec/acelp_vectors.o
CC	libavcodec/adpcm.o
CC	libavcodec/adpcm_data.o
CC	libavcodec/adts_header.o
CC	libavcodec/adts_parser.o
CC	libavcodec/adx.o
src/libavcodec/adpcm.c:424:23: warning: unused function 'adpcm_ima_escape_expand_nibble' [-Wunused-function]
  424 | static inline int16_t adpcm_ima_escape_expand_nibble(ADPCMChannelStatus *c, int8_t nibble)
      |                       ^~~~~~~~~~~~~~~~~~~~~~~~~~~~~~
src/libavcodec/adpcm.c:583:13: warning: unused function 'decode_adpcm_ima_hvqm2' [-Wunused-function]
  583 | static void decode_adpcm_ima_hvqm2(AVCodecContext *avctx, int16_t *outbuf, int samples_to_do,
      |             ^~~~~~~~~~~~~~~~~~~~~~
src/libavcodec/adpcm.c:620:13: warning: unused function 'decode_adpcm_ima_hvqm4' [-Wunused-function]
  620 | static void decode_adpcm_ima_hvqm4(AVCodecContext *avctx, int16_t *outbuf, int samples_to_do,
      |             ^~~~~~~~~~~~~~~~~~~~~~
src/libavcodec/adpcm.c:767:23: warning: unused function 'adpcm_circus_expand_nibble' [-Wunused-function]
  767 | static inline int16_t adpcm_circus_expand_nibble(ADPCMChannelStatus *c, uint8_t nibble)
      |                       ^~~~~~~~~~~~~~~~~~~~~~~~~~
CC	libavcodec/adx_parser.o
CC	libavcodec/adxdec.o
CC	libavcodec/agm.o
CC	libavcodec/aic.o
CC	libavcodec/alac.o
4 warnings generated.
CC	libavcodec/alac_data.o
CC	libavcodec/alacdsp.o
CC	libavcodec/aliaspixdec.o
CC	libavcodec/allcodecs.o
CC	libavcodec/alsdec.o
CC	libavcodec/amr_parser.o
CC	libavcodec/amrnbdec.o
CC	libavcodec/amrwbdec.o
CC	libavcodec/anm.o
CC	libavcodec/ansi.o
CC	libavcodec/aom_film_grain.o
CC	libavcodec/apac.o
CC	libavcodec/apedec.o
CC	libavcodec/aptx.o
CC	libavcodec/aptxdec.o
CC	libavcodec/apv_decode.o
CC	libavcodec/apv_dsp.o
CC	libavcodec/apv_entropy.o
CC	libavcodec/apv_parser.o
CC	libavcodec/arbc.o
CC	libavcodec/argo.o
CC	libavcodec/ass.o
CC	libavcodec/assdec.o
CC	libavcodec/asvdec.o
CC	libavcodec/asv.o
CC	libavcodec/atrac.o
CC	libavcodec/atrac1.o
CC	libavcodec/atrac3plus.o
CC	libavcodec/atrac3plusdec.o
CC	libavcodec/atrac3.o
CC	libavcodec/atrac3plusdsp.o
CC	libavcodec/atrac9dec.o
CC	libavcodec/atsc_a53.o
CC	libavcodec/audiodsp.o
CC	libavcodec/aura.o
CC	libavcodec/av1_parse.o
CC	libavcodec/av1_parser.o
CC	libavcodec/av1dec.o
CC	libavcodec/avcodec.o
CC	libavcodec/avrndec.o
CC	libavcodec/avdct.o
CC	libavcodec/avs.o
CC	libavcodec/avs2.o
CC	libavcodec/avs2_parser.o
CC	libavcodec/avs3_parser.o
CC	libavcodec/avuidec.o
CC	libavcodec/bethsoftvideo.o
CC	libavcodec/bfi.o
CC	libavcodec/bgmc.o
CC	libavcodec/bink.o
CC	libavcodec/binkaudio.o
CC	libavcodec/binkdsp.o
CC	libavcodec/bintext.o
CC	libavcodec/bitpacked_dec.o
CC	libavcodec/bitstream.o
CC	libavcodec/bitstream_filters.o
CC	libavcodec/blockdsp.o
CC	libavcodec/bmp.o
CC	libavcodec/bmp_parser.o
CC	libavcodec/bmvaudio.o
CC	libavcodec/bmvvideo.o
CC	libavcodec/brenderpix.o
CC	libavcodec/bonk.o
CC	libavcodec/bsf.o
CC	libavcodec/bsf/aac_adtstoasc.o
CC	libavcodec/bsf/apv_metadata.o
CC	libavcodec/bsf/av1_frame_merge.o
CC	libavcodec/bsf/av1_frame_split.o
CC	libavcodec/bsf/av1_metadata.o
CC	libavcodec/bsf/chomp.o
CC	libavcodec/bsf/dca_core.o
CC	libavcodec/bsf/dovi_rpu.o
CC	libavcodec/bsf/dovi_split.o
CC	libavcodec/bsf/dts2pts.o
CC	libavcodec/bsf/dump_extradata.o
CC	libavcodec/bsf/dv_error_marker.o
CC	libavcodec/bsf/eac3_core.o
CC	libavcodec/bsf/eia608_to_smpte436m.o
CC	libavcodec/bsf/evc_frame_merge.o
CC	libavcodec/bsf/extract_extradata.o
CC	libavcodec/bsf/filter_units.o
CC	libavcodec/bsf/h264_metadata.o
CC	libavcodec/bsf/h264_mp4toannexb.o
CC	libavcodec/bsf/h264_redundant_pps.o
CC	libavcodec/bsf/h265_metadata.o
CC	libavcodec/bsf/h266_metadata.o
CC	libavcodec/bsf/hapqa_extract.o
CC	libavcodec/bsf/hevc_mp4toannexb.o
CC	libavcodec/bsf/imx_dump_header.o
CC	libavcodec/bsf/lcevc_metadata.o
CC	libavcodec/bsf/media100_to_mjpegb.o
CC	libavcodec/bsf/mjpeg2jpeg.o
CC	libavcodec/bsf/mjpega_dump_header.o
CC	libavcodec/bsf/movsub.o
CC	libavcodec/bsf/mpeg2_metadata.o
CC	libavcodec/bsf/mpeg4_unpack_bframes.o
CC	libavcodec/bsf/noise.o
CC	libavcodec/bsf/null.o
CC	libavcodec/bsf/opus_metadata.o
CC	libavcodec/bsf/pcm_rechunk.o
CC	libavcodec/bsf/pgs_frame_merge.o
CC	libavcodec/bsf/prores_metadata.o
CC	libavcodec/bsf/remove_extradata.o
CC	libavcodec/bsf/setts.o
CC	libavcodec/bsf/showinfo.o
CC	libavcodec/bsf/smpte436m_to_eia608.o
CC	libavcodec/bsf/trace_headers.o
CC	libavcodec/bsf/truehd_core.o
CC	libavcodec/bsf/vp9_metadata.o
CC	libavcodec/bsf/vp9_raw_reorder.o
CC	libavcodec/bsf/vp9_superframe.o
CC	libavcodec/bsf/vp9_superframe_split.o
CC	libavcodec/bsf/vvc_mp4toannexb.o
CC	libavcodec/bswapdsp.o
CC	libavcodec/c93.o
CC	libavcodec/cabac.o
CC	libavcodec/canopus.o
CC	libavcodec/cavs.o
CC	libavcodec/cavs_parser.o
CC	libavcodec/cavsdata.o
CC	libavcodec/cavsdec.o
CC	libavcodec/cavsdsp.o
CC	libavcodec/cbrt_data.o
CC	libavcodec/cbrt_data_fixed.o
CC	libavcodec/cbrt_tablegen_common.o
CC	libavcodec/cbs.o
CC	libavcodec/cbs_apv.o
CC	libavcodec/cbs_av1.o
