ninja: Entering directory `/Volumes/seed2/Projects/demuxe-nonisolated-full-playback-20260929/playback-full-deps-01/objects/mpv'
[1/231] Generating ebml_defs.inc with a custom command
[2/231] Generating ebml_types.h with a custom command
[3/231] Generating common/version.h with a custom command (wrapped by meson because command contains newlines)
[4/231] Generating etc/mpv-icon-8bit-16x16.png with a custom command
[5/231] Generating etc/mpv-icon-8bit-32x32.png with a custom command
[6/231] Generating etc/mpv-icon-8bit-64x64.png with a custom command
[7/231] Generating etc/mpv-icon-8bit-128x128.png with a custom command
[8/231] Generating etc/builtin.conf with a custom command
[9/231] Generating etc/menu.conf with a custom command
[10/231] Generating etc/input.conf with a custom command
[11/231] Generating player/lua/assdraw.lua with a custom command
[12/231] Generating player/lua/options.lua with a custom command
[13/231] Generating player/lua/defaults.lua with a custom command
[14/231] Generating player/javascript/defaults.js with a custom command
[15/231] Generating player/lua/ytdl_hook.lua with a custom command
[16/231] Generating player/lua/console.lua with a custom command
[17/231] Generating player/lua/stats.lua with a custom command
[18/231] Generating player/lua/osc.lua with a custom command
[19/231] Generating player/lua/auto_profiles.lua with a custom command
[20/231] Generating player/lua/input.lua with a custom command
[21/231] Generating player/lua/fzy.lua with a custom command
[22/231] Generating player/lua/select.lua with a custom command
[23/231] Generating player/lua/commands.lua with a custom command
[24/231] Generating player/lua/positioning.lua with a custom command
[25/231] Generating player/lua/context_menu.lua with a custom command
[26/231] Generating sub/osd_font.otf with a custom command
[27/231] Compiling C object libmpv.a.p/audio_chmap_avchannel.c.o
[28/231] Compiling C object libmpv.a.p/audio_chmap_sel.c.o
[29/231] Compiling C object libmpv.a.p/audio_chmap.c.o
[30/231] Compiling C object libmpv.a.p/audio_aframe.c.o
[31/231] Compiling C object libmpv.a.p/audio_filter_af_drop.c.o
[32/231] Compiling C object libmpv.a.p/audio_decode_ad_spdif.c.o
[33/231] Compiling C object libmpv.a.p/audio_decode_ad_lavc.c.o
[34/231] Compiling C object libmpv.a.p/audio_decode_ad_dsd.c.o
[35/231] Compiling C object libmpv.a.p/audio_filter_af_format.c.o
[36/231] Compiling C object libmpv.a.p/audio_filter_af_lavfi_tempo.c.o
[37/231] Compiling C object libmpv.a.p/audio_filter_af_lavcac3enc.c.o
[38/231] Compiling C object libmpv.a.p/audio_filter_af_scaletempo.c.o
[39/231] Compiling C object libmpv.a.p/audio_filter_af_scaletempo2.c.o
[40/231] Compiling C object libmpv.a.p/audio_fmt-conversion.c.o
[41/231] Compiling C object libmpv.a.p/audio_filter_af_scaletempo2_internals.c.o
[42/231] Compiling C object libmpv.a.p/audio_format.c.o
[43/231] Compiling C object libmpv.a.p/audio_out_ao_null.c.o
[44/231] Compiling C object libmpv.a.p/audio_out_ao_lavc.c.o
[45/231] Compiling C object libmpv.a.p/audio_out_ao.c.o
[46/231] Compiling C object libmpv.a.p/audio_out_ao_browser.c.o
[47/231] Compiling C object libmpv.a.p/common_av_common.c.o
[48/231] Compiling C object libmpv.a.p/audio_out_ao_pcm.c.o
[49/231] Compiling C object libmpv.a.p/audio_out_buffer.c.o
[50/231] Compiling C object libmpv.a.p/common_av_log.c.o
[51/231] Compiling C object libmpv.a.p/common_codecs.c.o
[52/231] Compiling C object libmpv.a.p/common_common.c.o
[53/231] Compiling C object libmpv.a.p/common_encode_lavc.c.o
[54/231] Compiling C object libmpv.a.p/common_msg.c.o
[55/231] Compiling C object libmpv.a.p/common_playlist.c.o
[56/231] Compiling C object libmpv.a.p/common_recorder.c.o
[57/231] Compiling C object libmpv.a.p/common_stats.c.o
[58/231] Compiling C object libmpv.a.p/common_tags.c.o
[59/231] Compiling C object libmpv.a.p/common_version.c.o
[60/231] Compiling C object libmpv.a.p/demux_codec_tags.c.o
[61/231] Compiling C object libmpv.a.p/demux_cue.c.o
[62/231] Compiling C object libmpv.a.p/demux_cache.c.o
[63/231] Compiling C object libmpv.a.p/demux_demux_cue.c.o
[64/231] Compiling C object libmpv.a.p/demux_demux_disc.c.o
[65/231] Compiling C object libmpv.a.p/demux_demux_edl.c.o
[66/231] Compiling C object libmpv.a.p/demux_demux.c.o
[67/231] Compiling C object libmpv.a.p/demux_demux_mf.c.o
[68/231] Compiling C object libmpv.a.p/demux_demux_mpv.c.o
[69/231] Compiling C object libmpv.a.p/demux_demux_mkv_timeline.c.o
[70/231] Compiling C object libmpv.a.p/demux_demux_lavf.c.o
[71/231] Compiling C object libmpv.a.p/demux_demux_null.c.o
[72/231] Compiling C object libmpv.a.p/demux_demux_raw.c.o
[73/231] Compiling C object libmpv.a.p/demux_demux_timeline.c.o
[74/231] Compiling C object libmpv.a.p/demux_demux_playlist.c.o
[75/231] Compiling C object libmpv.a.p/demux_dovi_split.c.o
[76/231] Compiling C object libmpv.a.p/demux_packet.c.o
[77/231] Compiling C object libmpv.a.p/demux_packet_pool.c.o
[78/231] Compiling C object libmpv.a.p/demux_ebml.c.o
[79/231] Compiling C object libmpv.a.p/demux_demux_mkv.c.o
[80/231] Compiling C object libmpv.a.p/demux_timeline.c.o
[81/231] Compiling C object libmpv.a.p/filters_f_async_queue.c.o
[82/231] Compiling C object libmpv.a.p/filters_f_autoconvert.c.o
[83/231] Compiling C object libmpv.a.p/filters_f_auto_filters.c.o
[84/231] Compiling C object libmpv.a.p/filters_f_demux_in.c.o
[85/231] Compiling C object libmpv.a.p/filters_f_enhancement_pair.c.o
[86/231] Compiling C object libmpv.a.p/filters_f_decoder_wrapper.c.o
[87/231] Compiling C object libmpv.a.p/filters_f_hwtransfer.c.o
[88/231] Compiling C object libmpv.a.p/filters_f_swscale.c.o
[89/231] Compiling C object libmpv.a.p/filters_f_output_chain.c.o
[90/231] Compiling C object libmpv.a.p/filters_f_swresample.c.o
[91/231] Compiling C object libmpv.a.p/filters_f_lavfi.c.o
[92/231] Compiling C object libmpv.a.p/filters_f_utils.c.o
[93/231] Compiling C object libmpv.a.p/filters_frame.c.o
[94/231] Compiling C object libmpv.a.p/filters_filter.c.o
[95/231] Compiling C object libmpv.a.p/filters_user_filters.c.o
[96/231] Compiling C object libmpv.a.p/input_cmd.c.o
[97/231] Compiling C object libmpv.a.p/input_dnd.c.o
[98/231] Compiling C object libmpv.a.p/input_event.c.o
[99/231] Compiling C object libmpv.a.p/input_keycodes.c.o
[100/231] Compiling C object libmpv.a.p/input_ipc.c.o
[101/231] Compiling C object libmpv.a.p/misc_bstr.c.o
[102/231] Compiling C object libmpv.a.p/input_input.c.o
[103/231] Compiling C object libmpv.a.p/misc_charset_conv.c.o
[104/231] Compiling C object libmpv.a.p/misc_codepoint_width.c.o
[105/231] Compiling C object libmpv.a.p/misc_dispatch.c.o
[106/231] Compiling C object libmpv.a.p/misc_hash.c.o
[107/231] Compiling C object libmpv.a.p/misc_io_utils.c.o
[108/231] Compiling C object libmpv.a.p/misc_json.c.o
[109/231] Compiling C object libmpv.a.p/misc_language.c.o
[110/231] Compiling C object libmpv.a.p/misc_natural_sort.c.o
[111/231] Compiling C object libmpv.a.p/misc_node.c.o
[112/231] Compiling C object libmpv.a.p/misc_path_utils.c.o
[113/231] Compiling C object libmpv.a.p/misc_random.c.o
[114/231] Compiling C object libmpv.a.p/misc_rendezvous.c.o
[115/231] Compiling C object libmpv.a.p/misc_thread_tools.c.o
[116/231] Compiling C object libmpv.a.p/misc_thread_pool.c.o
[117/231] Compiling C object libmpv.a.p/options_m_config_core.c.o
[118/231] Compiling C object libmpv.a.p/options_m_config_frontend.c.o
[119/231] Compiling C object libmpv.a.p/options_m_property.c.o
[120/231] Compiling C object libmpv.a.p/options_parse_commandline.c.o
[121/231] Compiling C object libmpv.a.p/options_options.c.o
[122/231] Compiling C object libmpv.a.p/options_parse_configfile.c.o
[123/231] Compiling C object libmpv.a.p/options_m_option.c.o
[124/231] Compiling C object libmpv.a.p/options_path.c.o
[125/231] Compiling C object libmpv.a.p/player_audio.c.o
[126/231] Compiling C object libmpv.a.p/player_client.c.o
[127/231] Compiling C object libmpv.a.p/player_discnav.c.o
[128/231] Compiling C object libmpv.a.p/player_configfiles.c.o
[129/231] Compiling C object libmpv.a.p/player_external_files.c.o
[130/231] Compiling C object libmpv.a.p/player_main.c.o
[131/231] Compiling C object libmpv.a.p/player_loadfile.c.o
[132/231] Compiling C object libmpv.a.p/player_misc.c.o
[133/231] Compiling C object libmpv.a.p/player_osd.c.o
[134/231] Compiling C object libmpv.a.p/player_command.c.o
[135/231] Compiling C object libmpv.a.p/player_playloop.c.o
[136/231] Compiling C object libmpv.a.p/player_scripting.c.o
[137/231] Compiling C object libmpv.a.p/player_screenshot.c.o
[138/231] Compiling C object libmpv.a.p/player_sub.c.o
[139/231] Compiling C object libmpv.a.p/player_clipboard_clipboard.c.o
[140/231] Compiling C object libmpv.a.p/player_video.c.o
[141/231] Compiling C object libmpv.a.p/player_clipboard_clipboard-vo.c.o
[142/231] Compiling C object libmpv.a.p/stream_cookies.c.o
[143/231] Compiling C object libmpv.a.p/stream_network.c.o
[144/231] Compiling C object libmpv.a.p/stream_stream_avdevice.c.o
[145/231] Compiling C object libmpv.a.p/stream_stream.c.o
[146/231] Compiling C object libmpv.a.p/stream_stream_cb.c.o
[147/231] Compiling C object libmpv.a.p/stream_stream_concat.c.o
[148/231] Compiling C object libmpv.a.p/stream_stream_edl.c.o
[149/231] Compiling C object libmpv.a.p/stream_stream_lavf.c.o
[150/231] Compiling C object libmpv.a.p/stream_stream_memory.c.o
[151/231] Compiling C object libmpv.a.p/stream_stream_mf.c.o
[152/231] Compiling C object libmpv.a.p/stream_stream_file.c.o
[153/231] Compiling C object libmpv.a.p/stream_stream_mpv.c.o
[154/231] Compiling C object libmpv.a.p/stream_stream_bstr.c.o
[155/231] Compiling C object libmpv.a.p/stream_stream_null.c.o
[156/231] Compiling C object libmpv.a.p/stream_stream_slice.c.o
[157/231] Compiling C object libmpv.a.p/stream_stream_env.c.o
[158/231] Compiling C object libmpv.a.p/sub_ass_mp.c.o
[159/231] Compiling C object libmpv.a.p/sub_dec_sub.c.o
[160/231] Compiling C object libmpv.a.p/sub_img_convert.c.o
[161/231] Compiling C object libmpv.a.p/sub_draw_bmp.c.o
[162/231] Compiling C object libmpv.a.p/sub_filter_sdh.c.o
[163/231] Compiling C object libmpv.a.p/sub_lavc_conv.c.o
[164/231] Compiling C object libmpv.a.p/sub_osd.c.o
[165/231] Compiling C object libmpv.a.p/sub_packer.c.o
[166/231] Compiling C object libmpv.a.p/sub_osd_libass.c.o
[167/231] Compiling C object libmpv.a.p/sub_sd_ass.c.o
[168/231] Compiling C object libmpv.a.p/video_csputils.c.o
[169/231] Compiling C object libmpv.a.p/sub_sd_lavc.c.o
[170/231] Compiling C object libmpv.a.p/video_filter_refqueue.c.o
[171/231] Compiling C object libmpv.a.p/video_decode_vd_lavc.c.o
[172/231] Compiling C object libmpv.a.p/video_fmt-conversion.c.o
[173/231] Compiling C object libmpv.a.p/video_filter_vf_sub.c.o
[174/231] Compiling C object libmpv.a.p/video_filter_vf_format.c.o
[175/231] Compiling C object libmpv.a.p/video_hwdec.c.o
[176/231] Compiling C object libmpv.a.p/video_image_loader.c.o
[177/231] Compiling C object libmpv.a.p/video_image_writer.c.o
[178/231] Compiling C object libmpv.a.p/video_img_format.c.o
[179/231] Compiling C object libmpv.a.p/video_mp_image.c.o
[180/231] Compiling C object libmpv.a.p/video_out_aspect.c.o
[181/231] Compiling C object libmpv.a.p/video_mp_image_pool.c.o
[182/231] Compiling C object libmpv.a.p/video_out_bitmap_packer.c.o
[183/231] Compiling C object libmpv.a.p/video_out_dr_helper.c.o
[184/231] Compiling C object libmpv.a.p/video_out_dither.c.o
[185/231] Compiling C object libmpv.a.p/video_out_filter_kernels.c.o
[186/231] Compiling C object libmpv.a.p/video_out_gpu_context.c.o
[187/231] Compiling C object libmpv.a.p/video_out_gpu_error_diffusion.c.o
[188/231] Compiling C object libmpv.a.p/video_out_gpu_lcms.c.o
[189/231] Compiling C object libmpv.a.p/video_out_gpu_hwdec.c.o
[190/231] Compiling C object libmpv.a.p/video_out_gpu_osd.c.o
[191/231] Compiling C object libmpv.a.p/video_out_gpu_libmpv_gpu.c.o
[192/231] Compiling C object libmpv.a.p/video_out_gpu_ra.c.o
[193/231] Compiling C object libmpv.a.p/video_out_gpu_shader_cache.c.o
[194/231] Compiling C object libmpv.a.p/video_out_gpu_spirv.c.o
[195/231] Compiling C object libmpv.a.p/video_out_gpu_utils.c.o
[196/231] Compiling C object libmpv.a.p/video_out_gpu_user_shaders.c.o
[197/231] Compiling C object libmpv.a.p/video_out_libmpv_sw.c.o
[198/231] Compiling C object libmpv.a.p/video_out_gpu_video_shaders.c.o
[199/231] Compiling C object libmpv.a.p/video_out_vo.c.o
[200/231] Compiling C object libmpv.a.p/video_out_vo_gpu.c.o
[201/231] Compiling C object libmpv.a.p/video_out_vo_image.c.o
[202/231] Compiling C object libmpv.a.p/video_out_gpu_video.c.o
[203/231] Compiling C object libmpv.a.p/video_out_vo_libmpv.c.o
[204/231] Compiling C object libmpv.a.p/video_out_vo_lavc.c.o
[205/231] Compiling C object libmpv.a.p/video_out_vo_null.c.o
[206/231] Compiling C object libmpv.a.p/video_out_win_state.c.o
[207/231] Compiling C object libmpv.a.p/video_out_vo_tct.c.o
[208/231] Compiling C object libmpv.a.p/video_out_vo_kitty.c.o
[209/231] Compiling C object libmpv.a.p/video_repack.c.o
[210/231] Compiling C object libmpv.a.p/video_sws_utils.c.o
[211/231] Compiling C object libmpv.a.p/video_out_placebo_utils.c.o
[212/231] Compiling C object libmpv.a.p/video_out_placebo_ra_pl.c.o
[213/231] Compiling C object libmpv.a.p/video_out_gpu_next_context.c.o
[214/231] Compiling C object libmpv.a.p/osdep_io.c.o
[215/231] Compiling C object libmpv.a.p/osdep_subprocess.c.o
[216/231] Compiling C object libmpv.a.p/ta_ta_talloc.c.o
[217/231] Compiling C object libmpv.a.p/osdep_timer.c.o
[218/231] Compiling C object libmpv.a.p/ta_ta.c.o
[219/231] Compiling C object libmpv.a.p/video_out_vo_gpu_next.c.o
[220/231] Compiling C object libmpv.a.p/osdep_subprocess-dummy.c.o
[221/231] Compiling C object libmpv.a.p/ta_ta_utils.c.o
[222/231] Compiling C object libmpv.a.p/input_ipc-unix.c.o
[223/231] Compiling C object libmpv.a.p/osdep_threads-coop.c.o
[224/231] Compiling C object libmpv.a.p/osdep_poll_wrapper.c.o
[225/231] Compiling C object libmpv.a.p/osdep_terminal-unix.c.o
[226/231] Compiling C object libmpv.a.p/sub_filter_regex.c.o
[227/231] Compiling C object libmpv.a.p/osdep_language-posix.c.o
[228/231] Compiling C object libmpv.a.p/osdep_timer-linux.c.o
[229/231] Compiling C object libmpv.a.p/osdep_als-voctrl.c.o
[230/231] Compiling C object libmpv.a.p/osdep_path-unix.c.o
[231/231] Linking static target libmpv.a
