{"args": ["/opt/homebrew/opt/jpeg-turbo/bin/cjpeg", "-quality", "83", "-outfile", "research/shared/runs/20260919T_audio_jpeg_overlay/overlay.jpg", "research/shared/runs/20260919T_audio_jpeg_overlay/overlay.pgm"], "exit": 0, "stderr": ""}
{"args": ["research/shared/runs/20260920T003439Z-huffman-special/oracle", "c", "research/shared/runs/20260919T_audio_jpeg_overlay/overlay.jpg"], "exit": 0, "stderr": ""}
{"args": ["/opt/homebrew/opt/jpeg-turbo/bin/djpeg", "-grayscale", "-pnm", "research/shared/runs/20260919T_audio_jpeg_overlay/overlay.jpg"], "exit": 0, "stderr": ""}
{"args": ["/opt/homebrew/opt/jpeg-turbo/bin/cjpeg", "-quality", "83", "-outfile", "research/shared/runs/20260919T_audio_jpeg_overlay/timed-overlay.jpg", "research/shared/runs/20260919T_audio_jpeg_overlay/timed-overlay.pgm"], "exit": 0, "stderr": ""}
{"args": ["/opt/homebrew/opt/jpeg-turbo/bin/jpegtran", "-drop", "+40+48", "research/shared/runs/20260919T_audio_jpeg_overlay/timed-overlay.jpg", "-outfile", "research/shared/runs/20260919T_audio_jpeg_overlay/frame0-candidate.jpg", "research/shared/runs/20260920T003439Z-huffman-special/frame0.jpg"], "exit": 0, "stderr": ""}
{"args": ["/opt/homebrew/opt/jpeg-turbo/bin/djpeg", "-grayscale", "-pnm", "research/shared/runs/20260919T_audio_jpeg_overlay/frame0-candidate.jpg"], "exit": 0, "stderr": ""}
{"args": ["/opt/homebrew/opt/jpeg-turbo/bin/djpeg", "-grayscale", "-pnm", "research/shared/runs/20260920T003439Z-huffman-special/frame0.jpg"], "exit": 0, "stderr": ""}
{"args": ["/opt/homebrew/opt/jpeg-turbo/bin/cjpeg", "-quality", "83", "-outfile", "research/shared/runs/20260919T_audio_jpeg_overlay/full.jpg", "research/shared/runs/20260919T_audio_jpeg_overlay/full.pgm"], "exit": 0, "stderr": ""}
{"args": ["/opt/homebrew/opt/jpeg-turbo/bin/jpegtran", "-crop", "32x16+40+48", "-outfile", "research/shared/runs/20260919T_audio_jpeg_overlay/crop.jpg", "research/shared/runs/20260919T_audio_jpeg_overlay/full.jpg"], "exit": 0, "stderr": ""}
{"args": ["/opt/homebrew/opt/jpeg-turbo/bin/jpegtran", "-drop", "+40+48", "research/shared/runs/20260919T_audio_jpeg_overlay/crop.jpg", "-outfile", "research/shared/runs/20260919T_audio_jpeg_overlay/frame0-baseline.jpg", "research/shared/runs/20260920T003439Z-huffman-special/frame0.jpg"], "exit": 0, "stderr": ""}
{"args": ["/opt/homebrew/opt/jpeg-turbo/bin/djpeg", "-grayscale", "-pnm", "research/shared/runs/20260919T_audio_jpeg_overlay/frame0-baseline.jpg"], "exit": 0, "stderr": ""}
{"args": ["research/shared/runs/20260920T003439Z-huffman-special/oracle", "c", "research/shared/runs/20260919T_audio_jpeg_overlay/frame0-candidate.jpg"], "exit": 0, "stderr": ""}
{"args": ["/opt/homebrew/opt/jpeg-turbo/bin/cjpeg", "-quality", "83", "-outfile", "research/shared/runs/20260919T_audio_jpeg_overlay/timed-overlay.jpg", "research/shared/runs/20260919T_audio_jpeg_overlay/timed-overlay.pgm"], "exit": 0, "stderr": ""}
{"args": ["/opt/homebrew/opt/jpeg-turbo/bin/jpegtran", "-drop", "+40+48", "research/shared/runs/20260919T_audio_jpeg_overlay/timed-overlay.jpg", "-outfile", "research/shared/runs/20260919T_audio_jpeg_overlay/frame1-candidate.jpg", "research/shared/runs/20260920T003439Z-huffman-special/frame1.jpg"], "exit": 0, "stderr": ""}
{"args": ["/opt/homebrew/opt/jpeg-turbo/bin/djpeg", "-grayscale", "-pnm", "research/shared/runs/20260919T_audio_jpeg_overlay/frame1-candidate.jpg"], "exit": 0, "stderr": ""}
{"args": ["/opt/homebrew/opt/jpeg-turbo/bin/djpeg", "-grayscale", "-pnm", "research/shared/runs/20260920T003439Z-huffman-special/frame1.jpg"], "exit": 0, "stderr": ""}
{"args": ["/opt/homebrew/opt/jpeg-turbo/bin/cjpeg", "-quality", "83", "-outfile", "research/shared/runs/20260919T_audio_jpeg_overlay/full.jpg", "research/shared/runs/20260919T_audio_jpeg_overlay/full.pgm"], "exit": 0, "stderr": ""}
{"args": ["/opt/homebrew/opt/jpeg-turbo/bin/jpegtran", "-crop", "32x16+40+48", "-outfile", "research/shared/runs/20260919T_audio_jpeg_overlay/crop.jpg", "research/shared/runs/20260919T_audio_jpeg_overlay/full.jpg"], "exit": 0, "stderr": ""}
{"args": ["/opt/homebrew/opt/jpeg-turbo/bin/jpegtran", "-drop", "+40+48", "research/shared/runs/20260919T_audio_jpeg_overlay/crop.jpg", "-outfile", "research/shared/runs/20260919T_audio_jpeg_overlay/frame1-baseline.jpg", "research/shared/runs/20260920T003439Z-huffman-special/frame1.jpg"], "exit": 0, "stderr": ""}
{"args": ["/opt/homebrew/opt/jpeg-turbo/bin/djpeg", "-grayscale", "-pnm", "research/shared/runs/20260919T_audio_jpeg_overlay/frame1-baseline.jpg"], "exit": 0, "stderr": ""}
{"args": ["research/shared/runs/20260920T003439Z-huffman-special/oracle", "c", "research/shared/runs/20260919T_audio_jpeg_overlay/frame1-candidate.jpg"], "exit": 0, "stderr": ""}
{"args": ["/opt/homebrew/opt/jpeg-turbo/bin/cjpeg", "-quality", "83", "-outfile", "research/shared/runs/20260919T_audio_jpeg_overlay/timed-overlay.jpg", "research/shared/runs/20260919T_audio_jpeg_overlay/timed-overlay.pgm"], "exit": 0, "stderr": ""}
{"args": ["/opt/homebrew/opt/jpeg-turbo/bin/jpegtran", "-drop", "+40+48", "research/shared/runs/20260919T_audio_jpeg_overlay/timed-overlay.jpg", "-outfile", "research/shared/runs/20260919T_audio_jpeg_overlay/frame2-candidate.jpg", "research/shared/runs/20260920T003439Z-huffman-special/frame2.jpg"], "exit": 0, "stderr": ""}
{"args": ["/opt/homebrew/opt/jpeg-turbo/bin/djpeg", "-grayscale", "-pnm", "research/shared/runs/20260919T_audio_jpeg_overlay/frame2-candidate.jpg"], "exit": 0, "stderr": ""}
{"args": ["/opt/homebrew/opt/jpeg-turbo/bin/djpeg", "-grayscale", "-pnm", "research/shared/runs/20260920T003439Z-huffman-special/frame2.jpg"], "exit": 0, "stderr": ""}
{"args": ["/opt/homebrew/opt/jpeg-turbo/bin/cjpeg", "-quality", "83", "-outfile", "research/shared/runs/20260919T_audio_jpeg_overlay/full.jpg", "research/shared/runs/20260919T_audio_jpeg_overlay/full.pgm"], "exit": 0, "stderr": ""}
{"args": ["/opt/homebrew/opt/jpeg-turbo/bin/jpegtran", "-crop", "32x16+40+48", "-outfile", "research/shared/runs/20260919T_audio_jpeg_overlay/crop.jpg", "research/shared/runs/20260919T_audio_jpeg_overlay/full.jpg"], "exit": 0, "stderr": ""}
{"args": ["/opt/homebrew/opt/jpeg-turbo/bin/jpegtran", "-drop", "+40+48", "research/shared/runs/20260919T_audio_jpeg_overlay/crop.jpg", "-outfile", "research/shared/runs/20260919T_audio_jpeg_overlay/frame2-baseline.jpg", "research/shared/runs/20260920T003439Z-huffman-special/frame2.jpg"], "exit": 0, "stderr": ""}
{"args": ["/opt/homebrew/opt/jpeg-turbo/bin/djpeg", "-grayscale", "-pnm", "research/shared/runs/20260919T_audio_jpeg_overlay/frame2-baseline.jpg"], "exit": 0, "stderr": ""}
{"args": ["research/shared/runs/20260920T003439Z-huffman-special/oracle", "c", "research/shared/runs/20260919T_audio_jpeg_overlay/frame2-candidate.jpg"], "exit": 0, "stderr": ""}
{"args": ["/opt/homebrew/opt/jpeg-turbo/bin/cjpeg", "-quality", "83", "-outfile", "research/shared/runs/20260919T_audio_jpeg_overlay/timed-overlay.jpg", "research/shared/runs/20260919T_audio_jpeg_overlay/timed-overlay.pgm"], "exit": 0, "stderr": ""}
{"args": ["/opt/homebrew/opt/jpeg-turbo/bin/jpegtran", "-drop", "+40+48", "research/shared/runs/20260919T_audio_jpeg_overlay/timed-overlay.jpg", "-outfile", "research/shared/runs/20260919T_audio_jpeg_overlay/frame3-candidate.jpg", "research/shared/runs/20260920T003439Z-huffman-special/frame3.jpg"], "exit": 0, "stderr": ""}
{"args": ["/opt/homebrew/opt/jpeg-turbo/bin/djpeg", "-grayscale", "-pnm", "research/shared/runs/20260919T_audio_jpeg_overlay/frame3-candidate.jpg"], "exit": 0, "stderr": ""}
{"args": ["/opt/homebrew/opt/jpeg-turbo/bin/djpeg", "-grayscale", "-pnm", "research/shared/runs/20260920T003439Z-huffman-special/frame3.jpg"], "exit": 0, "stderr": ""}
{"args": ["/opt/homebrew/opt/jpeg-turbo/bin/cjpeg", "-quality", "83", "-outfile", "research/shared/runs/20260919T_audio_jpeg_overlay/full.jpg", "research/shared/runs/20260919T_audio_jpeg_overlay/full.pgm"], "exit": 0, "stderr": ""}
{"args": ["/opt/homebrew/opt/jpeg-turbo/bin/jpegtran", "-crop", "32x16+40+48", "-outfile", "research/shared/runs/20260919T_audio_jpeg_overlay/crop.jpg", "research/shared/runs/20260919T_audio_jpeg_overlay/full.jpg"], "exit": 0, "stderr": ""}
{"args": ["/opt/homebrew/opt/jpeg-turbo/bin/jpegtran", "-drop", "+40+48", "research/shared/runs/20260919T_audio_jpeg_overlay/crop.jpg", "-outfile", "research/shared/runs/20260919T_audio_jpeg_overlay/frame3-baseline.jpg", "research/shared/runs/20260920T003439Z-huffman-special/frame3.jpg"], "exit": 0, "stderr": ""}
{"args": ["/opt/homebrew/opt/jpeg-turbo/bin/djpeg", "-grayscale", "-pnm", "research/shared/runs/20260919T_audio_jpeg_overlay/frame3-baseline.jpg"], "exit": 0, "stderr": ""}
{"args": ["research/shared/runs/20260920T003439Z-huffman-special/oracle", "c", "research/shared/runs/20260919T_audio_jpeg_overlay/frame3-candidate.jpg"], "exit": 0, "stderr": ""}
{"args": ["/opt/homebrew/opt/jpeg-turbo/bin/cjpeg", "-quality", "83", "-outfile", "research/shared/runs/20260919T_audio_jpeg_overlay/timed-overlay.jpg", "research/shared/runs/20260919T_audio_jpeg_overlay/timed-overlay.pgm"], "exit": 0, "stderr": ""}
{"args": ["/opt/homebrew/opt/jpeg-turbo/bin/jpegtran", "-drop", "+40+48", "research/shared/runs/20260919T_audio_jpeg_overlay/timed-overlay.jpg", "-outfile", "research/shared/runs/20260919T_audio_jpeg_overlay/frame0-candidate.jpg", "research/shared/runs/20260920T003439Z-huffman-special/frame0.jpg"], "exit": 0, "stderr": ""}
{"args": ["/opt/homebrew/opt/jpeg-turbo/bin/djpeg", "-grayscale", "-pnm", "research/shared/runs/20260919T_audio_jpeg_overlay/frame0-candidate.jpg"], "exit": 0, "stderr": ""}
{"args": ["/opt/homebrew/opt/jpeg-turbo/bin/cjpeg", "-quality", "83", "-outfile", "research/shared/runs/20260919T_audio_jpeg_overlay/timed-overlay.jpg", "research/shared/runs/20260919T_audio_jpeg_overlay/timed-overlay.pgm"], "exit": 0, "stderr": ""}
{"args": ["/opt/homebrew/opt/jpeg-turbo/bin/jpegtran", "-drop", "+40+48", "research/shared/runs/20260919T_audio_jpeg_overlay/timed-overlay.jpg", "-outfile", "research/shared/runs/20260919T_audio_jpeg_overlay/frame1-candidate.jpg", "research/shared/runs/20260920T003439Z-huffman-special/frame1.jpg"], "exit": 0, "stderr": ""}
{"args": ["/opt/homebrew/opt/jpeg-turbo/bin/djpeg", "-grayscale", "-pnm", "research/shared/runs/20260919T_audio_jpeg_overlay/frame1-candidate.jpg"], "exit": 0, "stderr": ""}
{"args": ["/opt/homebrew/opt/jpeg-turbo/bin/cjpeg", "-quality", "83", "-outfile", "research/shared/runs/20260919T_audio_jpeg_overlay/timed-overlay.jpg", "research/shared/runs/20260919T_audio_jpeg_overlay/timed-overlay.pgm"], "exit": 0, "stderr": ""}
{"args": ["/opt/homebrew/opt/jpeg-turbo/bin/jpegtran", "-drop", "+40+48", "research/shared/runs/20260919T_audio_jpeg_overlay/timed-overlay.jpg", "-outfile", "research/shared/runs/20260919T_audio_jpeg_overlay/frame2-candidate.jpg", "research/shared/runs/20260920T003439Z-huffman-special/frame2.jpg"], "exit": 0, "stderr": ""}
{"args": ["/opt/homebrew/opt/jpeg-turbo/bin/djpeg", "-grayscale", "-pnm", "research/shared/runs/20260919T_audio_jpeg_overlay/frame2-candidate.jpg"], "exit": 0, "stderr": ""}
{"args": ["/opt/homebrew/opt/jpeg-turbo/bin/cjpeg", "-quality", "83", "-outfile", "research/shared/runs/20260919T_audio_jpeg_overlay/timed-overlay.jpg", "research/shared/runs/20260919T_audio_jpeg_overlay/timed-overlay.pgm"], "exit": 0, "stderr": ""}
{"args": ["/opt/homebrew/opt/jpeg-turbo/bin/jpegtran", "-drop", "+40+48", "research/shared/runs/20260919T_audio_jpeg_overlay/timed-overlay.jpg", "-outfile", "research/shared/runs/20260919T_audio_jpeg_overlay/frame3-candidate.jpg", "research/shared/runs/20260920T003439Z-huffman-special/frame3.jpg"], "exit": 0, "stderr": ""}
{"args": ["/opt/homebrew/opt/jpeg-turbo/bin/djpeg", "-grayscale", "-pnm", "research/shared/runs/20260919T_audio_jpeg_overlay/frame3-candidate.jpg"], "exit": 0, "stderr": ""}
{"args": ["/opt/homebrew/opt/jpeg-turbo/bin/djpeg", "-grayscale", "-pnm", "research/shared/runs/20260920T003439Z-huffman-special/frame0.jpg"], "exit": 0, "stderr": ""}
{"args": ["/opt/homebrew/opt/jpeg-turbo/bin/cjpeg", "-quality", "83", "-outfile", "research/shared/runs/20260919T_audio_jpeg_overlay/full.jpg", "research/shared/runs/20260919T_audio_jpeg_overlay/full.pgm"], "exit": 0, "stderr": ""}
{"args": ["/opt/homebrew/opt/jpeg-turbo/bin/jpegtran", "-crop", "32x16+40+48", "-outfile", "research/shared/runs/20260919T_audio_jpeg_overlay/crop.jpg", "research/shared/runs/20260919T_audio_jpeg_overlay/full.jpg"], "exit": 0, "stderr": ""}
{"args": ["/opt/homebrew/opt/jpeg-turbo/bin/jpegtran", "-drop", "+40+48", "research/shared/runs/20260919T_audio_jpeg_overlay/crop.jpg", "-outfile", "research/shared/runs/20260919T_audio_jpeg_overlay/frame0-baseline.jpg", "research/shared/runs/20260920T003439Z-huffman-special/frame0.jpg"], "exit": 0, "stderr": ""}
{"args": ["/opt/homebrew/opt/jpeg-turbo/bin/djpeg", "-grayscale", "-pnm", "research/shared/runs/20260919T_audio_jpeg_overlay/frame0-baseline.jpg"], "exit": 0, "stderr": ""}
{"args": ["/opt/homebrew/opt/jpeg-turbo/bin/djpeg", "-grayscale", "-pnm", "research/shared/runs/20260920T003439Z-huffman-special/frame1.jpg"], "exit": 0, "stderr": ""}
{"args": ["/opt/homebrew/opt/jpeg-turbo/bin/cjpeg", "-quality", "83", "-outfile", "research/shared/runs/20260919T_audio_jpeg_overlay/full.jpg", "research/shared/runs/20260919T_audio_jpeg_overlay/full.pgm"], "exit": 0, "stderr": ""}
{"args": ["/opt/homebrew/opt/jpeg-turbo/bin/jpegtran", "-crop", "32x16+40+48", "-outfile", "research/shared/runs/20260919T_audio_jpeg_overlay/crop.jpg", "research/shared/runs/20260919T_audio_jpeg_overlay/full.jpg"], "exit": 0, "stderr": ""}
{"args": ["/opt/homebrew/opt/jpeg-turbo/bin/jpegtran", "-drop", "+40+48", "research/shared/runs/20260919T_audio_jpeg_overlay/crop.jpg", "-outfile", "research/shared/runs/20260919T_audio_jpeg_overlay/frame1-baseline.jpg", "research/shared/runs/20260920T003439Z-huffman-special/frame1.jpg"], "exit": 0, "stderr": ""}
{"args": ["/opt/homebrew/opt/jpeg-turbo/bin/djpeg", "-grayscale", "-pnm", "research/shared/runs/20260919T_audio_jpeg_overlay/frame1-baseline.jpg"], "exit": 0, "stderr": ""}
{"args": ["/opt/homebrew/opt/jpeg-turbo/bin/djpeg", "-grayscale", "-pnm", "research/shared/runs/20260920T003439Z-huffman-special/frame2.jpg"], "exit": 0, "stderr": ""}
{"args": ["/opt/homebrew/opt/jpeg-turbo/bin/cjpeg", "-quality", "83", "-outfile", "research/shared/runs/20260919T_audio_jpeg_overlay/full.jpg", "research/shared/runs/20260919T_audio_jpeg_overlay/full.pgm"], "exit": 0, "stderr": ""}
{"args": ["/opt/homebrew/opt/jpeg-turbo/bin/jpegtran", "-crop", "32x16+40+48", "-outfile", "research/shared/runs/20260919T_audio_jpeg_overlay/crop.jpg", "research/shared/runs/20260919T_audio_jpeg_overlay/full.jpg"], "exit": 0, "stderr": ""}
{"args": ["/opt/homebrew/opt/jpeg-turbo/bin/jpegtran", "-drop", "+40+48", "research/shared/runs/20260919T_audio_jpeg_overlay/crop.jpg", "-outfile", "research/shared/runs/20260919T_audio_jpeg_overlay/frame2-baseline.jpg", "research/shared/runs/20260920T003439Z-huffman-special/frame2.jpg"], "exit": 0, "stderr": ""}
{"args": ["/opt/homebrew/opt/jpeg-turbo/bin/djpeg", "-grayscale", "-pnm", "research/shared/runs/20260919T_audio_jpeg_overlay/frame2-baseline.jpg"], "exit": 0, "stderr": ""}
{"args": ["/opt/homebrew/opt/jpeg-turbo/bin/djpeg", "-grayscale", "-pnm", "research/shared/runs/20260920T003439Z-huffman-special/frame3.jpg"], "exit": 0, "stderr": ""}
{"args": ["/opt/homebrew/opt/jpeg-turbo/bin/cjpeg", "-quality", "83", "-outfile", "research/shared/runs/20260919T_audio_jpeg_overlay/full.jpg", "research/shared/runs/20260919T_audio_jpeg_overlay/full.pgm"], "exit": 0, "stderr": ""}
{"args": ["/opt/homebrew/opt/jpeg-turbo/bin/jpegtran", "-crop", "32x16+40+48", "-outfile", "research/shared/runs/20260919T_audio_jpeg_overlay/crop.jpg", "research/shared/runs/20260919T_audio_jpeg_overlay/full.jpg"], "exit": 0, "stderr": ""}
{"args": ["/opt/homebrew/opt/jpeg-turbo/bin/jpegtran", "-drop", "+40+48", "research/shared/runs/20260919T_audio_jpeg_overlay/crop.jpg", "-outfile", "research/shared/runs/20260919T_audio_jpeg_overlay/frame3-baseline.jpg", "research/shared/runs/20260920T003439Z-huffman-special/frame3.jpg"], "exit": 0, "stderr": ""}
{"args": ["/opt/homebrew/opt/jpeg-turbo/bin/djpeg", "-grayscale", "-pnm", "research/shared/runs/20260919T_audio_jpeg_overlay/frame3-baseline.jpg"], "exit": 0, "stderr": ""}
{"args": ["/opt/homebrew/opt/jpeg-turbo/bin/djpeg", "-grayscale", "-pnm", "research/shared/runs/20260920T003439Z-huffman-special/frame0.jpg"], "exit": 0, "stderr": ""}
{"args": ["/opt/homebrew/opt/jpeg-turbo/bin/cjpeg", "-quality", "83", "-outfile", "research/shared/runs/20260919T_audio_jpeg_overlay/full.jpg", "research/shared/runs/20260919T_audio_jpeg_overlay/full.pgm"], "exit": 0, "stderr": ""}
{"args": ["/opt/homebrew/opt/jpeg-turbo/bin/jpegtran", "-crop", "32x16+40+48", "-outfile", "research/shared/runs/20260919T_audio_jpeg_overlay/crop.jpg", "research/shared/runs/20260919T_audio_jpeg_overlay/full.jpg"], "exit": 0, "stderr": ""}
{"args": ["/opt/homebrew/opt/jpeg-turbo/bin/jpegtran", "-drop", "+40+48", "research/shared/runs/20260919T_audio_jpeg_overlay/crop.jpg", "-outfile", "research/shared/runs/20260919T_audio_jpeg_overlay/frame0-baseline.jpg", "research/shared/runs/20260920T003439Z-huffman-special/frame0.jpg"], "exit": 0, "stderr": ""}
{"args": ["/opt/homebrew/opt/jpeg-turbo/bin/djpeg", "-grayscale", "-pnm", "research/shared/runs/20260919T_audio_jpeg_overlay/frame0-baseline.jpg"], "exit": 0, "stderr": ""}
{"args": ["/opt/homebrew/opt/jpeg-turbo/bin/djpeg", "-grayscale", "-pnm", "research/shared/runs/20260920T003439Z-huffman-special/frame1.jpg"], "exit": 0, "stderr": ""}
{"args": ["/opt/homebrew/opt/jpeg-turbo/bin/cjpeg", "-quality", "83", "-outfile", "research/shared/runs/20260919T_audio_jpeg_overlay/full.jpg", "research/shared/runs/20260919T_audio_jpeg_overlay/full.pgm"], "exit": 0, "stderr": ""}
{"args": ["/opt/homebrew/opt/jpeg-turbo/bin/jpegtran", "-crop", "32x16+40+48", "-outfile", "research/shared/runs/20260919T_audio_jpeg_overlay/crop.jpg", "research/shared/runs/20260919T_audio_jpeg_overlay/full.jpg"], "exit": 0, "stderr": ""}
{"args": ["/opt/homebrew/opt/jpeg-turbo/bin/jpegtran", "-drop", "+40+48", "research/shared/runs/20260919T_audio_jpeg_overlay/crop.jpg", "-outfile", "research/shared/runs/20260919T_audio_jpeg_overlay/frame1-baseline.jpg", "research/shared/runs/20260920T003439Z-huffman-special/frame1.jpg"], "exit": 0, "stderr": ""}
{"args": ["/opt/homebrew/opt/jpeg-turbo/bin/djpeg", "-grayscale", "-pnm", "research/shared/runs/20260919T_audio_jpeg_overlay/frame1-baseline.jpg"], "exit": 0, "stderr": ""}
{"args": ["/opt/homebrew/opt/jpeg-turbo/bin/djpeg", "-grayscale", "-pnm", "research/shared/runs/20260920T003439Z-huffman-special/frame2.jpg"], "exit": 0, "stderr": ""}
{"args": ["/opt/homebrew/opt/jpeg-turbo/bin/cjpeg", "-quality", "83", "-outfile", "research/shared/runs/20260919T_audio_jpeg_overlay/full.jpg", "research/shared/runs/20260919T_audio_jpeg_overlay/full.pgm"], "exit": 0, "stderr": ""}
{"args": ["/opt/homebrew/opt/jpeg-turbo/bin/jpegtran", "-crop", "32x16+40+48", "-outfile", "research/shared/runs/20260919T_audio_jpeg_overlay/crop.jpg", "research/shared/runs/20260919T_audio_jpeg_overlay/full.jpg"], "exit": 0, "stderr": ""}
{"args": ["/opt/homebrew/opt/jpeg-turbo/bin/jpegtran", "-drop", "+40+48", "research/shared/runs/20260919T_audio_jpeg_overlay/crop.jpg", "-outfile", "research/shared/runs/20260919T_audio_jpeg_overlay/frame2-baseline.jpg", "research/shared/runs/20260920T003439Z-huffman-special/frame2.jpg"], "exit": 0, "stderr": ""}
{"args": ["/opt/homebrew/opt/jpeg-turbo/bin/djpeg", "-grayscale", "-pnm", "research/shared/runs/20260919T_audio_jpeg_overlay/frame2-baseline.jpg"], "exit": 0, "stderr": ""}
{"args": ["/opt/homebrew/opt/jpeg-turbo/bin/djpeg", "-grayscale", "-pnm", "research/shared/runs/20260920T003439Z-huffman-special/frame3.jpg"], "exit": 0, "stderr": ""}
{"args": ["/opt/homebrew/opt/jpeg-turbo/bin/cjpeg", "-quality", "83", "-outfile", "research/shared/runs/20260919T_audio_jpeg_overlay/full.jpg", "research/shared/runs/20260919T_audio_jpeg_overlay/full.pgm"], "exit": 0, "stderr": ""}
{"args": ["/opt/homebrew/opt/jpeg-turbo/bin/jpegtran", "-crop", "32x16+40+48", "-outfile", "research/shared/runs/20260919T_audio_jpeg_overlay/crop.jpg", "research/shared/runs/20260919T_audio_jpeg_overlay/full.jpg"], "exit": 0, "stderr": ""}
{"args": ["/opt/homebrew/opt/jpeg-turbo/bin/jpegtran", "-drop", "+40+48", "research/shared/runs/20260919T_audio_jpeg_overlay/crop.jpg", "-outfile", "research/shared/runs/20260919T_audio_jpeg_overlay/frame3-baseline.jpg", "research/shared/runs/20260920T003439Z-huffman-special/frame3.jpg"], "exit": 0, "stderr": ""}
{"args": ["/opt/homebrew/opt/jpeg-turbo/bin/djpeg", "-grayscale", "-pnm", "research/shared/runs/20260919T_audio_jpeg_overlay/frame3-baseline.jpg"], "exit": 0, "stderr": ""}
{"args": ["/opt/homebrew/opt/jpeg-turbo/bin/cjpeg", "-quality", "83", "-outfile", "research/shared/runs/20260919T_audio_jpeg_overlay/timed-overlay.jpg", "research/shared/runs/20260919T_audio_jpeg_overlay/timed-overlay.pgm"], "exit": 0, "stderr": ""}
{"args": ["/opt/homebrew/opt/jpeg-turbo/bin/jpegtran", "-drop", "+40+48", "research/shared/runs/20260919T_audio_jpeg_overlay/timed-overlay.jpg", "-outfile", "research/shared/runs/20260919T_audio_jpeg_overlay/frame0-candidate.jpg", "research/shared/runs/20260920T003439Z-huffman-special/frame0.jpg"], "exit": 0, "stderr": ""}
{"args": ["/opt/homebrew/opt/jpeg-turbo/bin/djpeg", "-grayscale", "-pnm", "research/shared/runs/20260919T_audio_jpeg_overlay/frame0-candidate.jpg"], "exit": 0, "stderr": ""}
{"args": ["/opt/homebrew/opt/jpeg-turbo/bin/cjpeg", "-quality", "83", "-outfile", "research/shared/runs/20260919T_audio_jpeg_overlay/timed-overlay.jpg", "research/shared/runs/20260919T_audio_jpeg_overlay/timed-overlay.pgm"], "exit": 0, "stderr": ""}
{"args": ["/opt/homebrew/opt/jpeg-turbo/bin/jpegtran", "-drop", "+40+48", "research/shared/runs/20260919T_audio_jpeg_overlay/timed-overlay.jpg", "-outfile", "research/shared/runs/20260919T_audio_jpeg_overlay/frame1-candidate.jpg", "research/shared/runs/20260920T003439Z-huffman-special/frame1.jpg"], "exit": 0, "stderr": ""}
{"args": ["/opt/homebrew/opt/jpeg-turbo/bin/djpeg", "-grayscale", "-pnm", "research/shared/runs/20260919T_audio_jpeg_overlay/frame1-candidate.jpg"], "exit": 0, "stderr": ""}
{"args": ["/opt/homebrew/opt/jpeg-turbo/bin/cjpeg", "-quality", "83", "-outfile", "research/shared/runs/20260919T_audio_jpeg_overlay/timed-overlay.jpg", "research/shared/runs/20260919T_audio_jpeg_overlay/timed-overlay.pgm"], "exit": 0, "stderr": ""}
{"args": ["/opt/homebrew/opt/jpeg-turbo/bin/jpegtran", "-drop", "+40+48", "research/shared/runs/20260919T_audio_jpeg_overlay/timed-overlay.jpg", "-outfile", "research/shared/runs/20260919T_audio_jpeg_overlay/frame2-candidate.jpg", "research/shared/runs/20260920T003439Z-huffman-special/frame2.jpg"], "exit": 0, "stderr": ""}
{"args": ["/opt/homebrew/opt/jpeg-turbo/bin/djpeg", "-grayscale", "-pnm", "research/shared/runs/20260919T_audio_jpeg_overlay/frame2-candidate.jpg"], "exit": 0, "stderr": ""}
{"args": ["/opt/homebrew/opt/jpeg-turbo/bin/cjpeg", "-quality", "83", "-outfile", "research/shared/runs/20260919T_audio_jpeg_overlay/timed-overlay.jpg", "research/shared/runs/20260919T_audio_jpeg_overlay/timed-overlay.pgm"], "exit": 0, "stderr": ""}
{"args": ["/opt/homebrew/opt/jpeg-turbo/bin/jpegtran", "-drop", "+40+48", "research/shared/runs/20260919T_audio_jpeg_overlay/timed-overlay.jpg", "-outfile", "research/shared/runs/20260919T_audio_jpeg_overlay/frame3-candidate.jpg", "research/shared/runs/20260920T003439Z-huffman-special/frame3.jpg"], "exit": 0, "stderr": ""}
{"args": ["/opt/homebrew/opt/jpeg-turbo/bin/djpeg", "-grayscale", "-pnm", "research/shared/runs/20260919T_audio_jpeg_overlay/frame3-candidate.jpg"], "exit": 0, "stderr": ""}
{"args": ["/opt/homebrew/opt/jpeg-turbo/bin/cjpeg", "-quality", "83", "-outfile", "research/shared/runs/20260919T_audio_jpeg_overlay/timed-overlay.jpg", "research/shared/runs/20260919T_audio_jpeg_overlay/timed-overlay.pgm"], "exit": 0, "stderr": ""}
{"args": ["/opt/homebrew/opt/jpeg-turbo/bin/jpegtran", "-drop", "+40+48", "research/shared/runs/20260919T_audio_jpeg_overlay/timed-overlay.jpg", "-outfile", "research/shared/runs/20260919T_audio_jpeg_overlay/frame0-candidate.jpg", "research/shared/runs/20260920T003439Z-huffman-special/frame0.jpg"], "exit": 0, "stderr": ""}
{"args": ["/opt/homebrew/opt/jpeg-turbo/bin/djpeg", "-grayscale", "-pnm", "research/shared/runs/20260919T_audio_jpeg_overlay/frame0-candidate.jpg"], "exit": 0, "stderr": ""}
{"args": ["/opt/homebrew/opt/jpeg-turbo/bin/cjpeg", "-quality", "83", "-outfile", "research/shared/runs/20260919T_audio_jpeg_overlay/timed-overlay.jpg", "research/shared/runs/20260919T_audio_jpeg_overlay/timed-overlay.pgm"], "exit": 0, "stderr": ""}
{"args": ["/opt/homebrew/opt/jpeg-turbo/bin/jpegtran", "-drop", "+40+48", "research/shared/runs/20260919T_audio_jpeg_overlay/timed-overlay.jpg", "-outfile", "research/shared/runs/20260919T_audio_jpeg_overlay/frame1-candidate.jpg", "research/shared/runs/20260920T003439Z-huffman-special/frame1.jpg"], "exit": 0, "stderr": ""}
{"args": ["/opt/homebrew/opt/jpeg-turbo/bin/djpeg", "-grayscale", "-pnm", "research/shared/runs/20260919T_audio_jpeg_overlay/frame1-candidate.jpg"], "exit": 0, "stderr": ""}
{"args": ["/opt/homebrew/opt/jpeg-turbo/bin/cjpeg", "-quality", "83", "-outfile", "research/shared/runs/20260919T_audio_jpeg_overlay/timed-overlay.jpg", "research/shared/runs/20260919T_audio_jpeg_overlay/timed-overlay.pgm"], "exit": 0, "stderr": ""}
{"args": ["/opt/homebrew/opt/jpeg-turbo/bin/jpegtran", "-drop", "+40+48", "research/shared/runs/20260919T_audio_jpeg_overlay/timed-overlay.jpg", "-outfile", "research/shared/runs/20260919T_audio_jpeg_overlay/frame2-candidate.jpg", "research/shared/runs/20260920T003439Z-huffman-special/frame2.jpg"], "exit": 0, "stderr": ""}
{"args": ["/opt/homebrew/opt/jpeg-turbo/bin/djpeg", "-grayscale", "-pnm", "research/shared/runs/20260919T_audio_jpeg_overlay/frame2-candidate.jpg"], "exit": 0, "stderr": ""}
{"args": ["/opt/homebrew/opt/jpeg-turbo/bin/cjpeg", "-quality", "83", "-outfile", "research/shared/runs/20260919T_audio_jpeg_overlay/timed-overlay.jpg", "research/shared/runs/20260919T_audio_jpeg_overlay/timed-overlay.pgm"], "exit": 0, "stderr": ""}
{"args": ["/opt/homebrew/opt/jpeg-turbo/bin/jpegtran", "-drop", "+40+48", "research/shared/runs/20260919T_audio_jpeg_overlay/timed-overlay.jpg", "-outfile", "research/shared/runs/20260919T_audio_jpeg_overlay/frame3-candidate.jpg", "research/shared/runs/20260920T003439Z-huffman-special/frame3.jpg"], "exit": 0, "stderr": ""}
{"args": ["/opt/homebrew/opt/jpeg-turbo/bin/djpeg", "-grayscale", "-pnm", "research/shared/runs/20260919T_audio_jpeg_overlay/frame3-candidate.jpg"], "exit": 0, "stderr": ""}
{"args": ["/opt/homebrew/opt/jpeg-turbo/bin/djpeg", "-grayscale", "-pnm", "research/shared/runs/20260920T003439Z-huffman-special/frame0.jpg"], "exit": 0, "stderr": ""}
{"args": ["/opt/homebrew/opt/jpeg-turbo/bin/cjpeg", "-quality", "83", "-outfile", "research/shared/runs/20260919T_audio_jpeg_overlay/full.jpg", "research/shared/runs/20260919T_audio_jpeg_overlay/full.pgm"], "exit": 0, "stderr": ""}
{"args": ["/opt/homebrew/opt/jpeg-turbo/bin/jpegtran", "-crop", "32x16+40+48", "-outfile", "research/shared/runs/20260919T_audio_jpeg_overlay/crop.jpg", "research/shared/runs/20260919T_audio_jpeg_overlay/full.jpg"], "exit": 0, "stderr": ""}
{"args": ["/opt/homebrew/opt/jpeg-turbo/bin/jpegtran", "-drop", "+40+48", "research/shared/runs/20260919T_audio_jpeg_overlay/crop.jpg", "-outfile", "research/shared/runs/20260919T_audio_jpeg_overlay/frame0-baseline.jpg", "research/shared/runs/20260920T003439Z-huffman-special/frame0.jpg"], "exit": 0, "stderr": ""}
{"args": ["/opt/homebrew/opt/jpeg-turbo/bin/djpeg", "-grayscale", "-pnm", "research/shared/runs/20260919T_audio_jpeg_overlay/frame0-baseline.jpg"], "exit": 0, "stderr": ""}
{"args": ["/opt/homebrew/opt/jpeg-turbo/bin/djpeg", "-grayscale", "-pnm", "research/shared/runs/20260920T003439Z-huffman-special/frame1.jpg"], "exit": 0, "stderr": ""}
{"args": ["/opt/homebrew/opt/jpeg-turbo/bin/cjpeg", "-quality", "83", "-outfile", "research/shared/runs/20260919T_audio_jpeg_overlay/full.jpg", "research/shared/runs/20260919T_audio_jpeg_overlay/full.pgm"], "exit": 0, "stderr": ""}
{"args": ["/opt/homebrew/opt/jpeg-turbo/bin/jpegtran", "-crop", "32x16+40+48", "-outfile", "research/shared/runs/20260919T_audio_jpeg_overlay/crop.jpg", "research/shared/runs/20260919T_audio_jpeg_overlay/full.jpg"], "exit": 0, "stderr": ""}
{"args": ["/opt/homebrew/opt/jpeg-turbo/bin/jpegtran", "-drop", "+40+48", "research/shared/runs/20260919T_audio_jpeg_overlay/crop.jpg", "-outfile", "research/shared/runs/20260919T_audio_jpeg_overlay/frame1-baseline.jpg", "research/shared/runs/20260920T003439Z-huffman-special/frame1.jpg"], "exit": 0, "stderr": ""}
{"args": ["/opt/homebrew/opt/jpeg-turbo/bin/djpeg", "-grayscale", "-pnm", "research/shared/runs/20260919T_audio_jpeg_overlay/frame1-baseline.jpg"], "exit": 0, "stderr": ""}
{"args": ["/opt/homebrew/opt/jpeg-turbo/bin/djpeg", "-grayscale", "-pnm", "research/shared/runs/20260920T003439Z-huffman-special/frame2.jpg"], "exit": 0, "stderr": ""}
{"args": ["/opt/homebrew/opt/jpeg-turbo/bin/cjpeg", "-quality", "83", "-outfile", "research/shared/runs/20260919T_audio_jpeg_overlay/full.jpg", "research/shared/runs/20260919T_audio_jpeg_overlay/full.pgm"], "exit": 0, "stderr": ""}
{"args": ["/opt/homebrew/opt/jpeg-turbo/bin/jpegtran", "-crop", "32x16+40+48", "-outfile", "research/shared/runs/20260919T_audio_jpeg_overlay/crop.jpg", "research/shared/runs/20260919T_audio_jpeg_overlay/full.jpg"], "exit": 0, "stderr": ""}
{"args": ["/opt/homebrew/opt/jpeg-turbo/bin/jpegtran", "-drop", "+40+48", "research/shared/runs/20260919T_audio_jpeg_overlay/crop.jpg", "-outfile", "research/shared/runs/20260919T_audio_jpeg_overlay/frame2-baseline.jpg", "research/shared/runs/20260920T003439Z-huffman-special/frame2.jpg"], "exit": 0, "stderr": ""}
{"args": ["/opt/homebrew/opt/jpeg-turbo/bin/djpeg", "-grayscale", "-pnm", "research/shared/runs/20260919T_audio_jpeg_overlay/frame2-baseline.jpg"], "exit": 0, "stderr": ""}
{"args": ["/opt/homebrew/opt/jpeg-turbo/bin/djpeg", "-grayscale", "-pnm", "research/shared/runs/20260920T003439Z-huffman-special/frame3.jpg"], "exit": 0, "stderr": ""}
{"args": ["/opt/homebrew/opt/jpeg-turbo/bin/cjpeg", "-quality", "83", "-outfile", "research/shared/runs/20260919T_audio_jpeg_overlay/full.jpg", "research/shared/runs/20260919T_audio_jpeg_overlay/full.pgm"], "exit": 0, "stderr": ""}
{"args": ["/opt/homebrew/opt/jpeg-turbo/bin/jpegtran", "-crop", "32x16+40+48", "-outfile", "research/shared/runs/20260919T_audio_jpeg_overlay/crop.jpg", "research/shared/runs/20260919T_audio_jpeg_overlay/full.jpg"], "exit": 0, "stderr": ""}
{"args": ["/opt/homebrew/opt/jpeg-turbo/bin/jpegtran", "-drop", "+40+48", "research/shared/runs/20260919T_audio_jpeg_overlay/crop.jpg", "-outfile", "research/shared/runs/20260919T_audio_jpeg_overlay/frame3-baseline.jpg", "research/shared/runs/20260920T003439Z-huffman-special/frame3.jpg"], "exit": 0, "stderr": ""}
{"args": ["/opt/homebrew/opt/jpeg-turbo/bin/djpeg", "-grayscale", "-pnm", "research/shared/runs/20260919T_audio_jpeg_overlay/frame3-baseline.jpg"], "exit": 0, "stderr": ""}
{"args": ["/opt/homebrew/opt/jpeg-turbo/bin/djpeg", "-grayscale", "-pnm", "research/shared/runs/20260920T003439Z-huffman-special/frame0.jpg"], "exit": 0, "stderr": ""}
{"args": ["/opt/homebrew/opt/jpeg-turbo/bin/cjpeg", "-quality", "83", "-outfile", "research/shared/runs/20260919T_audio_jpeg_overlay/full.jpg", "research/shared/runs/20260919T_audio_jpeg_overlay/full.pgm"], "exit": 0, "stderr": ""}
{"args": ["/opt/homebrew/opt/jpeg-turbo/bin/jpegtran", "-crop", "32x16+40+48", "-outfile", "research/shared/runs/20260919T_audio_jpeg_overlay/crop.jpg", "research/shared/runs/20260919T_audio_jpeg_overlay/full.jpg"], "exit": 0, "stderr": ""}
{"args": ["/opt/homebrew/opt/jpeg-turbo/bin/jpegtran", "-drop", "+40+48", "research/shared/runs/20260919T_audio_jpeg_overlay/crop.jpg", "-outfile", "research/shared/runs/20260919T_audio_jpeg_overlay/frame0-baseline.jpg", "research/shared/runs/20260920T003439Z-huffman-special/frame0.jpg"], "exit": 0, "stderr": ""}
{"args": ["/opt/homebrew/opt/jpeg-turbo/bin/djpeg", "-grayscale", "-pnm", "research/shared/runs/20260919T_audio_jpeg_overlay/frame0-baseline.jpg"], "exit": 0, "stderr": ""}
{"args": ["/opt/homebrew/opt/jpeg-turbo/bin/djpeg", "-grayscale", "-pnm", "research/shared/runs/20260920T003439Z-huffman-special/frame1.jpg"], "exit": 0, "stderr": ""}
{"args": ["/opt/homebrew/opt/jpeg-turbo/bin/cjpeg", "-quality", "83", "-outfile", "research/shared/runs/20260919T_audio_jpeg_overlay/full.jpg", "research/shared/runs/20260919T_audio_jpeg_overlay/full.pgm"], "exit": 0, "stderr": ""}
{"args": ["/opt/homebrew/opt/jpeg-turbo/bin/jpegtran", "-crop", "32x16+40+48", "-outfile", "research/shared/runs/20260919T_audio_jpeg_overlay/crop.jpg", "research/shared/runs/20260919T_audio_jpeg_overlay/full.jpg"], "exit": 0, "stderr": ""}
{"args": ["/opt/homebrew/opt/jpeg-turbo/bin/jpegtran", "-drop", "+40+48", "research/shared/runs/20260919T_audio_jpeg_overlay/crop.jpg", "-outfile", "research/shared/runs/20260919T_audio_jpeg_overlay/frame1-baseline.jpg", "research/shared/runs/20260920T003439Z-huffman-special/frame1.jpg"], "exit": 0, "stderr": ""}
{"args": ["/opt/homebrew/opt/jpeg-turbo/bin/djpeg", "-grayscale", "-pnm", "research/shared/runs/20260919T_audio_jpeg_overlay/frame1-baseline.jpg"], "exit": 0, "stderr": ""}
{"args": ["/opt/homebrew/opt/jpeg-turbo/bin/djpeg", "-grayscale", "-pnm", "research/shared/runs/20260920T003439Z-huffman-special/frame2.jpg"], "exit": 0, "stderr": ""}
{"args": ["/opt/homebrew/opt/jpeg-turbo/bin/cjpeg", "-quality", "83", "-outfile", "research/shared/runs/20260919T_audio_jpeg_overlay/full.jpg", "research/shared/runs/20260919T_audio_jpeg_overlay/full.pgm"], "exit": 0, "stderr": ""}
{"args": ["/opt/homebrew/opt/jpeg-turbo/bin/jpegtran", "-crop", "32x16+40+48", "-outfile", "research/shared/runs/20260919T_audio_jpeg_overlay/crop.jpg", "research/shared/runs/20260919T_audio_jpeg_overlay/full.jpg"], "exit": 0, "stderr": ""}
{"args": ["/opt/homebrew/opt/jpeg-turbo/bin/jpegtran", "-drop", "+40+48", "research/shared/runs/20260919T_audio_jpeg_overlay/crop.jpg", "-outfile", "research/shared/runs/20260919T_audio_jpeg_overlay/frame2-baseline.jpg", "research/shared/runs/20260920T003439Z-huffman-special/frame2.jpg"], "exit": 0, "stderr": ""}
{"args": ["/opt/homebrew/opt/jpeg-turbo/bin/djpeg", "-grayscale", "-pnm", "research/shared/runs/20260919T_audio_jpeg_overlay/frame2-baseline.jpg"], "exit": 0, "stderr": ""}
{"args": ["/opt/homebrew/opt/jpeg-turbo/bin/djpeg", "-grayscale", "-pnm", "research/shared/runs/20260920T003439Z-huffman-special/frame3.jpg"], "exit": 0, "stderr": ""}
{"args": ["/opt/homebrew/opt/jpeg-turbo/bin/cjpeg", "-quality", "83", "-outfile", "research/shared/runs/20260919T_audio_jpeg_overlay/full.jpg", "research/shared/runs/20260919T_audio_jpeg_overlay/full.pgm"], "exit": 0, "stderr": ""}
{"args": ["/opt/homebrew/opt/jpeg-turbo/bin/jpegtran", "-crop", "32x16+40+48", "-outfile", "research/shared/runs/20260919T_audio_jpeg_overlay/crop.jpg", "research/shared/runs/20260919T_audio_jpeg_overlay/full.jpg"], "exit": 0, "stderr": ""}
{"args": ["/opt/homebrew/opt/jpeg-turbo/bin/jpegtran", "-drop", "+40+48", "research/shared/runs/20260919T_audio_jpeg_overlay/crop.jpg", "-outfile", "research/shared/runs/20260919T_audio_jpeg_overlay/frame3-baseline.jpg", "research/shared/runs/20260920T003439Z-huffman-special/frame3.jpg"], "exit": 0, "stderr": ""}
{"args": ["/opt/homebrew/opt/jpeg-turbo/bin/djpeg", "-grayscale", "-pnm", "research/shared/runs/20260919T_audio_jpeg_overlay/frame3-baseline.jpg"], "exit": 0, "stderr": ""}
{"args": ["/opt/homebrew/opt/jpeg-turbo/bin/cjpeg", "-quality", "83", "-outfile", "research/shared/runs/20260919T_audio_jpeg_overlay/timed-overlay.jpg", "research/shared/runs/20260919T_audio_jpeg_overlay/timed-overlay.pgm"], "exit": 0, "stderr": ""}
{"args": ["/opt/homebrew/opt/jpeg-turbo/bin/jpegtran", "-drop", "+40+48", "research/shared/runs/20260919T_audio_jpeg_overlay/timed-overlay.jpg", "-outfile", "research/shared/runs/20260919T_audio_jpeg_overlay/frame0-candidate.jpg", "research/shared/runs/20260920T003439Z-huffman-special/frame0.jpg"], "exit": 0, "stderr": ""}
{"args": ["/opt/homebrew/opt/jpeg-turbo/bin/djpeg", "-grayscale", "-pnm", "research/shared/runs/20260919T_audio_jpeg_overlay/frame0-candidate.jpg"], "exit": 0, "stderr": ""}
{"args": ["/opt/homebrew/opt/jpeg-turbo/bin/cjpeg", "-quality", "83", "-outfile", "research/shared/runs/20260919T_audio_jpeg_overlay/timed-overlay.jpg", "research/shared/runs/20260919T_audio_jpeg_overlay/timed-overlay.pgm"], "exit": 0, "stderr": ""}
{"args": ["/opt/homebrew/opt/jpeg-turbo/bin/jpegtran", "-drop", "+40+48", "research/shared/runs/20260919T_audio_jpeg_overlay/timed-overlay.jpg", "-outfile", "research/shared/runs/20260919T_audio_jpeg_overlay/frame1-candidate.jpg", "research/shared/runs/20260920T003439Z-huffman-special/frame1.jpg"], "exit": 0, "stderr": ""}
{"args": ["/opt/homebrew/opt/jpeg-turbo/bin/djpeg", "-grayscale", "-pnm", "research/shared/runs/20260919T_audio_jpeg_overlay/frame1-candidate.jpg"], "exit": 0, "stderr": ""}
{"args": ["/opt/homebrew/opt/jpeg-turbo/bin/cjpeg", "-quality", "83", "-outfile", "research/shared/runs/20260919T_audio_jpeg_overlay/timed-overlay.jpg", "research/shared/runs/20260919T_audio_jpeg_overlay/timed-overlay.pgm"], "exit": 0, "stderr": ""}
{"args": ["/opt/homebrew/opt/jpeg-turbo/bin/jpegtran", "-drop", "+40+48", "research/shared/runs/20260919T_audio_jpeg_overlay/timed-overlay.jpg", "-outfile", "research/shared/runs/20260919T_audio_jpeg_overlay/frame2-candidate.jpg", "research/shared/runs/20260920T003439Z-huffman-special/frame2.jpg"], "exit": 0, "stderr": ""}
{"args": ["/opt/homebrew/opt/jpeg-turbo/bin/djpeg", "-grayscale", "-pnm", "research/shared/runs/20260919T_audio_jpeg_overlay/frame2-candidate.jpg"], "exit": 0, "stderr": ""}
{"args": ["/opt/homebrew/opt/jpeg-turbo/bin/cjpeg", "-quality", "83", "-outfile", "research/shared/runs/20260919T_audio_jpeg_overlay/timed-overlay.jpg", "research/shared/runs/20260919T_audio_jpeg_overlay/timed-overlay.pgm"], "exit": 0, "stderr": ""}
{"args": ["/opt/homebrew/opt/jpeg-turbo/bin/jpegtran", "-drop", "+40+48", "research/shared/runs/20260919T_audio_jpeg_overlay/timed-overlay.jpg", "-outfile", "research/shared/runs/20260919T_audio_jpeg_overlay/frame3-candidate.jpg", "research/shared/runs/20260920T003439Z-huffman-special/frame3.jpg"], "exit": 0, "stderr": ""}
{"args": ["/opt/homebrew/opt/jpeg-turbo/bin/djpeg", "-grayscale", "-pnm", "research/shared/runs/20260919T_audio_jpeg_overlay/frame3-candidate.jpg"], "exit": 0, "stderr": ""}
{"args": ["/opt/homebrew/opt/jpeg-turbo/bin/cjpeg", "-quality", "83", "-outfile", "research/shared/runs/20260919T_audio_jpeg_overlay/timed-overlay.jpg", "research/shared/runs/20260919T_audio_jpeg_overlay/timed-overlay.pgm"], "exit": 0, "stderr": ""}
{"args": ["/opt/homebrew/opt/jpeg-turbo/bin/jpegtran", "-drop", "+40+48", "research/shared/runs/20260919T_audio_jpeg_overlay/timed-overlay.jpg", "-outfile", "research/shared/runs/20260919T_audio_jpeg_overlay/frame0-candidate.jpg", "research/shared/runs/20260920T003439Z-huffman-special/frame0.jpg"], "exit": 0, "stderr": ""}
{"args": ["/opt/homebrew/opt/jpeg-turbo/bin/djpeg", "-grayscale", "-pnm", "research/shared/runs/20260919T_audio_jpeg_overlay/frame0-candidate.jpg"], "exit": 0, "stderr": ""}
{"args": ["/opt/homebrew/opt/jpeg-turbo/bin/cjpeg", "-quality", "83", "-outfile", "research/shared/runs/20260919T_audio_jpeg_overlay/timed-overlay.jpg", "research/shared/runs/20260919T_audio_jpeg_overlay/timed-overlay.pgm"], "exit": 0, "stderr": ""}
{"args": ["/opt/homebrew/opt/jpeg-turbo/bin/jpegtran", "-drop", "+40+48", "research/shared/runs/20260919T_audio_jpeg_overlay/timed-overlay.jpg", "-outfile", "research/shared/runs/20260919T_audio_jpeg_overlay/frame1-candidate.jpg", "research/shared/runs/20260920T003439Z-huffman-special/frame1.jpg"], "exit": 0, "stderr": ""}
{"args": ["/opt/homebrew/opt/jpeg-turbo/bin/djpeg", "-grayscale", "-pnm", "research/shared/runs/20260919T_audio_jpeg_overlay/frame1-candidate.jpg"], "exit": 0, "stderr": ""}
{"args": ["/opt/homebrew/opt/jpeg-turbo/bin/cjpeg", "-quality", "83", "-outfile", "research/shared/runs/20260919T_audio_jpeg_overlay/timed-overlay.jpg", "research/shared/runs/20260919T_audio_jpeg_overlay/timed-overlay.pgm"], "exit": 0, "stderr": ""}
{"args": ["/opt/homebrew/opt/jpeg-turbo/bin/jpegtran", "-drop", "+40+48", "research/shared/runs/20260919T_audio_jpeg_overlay/timed-overlay.jpg", "-outfile", "research/shared/runs/20260919T_audio_jpeg_overlay/frame2-candidate.jpg", "research/shared/runs/20260920T003439Z-huffman-special/frame2.jpg"], "exit": 0, "stderr": ""}
{"args": ["/opt/homebrew/opt/jpeg-turbo/bin/djpeg", "-grayscale", "-pnm", "research/shared/runs/20260919T_audio_jpeg_overlay/frame2-candidate.jpg"], "exit": 0, "stderr": ""}
{"args": ["/opt/homebrew/opt/jpeg-turbo/bin/cjpeg", "-quality", "83", "-outfile", "research/shared/runs/20260919T_audio_jpeg_overlay/timed-overlay.jpg", "research/shared/runs/20260919T_audio_jpeg_overlay/timed-overlay.pgm"], "exit": 0, "stderr": ""}
{"args": ["/opt/homebrew/opt/jpeg-turbo/bin/jpegtran", "-drop", "+40+48", "research/shared/runs/20260919T_audio_jpeg_overlay/timed-overlay.jpg", "-outfile", "research/shared/runs/20260919T_audio_jpeg_overlay/frame3-candidate.jpg", "research/shared/runs/20260920T003439Z-huffman-special/frame3.jpg"], "exit": 0, "stderr": ""}
{"args": ["/opt/homebrew/opt/jpeg-turbo/bin/djpeg", "-grayscale", "-pnm", "research/shared/runs/20260919T_audio_jpeg_overlay/frame3-candidate.jpg"], "exit": 0, "stderr": ""}
{"args": ["/opt/homebrew/opt/jpeg-turbo/bin/djpeg", "-grayscale", "-pnm", "research/shared/runs/20260920T003439Z-huffman-special/frame0.jpg"], "exit": 0, "stderr": ""}
{"args": ["/opt/homebrew/opt/jpeg-turbo/bin/cjpeg", "-quality", "83", "-outfile", "research/shared/runs/20260919T_audio_jpeg_overlay/full.jpg", "research/shared/runs/20260919T_audio_jpeg_overlay/full.pgm"], "exit": 0, "stderr": ""}
{"args": ["/opt/homebrew/opt/jpeg-turbo/bin/jpegtran", "-crop", "32x16+40+48", "-outfile", "research/shared/runs/20260919T_audio_jpeg_overlay/crop.jpg", "research/shared/runs/20260919T_audio_jpeg_overlay/full.jpg"], "exit": 0, "stderr": ""}
{"args": ["/opt/homebrew/opt/jpeg-turbo/bin/jpegtran", "-drop", "+40+48", "research/shared/runs/20260919T_audio_jpeg_overlay/crop.jpg", "-outfile", "research/shared/runs/20260919T_audio_jpeg_overlay/frame0-baseline.jpg", "research/shared/runs/20260920T003439Z-huffman-special/frame0.jpg"], "exit": 0, "stderr": ""}
{"args": ["/opt/homebrew/opt/jpeg-turbo/bin/djpeg", "-grayscale", "-pnm", "research/shared/runs/20260919T_audio_jpeg_overlay/frame0-baseline.jpg"], "exit": 0, "stderr": ""}
{"args": ["/opt/homebrew/opt/jpeg-turbo/bin/djpeg", "-grayscale", "-pnm", "research/shared/runs/20260920T003439Z-huffman-special/frame1.jpg"], "exit": 0, "stderr": ""}
{"args": ["/opt/homebrew/opt/jpeg-turbo/bin/cjpeg", "-quality", "83", "-outfile", "research/shared/runs/20260919T_audio_jpeg_overlay/full.jpg", "research/shared/runs/20260919T_audio_jpeg_overlay/full.pgm"], "exit": 0, "stderr": ""}
{"args": ["/opt/homebrew/opt/jpeg-turbo/bin/jpegtran", "-crop", "32x16+40+48", "-outfile", "research/shared/runs/20260919T_audio_jpeg_overlay/crop.jpg", "research/shared/runs/20260919T_audio_jpeg_overlay/full.jpg"], "exit": 0, "stderr": ""}
{"args": ["/opt/homebrew/opt/jpeg-turbo/bin/jpegtran", "-drop", "+40+48", "research/shared/runs/20260919T_audio_jpeg_overlay/crop.jpg", "-outfile", "research/shared/runs/20260919T_audio_jpeg_overlay/frame1-baseline.jpg", "research/shared/runs/20260920T003439Z-huffman-special/frame1.jpg"], "exit": 0, "stderr": ""}
{"args": ["/opt/homebrew/opt/jpeg-turbo/bin/djpeg", "-grayscale", "-pnm", "research/shared/runs/20260919T_audio_jpeg_overlay/frame1-baseline.jpg"], "exit": 0, "stderr": ""}
{"args": ["/opt/homebrew/opt/jpeg-turbo/bin/djpeg", "-grayscale", "-pnm", "research/shared/runs/20260920T003439Z-huffman-special/frame2.jpg"], "exit": 0, "stderr": ""}
{"args": ["/opt/homebrew/opt/jpeg-turbo/bin/cjpeg", "-quality", "83", "-outfile", "research/shared/runs/20260919T_audio_jpeg_overlay/full.jpg", "research/shared/runs/20260919T_audio_jpeg_overlay/full.pgm"], "exit": 0, "stderr": ""}
{"args": ["/opt/homebrew/opt/jpeg-turbo/bin/jpegtran", "-crop", "32x16+40+48", "-outfile", "research/shared/runs/20260919T_audio_jpeg_overlay/crop.jpg", "research/shared/runs/20260919T_audio_jpeg_overlay/full.jpg"], "exit": 0, "stderr": ""}
{"args": ["/opt/homebrew/opt/jpeg-turbo/bin/jpegtran", "-drop", "+40+48", "research/shared/runs/20260919T_audio_jpeg_overlay/crop.jpg", "-outfile", "research/shared/runs/20260919T_audio_jpeg_overlay/frame2-baseline.jpg", "research/shared/runs/20260920T003439Z-huffman-special/frame2.jpg"], "exit": 0, "stderr": ""}
{"args": ["/opt/homebrew/opt/jpeg-turbo/bin/djpeg", "-grayscale", "-pnm", "research/shared/runs/20260919T_audio_jpeg_overlay/frame2-baseline.jpg"], "exit": 0, "stderr": ""}
{"args": ["/opt/homebrew/opt/jpeg-turbo/bin/djpeg", "-grayscale", "-pnm", "research/shared/runs/20260920T003439Z-huffman-special/frame3.jpg"], "exit": 0, "stderr": ""}
{"args": ["/opt/homebrew/opt/jpeg-turbo/bin/cjpeg", "-quality", "83", "-outfile", "research/shared/runs/20260919T_audio_jpeg_overlay/full.jpg", "research/shared/runs/20260919T_audio_jpeg_overlay/full.pgm"], "exit": 0, "stderr": ""}
{"args": ["/opt/homebrew/opt/jpeg-turbo/bin/jpegtran", "-crop", "32x16+40+48", "-outfile", "research/shared/runs/20260919T_audio_jpeg_overlay/crop.jpg", "research/shared/runs/20260919T_audio_jpeg_overlay/full.jpg"], "exit": 0, "stderr": ""}
{"args": ["/opt/homebrew/opt/jpeg-turbo/bin/jpegtran", "-drop", "+40+48", "research/shared/runs/20260919T_audio_jpeg_overlay/crop.jpg", "-outfile", "research/shared/runs/20260919T_audio_jpeg_overlay/frame3-baseline.jpg", "research/shared/runs/20260920T003439Z-huffman-special/frame3.jpg"], "exit": 0, "stderr": ""}
{"args": ["/opt/homebrew/opt/jpeg-turbo/bin/djpeg", "-grayscale", "-pnm", "research/shared/runs/20260919T_audio_jpeg_overlay/frame3-baseline.jpg"], "exit": 0, "stderr": ""}
python3 research/shared/tooling/audio-stage-probes/jpeg_block_overlay.py research/shared/runs/20260919T_audio_jpeg_overlay
node research/shared/tooling/audio-stage-probes/jpeg_overlay_browser.mjs research/shared/runs/20260919T_audio_jpeg_overlay
