[1/35] Building CXX object CMakeFiles/basisu_encoder.dir/encoder/basisu_basis_file.cpp.o
[2/35] Building CXX object CMakeFiles/basisu_encoder.dir/encoder/basisu_backend.cpp.o
[3/35] Building CXX object CMakeFiles/basisu_encoder.dir/encoder/basisu_etc.cpp.o
[4/35] Building CXX object CMakeFiles/basisu_encoder.dir/encoder/basisu_comp.cpp.o
[5/35] Building CXX object CMakeFiles/basisu_encoder.dir/encoder/basisu_enc.cpp.o
[6/35] Building CXX object CMakeFiles/basisu_encoder.dir/encoder/basisu_pvrtc1_4.cpp.o
[7/35] Building CXX object CMakeFiles/basisu_encoder.dir/encoder/basisu_gpu_texture.cpp.o
[8/35] Building CXX object CMakeFiles/basisu_encoder.dir/encoder/basisu_resampler.cpp.o
[9/35] Building CXX object CMakeFiles/basisu_encoder.dir/encoder/basisu_resample_filters.cpp.o
[10/35] Building CXX object CMakeFiles/basisu_encoder.dir/encoder/basisu_frontend.cpp.o
[11/35] Building CXX object CMakeFiles/basisu_encoder.dir/encoder/basisu_ssim.cpp.o
[12/35] Building CXX object CMakeFiles/basisu_encoder.dir/encoder/basisu_bc7e_scalar.cpp.o
[13/35] Building CXX object CMakeFiles/basisu_encoder.dir/encoder/basisu_dds_export.cpp.o
[14/35] Building CXX object CMakeFiles/basisu_encoder.dir/encoder/basisu_uastc_enc.cpp.o
[15/35] Building CXX object CMakeFiles/basisu_encoder.dir/encoder/basisu_bc7enc.cpp.o
[16/35] Building CXX object CMakeFiles/basisu_encoder.dir/encoder/jpgd.cpp.o
[17/35] Building CXX object CMakeFiles/basisu_encoder.dir/encoder/basisu_kernels_sse.cpp.o
[18/35] Building CXX object CMakeFiles/basisu_encoder.dir/encoder/basisu_bc15_spmd.cpp.o
[19/35] Building CXX object CMakeFiles/basisu_encoder.dir/encoder/basisu_bc15_spmd_sse.cpp.o
[20/35] Building CXX object CMakeFiles/basisu_encoder.dir/encoder/basisu_opencl.cpp.o
[21/35] Building CXX object CMakeFiles/basisu_encoder.dir/encoder/pvpngreader.cpp.o
[22/35] Building CXX object CMakeFiles/basisu_encoder.dir/encoder/basisu_uastc_hdr_4x4_enc.cpp.o
[23/35] Building CXX object CMakeFiles/basisu_encoder.dir/encoder/basisu_astc_hdr_common.cpp.o
[24/35] Building CXX object CMakeFiles/basisu_encoder.dir/encoder/basisu_astc_ldr_common.cpp.o
[25/35] Building CXX object CMakeFiles/basisu_encoder.dir/encoder/basisu_astc_hdr_6x6_enc.cpp.o
[26/35] Building CXX object CMakeFiles/basisu_encoder.dir/encoder/basisu_astc_ldr_fencode.cpp.o
[27/35] Building CXX object CMakeFiles/basisu_encoder.dir/encoder/basisu_xbc7_encode.cpp.o
/Volumes/seed2/Projects/demuxe/build/catalogue-tools/basis/encoder/basisu_xbc7_encode.cpp:583:14: warning: unused function 'xbc7_vis_draw_legend' [-Wunused-function]
  583 |         static void xbc7_vis_draw_legend(image& img, const xbc7_vis_legend_entry* pEntries, uint32_t num_entries)
      |                     ^~~~~~~~~~~~~~~~~~~~
/Volumes/seed2/Projects/demuxe/build/catalogue-tools/basis/encoder/basisu_xbc7_encode.cpp:622:18: warning: unused function 'compute_encoder_stripes' [-Wunused-function]
  622 |         static uint32_t compute_encoder_stripes(
      |                         ^~~~~~~~~~~~~~~~~~~~~~~
/Volumes/seed2/Projects/demuxe/build/catalogue-tools/basis/encoder/basisu_xbc7_encode.cpp:1649:14: warning: unused function 'block_reuse_rdo_pass' [-Wunused-function]
 1649 |         static bool block_reuse_rdo_pass(
      |                     ^~~~~~~~~~~~~~~~~~~~
/Volumes/seed2/Projects/demuxe/build/catalogue-tools/basis/encoder/basisu_xbc7_encode.cpp:1780:14: warning: unused function 'endpoint_dpcm_rdo_pass' [-Wunused-function]
 1780 |         static bool endpoint_dpcm_rdo_pass(
      |                     ^~~~~~~~~~~~~~~~~~~~~~
/Volumes/seed2/Projects/demuxe/build/catalogue-tools/basis/encoder/basisu_xbc7_encode.cpp:2071:14: warning: unused function 'pack_stripe' [-Wunused-function]
 2071 |         static bool pack_stripe(
      |                     ^~~~~~~~~~~
/Volumes/seed2/Projects/demuxe/build/catalogue-tools/basis/encoder/basisu_xbc7_encode.cpp:2764:21: warning: unused function 'xbc7_pack_bc7_base_block' [-Wunused-function]
 2764 |         static inline void xbc7_pack_bc7_base_block(
      |                            ^~~~~~~~~~~~~~~~~~~~~~~~
6 warnings generated.
[28/35] Building CXX object CMakeFiles/basisu_encoder.dir/encoder/basisu_tinyexr.cpp.o
[29/35] Building CXX object CMakeFiles/basisu_encoder.dir/encoder/basisu_astc_ldr_encode.cpp.o
[30/35] Building CXX object CMakeFiles/basisu_encoder.dir/encoder/3rdparty/android_astc_decomp.cpp.o
[31/35] Building CXX object CMakeFiles/basisu.dir/basisu_text_image.cpp.o
[32/35] Building CXX object CMakeFiles/basisu.dir/basisu_tool.cpp.o
[33/35] Building CXX object CMakeFiles/basisu_encoder.dir/transcoder/basisu_transcoder.cpp.o
[34/35] Linking CXX static library libbasisu_encoder.a
[35/35] Linking CXX executable /Volumes/seed2/Projects/demuxe/build/catalogue-tools/basis/bin/basisu
