-- The C compiler identification is AppleClang 21.0.0.21000101
-- The CXX compiler identification is AppleClang 21.0.0.21000101
-- Detecting C compiler ABI info
-- Detecting C compiler ABI info - done
-- Check for working C compiler: /usr/bin/cc - skipped
-- Detecting C compile features
-- Detecting C compile features - done
-- Detecting CXX compiler ABI info
-- Detecting CXX compiler ABI info - done
-- Check for working CXX compiler: /usr/bin/c++ - skipped
-- Detecting CXX compile features
-- Detecting CXX compile features - done
CMake Deprecation Warning at CMakeLists.txt:9 (cmake_policy):
  The OLD behavior for policy CMP0148 will be removed from a future version
  of CMake.

  The cmake-policies(7) manual explains that the OLD behaviors of all
  policies are deprecated and that a policy should be set to OLD only under
  specific short-term circumstances.  Projects should be ported to the NEW
  behavior and not rely on setting a policy to OLD.


Initial CMAKE_BUILD_TYPE=Release
Initial BASISU_BUILD_X64=ON
Initial BASISU_BUILD_WASM=FALSE
Initial BASISU_WASM_THREADING=OFF
Initial BASISU_BUILD_PYTHON=OFF
Initial BASISU_SSE=OFF
Initial BASISU_ZSTD=OFF
Initial BASISU_OPENCL=OFF
Initial BASISU_SAN=OFF
Initial BASISU_EXAMPLES=OFF
Initial BASISU_DISABLE_ANDROID_ASTC_DECOMP=OFF
Initial BASISU_SUPPORT_ASTCENC=OFF
basisu build type: Release
Building 64-bit
SSE disabled
Zstandard disabled
-- Configuring done (1.0s)
-- Generating done (0.0s)
-- Build files have been written to: /Volumes/seed2/Projects/demuxe/build/catalogue-tools/basis/out
