Basis Universal LDR/HDR GPU Texture Supercompression System v2.50.0
Copyright (C) 2019-2026 Binomial LLC, All rights reserved
No SSE, Multithreading: 1, Zstandard support: 0, OpenCL: 0

Input file "sequence.basis", Format: .basis
File version and CRC checks succeeded
File info:
  Version: 13
  Total header size: 123
  Total selectors: 2
  Selector codebook size: 9
  Total endpoints: 4
  Endpoint codebook size: 43
  Tables size: 47
  Slices size: 12
  Block Dimensions: 4x4
  Texture format: ETC1S
  Texture type: video
  us per frame: 83333 (12.000048 fps)
  Total slices: 2
  Total images: 2
  Y Flipped: 0, Has alpha slices: 0, sRGB: 1
  userdata0: 0x0 userdata1: 0x0
  Per-image mipmap levels: 1 1 

Total key value fields: 1
 0. "BasisULibVers" - 6 bytes: "2.50"
Note: ETC1S/UASTC LDR 4x4 will always be decoded by this tool using the ASTC linear decode profile, regardless of the KTX2/.basis DFD transfer function field.

Image info:
Image 0: MipLevels: 1 OrigDim: 16x16, BlockDim: 4x4, FirstSlice: 0, HasAlpha: 0
Image 1: MipLevels: 1 OrigDim: 16x16, BlockDim: 4x4, FirstSlice: 1, HasAlpha: 0

Slice info:
0: OrigWidthHeight: 16x16, NumBlocks: 4x4, BlockSize: 4x4, TotalBlocks: 16, Compressed size: 6, Image: 0, Level: 0, UnpackedCRC16: 0xFC93, alpha: 0, iframe: 1
1: OrigWidthHeight: 16x16, NumBlocks: 4x4, BlockSize: 4x4, TotalBlocks: 16, Compressed size: 6, Image: 1, Level: 0, UnpackedCRC16: 0xA21C, alpha: 0, iframe: 0

Original size: 265, bits per texel: 4.141
Compressed size (Deflate): 209, bits per texel: 3.266
start_transcoding time: 0.041 ms
Transcoding format: 5
Transcode of image 0 level 0 res 16x16 format BC1_RGB succeeded in 0.015 ms
Transcoding format: 5
Transcode of image 1 level 0 res 16x16 format BC1_RGB succeeded in 0.000 ms
Wrote .KTX file "sequence_transcoded_BC1_RGB_0000.ktx"
Wrote .DDS file "sequence_transcoded_BC1_RGB_0000.dds"
Wrote .PNG file "sequence_unpacked_rgb_BC1_RGB_0000.png"
Wrote .KTX file "sequence_transcoded_BC1_RGB_0001.ktx"
Wrote .DDS file "sequence_transcoded_BC1_RGB_0001.dds"
Wrote .PNG file "sequence_unpacked_rgb_BC1_RGB_0001.png"
Success
