results/public-api/chrome-2026-09-21T02-36-40.085Z
PASS immutable state, stable identity and no core UI import
PASS native state events, seek completion, mute and reopen
PASS hybrid state events, seek completion, mute and reopen
PASS software state events, seek completion, mute and reopen
PASS canceled replacement preserves accepted state and bounded close
PASS close remains available with a full bounded operation queue
PASS failed replacement stays usable and redacts signed URL
PASS stable source-scoped tracks and explicit transition preservation
PASS external subtitles have distinct identities and preserve explicit selection across modes
PASS native fatal end-file reaches normalized state before error (adapter injection)
PASS hybrid fatal end-file reaches normalized state before error (adapter injection)
PASS software fatal end-file reaches normalized state before error (adapter injection)
PASS native caller abort at source acceptance does not reject committed open
PASS software caller abort at source acceptance does not reject committed open
PASS canceling Wasm asset initialization preserves the previous session
PASS stale backend events cannot overwrite accepted playback
PASS unknown duration and live windows remain truthful (adapter injection)
PASS waiting and ended reflect observed playback (native events)
PASS idempotent destroy settles queue and removes workers
PASS no uncaught errors
