{
  "browser": "146.0.1",
  "workerConstructor": {
    "attempts": [
      {
        "error": "PlayerError: Blocked worker",
        "canvases": 0
      },
      {
        "error": "PlayerError: Blocked worker",
        "canvases": 0
      },
      {
        "error": "PlayerError: Blocked worker",
        "canvases": 0
      }
    ],
    "afterDestroy": 0
  },
  "interfaceMismatch": {
    "sameBackend": false,
    "canvases": 1
  }
}
node:internal/modules/run_main:104
    triggerUncaughtException(
    ^

AssertionError [ERR_ASSERTION]: The "string" argument must be of type string. Received type undefined (undefined)
    at file:///Volumes/seed2/Projects/demuxe-optimization-integration/tests/native-ass-selection-regressions.mjs:26:8 {
  generatedMessage: true,
  code: 'ERR_ASSERTION',
  actual: undefined,
  expected: /interface mismatch/,
  operator: 'match'
}

Node.js v23.5.0
