✔ relay preserves 2-channel PCM and native consumption feedback (4.40225ms)
✔ relay preserves 6-channel PCM and native consumption feedback (0.71675ms)
✔ relay preserves 8-channel PCM and native consumption feedback (1.285458ms)
✔ native reset handshake prevents old counters and PCM from being accepted (0.703292ms)
✔ seek gate silences output while mpv has not yet completed the seek (0.668917ms)
✔ shared Wasm growth preserves the fixed native ring prefix (6.206833ms)
✔ invalid native counts fail instead of reading outside the ring (3.79475ms)
✔ consumer seek gate wins over a relay run publication racing the seek (1.585167ms)
✔ consumer starts before completion and a bounded small response measures without further demand (35.011166ms)
✔ measured response error retires and does not produce success (8.922208ms)
✔ measured response extra retires and does not produce success (2.430958ms)
✔ measured response cancel retires and does not produce success (2.36375ms)
✔ large segments stay progressive and demand driven (1.694541ms)
✔ closing after read-ahead accounts for every fetched but unconsumed byte (1.519875ms)
✔ network time includes request latency and no URL reaches the output sample (2.118458ms)
✔ cache hits or missing cross-origin timing cannot become bandwidth estimates (0.212959ms)
✔ application backpressure invalidates the sample instead of being subtracted (1.14925ms)
✔ incomplete, canceled and small resources do not create completed samples (0.255375ms)
✔ late timing entries may arrive after EOF, but missing entries expire explicitly (0.635125ms)
✔ duplicate URLs consume distinct timing entries and check body size (0.794917ms)
✔ retry and sub-50ms resource samples are conservative exclusions (0.374833ms)
✔ all histories are bounded and source retirement rejects later completion (0.759625ms)
✔ network completion during consumer idle is independent of later consumption (0.389458ms)
✔ earlier application waits and overflow remain excluded even if final idle spans completion (1.235458ms)
✔ full manifests remain owned by FFmpeg without fixed-selection rewriting (35.967208ms)
✔ slow candidate headers do not block opening the next active segment (11.506458ms)
✔ parallel manifests retain independent cancellation and shared byte accounting (5.832958ms)
✔ decoder reconfiguration preserves an old frame already scheduled by mpv (5.594ms)
✔ source or seek retirement still rejects stale decoder generations (1.435791ms)
✔ unidentified output clears presented quality without attributing a request (0.653417ms)
✔ redrawing a held frame cannot relabel it with another selection at the same PTS (2.450375ms)
✔ internal paused seek draws its single new frame: selection-first (2.856417ms)
✔ internal paused seek draws its single new frame: frame-first (1.602208ms)
✔ identical PTS cannot let old native selection present a new reset generation (1.180167ms)
✔ late decoder reset retires explicit seek preroll after its waiter completes (0.818667ms)
✔ native source ownership rejects stale commands before policy changes (2.363167ms)
✔ seekable duration or byte counts cannot stand in for forward buffer (0.591958ms)
✔ verified samples and mpv forward buffer produce one source-bound request (0.595292ms)
✔ manual intent turns auto off, without recreating a native source (0.823292ms)
✔ new source clears health, estimates and request history (0.538833ms)
✔ old network samples never justify a late upswitch after inactivity (0.586542ms)
✔ invalid ceilings leave the accepted policy unchanged (0.71875ms)
✔ native rejection leaves the previously accepted automatic policy intact (0.306542ms)
✔ observed frame dropping can downswitch even with good throughput (1.018542ms)
✔ seek retirement drops do not masquerade as sustained decoder failure (0.4505ms)
✔ new decoder errors temporarily inhibit upswitching and reset with the source (0.183208ms)
✔ terminal demux errors are polled only for the accepted source (0.295375ms)
✔ manual policy never adapts, including during starvation (1.713042ms)
✔ unknown forward buffer and cache/backpressure samples cannot justify an upswitch (0.256625ms)
✔ upgrades require sustained headroom; deterioration and starvation downswitch promptly (1.706625ms)
✔ recovery from 2 to 8 Mbit/s remains slower than a downswitch (0.596209ms)
✔ manual selection is authoritative after auto; paused playback does not adapt (0.18525ms)
✔ ceilings and eligibility constrain decisions without inventing another track identity (0.854167ms)
✔ a pending upswitch is retired when conditions collapse, even if current quality is already low (0.350625ms)
✔ duplicate samples are ignored and a new source starts with no previous estimate (0.098542ms)
✔ known-length last chunk verifies EOF without losing remaining consumer bytes (16.447041ms)
✔ declared bytes followed by error never become a completed sample (2.905292ms)
✔ declared bytes followed by extra never become a completed sample (1.238ms)
✔ declared bytes followed by cancel never become a completed sample (0.963959ms)
ℹ tests 59
ℹ suites 0
ℹ pass 59
ℹ fail 0
ℹ cancelled 0
ℹ skipped 0
ℹ todo 0
ℹ duration_ms 353.390542
