{
  "frames": 60013,
  "channels": 2,
  "rate": 48000,
  "source_bytes": 510419,
  "source_sha": "cab02dcaaa122ee6975ea008372b9f2a528055759a2cb23e8f3a1bffb9fbc295",
  "streams": [
    {
      "serial": 0,
      "file": "selected0.oga",
      "bytes": 243512,
      "pages": 7,
      "page_hashes": [
        "1e6a8f640ec69234ab99e446c436e5972b3a9221807814ea1bec31ce08b15552",
        "24fea7f37bb0163569cd12ba815161f94cc6dfed7f82269946639adaaaefaa2d",
        "e022af389a8a8f7a89999a9cca652db9da63571a329b0348a8d830a7ad46919a",
        "f8575a7108fff19eba2b9417df05933a6209fd095ef3290c6a83ec46d56f6fb1",
        "254634c5d390f9af50c2c1707a8f6a883d10405ead10f8331897e35e039eb997",
        "1ef204467e484b77510df10f0997b78e39e537d3d75b3fa1c9d5bf887ff600fb",
        "ad327d3f1125dc548778f7e3eacdb48408e39f08118dd4445d0dd779b918bfb6"
      ],
      "packets": 14,
      "packet_hashes_exact": true,
      "host_equals_selected_source": true,
      "host_bytes": 480104
    },
    {
      "serial": 1,
      "file": "selected1.oga",
      "bytes": 266907,
      "pages": 7,
      "page_hashes": [
        "5ab3e6be733195ce663e45ff6632ee3c0b4428d6ba925b24022c8645ec4f3715",
        "5327b1cd7479773707044b45e7326fd703ac3efa26c7f23ae137af718f129059",
        "ba4112baa6e25f19e63d1b8c0f3bdb25d0904222ff77133bb0dd98d6e6af6cd6",
        "c693d6b64e67e1304e706266d515f89a5e013fd78b079f901e6dc672a2d51921",
        "baba1b219071483c6a4d5f8ca879392430fd0e33c004fee5f62bced58444edba",
        "0c94f9a1f1dca049628569be35a2d6b3cdee905d8efdb4f7dcbabdce60c75249",
        "fbeaa049d3cf6f72cb1c8a056ff84cac5ad623118073a6d546958e36ff90a525"
      ],
      "packets": 14,
      "packet_hashes_exact": true,
      "host_equals_selected_source": true,
      "host_bytes": 480104
    }
  ],
  "controls": {
    "crc": {
      "rejected": true,
      "error": "CRC"
    },
    "truncated": {
      "rejected": true,
      "error": "truncated payload"
    },
    "missing_page": {
      "rejected": true,
      "error": "sequence/epoch"
    },
    "missing_eos": {
      "rejected": true,
      "error": "incomplete stream"
    },
    "wrong_source": {
      "rejected": true,
      "error": "request/source identity"
    },
    "unknown_serial": {
      "rejected": true,
      "error": "unknown serial"
    },
    "mix_request": {
      "rejected": true,
      "error": "request/source identity"
    }
  }
}
