ffmpeg version 8.1.2 Copyright (c) 2000-2026 the FFmpeg developers
  built with Apple clang version 21.0.0 (clang-2100.0.123.102)
  configuration: --prefix=/opt/homebrew/Cellar/ffmpeg/8.1.2 --enable-shared --enable-pthreads --enable-version3 --cc=clang --host-cflags= --host-ldflags= --enable-ffplay --enable-gpl --enable-libsvtav1 --enable-libopus --enable-libx264 --enable-libmp3lame --enable-libdav1d --enable-libvmaf --enable-libvpx --enable-libx265 --enable-openssl --enable-videotoolbox --enable-audiotoolbox --enable-neon
  libavutil      60. 26.102 / 60. 26.102
  libavcodec     62. 28.102 / 62. 28.102
  libavformat    62. 12.102 / 62. 12.102
  libavdevice    62.  3.102 / 62.  3.102
  libavfilter    11. 14.102 / 11. 14.102
  libswscale      9.  5.102 /  9.  5.102
  libswresample   6.  3.102 /  6.  3.102
[libdav1d @ 0x9bb044380] libdav1d 1.5.3
Input #0, ivf, from 'research/shared/runs/20260919T231631Z-av1-reference-banks/b.ivf':
  Duration: 00:00:00.13, start: 0.000000, bitrate: 415 kb/s
  Stream #0:0: Video: av1 (libdav1d) (Main), 1 reference frame (AV01 / 0x31305641), yuv420p(tv), 160x96 [SAR 1:1 DAR 5:3], 24 tbr, 24 tbn
[out#0/null @ 0x9bb048300] No explicit maps, mapping streams automatically...
[vost#0:0/copy @ 0x9bacb0000] Created video stream from input stream 0:0
[trace_headers @ 0x9bb01c190] Extradata
[trace_headers @ 0x9bb01c190] OBU header
[trace_headers @ 0x9bb01c190] 0           obu_forbidden_bit                                           0 = 0
[trace_headers @ 0x9bb01c190] 1           obu_type                                                 0001 = 1
[trace_headers @ 0x9bb01c190] 5           obu_extension_flag                                          0 = 0
[trace_headers @ 0x9bb01c190] 6           obu_has_size_field                                          1 = 1
[trace_headers @ 0x9bb01c190] 7           obu_reserved_1bit                                           0 = 0
[trace_headers @ 0x9bb01c190] 8           obu_size                                             00001010 = 10
[trace_headers @ 0x9bb01c190] Sequence Header
[trace_headers @ 0x9bb01c190] 16          seq_profile                                               000 = 0
[trace_headers @ 0x9bb01c190] 19          still_picture                                               0 = 0
[trace_headers @ 0x9bb01c190] 20          reduced_still_picture_header                                0 = 0
[trace_headers @ 0x9bb01c190] 21          timing_info_present_flag                                    0 = 0
[trace_headers @ 0x9bb01c190] 22          initial_display_delay_present_flag                          0 = 0
[trace_headers @ 0x9bb01c190] 23          operating_points_cnt_minus_1                            00000 = 0
[trace_headers @ 0x9bb01c190] 28          operating_point_idc[0]                           000000000000 = 0
[trace_headers @ 0x9bb01c190] 40          seq_level_idx[0]                                        00000 = 0
[trace_headers @ 0x9bb01c190] 45          frame_width_bits_minus_1                                 0111 = 7
[trace_headers @ 0x9bb01c190] 49          frame_height_bits_minus_1                                0110 = 6
[trace_headers @ 0x9bb01c190] 53          max_frame_width_minus_1                              10011111 = 159
[trace_headers @ 0x9bb01c190] 61          max_frame_height_minus_1                              1011111 = 95
[trace_headers @ 0x9bb01c190] 68          frame_id_numbers_present_flag                               0 = 0
[trace_headers @ 0x9bb01c190] 69          use_128x128_superblock                                      0 = 0
[trace_headers @ 0x9bb01c190] 70          enable_filter_intra                                         1 = 1
[trace_headers @ 0x9bb01c190] 71          enable_intra_edge_filter                                    1 = 1
[trace_headers @ 0x9bb01c190] 72          enable_interintra_compound                                  0 = 0
[trace_headers @ 0x9bb01c190] 73          enable_masked_compound                                      1 = 1
[trace_headers @ 0x9bb01c190] 74          enable_warped_motion                                        1 = 1
[trace_headers @ 0x9bb01c190] 75          enable_dual_filter                                          0 = 0
[trace_headers @ 0x9bb01c190] 76          enable_order_hint                                           0 = 0
[trace_headers @ 0x9bb01c190] 77          seq_choose_screen_content_tools                             1 = 1
[trace_headers @ 0x9bb01c190] 78          seq_choose_integer_mv                                       1 = 1
[trace_headers @ 0x9bb01c190] 79          enable_superres                                             0 = 0
[trace_headers @ 0x9bb01c190] 80          enable_cdef                                                 1 = 1
[trace_headers @ 0x9bb01c190] 81          enable_restoration                                          1 = 1
[trace_headers @ 0x9bb01c190] 82          high_bitdepth                                               0 = 0
[trace_headers @ 0x9bb01c190] 83          mono_chrome                                                 0 = 0
[trace_headers @ 0x9bb01c190] 84          color_description_present_flag                              0 = 0
[trace_headers @ 0x9bb01c190] 85          color_range                                                 0 = 0
[trace_headers @ 0x9bb01c190] 86          chroma_sample_position                                     00 = 0
[trace_headers @ 0x9bb01c190] 88          separate_uv_delta_q                                         0 = 0
[trace_headers @ 0x9bb01c190] 89          film_grain_params_present                                   0 = 0
[trace_headers @ 0x9bb01c190] 90          trailing_one_bit                                            1 = 1
[trace_headers @ 0x9bb01c190] 91          trailing_zero_bit                                           0 = 0
[trace_headers @ 0x9bb01c190] 92          trailing_zero_bit                                           0 = 0
[trace_headers @ 0x9bb01c190] 93          trailing_zero_bit                                           0 = 0
[trace_headers @ 0x9bb01c190] 94          trailing_zero_bit                                           0 = 0
[trace_headers @ 0x9bb01c190] 95          trailing_zero_bit                                           0 = 0
Stream mapping:
  Stream #0:0 -> #0:0 (copy)
Output #0, null, to 'pipe:':
  Metadata:
    encoder         : Lavf62.12.102
  Stream #0:0: Video: av1 (Main), 1 reference frame (AV01 / 0x31305641), yuv420p(tv), 160x96 [SAR 1:1 DAR 5:3], q=2-31, 24 tbr, 24 tbn
[out#0/null @ 0x9bb048300] Starting thread...
[in#0/ivf @ 0x9bac0c000] Starting thread...
Press [q] to stop, [?] for help
[in#0/ivf @ 0x9bac0c000] EOF while reading input
[in#0/ivf @ 0x9bac0c000] Terminating thread with return code 0 (success)
[trace_headers @ 0x9bb01c190] Packet: 2330 bytes, key frame, pts 0, dts 0, duration 1.
[trace_headers @ 0x9bb01c190] OBU header
[trace_headers @ 0x9bb01c190] 0           obu_forbidden_bit                                           0 = 0
[trace_headers @ 0x9bb01c190] 1           obu_type                                                 0010 = 2
[trace_headers @ 0x9bb01c190] 5           obu_extension_flag                                          0 = 0
[trace_headers @ 0x9bb01c190] 6           obu_has_size_field                                          1 = 1
[trace_headers @ 0x9bb01c190] 7           obu_reserved_1bit                                           0 = 0
[trace_headers @ 0x9bb01c190] 8           obu_size                                             00000000 = 0
[trace_headers @ 0x9bb01c190] Temporal Delimiter
[trace_headers @ 0x9bb01c190] OBU header
[trace_headers @ 0x9bb01c190] 0           obu_forbidden_bit                                           0 = 0
[trace_headers @ 0x9bb01c190] 1           obu_type                                                 0001 = 1
[trace_headers @ 0x9bb01c190] 5           obu_extension_flag                                          0 = 0
[trace_headers @ 0x9bb01c190] 6           obu_has_size_field                                          1 = 1
[trace_headers @ 0x9bb01c190] 7           obu_reserved_1bit                                           0 = 0
[trace_headers @ 0x9bb01c190] 8           obu_size                                             00001010 = 10
[trace_headers @ 0x9bb01c190] Sequence Header
[trace_headers @ 0x9bb01c190] 16          seq_profile                                               000 = 0
[trace_headers @ 0x9bb01c190] 19          still_picture                                               0 = 0
[trace_headers @ 0x9bb01c190] 20          reduced_still_picture_header                                0 = 0
[trace_headers @ 0x9bb01c190] 21          timing_info_present_flag                                    0 = 0
[trace_headers @ 0x9bb01c190] 22          initial_display_delay_present_flag                          0 = 0
[trace_headers @ 0x9bb01c190] 23          operating_points_cnt_minus_1                            00000 = 0
[trace_headers @ 0x9bb01c190] 28          operating_point_idc[0]                           000000000000 = 0
[trace_headers @ 0x9bb01c190] 40          seq_level_idx[0]                                        00000 = 0
[trace_headers @ 0x9bb01c190] 45          frame_width_bits_minus_1                                 0111 = 7
[trace_headers @ 0x9bb01c190] 49          frame_height_bits_minus_1                                0110 = 6
[trace_headers @ 0x9bb01c190] 53          max_frame_width_minus_1                              10011111 = 159
[trace_headers @ 0x9bb01c190] 61          max_frame_height_minus_1                              1011111 = 95
[trace_headers @ 0x9bb01c190] 68          frame_id_numbers_present_flag                               0 = 0
[trace_headers @ 0x9bb01c190] 69          use_128x128_superblock                                      0 = 0
[trace_headers @ 0x9bb01c190] 70          enable_filter_intra                                         1 = 1
[trace_headers @ 0x9bb01c190] 71          enable_intra_edge_filter                                    1 = 1
[trace_headers @ 0x9bb01c190] 72          enable_interintra_compound                                  0 = 0
[trace_headers @ 0x9bb01c190] 73          enable_masked_compound                                      1 = 1
[trace_headers @ 0x9bb01c190] 74          enable_warped_motion                                        1 = 1
[trace_headers @ 0x9bb01c190] 75          enable_dual_filter                                          0 = 0
[trace_headers @ 0x9bb01c190] 76          enable_order_hint                                           0 = 0
[trace_headers @ 0x9bb01c190] 77          seq_choose_screen_content_tools                             1 = 1
[trace_headers @ 0x9bb01c190] 78          seq_choose_integer_mv                                       1 = 1
[trace_headers @ 0x9bb01c190] 79          enable_superres                                             0 = 0
[trace_headers @ 0x9bb01c190] 80          enable_cdef                                                 1 = 1
[trace_headers @ 0x9bb01c190] 81          enable_restoration                                          1 = 1
[trace_headers @ 0x9bb01c190] 82          high_bitdepth                                               0 = 0
[trace_headers @ 0x9bb01c190] 83          mono_chrome                                                 0 = 0
[trace_headers @ 0x9bb01c190] 84          color_description_present_flag                              0 = 0
[trace_headers @ 0x9bb01c190] 85          color_range                                                 0 = 0
[trace_headers @ 0x9bb01c190] 86          chroma_sample_position                                     00 = 0
[trace_headers @ 0x9bb01c190] 88          separate_uv_delta_q                                         0 = 0
[trace_headers @ 0x9bb01c190] 89          film_grain_params_present                                   0 = 0
[trace_headers @ 0x9bb01c190] 90          trailing_one_bit                                            1 = 1
[trace_headers @ 0x9bb01c190] 91          trailing_zero_bit                                           0 = 0
[trace_headers @ 0x9bb01c190] 92          trailing_zero_bit                                           0 = 0
[trace_headers @ 0x9bb01c190] 93          trailing_zero_bit                                           0 = 0
[trace_headers @ 0x9bb01c190] 94          trailing_zero_bit                                           0 = 0
[trace_headers @ 0x9bb01c190] 95          trailing_zero_bit                                           0 = 0
[trace_headers @ 0x9bb01c190] OBU header
[trace_headers @ 0x9bb01c190] 0           obu_forbidden_bit                                           0 = 0
[trace_headers @ 0x9bb01c190] 1           obu_type                                                 0110 = 6
[trace_headers @ 0x9bb01c190] 5           obu_extension_flag                                          0 = 0
[trace_headers @ 0x9bb01c190] 6           obu_has_size_field                                          1 = 1
[trace_headers @ 0x9bb01c190] 7           obu_reserved_1bit                                           0 = 0
[trace_headers @ 0x9bb01c190] 8           obu_size                                     1000100100010010 = 2313
[trace_headers @ 0x9bb01c190] Frame Header
[trace_headers @ 0x9bb01c190] 24          show_existing_frame                                         0 = 0
[trace_headers @ 0x9bb01c190] 25          frame_type                                                 00 = 0
[trace_headers @ 0x9bb01c190] 27          show_frame                                                  1 = 1
[trace_headers @ 0x9bb01c190] 28          disable_cdf_update                                          0 = 0
[trace_headers @ 0x9bb01c190] 29          allow_screen_content_tools                                  1 = 1
[trace_headers @ 0x9bb01c190] 30          force_integer_mv                                            0 = 0
[trace_headers @ 0x9bb01c190] 31          frame_size_override_flag                                    0 = 0
[trace_headers @ 0x9bb01c190] 32          render_and_frame_size_different                             0 = 0
[trace_headers @ 0x9bb01c190] 33          allow_intrabc                                               0 = 0
[trace_headers @ 0x9bb01c190] 34          disable_frame_end_update_cdf                                0 = 0
[trace_headers @ 0x9bb01c190] 35          uniform_tile_spacing_flag                                   1 = 1
[trace_headers @ 0x9bb01c190] 36          tile_cols_log2                                              0 = 0
[trace_headers @ 0x9bb01c190] 37          tile_rows_log2                                              0 = 0
[trace_headers @ 0x9bb01c190] 38          base_q_idx                                           00000000 = 0
[trace_headers @ 0x9bb01c190] 46          delta_q_y_dc.delta_coded                                    0 = 0
[trace_headers @ 0x9bb01c190] 47          delta_q_u_dc.delta_coded                                    0 = 0
[trace_headers @ 0x9bb01c190] 48          delta_q_u_ac.delta_coded                                    0 = 0
[trace_headers @ 0x9bb01c190] 49          using_qmatrix                                               0 = 0
[trace_headers @ 0x9bb01c190] 50          segmentation_enabled                                        0 = 0
[trace_headers @ 0x9bb01c190] 51          reduced_tx_set                                              0 = 0
[trace_headers @ 0x9bb01c190] 52          zero_bit                                                    0 = 0
[trace_headers @ 0x9bb01c190] 53          zero_bit                                                    0 = 0
[trace_headers @ 0x9bb01c190] 54          zero_bit                                                    0 = 0
[trace_headers @ 0x9bb01c190] 55          zero_bit                                                    0 = 0
[trace_headers @ 0x9bb01c190] Tile Group
[trace_headers @ 0x9bb01c190] Packet: 2052 bytes, pts 1, dts 1, duration 1.
[trace_headers @ 0x9bb01c190] OBU header
[trace_headers @ 0x9bb01c190] 0           obu_forbidden_bit                                           0 = 0
[trace_headers @ 0x9bb01c190] 1           obu_type                                                 0010 = 2
[trace_headers @ 0x9bb01c190] 5           obu_extension_flag                                          0 = 0
[trace_headers @ 0x9bb01c190] 6           obu_has_size_field                                          1 = 1
[trace_headers @ 0x9bb01c190] 7           obu_reserved_1bit                                           0 = 0
[trace_headers @ 0x9bb01c190] 8           obu_size                                             00000000 = 0
[trace_headers @ 0x9bb01c190] Temporal Delimiter
[trace_headers @ 0x9bb01c190] OBU header
[trace_headers @ 0x9bb01c190] 0           obu_forbidden_bit                                           0 = 0
[trace_headers @ 0x9bb01c190] 1           obu_type                                                 0110 = 6
[trace_headers @ 0x9bb01c190] 5           obu_extension_flag                                          0 = 0
[trace_headers @ 0x9bb01c190] 6           obu_has_size_field                                          1 = 1
[trace_headers @ 0x9bb01c190] 7           obu_reserved_1bit                                           0 = 0
[trace_headers @ 0x9bb01c190] 8           obu_size                                     1111111100001111 = 2047
[trace_headers @ 0x9bb01c190] Frame Header
[trace_headers @ 0x9bb01c190] 24          show_existing_frame                                         0 = 0
[trace_headers @ 0x9bb01c190] 25          frame_type                                                 01 = 1
[trace_headers @ 0x9bb01c190] 27          show_frame                                                  1 = 1
[trace_headers @ 0x9bb01c190] 28          error_resilient_mode                                        0 = 0
[trace_headers @ 0x9bb01c190] 29          disable_cdf_update                                          0 = 0
[trace_headers @ 0x9bb01c190] 30          allow_screen_content_tools                                  1 = 1
[trace_headers @ 0x9bb01c190] 31          force_integer_mv                                            0 = 0
[trace_headers @ 0x9bb01c190] 32          frame_size_override_flag                                    0 = 0
[trace_headers @ 0x9bb01c190] 33          primary_ref_frame                                         111 = 7
[trace_headers @ 0x9bb01c190] 36          refresh_frame_flags                                  00000010 = 2
[trace_headers @ 0x9bb01c190] 44          ref_frame_idx[0]                                          000 = 0
[trace_headers @ 0x9bb01c190] 47          ref_frame_idx[1]                                          000 = 0
[trace_headers @ 0x9bb01c190] 50          ref_frame_idx[2]                                          000 = 0
[trace_headers @ 0x9bb01c190] 53          ref_frame_idx[3]                                          000 = 0
[trace_headers @ 0x9bb01c190] 56          ref_frame_idx[4]                                          000 = 0
[trace_headers @ 0x9bb01c190] 59          ref_frame_idx[5]                                          000 = 0
[trace_headers @ 0x9bb01c190] 62          ref_frame_idx[6]                                          000 = 0
[trace_headers @ 0x9bb01c190] 65          render_and_frame_size_different                             0 = 0
[trace_headers @ 0x9bb01c190] 66          allow_high_precision_mv                                     1 = 1
[trace_headers @ 0x9bb01c190] 67          is_filter_switchable                                        0 = 0
[trace_headers @ 0x9bb01c190] 68          interpolation_filter                                       00 = 0
[trace_headers @ 0x9bb01c190] 70          is_motion_mode_switchable                                   1 = 1
[trace_headers @ 0x9bb01c190] 71          disable_frame_end_update_cdf                                0 = 0
[trace_headers @ 0x9bb01c190] 72          uniform_tile_spacing_flag                                   1 = 1
[trace_headers @ 0x9bb01c190] 73          tile_cols_log2                                              0 = 0
[trace_headers @ 0x9bb01c190] 74          tile_rows_log2                                              0 = 0
[trace_headers @ 0x9bb01c190] 75          base_q_idx                                           00000000 = 0
[trace_headers @ 0x9bb01c190] 83          delta_q_y_dc.delta_coded                                    0 = 0
[trace_headers @ 0x9bb01c190] 84          delta_q_u_dc.delta_coded                                    0 = 0
[trace_headers @ 0x9bb01c190] 85          delta_q_u_ac.delta_coded                                    0 = 0
[trace_headers @ 0x9bb01c190] 86          using_qmatrix                                               0 = 0
[trace_headers @ 0x9bb01c190] 87          segmentation_enabled                                        0 = 0
[trace_headers @ 0x9bb01c190] 88          reference_select                                            0 = 0
[trace_headers @ 0x9bb01c190] 89          allow_warped_motion                                         1 = 1
[trace_headers @ 0x9bb01c190] 90          reduced_tx_set                                              0 = 0
[trace_headers @ 0x9bb01c190] 91          is_global[1]                                                0 = 0
[trace_headers @ 0x9bb01c190] 92          is_global[2]                                                0 = 0
[trace_headers @ 0x9bb01c190] 93          is_global[3]                                                0 = 0
[trace_headers @ 0x9bb01c190] 94          is_global[4]                                                0 = 0
[trace_headers @ 0x9bb01c190] 95          is_global[5]                                                0 = 0
[trace_headers @ 0x9bb01c190] 96          is_global[6]                                                0 = 0
[trace_headers @ 0x9bb01c190] 97          is_global[7]                                                0 = 0
[trace_headers @ 0x9bb01c190] 98          zero_bit                                                    0 = 0
[trace_headers @ 0x9bb01c190] 99          zero_bit                                                    0 = 0
[trace_headers @ 0x9bb01c190] 100         zero_bit                                                    0 = 0
[trace_headers @ 0x9bb01c190] 101         zero_bit                                                    0 = 0
[trace_headers @ 0x9bb01c190] 102         zero_bit                                                    0 = 0
[trace_headers @ 0x9bb01c190] 103         zero_bit                                                    0 = 0
[trace_headers @ 0x9bb01c190] Tile Group
[trace_headers @ 0x9bb01c190] Packet: 2043 bytes, pts 2, dts 2, duration 1.
[trace_headers @ 0x9bb01c190] OBU header
[trace_headers @ 0x9bb01c190] 0           obu_forbidden_bit                                           0 = 0
[trace_headers @ 0x9bb01c190] 1           obu_type                                                 0010 = 2
[trace_headers @ 0x9bb01c190] 5           obu_extension_flag                                          0 = 0
[trace_headers @ 0x9bb01c190] 6           obu_has_size_field                                          1 = 1
[trace_headers @ 0x9bb01c190] 7           obu_reserved_1bit                                           0 = 0
[trace_headers @ 0x9bb01c190] 8           obu_size                                             00000000 = 0
[trace_headers @ 0x9bb01c190] Temporal Delimiter
[trace_headers @ 0x9bb01c190] OBU header
[trace_headers @ 0x9bb01c190] 0           obu_forbidden_bit                                           0 = 0
[trace_headers @ 0x9bb01c190] 1           obu_type                                                 0110 = 6
[trace_headers @ 0x9bb01c190] 5           obu_extension_flag                                          0 = 0
[trace_headers @ 0x9bb01c190] 6           obu_has_size_field                                          1 = 1
[trace_headers @ 0x9bb01c190] 7           obu_reserved_1bit                                           0 = 0
[trace_headers @ 0x9bb01c190] 8           obu_size                                     1111011000001111 = 2038
[trace_headers @ 0x9bb01c190] Frame Header
[trace_headers @ 0x9bb01c190] 24          show_existing_frame                                         0 = 0
[trace_headers @ 0x9bb01c190] 25          frame_type                                                 01 = 1
[trace_headers @ 0x9bb01c190] 27          show_frame                                                  1 = 1
[trace_headers @ 0x9bb01c190] 28          error_resilient_mode                                        0 = 0
[trace_headers @ 0x9bb01c190] 29          disable_cdf_update                                          0 = 0
[trace_headers @ 0x9bb01c190] 30          allow_screen_content_tools                                  1 = 1
[trace_headers @ 0x9bb01c190] 31          force_integer_mv                                            0 = 0
[trace_headers @ 0x9bb01c190] 32          frame_size_override_flag                                    0 = 0
[trace_headers @ 0x9bb01c190] 33          primary_ref_frame                                         000 = 0
[trace_headers @ 0x9bb01c190] 36          refresh_frame_flags                                  00000100 = 4
[trace_headers @ 0x9bb01c190] 44          ref_frame_idx[0]                                          001 = 1
[trace_headers @ 0x9bb01c190] 47          ref_frame_idx[1]                                          000 = 0
[trace_headers @ 0x9bb01c190] 50          ref_frame_idx[2]                                          000 = 0
[trace_headers @ 0x9bb01c190] 53          ref_frame_idx[3]                                          000 = 0
[trace_headers @ 0x9bb01c190] 56          ref_frame_idx[4]                                          000 = 0
[trace_headers @ 0x9bb01c190] 59          ref_frame_idx[5]                                          000 = 0
[trace_headers @ 0x9bb01c190] 62          ref_frame_idx[6]                                          000 = 0
[trace_headers @ 0x9bb01c190] 65          render_and_frame_size_different                             0 = 0
[trace_headers @ 0x9bb01c190] 66          allow_high_precision_mv                                     1 = 1
[trace_headers @ 0x9bb01c190] 67          is_filter_switchable                                        0 = 0
[trace_headers @ 0x9bb01c190] 68          interpolation_filter                                       00 = 0
[trace_headers @ 0x9bb01c190] 70          is_motion_mode_switchable                                   1 = 1
[trace_headers @ 0x9bb01c190] 71          disable_frame_end_update_cdf                                0 = 0
[trace_headers @ 0x9bb01c190] 72          uniform_tile_spacing_flag                                   1 = 1
[trace_headers @ 0x9bb01c190] 73          tile_cols_log2                                              0 = 0
[trace_headers @ 0x9bb01c190] 74          tile_rows_log2                                              0 = 0
[trace_headers @ 0x9bb01c190] 75          base_q_idx                                           00000000 = 0
[trace_headers @ 0x9bb01c190] 83          delta_q_y_dc.delta_coded                                    0 = 0
[trace_headers @ 0x9bb01c190] 84          delta_q_u_dc.delta_coded                                    0 = 0
[trace_headers @ 0x9bb01c190] 85          delta_q_u_ac.delta_coded                                    0 = 0
[trace_headers @ 0x9bb01c190] 86          using_qmatrix                                               0 = 0
[trace_headers @ 0x9bb01c190] 87          segmentation_enabled                                        0 = 0
[trace_headers @ 0x9bb01c190] 88          reference_select                                            0 = 0
[trace_headers @ 0x9bb01c190] 89          allow_warped_motion                                         1 = 1
[trace_headers @ 0x9bb01c190] 90          reduced_tx_set                                              0 = 0
[trace_headers @ 0x9bb01c190] 91          is_global[1]                                                0 = 0
[trace_headers @ 0x9bb01c190] 92          is_global[2]                                                0 = 0
[trace_headers @ 0x9bb01c190] 93          is_global[3]                                                0 = 0
[trace_headers @ 0x9bb01c190] 94          is_global[4]                                                0 = 0
[trace_headers @ 0x9bb01c190] 95          is_global[5]                                                0 = 0
[trace_headers @ 0x9bb01c190] 96          is_global[6]                                                0 = 0
[trace_headers @ 0x9bb01c190] 97          is_global[7]                                                0 = 0
[trace_headers @ 0x9bb01c190] 98          zero_bit                                                    0 = 0
[trace_headers @ 0x9bb01c190] 99          zero_bit                                                    0 = 0
[trace_headers @ 0x9bb01c190] 100         zero_bit                                                    0 = 0
[trace_headers @ 0x9bb01c190] 101         zero_bit                                                    0 = 0
[trace_headers @ 0x9bb01c190] 102         zero_bit                                                    0 = 0
[trace_headers @ 0x9bb01c190] 103         zero_bit                                                    0 = 0
[trace_headers @ 0x9bb01c190] Tile Group
[out#0/null @ 0x9bb048300] All streams finished
[out#0/null @ 0x9bb048300] Terminating thread with return code 0 (success)
[out#0/null @ 0x9bb048300] Output file #0 (pipe:):
[out#0/null @ 0x9bb048300]   Output stream #0:0 (video): 3 packets muxed (6425 bytes); 
[out#0/null @ 0x9bb048300]   Total: 3 packets (6425 bytes) muxed
[out#0/null @ 0x9bb048300] video:6KiB audio:0KiB subtitle:0KiB other streams:0KiB global headers:0KiB muxing overhead: unknown
frame=    3 fps=0.0 q=-1.0 Lsize=N/A time=00:00:00.12 bitrate=N/A speed= 170x elapsed=0:00:00.00    
[in#0/ivf @ 0x9bac0c000] Input file #0 (research/shared/runs/20260919T231631Z-av1-reference-banks/b.ivf):
[in#0/ivf @ 0x9bac0c000]   Input stream #0:0 (video): 3 packets read (6425 bytes); 
[in#0/ivf @ 0x9bac0c000]   Total: 3 packets (6425 bytes) demuxed
[AVIOContext @ 0x9bac0c140] Statistics: 6493 bytes read, 0 seeks

Exiting with exit code 0
