PASSED video.default.aac-mp4 
PASSED demuxe.auto.aac-mp4 
PASSED libmedia.default.aac-mp4 
PASSED demuxe.auto.aac-mp4 
PASSED libmedia.default.aac-mp4 
PASSED video.default.aac-mp4 
PASSED libmedia.default.aac-mp4 
PASSED video.default.aac-mp4 
PASSED demuxe.auto.aac-mp4 
PASSED video.default.aac-mkv 
PASSED demuxe.auto.aac-mkv 
PASSED libmedia.default.aac-mkv 
PASSED demuxe.auto.aac-mkv 
PASSED libmedia.default.aac-mkv 
FAILED video.default.aac-mkv Error: Excessive dropped frames
PASSED libmedia.default.aac-mkv 
PASSED video.default.aac-mkv 
PASSED demuxe.auto.aac-mkv 
PASSED video.default.pcm-mkv 
PASSED demuxe.auto.pcm-mkv 
FAILED movi.default.pcm-mkv Error: Presentation cadence outside declared frame budget
PASSED demuxe.auto.pcm-mkv 
FAILED movi.default.pcm-mkv Error: Presentation cadence outside declared frame budget
PASSED video.default.pcm-mkv 
FAILED movi.default.pcm-mkv Error: Presentation cadence outside declared frame budget
PASSED video.default.pcm-mkv 
PASSED demuxe.auto.pcm-mkv 
PASSED video.default.pcm-ass 
PASSED demuxe.auto.pcm-ass 
PASSED demuxe.auto.pcm-ass 
PASSED video.default.pcm-ass 
PASSED video.default.pcm-ass 
PASSED demuxe.auto.pcm-ass 
{
  "output": "/Volumes/seed2/Projects/demuxe/results/head-to-head/cpu-baseline-performance-original-02",
  "passed": 29,
  "failed": 4,
  "blocked": 0,
  "skipped": 0
}
