ffmpeg version 8.1.2 Copyright (c) 2000-2026 the FFmpeg developers
  built with Apple clang version 21.0.0 (clang-2100.0.123.102)
  configuration: --prefix=/opt/homebrew/Cellar/ffmpeg/8.1.2 --enable-shared --enable-pthreads --enable-version3 --cc=clang --host-cflags= --host-ldflags= --enable-ffplay --enable-gpl --enable-libsvtav1 --enable-libopus --enable-libx264 --enable-libmp3lame --enable-libdav1d --enable-libvmaf --enable-libvpx --enable-libx265 --enable-openssl --enable-videotoolbox --enable-audiotoolbox --enable-neon
  libavutil      60. 26.102 / 60. 26.102
  libavcodec     62. 28.102 / 62. 28.102
  libavformat    62. 12.102 / 62. 12.102
  libavdevice    62.  3.102 / 62.  3.102
  libavfilter    11. 14.102 / 11. 14.102
  libswscale      9.  5.102 /  9.  5.102
  libswresample   6.  3.102 /  6.  3.102
[libdav1d @ 0x79f040380] libdav1d 1.5.3
Input #0, ivf, from 'research/shared/runs/20260919T225102Z-av1-grain/grain.ivf':
  Duration: 00:00:00.13, start: 0.000000, bitrate: 211 kb/s
  Stream #0:0: Video: av1 (libdav1d) (Main), 1 reference frame (AV01 / 0x31305641), yuv420p(tv), 160x96 [SAR 1:1 DAR 5:3], 24 tbr, 24 tbn
[out#0/null @ 0x79f044300] No explicit maps, mapping streams automatically...
[vost#0:0/copy @ 0x79ecbc000] Created video stream from input stream 0:0
[trace_headers @ 0x79f018190] Extradata
[trace_headers @ 0x79f018190] OBU header
[trace_headers @ 0x79f018190] 0           obu_forbidden_bit                                           0 = 0
[trace_headers @ 0x79f018190] 1           obu_type                                                 0001 = 1
[trace_headers @ 0x79f018190] 5           obu_extension_flag                                          0 = 0
[trace_headers @ 0x79f018190] 6           obu_has_size_field                                          1 = 1
[trace_headers @ 0x79f018190] 7           obu_reserved_1bit                                           0 = 0
[trace_headers @ 0x79f018190] 8           obu_size                                             00001010 = 10
[trace_headers @ 0x79f018190] Sequence Header
[trace_headers @ 0x79f018190] 16          seq_profile                                               000 = 0
[trace_headers @ 0x79f018190] 19          still_picture                                               0 = 0
[trace_headers @ 0x79f018190] 20          reduced_still_picture_header                                0 = 0
[trace_headers @ 0x79f018190] 21          timing_info_present_flag                                    0 = 0
[trace_headers @ 0x79f018190] 22          initial_display_delay_present_flag                          0 = 0
[trace_headers @ 0x79f018190] 23          operating_points_cnt_minus_1                            00000 = 0
[trace_headers @ 0x79f018190] 28          operating_point_idc[0]                           000000000000 = 0
[trace_headers @ 0x79f018190] 40          seq_level_idx[0]                                        00000 = 0
[trace_headers @ 0x79f018190] 45          frame_width_bits_minus_1                                 0111 = 7
[trace_headers @ 0x79f018190] 49          frame_height_bits_minus_1                                0110 = 6
[trace_headers @ 0x79f018190] 53          max_frame_width_minus_1                              10011111 = 159
[trace_headers @ 0x79f018190] 61          max_frame_height_minus_1                              1011111 = 95
[trace_headers @ 0x79f018190] 68          frame_id_numbers_present_flag                               0 = 0
[trace_headers @ 0x79f018190] 69          use_128x128_superblock                                      0 = 0
[trace_headers @ 0x79f018190] 70          enable_filter_intra                                         1 = 1
[trace_headers @ 0x79f018190] 71          enable_intra_edge_filter                                    1 = 1
[trace_headers @ 0x79f018190] 72          enable_interintra_compound                                  0 = 0
[trace_headers @ 0x79f018190] 73          enable_masked_compound                                      1 = 1
[trace_headers @ 0x79f018190] 74          enable_warped_motion                                        1 = 1
[trace_headers @ 0x79f018190] 75          enable_dual_filter                                          0 = 0
[trace_headers @ 0x79f018190] 76          enable_order_hint                                           0 = 0
[trace_headers @ 0x79f018190] 77          seq_choose_screen_content_tools                             1 = 1
[trace_headers @ 0x79f018190] 78          seq_choose_integer_mv                                       1 = 1
[trace_headers @ 0x79f018190] 79          enable_superres                                             0 = 0
[trace_headers @ 0x79f018190] 80          enable_cdef                                                 1 = 1
[trace_headers @ 0x79f018190] 81          enable_restoration                                          1 = 1
[trace_headers @ 0x79f018190] 82          high_bitdepth                                               0 = 0
[trace_headers @ 0x79f018190] 83          mono_chrome                                                 0 = 0
[trace_headers @ 0x79f018190] 84          color_description_present_flag                              0 = 0
[trace_headers @ 0x79f018190] 85          color_range                                                 0 = 0
[trace_headers @ 0x79f018190] 86          chroma_sample_position                                     00 = 0
[trace_headers @ 0x79f018190] 88          separate_uv_delta_q                                         0 = 0
[trace_headers @ 0x79f018190] 89          film_grain_params_present                                   1 = 1
[trace_headers @ 0x79f018190] 90          trailing_one_bit                                            1 = 1
[trace_headers @ 0x79f018190] 91          trailing_zero_bit                                           0 = 0
[trace_headers @ 0x79f018190] 92          trailing_zero_bit                                           0 = 0
[trace_headers @ 0x79f018190] 93          trailing_zero_bit                                           0 = 0
[trace_headers @ 0x79f018190] 94          trailing_zero_bit                                           0 = 0
[trace_headers @ 0x79f018190] 95          trailing_zero_bit                                           0 = 0
Stream mapping:
  Stream #0:0 -> #0:0 (copy)
Output #0, null, to 'pipe:':
  Metadata:
    encoder         : Lavf62.12.102
  Stream #0:0: Video: av1 (Main), 1 reference frame (AV01 / 0x31305641), yuv420p(tv), 160x96 [SAR 1:1 DAR 5:3], q=2-31, 24 tbr, 24 tbn
[out#0/null @ 0x79f044300] Starting thread...
[in#0/ivf @ 0x79ec0c000] Starting thread...
Press [q] to stop, [?] for help
[trace_headers @ 0x79f018190] Packet: 2066 bytes, key frame, pts 0, dts 0, duration 1.
[trace_headers @ 0x79f018190] OBU header
[trace_headers @ 0x79f018190] 0           obu_forbidden_bit                                           0 = 0
[trace_headers @ 0x79f018190] 1           obu_type                                                 0010 = 2
[trace_headers @ 0x79f018190] 5           obu_extension_flag                                          0 = 0
[trace_headers @ 0x79f018190] 6           obu_has_size_field                                          1 = 1
[trace_headers @ 0x79f018190] 7           obu_reserved_1bit                                           0 = 0
[trace_headers @ 0x79f018190] 8           obu_size                                             00000000 = 0
[trace_headers @ 0x79f018190] Temporal Delimiter
[trace_headers @ 0x79f018190] OBU header
[trace_headers @ 0x79f018190] 0           obu_forbidden_bit                                           0 = 0
[trace_headers @ 0x79f018190] 1           obu_type                                                 0001 = 1
[trace_headers @ 0x79f018190] 5           obu_extension_flag                                          0 = 0
[trace_headers @ 0x79f018190] 6           obu_has_size_field                                          1 = 1
[trace_headers @ 0x79f018190] 7           obu_reserved_1bit                                           0 = 0
[trace_headers @ 0x79f018190] 8           obu_size                                             00001010 = 10
[trace_headers @ 0x79f018190] Sequence Header
[trace_headers @ 0x79f018190] 16          seq_profile                                               000 = 0
[trace_headers @ 0x79f018190] 19          still_picture                                               0 = 0
[trace_headers @ 0x79f018190] 20          reduced_still_picture_header                                0 = 0
[trace_headers @ 0x79f018190] 21          timing_info_present_flag                                    0 = 0
[trace_headers @ 0x79f018190] 22          initial_display_delay_present_flag                          0 = 0
[trace_headers @ 0x79f018190] 23          operating_points_cnt_minus_1                            00000 = 0
[trace_headers @ 0x79f018190] 28          operating_point_idc[0]                           000000000000 = 0
[trace_headers @ 0x79f018190] 40          seq_level_idx[0]                                        00000 = 0
[trace_headers @ 0x79f018190] 45          frame_width_bits_minus_1                                 0111 = 7
[trace_headers @ 0x79f018190] 49          frame_height_bits_minus_1                                0110 = 6
[trace_headers @ 0x79f018190] 53          max_frame_width_minus_1                              10011111 = 159
[trace_headers @ 0x79f018190] 61          max_frame_height_minus_1                              1011111 = 95
[trace_headers @ 0x79f018190] 68          frame_id_numbers_present_flag                               0 = 0
[trace_headers @ 0x79f018190] 69          use_128x128_superblock                                      0 = 0
[trace_headers @ 0x79f018190] 70          enable_filter_intra                                         1 = 1
[trace_headers @ 0x79f018190] 71          enable_intra_edge_filter                                    1 = 1
[trace_headers @ 0x79f018190] 72          enable_interintra_compound                                  0 = 0
[trace_headers @ 0x79f018190] 73          enable_masked_compound                                      1 = 1
[trace_headers @ 0x79f018190] 74          enable_warped_motion                                        1 = 1
[trace_headers @ 0x79f018190] 75          enable_dual_filter                                          0 = 0
[trace_headers @ 0x79f018190] 76          enable_order_hint                                           0 = 0
[trace_headers @ 0x79f018190] 77          seq_choose_screen_content_tools                             1 = 1
[trace_headers @ 0x79f018190] 78          seq_choose_integer_mv                                       1 = 1
[trace_headers @ 0x79f018190] 79          enable_superres                                             0 = 0
[trace_headers @ 0x79f018190] 80          enable_cdef                                                 1 = 1
[trace_headers @ 0x79f018190] 81          enable_restoration                                          1 = 1
[trace_headers @ 0x79f018190] 82          high_bitdepth                                               0 = 0
[trace_headers @ 0x79f018190] 83          mono_chrome                                                 0 = 0
[trace_headers @ 0x79f018190] 84          color_description_present_flag                              0 = 0
[trace_headers @ 0x79f018190] 85          color_range                                                 0 = 0
[trace_headers @ 0x79f018190] 86          chroma_sample_position                                     00 = 0
[trace_headers @ 0x79f018190] 88          separate_uv_delta_q                                         0 = 0
[trace_headers @ 0x79f018190] 89          film_grain_params_present                                   1 = 1
[trace_headers @ 0x79f018190] 90          trailing_one_bit                                            1 = 1
[trace_headers @ 0x79f018190] 91          trailing_zero_bit                                           0 = 0
[trace_headers @ 0x79f018190] 92          trailing_zero_bit                                           0 = 0
[trace_headers @ 0x79f018190] 93          trailing_zero_bit                                           0 = 0
[trace_headers @ 0x79f018190] 94          trailing_zero_bit                                           0 = 0
[trace_headers @ 0x79f018190] 95          trailing_zero_bit                                           0 = 0
[in#0/ivf @ 0x79ec0c000] EOF while reading input
[in#0/ivf @ 0x79ec0c000] Terminating thread with return code 0 (success)
[trace_headers @ 0x79f018190] OBU header
[trace_headers @ 0x79f018190] 0           obu_forbidden_bit                                           0 = 0
[trace_headers @ 0x79f018190] 1           obu_type                                                 0110 = 6
[trace_headers @ 0x79f018190] 5           obu_extension_flag                                          0 = 0
[trace_headers @ 0x79f018190] 6           obu_has_size_field                                          1 = 1
[trace_headers @ 0x79f018190] 7           obu_reserved_1bit                                           0 = 0
[trace_headers @ 0x79f018190] 8           obu_size                                     1000000100010000 = 2049
[trace_headers @ 0x79f018190] Frame Header
[trace_headers @ 0x79f018190] 24          show_existing_frame                                         0 = 0
[trace_headers @ 0x79f018190] 25          frame_type                                                 00 = 0
[trace_headers @ 0x79f018190] 27          show_frame                                                  1 = 1
[trace_headers @ 0x79f018190] 28          disable_cdf_update                                          0 = 0
[trace_headers @ 0x79f018190] 29          allow_screen_content_tools                                  1 = 1
[trace_headers @ 0x79f018190] 30          force_integer_mv                                            0 = 0
[trace_headers @ 0x79f018190] 31          frame_size_override_flag                                    0 = 0
[trace_headers @ 0x79f018190] 32          render_and_frame_size_different                             0 = 0
[trace_headers @ 0x79f018190] 33          allow_intrabc                                               0 = 0
[trace_headers @ 0x79f018190] 34          disable_frame_end_update_cdf                                0 = 0
[trace_headers @ 0x79f018190] 35          uniform_tile_spacing_flag                                   1 = 1
[trace_headers @ 0x79f018190] 36          tile_cols_log2                                              0 = 0
[trace_headers @ 0x79f018190] 37          tile_rows_log2                                              0 = 0
[trace_headers @ 0x79f018190] 38          base_q_idx                                           00001000 = 8
[trace_headers @ 0x79f018190] 46          delta_q_y_dc.delta_coded                                    0 = 0
[trace_headers @ 0x79f018190] 47          delta_q_u_dc.delta_coded                                    0 = 0
[trace_headers @ 0x79f018190] 48          delta_q_u_ac.delta_coded                                    0 = 0
[trace_headers @ 0x79f018190] 49          using_qmatrix                                               0 = 0
[trace_headers @ 0x79f018190] 50          segmentation_enabled                                        0 = 0
[trace_headers @ 0x79f018190] 51          delta_q_present                                             0 = 0
[trace_headers @ 0x79f018190] 52          loop_filter_level[0]                                   000000 = 0
[trace_headers @ 0x79f018190] 58          loop_filter_level[1]                                   000000 = 0
[trace_headers @ 0x79f018190] 64          loop_filter_sharpness                                     000 = 0
[trace_headers @ 0x79f018190] 67          loop_filter_delta_enabled                                   1 = 1
[trace_headers @ 0x79f018190] 68          loop_filter_delta_update                                    0 = 0
[trace_headers @ 0x79f018190] 69          cdef_damping_minus_3                                       00 = 0
[trace_headers @ 0x79f018190] 71          cdef_bits                                                  01 = 1
[trace_headers @ 0x79f018190] 73          cdef_y_pri_strength[0]                                   0000 = 0
[trace_headers @ 0x79f018190] 77          cdef_y_sec_strength[0]                                     00 = 0
[trace_headers @ 0x79f018190] 79          cdef_uv_pri_strength[0]                                  0000 = 0
[trace_headers @ 0x79f018190] 83          cdef_uv_sec_strength[0]                                    10 = 2
[trace_headers @ 0x79f018190] 85          cdef_y_pri_strength[1]                                   0000 = 0
[trace_headers @ 0x79f018190] 89          cdef_y_sec_strength[1]                                     10 = 2
[trace_headers @ 0x79f018190] 91          cdef_uv_pri_strength[1]                                  0000 = 0
[trace_headers @ 0x79f018190] 95          cdef_uv_sec_strength[1]                                    10 = 2
[trace_headers @ 0x79f018190] 97          lr_type[0]                                                 00 = 0
[trace_headers @ 0x79f018190] 99          lr_type[1]                                                 00 = 0
[trace_headers @ 0x79f018190] 101         lr_type[2]                                                 00 = 0
[trace_headers @ 0x79f018190] 103         tx_mode                                                     1 = 2
[trace_headers @ 0x79f018190] 104         reduced_tx_set                                              0 = 0
[trace_headers @ 0x79f018190] 105         apply_grain                                                 1 = 1
[trace_headers @ 0x79f018190] 106         grain_seed                                   1011000010101111 = 45231
[trace_headers @ 0x79f018190] 122         num_y_points                                             1110 = 14
[trace_headers @ 0x79f018190] 126         point_y_value[0]                                     00010000 = 16
[trace_headers @ 0x79f018190] 134         point_y_scaling[0]                                   00000000 = 0
[trace_headers @ 0x79f018190] 142         point_y_value[1]                                     00011001 = 25
[trace_headers @ 0x79f018190] 150         point_y_scaling[1]                                   10001000 = 136
[trace_headers @ 0x79f018190] 158         point_y_value[2]                                     00100001 = 33
[trace_headers @ 0x79f018190] 166         point_y_scaling[2]                                   10010000 = 144
[trace_headers @ 0x79f018190] 174         point_y_value[3]                                     00101001 = 41
[trace_headers @ 0x79f018190] 182         point_y_scaling[3]                                   10100000 = 160
[trace_headers @ 0x79f018190] 190         point_y_value[4]                                     00110000 = 48
[trace_headers @ 0x79f018190] 198         point_y_scaling[4]                                   10101000 = 168
[trace_headers @ 0x79f018190] 206         point_y_value[5]                                     00111000 = 56
[trace_headers @ 0x79f018190] 214         point_y_scaling[5]                                   10001000 = 136
[trace_headers @ 0x79f018190] 222         point_y_value[6]                                     01000011 = 67
[trace_headers @ 0x79f018190] 230         point_y_scaling[6]                                   10000000 = 128
[trace_headers @ 0x79f018190] 238         point_y_value[7]                                     01010010 = 82
[trace_headers @ 0x79f018190] 246         point_y_scaling[7]                                   10010000 = 144
[trace_headers @ 0x79f018190] 254         point_y_value[8]                                     01100001 = 97
[trace_headers @ 0x79f018190] 262         point_y_scaling[8]                                   10011000 = 152
[trace_headers @ 0x79f018190] 270         point_y_value[9]                                     01110001 = 113
[trace_headers @ 0x79f018190] 278         point_y_scaling[9]                                   10010000 = 144
[trace_headers @ 0x79f018190] 286         point_y_value[10]                                    10000000 = 128
[trace_headers @ 0x79f018190] 294         point_y_scaling[10]                                  10110000 = 176
[trace_headers @ 0x79f018190] 302         point_y_value[11]                                    10001111 = 143
[trace_headers @ 0x79f018190] 310         point_y_scaling[11]                                  10101000 = 168
[trace_headers @ 0x79f018190] 318         point_y_value[12]                                    10011110 = 158
[trace_headers @ 0x79f018190] 326         point_y_scaling[12]                                  10110000 = 176
[trace_headers @ 0x79f018190] 334         point_y_value[13]                                    10110010 = 178
[trace_headers @ 0x79f018190] 342         point_y_scaling[13]                                  10111000 = 184
[trace_headers @ 0x79f018190] 350         chroma_scaling_from_luma                                    0 = 0
[trace_headers @ 0x79f018190] 351         num_cb_points                                            1000 = 8
[trace_headers @ 0x79f018190] 355         point_cb_value[0]                                    00010000 = 16
[trace_headers @ 0x79f018190] 363         point_cb_scaling[0]                                  00000000 = 0
[trace_headers @ 0x79f018190] 371         point_cb_value[1]                                    00010100 = 20
[trace_headers @ 0x79f018190] 379         point_cb_scaling[1]                                  01000000 = 64
[trace_headers @ 0x79f018190] 387         point_cb_value[2]                                    00011100 = 28
[trace_headers @ 0x79f018190] 395         point_cb_scaling[2]                                  01011000 = 88
[trace_headers @ 0x79f018190] 403         point_cb_value[3]                                    00111100 = 60
[trace_headers @ 0x79f018190] 411         point_cb_scaling[3]                                  01101000 = 104
[trace_headers @ 0x79f018190] 419         point_cb_value[4]                                    01011010 = 90
[trace_headers @ 0x79f018190] 427         point_cb_scaling[4]                                  10001000 = 136
[trace_headers @ 0x79f018190] 435         point_cb_value[5]                                    01101001 = 105
[trace_headers @ 0x79f018190] 443         point_cb_scaling[5]                                  10100000 = 160
[trace_headers @ 0x79f018190] 451         point_cb_value[6]                                    10000110 = 134
[trace_headers @ 0x79f018190] 459         point_cb_scaling[6]                                  10101000 = 168
[trace_headers @ 0x79f018190] 467         point_cb_value[7]                                    10101000 = 168
[trace_headers @ 0x79f018190] 475         point_cb_scaling[7]                                  11010000 = 208
[trace_headers @ 0x79f018190] 483         num_cr_points                                            1001 = 9
[trace_headers @ 0x79f018190] 487         point_cr_value[0]                                    00010000 = 16
[trace_headers @ 0x79f018190] 495         point_cr_scaling[0]                                  00000000 = 0
[trace_headers @ 0x79f018190] 503         point_cr_value[1]                                    00011100 = 28
[trace_headers @ 0x79f018190] 511         point_cr_scaling[1]                                  01100000 = 96
[trace_headers @ 0x79f018190] 519         point_cr_value[2]                                    00111000 = 56
[trace_headers @ 0x79f018190] 527         point_cr_scaling[2]                                  01010000 = 80
[trace_headers @ 0x79f018190] 535         point_cr_value[3]                                    01000010 = 66
[trace_headers @ 0x79f018190] 543         point_cr_scaling[3]                                  01100000 = 96
[trace_headers @ 0x79f018190] 551         point_cr_value[4]                                    01010000 = 80
[trace_headers @ 0x79f018190] 559         point_cr_scaling[4]                                  01101000 = 104
[trace_headers @ 0x79f018190] 567         point_cr_value[5]                                    01101100 = 108
[trace_headers @ 0x79f018190] 575         point_cr_scaling[5]                                  01100000 = 96
[trace_headers @ 0x79f018190] 583         point_cr_value[6]                                    01111010 = 122
[trace_headers @ 0x79f018190] 591         point_cr_scaling[6]                                  01110000 = 112
[trace_headers @ 0x79f018190] 599         point_cr_value[7]                                    10001001 = 137
[trace_headers @ 0x79f018190] 607         point_cr_scaling[7]                                  01110000 = 112
[trace_headers @ 0x79f018190] 615         point_cr_value[8]                                    10101001 = 169
[trace_headers @ 0x79f018190] 623         point_cr_scaling[8]                                  10110000 = 176
[trace_headers @ 0x79f018190] 631         grain_scaling_minus_8                                      11 = 3
[trace_headers @ 0x79f018190] 633         ar_coeff_lag                                               10 = 2
[trace_headers @ 0x79f018190] 635         ar_coeffs_y_plus_128[0]                              10000000 = 128
[trace_headers @ 0x79f018190] 643         ar_coeffs_y_plus_128[1]                              10000000 = 128
[trace_headers @ 0x79f018190] 651         ar_coeffs_y_plus_128[2]                              01000110 = 70
[trace_headers @ 0x79f018190] 659         ar_coeffs_y_plus_128[3]                              10000000 = 128
[trace_headers @ 0x79f018190] 667         ar_coeffs_y_plus_128[4]                              10000000 = 128
[trace_headers @ 0x79f018190] 675         ar_coeffs_y_plus_128[5]                              10000000 = 128
[trace_headers @ 0x79f018190] 683         ar_coeffs_y_plus_128[6]                              00110100 = 52
[trace_headers @ 0x79f018190] 691         ar_coeffs_y_plus_128[7]                              11100100 = 228
[trace_headers @ 0x79f018190] 699         ar_coeffs_y_plus_128[8]                              01010101 = 85
[trace_headers @ 0x79f018190] 707         ar_coeffs_y_plus_128[9]                              10000000 = 128
[trace_headers @ 0x79f018190] 715         ar_coeffs_y_plus_128[10]                             01001101 = 77
[trace_headers @ 0x79f018190] 723         ar_coeffs_y_plus_128[11]                             11010010 = 210
[trace_headers @ 0x79f018190] 731         ar_coeffs_cb_plus_128[0]                             10000000 = 128
[trace_headers @ 0x79f018190] 739         ar_coeffs_cb_plus_128[1]                             10000000 = 128
[trace_headers @ 0x79f018190] 747         ar_coeffs_cb_plus_128[2]                             01001111 = 79
[trace_headers @ 0x79f018190] 755         ar_coeffs_cb_plus_128[3]                             10000000 = 128
[trace_headers @ 0x79f018190] 763         ar_coeffs_cb_plus_128[4]                             10000000 = 128
[trace_headers @ 0x79f018190] 771         ar_coeffs_cb_plus_128[5]                             10000000 = 128
[trace_headers @ 0x79f018190] 779         ar_coeffs_cb_plus_128[6]                             01011100 = 92
[trace_headers @ 0x79f018190] 787         ar_coeffs_cb_plus_128[7]                             10010110 = 150
[trace_headers @ 0x79f018190] 795         ar_coeffs_cb_plus_128[8]                             01100010 = 98
[trace_headers @ 0x79f018190] 803         ar_coeffs_cb_plus_128[9]                             10000000 = 128
[trace_headers @ 0x79f018190] 811         ar_coeffs_cb_plus_128[10]                            01011010 = 90
[trace_headers @ 0x79f018190] 819         ar_coeffs_cb_plus_128[11]                            10000111 = 135
[trace_headers @ 0x79f018190] 827         ar_coeffs_cb_plus_128[12]                            10100111 = 167
[trace_headers @ 0x79f018190] 835         ar_coeffs_cr_plus_128[0]                             10000000 = 128
[trace_headers @ 0x79f018190] 843         ar_coeffs_cr_plus_128[1]                             10000000 = 128
[trace_headers @ 0x79f018190] 851         ar_coeffs_cr_plus_128[2]                             01010001 = 81
[trace_headers @ 0x79f018190] 859         ar_coeffs_cr_plus_128[3]                             10000000 = 128
[trace_headers @ 0x79f018190] 867         ar_coeffs_cr_plus_128[4]                             10000000 = 128
[trace_headers @ 0x79f018190] 875         ar_coeffs_cr_plus_128[5]                             10000000 = 128
[trace_headers @ 0x79f018190] 883         ar_coeffs_cr_plus_128[6]                             01100001 = 97
[trace_headers @ 0x79f018190] 891         ar_coeffs_cr_plus_128[7]                             10011111 = 159
[trace_headers @ 0x79f018190] 899         ar_coeffs_cr_plus_128[8]                             01100111 = 103
[trace_headers @ 0x79f018190] 907         ar_coeffs_cr_plus_128[9]                             10000000 = 128
[trace_headers @ 0x79f018190] 915         ar_coeffs_cr_plus_128[10]                            01100000 = 96
[trace_headers @ 0x79f018190] 923         ar_coeffs_cr_plus_128[11]                            10001101 = 141
[trace_headers @ 0x79f018190] 931         ar_coeffs_cr_plus_128[12]                            00011100 = 28
[trace_headers @ 0x79f018190] 939         ar_coeff_shift_minus_6                                     10 = 2
[trace_headers @ 0x79f018190] 941         grain_scale_shift                                          00 = 0
[trace_headers @ 0x79f018190] 943         cb_mult                                              11110111 = 247
[trace_headers @ 0x79f018190] 951         cb_luma_mult                                         11000000 = 192
[trace_headers @ 0x79f018190] 959         cb_offset                                           000010010 = 18
[trace_headers @ 0x79f018190] 968         cr_mult                                              11100101 = 229
[trace_headers @ 0x79f018190] 976         cr_luma_mult                                         11000000 = 192
[trace_headers @ 0x79f018190] 984         cr_offset                                           000110110 = 54
[trace_headers @ 0x79f018190] 993         overlap_flag                                                0 = 0
[trace_headers @ 0x79f018190] 994         clip_to_restricted_range                                    1 = 1
[trace_headers @ 0x79f018190] 995         zero_bit                                                    0 = 0
[trace_headers @ 0x79f018190] 996         zero_bit                                                    0 = 0
[trace_headers @ 0x79f018190] 997         zero_bit                                                    0 = 0
[trace_headers @ 0x79f018190] 998         zero_bit                                                    0 = 0
[trace_headers @ 0x79f018190] 999         zero_bit                                                    0 = 0
[trace_headers @ 0x79f018190] Tile Group
[trace_headers @ 0x79f018190] Packet: 565 bytes, pts 1, dts 1, duration 1.
[trace_headers @ 0x79f018190] OBU header
[trace_headers @ 0x79f018190] 0           obu_forbidden_bit                                           0 = 0
[trace_headers @ 0x79f018190] 1           obu_type                                                 0010 = 2
[trace_headers @ 0x79f018190] 5           obu_extension_flag                                          0 = 0
[trace_headers @ 0x79f018190] 6           obu_has_size_field                                          1 = 1
[trace_headers @ 0x79f018190] 7           obu_reserved_1bit                                           0 = 0
[trace_headers @ 0x79f018190] 8           obu_size                                             00000000 = 0
[trace_headers @ 0x79f018190] Temporal Delimiter
[trace_headers @ 0x79f018190] OBU header
[trace_headers @ 0x79f018190] 0           obu_forbidden_bit                                           0 = 0
[trace_headers @ 0x79f018190] 1           obu_type                                                 0110 = 6
[trace_headers @ 0x79f018190] 5           obu_extension_flag                                          0 = 0
[trace_headers @ 0x79f018190] 6           obu_has_size_field                                          1 = 1
[trace_headers @ 0x79f018190] 7           obu_reserved_1bit                                           0 = 0
[trace_headers @ 0x79f018190] 8           obu_size                                     1011000000000100 = 560
[trace_headers @ 0x79f018190] Frame Header
[trace_headers @ 0x79f018190] 24          show_existing_frame                                         0 = 0
[trace_headers @ 0x79f018190] 25          frame_type                                                 01 = 1
[trace_headers @ 0x79f018190] 27          show_frame                                                  1 = 1
[trace_headers @ 0x79f018190] 28          error_resilient_mode                                        0 = 0
[trace_headers @ 0x79f018190] 29          disable_cdf_update                                          0 = 0
[trace_headers @ 0x79f018190] 30          allow_screen_content_tools                                  1 = 1
[trace_headers @ 0x79f018190] 31          force_integer_mv                                            0 = 0
[trace_headers @ 0x79f018190] 32          frame_size_override_flag                                    0 = 0
[trace_headers @ 0x79f018190] 33          primary_ref_frame                                         111 = 7
[trace_headers @ 0x79f018190] 36          refresh_frame_flags                                  00000010 = 2
[trace_headers @ 0x79f018190] 44          ref_frame_idx[0]                                          000 = 0
[trace_headers @ 0x79f018190] 47          ref_frame_idx[1]                                          000 = 0
[trace_headers @ 0x79f018190] 50          ref_frame_idx[2]                                          000 = 0
[trace_headers @ 0x79f018190] 53          ref_frame_idx[3]                                          000 = 0
[trace_headers @ 0x79f018190] 56          ref_frame_idx[4]                                          000 = 0
[trace_headers @ 0x79f018190] 59          ref_frame_idx[5]                                          000 = 0
[trace_headers @ 0x79f018190] 62          ref_frame_idx[6]                                          000 = 0
[trace_headers @ 0x79f018190] 65          render_and_frame_size_different                             0 = 0
[trace_headers @ 0x79f018190] 66          allow_high_precision_mv                                     1 = 1
[trace_headers @ 0x79f018190] 67          is_filter_switchable                                        0 = 0
[trace_headers @ 0x79f018190] 68          interpolation_filter                                       00 = 0
[trace_headers @ 0x79f018190] 70          is_motion_mode_switchable                                   1 = 1
[trace_headers @ 0x79f018190] 71          disable_frame_end_update_cdf                                0 = 0
[trace_headers @ 0x79f018190] 72          uniform_tile_spacing_flag                                   1 = 1
[trace_headers @ 0x79f018190] 73          tile_cols_log2                                              0 = 0
[trace_headers @ 0x79f018190] 74          tile_rows_log2                                              0 = 0
[trace_headers @ 0x79f018190] 75          base_q_idx                                           01100000 = 96
[trace_headers @ 0x79f018190] 83          delta_q_y_dc.delta_coded                                    0 = 0
[trace_headers @ 0x79f018190] 84          delta_q_u_dc.delta_coded                                    0 = 0
[trace_headers @ 0x79f018190] 85          delta_q_u_ac.delta_coded                                    0 = 0
[trace_headers @ 0x79f018190] 86          using_qmatrix                                               0 = 0
[trace_headers @ 0x79f018190] 87          segmentation_enabled                                        0 = 0
[trace_headers @ 0x79f018190] 88          delta_q_present                                             0 = 0
[trace_headers @ 0x79f018190] 89          loop_filter_level[0]                                   000000 = 0
[trace_headers @ 0x79f018190] 95          loop_filter_level[1]                                   000000 = 0
[trace_headers @ 0x79f018190] 101         loop_filter_sharpness                                     000 = 0
[trace_headers @ 0x79f018190] 104         loop_filter_delta_enabled                                   1 = 1
[trace_headers @ 0x79f018190] 105         loop_filter_delta_update                                    0 = 0
[trace_headers @ 0x79f018190] 106         cdef_damping_minus_3                                       01 = 1
[trace_headers @ 0x79f018190] 108         cdef_bits                                                  00 = 0
[trace_headers @ 0x79f018190] 110         cdef_y_pri_strength[0]                                   0000 = 0
[trace_headers @ 0x79f018190] 114         cdef_y_sec_strength[0]                                     10 = 2
[trace_headers @ 0x79f018190] 116         cdef_uv_pri_strength[0]                                  1011 = 11
[trace_headers @ 0x79f018190] 120         cdef_uv_sec_strength[0]                                    10 = 2
[trace_headers @ 0x79f018190] 122         lr_type[0]                                                 00 = 0
[trace_headers @ 0x79f018190] 124         lr_type[1]                                                 00 = 0
[trace_headers @ 0x79f018190] 126         lr_type[2]                                                 00 = 0
[trace_headers @ 0x79f018190] 128         tx_mode                                                     1 = 2
[trace_headers @ 0x79f018190] 129         reference_select                                            0 = 0
[trace_headers @ 0x79f018190] 130         allow_warped_motion                                         1 = 1
[trace_headers @ 0x79f018190] 131         reduced_tx_set                                              0 = 0
[trace_headers @ 0x79f018190] 132         is_global[1]                                                0 = 0
[trace_headers @ 0x79f018190] 133         is_global[2]                                                0 = 0
[trace_headers @ 0x79f018190] 134         is_global[3]                                                0 = 0
[trace_headers @ 0x79f018190] 135         is_global[4]                                                0 = 0
[trace_headers @ 0x79f018190] 136         is_global[5]                                                0 = 0
[trace_headers @ 0x79f018190] 137         is_global[6]                                                0 = 0
[trace_headers @ 0x79f018190] 138         is_global[7]                                                0 = 0
[trace_headers @ 0x79f018190] 139         apply_grain                                                 1 = 1
[trace_headers @ 0x79f018190] 140         grain_seed                                   1011110111100100 = 48612
[trace_headers @ 0x79f018190] 156         update_grain                                                1 = 1
[trace_headers @ 0x79f018190] 157         num_y_points                                             1110 = 14
[trace_headers @ 0x79f018190] 161         point_y_value[0]                                     00010000 = 16
[trace_headers @ 0x79f018190] 169         point_y_scaling[0]                                   00000000 = 0
[trace_headers @ 0x79f018190] 177         point_y_value[1]                                     00011001 = 25
[trace_headers @ 0x79f018190] 185         point_y_scaling[1]                                   10001000 = 136
[trace_headers @ 0x79f018190] 193         point_y_value[2]                                     00100001 = 33
[trace_headers @ 0x79f018190] 201         point_y_scaling[2]                                   10010000 = 144
[trace_headers @ 0x79f018190] 209         point_y_value[3]                                     00101001 = 41
[trace_headers @ 0x79f018190] 217         point_y_scaling[3]                                   10100000 = 160
[trace_headers @ 0x79f018190] 225         point_y_value[4]                                     00110000 = 48
[trace_headers @ 0x79f018190] 233         point_y_scaling[4]                                   10101000 = 168
[trace_headers @ 0x79f018190] 241         point_y_value[5]                                     00111000 = 56
[trace_headers @ 0x79f018190] 249         point_y_scaling[5]                                   10001000 = 136
[trace_headers @ 0x79f018190] 257         point_y_value[6]                                     01000011 = 67
[trace_headers @ 0x79f018190] 265         point_y_scaling[6]                                   10000000 = 128
[trace_headers @ 0x79f018190] 273         point_y_value[7]                                     01010010 = 82
[trace_headers @ 0x79f018190] 281         point_y_scaling[7]                                   10010000 = 144
[trace_headers @ 0x79f018190] 289         point_y_value[8]                                     01100001 = 97
[trace_headers @ 0x79f018190] 297         point_y_scaling[8]                                   10011000 = 152
[trace_headers @ 0x79f018190] 305         point_y_value[9]                                     01110001 = 113
[trace_headers @ 0x79f018190] 313         point_y_scaling[9]                                   10010000 = 144
[trace_headers @ 0x79f018190] 321         point_y_value[10]                                    10000000 = 128
[trace_headers @ 0x79f018190] 329         point_y_scaling[10]                                  10110000 = 176
[trace_headers @ 0x79f018190] 337         point_y_value[11]                                    10001111 = 143
[trace_headers @ 0x79f018190] 345         point_y_scaling[11]                                  10101000 = 168
[trace_headers @ 0x79f018190] 353         point_y_value[12]                                    10011110 = 158
[trace_headers @ 0x79f018190] 361         point_y_scaling[12]                                  10110000 = 176
[trace_headers @ 0x79f018190] 369         point_y_value[13]                                    10110010 = 178
[trace_headers @ 0x79f018190] 377         point_y_scaling[13]                                  10111000 = 184
[trace_headers @ 0x79f018190] 385         chroma_scaling_from_luma                                    0 = 0
[trace_headers @ 0x79f018190] 386         num_cb_points                                            1000 = 8
[trace_headers @ 0x79f018190] 390         point_cb_value[0]                                    00010000 = 16
[trace_headers @ 0x79f018190] 398         point_cb_scaling[0]                                  00000000 = 0
[trace_headers @ 0x79f018190] 406         point_cb_value[1]                                    00010100 = 20
[trace_headers @ 0x79f018190] 414         point_cb_scaling[1]                                  01000000 = 64
[trace_headers @ 0x79f018190] 422         point_cb_value[2]                                    00011100 = 28
[trace_headers @ 0x79f018190] 430         point_cb_scaling[2]                                  01011000 = 88
[trace_headers @ 0x79f018190] 438         point_cb_value[3]                                    00111100 = 60
[trace_headers @ 0x79f018190] 446         point_cb_scaling[3]                                  01101000 = 104
[trace_headers @ 0x79f018190] 454         point_cb_value[4]                                    01011010 = 90
[trace_headers @ 0x79f018190] 462         point_cb_scaling[4]                                  10001000 = 136
[trace_headers @ 0x79f018190] 470         point_cb_value[5]                                    01101001 = 105
[trace_headers @ 0x79f018190] 478         point_cb_scaling[5]                                  10100000 = 160
[trace_headers @ 0x79f018190] 486         point_cb_value[6]                                    10000110 = 134
[trace_headers @ 0x79f018190] 494         point_cb_scaling[6]                                  10101000 = 168
[trace_headers @ 0x79f018190] 502         point_cb_value[7]                                    10101000 = 168
[trace_headers @ 0x79f018190] 510         point_cb_scaling[7]                                  11010000 = 208
[trace_headers @ 0x79f018190] 518         num_cr_points                                            1001 = 9
[trace_headers @ 0x79f018190] 522         point_cr_value[0]                                    00010000 = 16
[trace_headers @ 0x79f018190] 530         point_cr_scaling[0]                                  00000000 = 0
[trace_headers @ 0x79f018190] 538         point_cr_value[1]                                    00011100 = 28
[trace_headers @ 0x79f018190] 546         point_cr_scaling[1]                                  01100000 = 96
[trace_headers @ 0x79f018190] 554         point_cr_value[2]                                    00111000 = 56
[trace_headers @ 0x79f018190] 562         point_cr_scaling[2]                                  01010000 = 80
[trace_headers @ 0x79f018190] 570         point_cr_value[3]                                    01000010 = 66
[trace_headers @ 0x79f018190] 578         point_cr_scaling[3]                                  01100000 = 96
[trace_headers @ 0x79f018190] 586         point_cr_value[4]                                    01010000 = 80
[trace_headers @ 0x79f018190] 594         point_cr_scaling[4]                                  01101000 = 104
[trace_headers @ 0x79f018190] 602         point_cr_value[5]                                    01101100 = 108
[trace_headers @ 0x79f018190] 610         point_cr_scaling[5]                                  01100000 = 96
[trace_headers @ 0x79f018190] 618         point_cr_value[6]                                    01111010 = 122
[trace_headers @ 0x79f018190] 626         point_cr_scaling[6]                                  01110000 = 112
[trace_headers @ 0x79f018190] 634         point_cr_value[7]                                    10001001 = 137
[trace_headers @ 0x79f018190] 642         point_cr_scaling[7]                                  01110000 = 112
[trace_headers @ 0x79f018190] 650         point_cr_value[8]                                    10101001 = 169
[trace_headers @ 0x79f018190] 658         point_cr_scaling[8]                                  10110000 = 176
[trace_headers @ 0x79f018190] 666         grain_scaling_minus_8                                      11 = 3
[trace_headers @ 0x79f018190] 668         ar_coeff_lag                                               10 = 2
[trace_headers @ 0x79f018190] 670         ar_coeffs_y_plus_128[0]                              10000000 = 128
[trace_headers @ 0x79f018190] 678         ar_coeffs_y_plus_128[1]                              10000000 = 128
[trace_headers @ 0x79f018190] 686         ar_coeffs_y_plus_128[2]                              01000110 = 70
[trace_headers @ 0x79f018190] 694         ar_coeffs_y_plus_128[3]                              10000000 = 128
[trace_headers @ 0x79f018190] 702         ar_coeffs_y_plus_128[4]                              10000000 = 128
[trace_headers @ 0x79f018190] 710         ar_coeffs_y_plus_128[5]                              10000000 = 128
[trace_headers @ 0x79f018190] 718         ar_coeffs_y_plus_128[6]                              00110100 = 52
[trace_headers @ 0x79f018190] 726         ar_coeffs_y_plus_128[7]                              11100100 = 228
[trace_headers @ 0x79f018190] 734         ar_coeffs_y_plus_128[8]                              01010101 = 85
[trace_headers @ 0x79f018190] 742         ar_coeffs_y_plus_128[9]                              10000000 = 128
[trace_headers @ 0x79f018190] 750         ar_coeffs_y_plus_128[10]                             01001101 = 77
[trace_headers @ 0x79f018190] 758         ar_coeffs_y_plus_128[11]                             11010010 = 210
[trace_headers @ 0x79f018190] 766         ar_coeffs_cb_plus_128[0]                             10000000 = 128
[trace_headers @ 0x79f018190] 774         ar_coeffs_cb_plus_128[1]                             10000000 = 128
[trace_headers @ 0x79f018190] 782         ar_coeffs_cb_plus_128[2]                             01001111 = 79
[trace_headers @ 0x79f018190] 790         ar_coeffs_cb_plus_128[3]                             10000000 = 128
[trace_headers @ 0x79f018190] 798         ar_coeffs_cb_plus_128[4]                             10000000 = 128
[trace_headers @ 0x79f018190] 806         ar_coeffs_cb_plus_128[5]                             10000000 = 128
[trace_headers @ 0x79f018190] 814         ar_coeffs_cb_plus_128[6]                             01011100 = 92
[trace_headers @ 0x79f018190] 822         ar_coeffs_cb_plus_128[7]                             10010110 = 150
[trace_headers @ 0x79f018190] 830         ar_coeffs_cb_plus_128[8]                             01100010 = 98
[trace_headers @ 0x79f018190] 838         ar_coeffs_cb_plus_128[9]                             10000000 = 128
[trace_headers @ 0x79f018190] 846         ar_coeffs_cb_plus_128[10]                            01011010 = 90
[trace_headers @ 0x79f018190] 854         ar_coeffs_cb_plus_128[11]                            10000111 = 135
[trace_headers @ 0x79f018190] 862         ar_coeffs_cb_plus_128[12]                            10100111 = 167
[trace_headers @ 0x79f018190] 870         ar_coeffs_cr_plus_128[0]                             10000000 = 128
[trace_headers @ 0x79f018190] 878         ar_coeffs_cr_plus_128[1]                             10000000 = 128
[trace_headers @ 0x79f018190] 886         ar_coeffs_cr_plus_128[2]                             01010001 = 81
[trace_headers @ 0x79f018190] 894         ar_coeffs_cr_plus_128[3]                             10000000 = 128
[trace_headers @ 0x79f018190] 902         ar_coeffs_cr_plus_128[4]                             10000000 = 128
[trace_headers @ 0x79f018190] 910         ar_coeffs_cr_plus_128[5]                             10000000 = 128
[trace_headers @ 0x79f018190] 918         ar_coeffs_cr_plus_128[6]                             01100001 = 97
[trace_headers @ 0x79f018190] 926         ar_coeffs_cr_plus_128[7]                             10011111 = 159
[trace_headers @ 0x79f018190] 934         ar_coeffs_cr_plus_128[8]                             01100111 = 103
[trace_headers @ 0x79f018190] 942         ar_coeffs_cr_plus_128[9]                             10000000 = 128
[trace_headers @ 0x79f018190] 950         ar_coeffs_cr_plus_128[10]                            01100000 = 96
[trace_headers @ 0x79f018190] 958         ar_coeffs_cr_plus_128[11]                            10001101 = 141
[trace_headers @ 0x79f018190] 966         ar_coeffs_cr_plus_128[12]                            00011100 = 28
[trace_headers @ 0x79f018190] 974         ar_coeff_shift_minus_6                                     10 = 2
[trace_headers @ 0x79f018190] 976         grain_scale_shift                                          00 = 0
[trace_headers @ 0x79f018190] 978         cb_mult                                              11110111 = 247
[trace_headers @ 0x79f018190] 986         cb_luma_mult                                         11000000 = 192
[trace_headers @ 0x79f018190] 994         cb_offset                                           000010010 = 18
[trace_headers @ 0x79f018190] 1003        cr_mult                                              11100101 = 229
[trace_headers @ 0x79f018190] 1011        cr_luma_mult                                         11000000 = 192
[trace_headers @ 0x79f018190] 1019        cr_offset                                           000110110 = 54
[trace_headers @ 0x79f018190] 1028        overlap_flag                                                0 = 0
[trace_headers @ 0x79f018190] 1029        clip_to_restricted_range                                    1 = 1
[trace_headers @ 0x79f018190] 1030        zero_bit                                                    0 = 0
[trace_headers @ 0x79f018190] 1031        zero_bit                                                    0 = 0
[trace_headers @ 0x79f018190] Tile Group
[trace_headers @ 0x79f018190] Packet: 606 bytes, pts 2, dts 2, duration 1.
[trace_headers @ 0x79f018190] OBU header
[trace_headers @ 0x79f018190] 0           obu_forbidden_bit                                           0 = 0
[trace_headers @ 0x79f018190] 1           obu_type                                                 0010 = 2
[trace_headers @ 0x79f018190] 5           obu_extension_flag                                          0 = 0
[trace_headers @ 0x79f018190] 6           obu_has_size_field                                          1 = 1
[trace_headers @ 0x79f018190] 7           obu_reserved_1bit                                           0 = 0
[trace_headers @ 0x79f018190] 8           obu_size                                             00000000 = 0
[trace_headers @ 0x79f018190] Temporal Delimiter
[trace_headers @ 0x79f018190] OBU header
[trace_headers @ 0x79f018190] 0           obu_forbidden_bit                                           0 = 0
[trace_headers @ 0x79f018190] 1           obu_type                                                 0110 = 6
[trace_headers @ 0x79f018190] 5           obu_extension_flag                                          0 = 0
[trace_headers @ 0x79f018190] 6           obu_has_size_field                                          1 = 1
[trace_headers @ 0x79f018190] 7           obu_reserved_1bit                                           0 = 0
[trace_headers @ 0x79f018190] 8           obu_size                                     1101100100000100 = 601
[trace_headers @ 0x79f018190] Frame Header
[trace_headers @ 0x79f018190] 24          show_existing_frame                                         0 = 0
[trace_headers @ 0x79f018190] 25          frame_type                                                 01 = 1
[trace_headers @ 0x79f018190] 27          show_frame                                                  1 = 1
[trace_headers @ 0x79f018190] 28          error_resilient_mode                                        0 = 0
[trace_headers @ 0x79f018190] 29          disable_cdf_update                                          0 = 0
[trace_headers @ 0x79f018190] 30          allow_screen_content_tools                                  1 = 1
[trace_headers @ 0x79f018190] 31          force_integer_mv                                            0 = 0
[trace_headers @ 0x79f018190] 32          frame_size_override_flag                                    0 = 0
[trace_headers @ 0x79f018190] 33          primary_ref_frame                                         000 = 0
[trace_headers @ 0x79f018190] 36          refresh_frame_flags                                  00000100 = 4
[trace_headers @ 0x79f018190] 44          ref_frame_idx[0]                                          001 = 1
[trace_headers @ 0x79f018190] 47          ref_frame_idx[1]                                          000 = 0
[trace_headers @ 0x79f018190] 50          ref_frame_idx[2]                                          000 = 0
[trace_headers @ 0x79f018190] 53          ref_frame_idx[3]                                          000 = 0
[trace_headers @ 0x79f018190] 56          ref_frame_idx[4]                                          000 = 0
[trace_headers @ 0x79f018190] 59          ref_frame_idx[5]                                          000 = 0
[trace_headers @ 0x79f018190] 62          ref_frame_idx[6]                                          000 = 0
[trace_headers @ 0x79f018190] 65          render_and_frame_size_different                             0 = 0
[trace_headers @ 0x79f018190] 66          allow_high_precision_mv                                     1 = 1
[trace_headers @ 0x79f018190] 67          is_filter_switchable                                        0 = 0
[trace_headers @ 0x79f018190] 68          interpolation_filter                                       00 = 0
[trace_headers @ 0x79f018190] 70          is_motion_mode_switchable                                   1 = 1
[trace_headers @ 0x79f018190] 71          disable_frame_end_update_cdf                                0 = 0
[trace_headers @ 0x79f018190] 72          uniform_tile_spacing_flag                                   1 = 1
[trace_headers @ 0x79f018190] 73          tile_cols_log2                                              0 = 0
[trace_headers @ 0x79f018190] 74          tile_rows_log2                                              0 = 0
[trace_headers @ 0x79f018190] 75          base_q_idx                                           01100000 = 96
[trace_headers @ 0x79f018190] 83          delta_q_y_dc.delta_coded                                    0 = 0
[trace_headers @ 0x79f018190] 84          delta_q_u_dc.delta_coded                                    0 = 0
[trace_headers @ 0x79f018190] 85          delta_q_u_ac.delta_coded                                    0 = 0
[trace_headers @ 0x79f018190] 86          using_qmatrix                                               0 = 0
[trace_headers @ 0x79f018190] 87          segmentation_enabled                                        0 = 0
[trace_headers @ 0x79f018190] 88          delta_q_present                                             0 = 0
[trace_headers @ 0x79f018190] 89          loop_filter_level[0]                                   000100 = 4
[trace_headers @ 0x79f018190] 95          loop_filter_level[1]                                   000100 = 4
[trace_headers @ 0x79f018190] 101         loop_filter_level[2]                                   001000 = 8
[trace_headers @ 0x79f018190] 107         loop_filter_level[3]                                   001001 = 9
[trace_headers @ 0x79f018190] 113         loop_filter_sharpness                                     000 = 0
[trace_headers @ 0x79f018190] 116         loop_filter_delta_enabled                                   1 = 1
[trace_headers @ 0x79f018190] 117         loop_filter_delta_update                                    0 = 0
[trace_headers @ 0x79f018190] 118         cdef_damping_minus_3                                       01 = 1
[trace_headers @ 0x79f018190] 120         cdef_bits                                                  01 = 1
[trace_headers @ 0x79f018190] 122         cdef_y_pri_strength[0]                                   0000 = 0
[trace_headers @ 0x79f018190] 126         cdef_y_sec_strength[0]                                     10 = 2
[trace_headers @ 0x79f018190] 128         cdef_uv_pri_strength[0]                                  1011 = 11
[trace_headers @ 0x79f018190] 132         cdef_uv_sec_strength[0]                                    10 = 2
[trace_headers @ 0x79f018190] 134         cdef_y_pri_strength[1]                                   1011 = 11
[trace_headers @ 0x79f018190] 138         cdef_y_sec_strength[1]                                     10 = 2
[trace_headers @ 0x79f018190] 140         cdef_uv_pri_strength[1]                                  1011 = 11
[trace_headers @ 0x79f018190] 144         cdef_uv_sec_strength[1]                                    10 = 2
[trace_headers @ 0x79f018190] 146         lr_type[0]                                                 00 = 0
[trace_headers @ 0x79f018190] 148         lr_type[1]                                                 00 = 0
[trace_headers @ 0x79f018190] 150         lr_type[2]                                                 00 = 0
[trace_headers @ 0x79f018190] 152         tx_mode                                                     1 = 2
[trace_headers @ 0x79f018190] 153         reference_select                                            0 = 0
[trace_headers @ 0x79f018190] 154         allow_warped_motion                                         1 = 1
[trace_headers @ 0x79f018190] 155         reduced_tx_set                                              0 = 0
[trace_headers @ 0x79f018190] 156         is_global[1]                                                0 = 0
[trace_headers @ 0x79f018190] 157         is_global[2]                                                0 = 0
[trace_headers @ 0x79f018190] 158         is_global[3]                                                0 = 0
[trace_headers @ 0x79f018190] 159         is_global[4]                                                0 = 0
[trace_headers @ 0x79f018190] 160         is_global[5]                                                0 = 0
[trace_headers @ 0x79f018190] 161         is_global[6]                                                0 = 0
[trace_headers @ 0x79f018190] 162         is_global[7]                                                0 = 0
[trace_headers @ 0x79f018190] 163         apply_grain                                                 1 = 1
[trace_headers @ 0x79f018190] 164         grain_seed                                   1100101100011001 = 51993
[trace_headers @ 0x79f018190] 180         update_grain                                                1 = 1
[trace_headers @ 0x79f018190] 181         num_y_points                                             1110 = 14
[trace_headers @ 0x79f018190] 185         point_y_value[0]                                     00010000 = 16
[trace_headers @ 0x79f018190] 193         point_y_scaling[0]                                   00000000 = 0
[trace_headers @ 0x79f018190] 201         point_y_value[1]                                     00011001 = 25
[trace_headers @ 0x79f018190] 209         point_y_scaling[1]                                   10001000 = 136
[trace_headers @ 0x79f018190] 217         point_y_value[2]                                     00100001 = 33
[trace_headers @ 0x79f018190] 225         point_y_scaling[2]                                   10010000 = 144
[trace_headers @ 0x79f018190] 233         point_y_value[3]                                     00101001 = 41
[trace_headers @ 0x79f018190] 241         point_y_scaling[3]                                   10100000 = 160
[trace_headers @ 0x79f018190] 249         point_y_value[4]                                     00110000 = 48
[trace_headers @ 0x79f018190] 257         point_y_scaling[4]                                   10101000 = 168
[trace_headers @ 0x79f018190] 265         point_y_value[5]                                     00111000 = 56
[trace_headers @ 0x79f018190] 273         point_y_scaling[5]                                   10001000 = 136
[trace_headers @ 0x79f018190] 281         point_y_value[6]                                     01000011 = 67
[trace_headers @ 0x79f018190] 289         point_y_scaling[6]                                   10000000 = 128
[trace_headers @ 0x79f018190] 297         point_y_value[7]                                     01010010 = 82
[trace_headers @ 0x79f018190] 305         point_y_scaling[7]                                   10010000 = 144
[trace_headers @ 0x79f018190] 313         point_y_value[8]                                     01100001 = 97
[trace_headers @ 0x79f018190] 321         point_y_scaling[8]                                   10011000 = 152
[trace_headers @ 0x79f018190] 329         point_y_value[9]                                     01110001 = 113
[trace_headers @ 0x79f018190] 337         point_y_scaling[9]                                   10010000 = 144
[trace_headers @ 0x79f018190] 345         point_y_value[10]                                    10000000 = 128
[trace_headers @ 0x79f018190] 353         point_y_scaling[10]                                  10110000 = 176
[trace_headers @ 0x79f018190] 361         point_y_value[11]                                    10001111 = 143
[trace_headers @ 0x79f018190] 369         point_y_scaling[11]                                  10101000 = 168
[trace_headers @ 0x79f018190] 377         point_y_value[12]                                    10011110 = 158
[trace_headers @ 0x79f018190] 385         point_y_scaling[12]                                  10110000 = 176
[trace_headers @ 0x79f018190] 393         point_y_value[13]                                    10110010 = 178
[trace_headers @ 0x79f018190] 401         point_y_scaling[13]                                  10111000 = 184
[trace_headers @ 0x79f018190] 409         chroma_scaling_from_luma                                    0 = 0
[trace_headers @ 0x79f018190] 410         num_cb_points                                            1000 = 8
[trace_headers @ 0x79f018190] 414         point_cb_value[0]                                    00010000 = 16
[trace_headers @ 0x79f018190] 422         point_cb_scaling[0]                                  00000000 = 0
[trace_headers @ 0x79f018190] 430         point_cb_value[1]                                    00010100 = 20
[trace_headers @ 0x79f018190] 438         point_cb_scaling[1]                                  01000000 = 64
[trace_headers @ 0x79f018190] 446         point_cb_value[2]                                    00011100 = 28
[trace_headers @ 0x79f018190] 454         point_cb_scaling[2]                                  01011000 = 88
[trace_headers @ 0x79f018190] 462         point_cb_value[3]                                    00111100 = 60
[trace_headers @ 0x79f018190] 470         point_cb_scaling[3]                                  01101000 = 104
[trace_headers @ 0x79f018190] 478         point_cb_value[4]                                    01011010 = 90
[trace_headers @ 0x79f018190] 486         point_cb_scaling[4]                                  10001000 = 136
[trace_headers @ 0x79f018190] 494         point_cb_value[5]                                    01101001 = 105
[trace_headers @ 0x79f018190] 502         point_cb_scaling[5]                                  10100000 = 160
[trace_headers @ 0x79f018190] 510         point_cb_value[6]                                    10000110 = 134
[trace_headers @ 0x79f018190] 518         point_cb_scaling[6]                                  10101000 = 168
[trace_headers @ 0x79f018190] 526         point_cb_value[7]                                    10101000 = 168
[trace_headers @ 0x79f018190] 534         point_cb_scaling[7]                                  11010000 = 208
[trace_headers @ 0x79f018190] 542         num_cr_points                                            1001 = 9
[trace_headers @ 0x79f018190] 546         point_cr_value[0]                                    00010000 = 16
[trace_headers @ 0x79f018190] 554         point_cr_scaling[0]                                  00000000 = 0
[trace_headers @ 0x79f018190] 562         point_cr_value[1]                                    00011100 = 28
[trace_headers @ 0x79f018190] 570         point_cr_scaling[1]                                  01100000 = 96
[trace_headers @ 0x79f018190] 578         point_cr_value[2]                                    00111000 = 56
[trace_headers @ 0x79f018190] 586         point_cr_scaling[2]                                  01010000 = 80
[trace_headers @ 0x79f018190] 594         point_cr_value[3]                                    01000010 = 66
[trace_headers @ 0x79f018190] 602         point_cr_scaling[3]                                  01100000 = 96
[trace_headers @ 0x79f018190] 610         point_cr_value[4]                                    01010000 = 80
[trace_headers @ 0x79f018190] 618         point_cr_scaling[4]                                  01101000 = 104
[trace_headers @ 0x79f018190] 626         point_cr_value[5]                                    01101100 = 108
[trace_headers @ 0x79f018190] 634         point_cr_scaling[5]                                  01100000 = 96
[trace_headers @ 0x79f018190] 642         point_cr_value[6]                                    01111010 = 122
[trace_headers @ 0x79f018190] 650         point_cr_scaling[6]                                  01110000 = 112
[trace_headers @ 0x79f018190] 658         point_cr_value[7]                                    10001001 = 137
[trace_headers @ 0x79f018190] 666         point_cr_scaling[7]                                  01110000 = 112
[trace_headers @ 0x79f018190] 674         point_cr_value[8]                                    10101001 = 169
[trace_headers @ 0x79f018190] 682         point_cr_scaling[8]                                  10110000 = 176
[trace_headers @ 0x79f018190] 690         grain_scaling_minus_8                                      11 = 3
[trace_headers @ 0x79f018190] 692         ar_coeff_lag                                               10 = 2
[trace_headers @ 0x79f018190] 694         ar_coeffs_y_plus_128[0]                              10000000 = 128
[trace_headers @ 0x79f018190] 702         ar_coeffs_y_plus_128[1]                              10000000 = 128
[trace_headers @ 0x79f018190] 710         ar_coeffs_y_plus_128[2]                              01000110 = 70
[trace_headers @ 0x79f018190] 718         ar_coeffs_y_plus_128[3]                              10000000 = 128
[trace_headers @ 0x79f018190] 726         ar_coeffs_y_plus_128[4]                              10000000 = 128
[trace_headers @ 0x79f018190] 734         ar_coeffs_y_plus_128[5]                              10000000 = 128
[trace_headers @ 0x79f018190] 742         ar_coeffs_y_plus_128[6]                              00110100 = 52
[trace_headers @ 0x79f018190] 750         ar_coeffs_y_plus_128[7]                              11100100 = 228
[trace_headers @ 0x79f018190] 758         ar_coeffs_y_plus_128[8]                              01010101 = 85
[trace_headers @ 0x79f018190] 766         ar_coeffs_y_plus_128[9]                              10000000 = 128
[trace_headers @ 0x79f018190] 774         ar_coeffs_y_plus_128[10]                             01001101 = 77
[trace_headers @ 0x79f018190] 782         ar_coeffs_y_plus_128[11]                             11010010 = 210
[trace_headers @ 0x79f018190] 790         ar_coeffs_cb_plus_128[0]                             10000000 = 128
[trace_headers @ 0x79f018190] 798         ar_coeffs_cb_plus_128[1]                             10000000 = 128
[trace_headers @ 0x79f018190] 806         ar_coeffs_cb_plus_128[2]                             01001111 = 79
[trace_headers @ 0x79f018190] 814         ar_coeffs_cb_plus_128[3]                             10000000 = 128
[trace_headers @ 0x79f018190] 822         ar_coeffs_cb_plus_128[4]                             10000000 = 128
[trace_headers @ 0x79f018190] 830         ar_coeffs_cb_plus_128[5]                             10000000 = 128
[trace_headers @ 0x79f018190] 838         ar_coeffs_cb_plus_128[6]                             01011100 = 92
[trace_headers @ 0x79f018190] 846         ar_coeffs_cb_plus_128[7]                             10010110 = 150
[trace_headers @ 0x79f018190] 854         ar_coeffs_cb_plus_128[8]                             01100010 = 98
[trace_headers @ 0x79f018190] 862         ar_coeffs_cb_plus_128[9]                             10000000 = 128
[trace_headers @ 0x79f018190] 870         ar_coeffs_cb_plus_128[10]                            01011010 = 90
[trace_headers @ 0x79f018190] 878         ar_coeffs_cb_plus_128[11]                            10000111 = 135
[trace_headers @ 0x79f018190] 886         ar_coeffs_cb_plus_128[12]                            10100111 = 167
[trace_headers @ 0x79f018190] 894         ar_coeffs_cr_plus_128[0]                             10000000 = 128
[trace_headers @ 0x79f018190] 902         ar_coeffs_cr_plus_128[1]                             10000000 = 128
[trace_headers @ 0x79f018190] 910         ar_coeffs_cr_plus_128[2]                             01010001 = 81
[trace_headers @ 0x79f018190] 918         ar_coeffs_cr_plus_128[3]                             10000000 = 128
[trace_headers @ 0x79f018190] 926         ar_coeffs_cr_plus_128[4]                             10000000 = 128
[trace_headers @ 0x79f018190] 934         ar_coeffs_cr_plus_128[5]                             10000000 = 128
[trace_headers @ 0x79f018190] 942         ar_coeffs_cr_plus_128[6]                             01100001 = 97
[trace_headers @ 0x79f018190] 950         ar_coeffs_cr_plus_128[7]                             10011111 = 159
[trace_headers @ 0x79f018190] 958         ar_coeffs_cr_plus_128[8]                             01100111 = 103
[trace_headers @ 0x79f018190] 966         ar_coeffs_cr_plus_128[9]                             10000000 = 128
[trace_headers @ 0x79f018190] 974         ar_coeffs_cr_plus_128[10]                            01100000 = 96
[trace_headers @ 0x79f018190] 982         ar_coeffs_cr_plus_128[11]                            10001101 = 141
[trace_headers @ 0x79f018190] 990         ar_coeffs_cr_plus_128[12]                            00011100 = 28
[trace_headers @ 0x79f018190] 998         ar_coeff_shift_minus_6                                     10 = 2
[trace_headers @ 0x79f018190] 1000        grain_scale_shift                                          00 = 0
[trace_headers @ 0x79f018190] 1002        cb_mult                                              11110111 = 247
[trace_headers @ 0x79f018190] 1010        cb_luma_mult                                         11000000 = 192
[trace_headers @ 0x79f018190] 1018        cb_offset                                           000010010 = 18
[trace_headers @ 0x79f018190] 1027        cr_mult                                              11100101 = 229
[trace_headers @ 0x79f018190] 1035        cr_luma_mult                                         11000000 = 192
[trace_headers @ 0x79f018190] 1043        cr_offset                                           000110110 = 54
[trace_headers @ 0x79f018190] 1052        overlap_flag                                                0 = 0
[trace_headers @ 0x79f018190] 1053        clip_to_restricted_range                                    1 = 1
[trace_headers @ 0x79f018190] 1054        zero_bit                                                    0 = 0
[trace_headers @ 0x79f018190] 1055        zero_bit                                                    0 = 0
[trace_headers @ 0x79f018190] Tile Group
[out#0/null @ 0x79f044300] All streams finished
[out#0/null @ 0x79f044300] Terminating thread with return code 0 (success)
[out#0/null @ 0x79f044300] Output file #0 (pipe:):
[out#0/null @ 0x79f044300]   Output stream #0:0 (video): 3 packets muxed (3237 bytes); 
[out#0/null @ 0x79f044300]   Total: 3 packets (3237 bytes) muxed
[out#0/null @ 0x79f044300] video:3KiB audio:0KiB subtitle:0KiB other streams:0KiB global headers:0KiB muxing overhead: unknown
frame=    3 fps=0.0 q=-1.0 Lsize=N/A time=00:00:00.12 bitrate=N/A speed=64.4x elapsed=0:00:00.00    
[in#0/ivf @ 0x79ec0c000] Input file #0 (research/shared/runs/20260919T225102Z-av1-grain/grain.ivf):
[in#0/ivf @ 0x79ec0c000]   Input stream #0:0 (video): 3 packets read (3237 bytes); 
[in#0/ivf @ 0x79ec0c000]   Total: 3 packets (3237 bytes) demuxed
[AVIOContext @ 0x79ec0c140] Statistics: 3305 bytes read, 0 seeks

Exiting with exit code 0
