shared:INFO: (Emscripten: Running sanity checks)
cache:INFO: generating system headers: sysroot_install.stamp... (this will be cached in "/Volumes/seed2/Projects/demuxe-jspi-asyncify-builds-20260927/mpv-subtitles-01/cache/sysroot_install.stamp" for subsequent builds)
cache:INFO:  - ok
[1m/Volumes/seed2/Projects/demuxe-jspi-asyncify-builds-20260927/mpv-subtitles-01/inputs/native/subtitles/service.c:38:26: [0m[0;1;35mwarning: [0m[1mno previous prototype for function 'subtitle_service_create' [-Wmissing-prototypes][0m
   38 | EMSCRIPTEN_KEEPALIVE [0;34mint[0m subtitle_service_create([0;34mvoid[0m) {[0m
      | [0;1;32m                         ^
[0m[1m/Volumes/seed2/Projects/demuxe-jspi-asyncify-builds-20260927/mpv-subtitles-01/inputs/native/subtitles/service.c:38:22: [0m[0;1;36mnote: [0mdeclare 'static' if the function is not intended to be used outside of this translation unit[0m
   38 | EMSCRIPTEN_KEEPALIVE [0;34mint[0m subtitle_service_create([0;34mvoid[0m) {[0m
      | [0;1;32m                     ^
[0m      | [0;32m                     static 
[0m[1m/Volumes/seed2/Projects/demuxe-jspi-asyncify-builds-20260927/mpv-subtitles-01/inputs/native/subtitles/service.c:49:26: [0m[0;1;35mwarning: [0m[1mno previous prototype for function 'subtitle_service_open' [-Wmissing-prototypes][0m
   49 | EMSCRIPTEN_KEEPALIVE [0;34mint[0m subtitle_service_open([0;34mvoid[0m){subtitle_timing_invalidate();[0;34mconst[0m [0;34mchar[0m *cmd[]={[0;32m"loadfile"[0m,[0;32m"brange://source"[0m,[0;32m"replace"[0m,NULL};[0;34mreturn[0m mpv_command(subtitle_service,cmd);}[0m
      | [0;1;32m                         ^
[0m[1m/Volumes/seed2/Projects/demuxe-jspi-asyncify-builds-20260927/mpv-subtitles-01/inputs/native/subtitles/service.c:49:22: [0m[0;1;36mnote: [0mdeclare 'static' if the function is not intended to be used outside of this translation unit[0m
   49 | EMSCRIPTEN_KEEPALIVE [0;34mint[0m subtitle_service_open([0;34mvoid[0m){subtitle_timing_invalidate();[0;34mconst[0m [0;34mchar[0m *cmd[]={[0;32m"loadfile"[0m,[0;32m"brange://source"[0m,[0;32m"replace"[0m,NULL};[0;34mreturn[0m mpv_command(subtitle_service,cmd);}[0m
      | [0;1;32m                     ^
[0m      | [0;32m                     static 
[0m[1m/Volumes/seed2/Projects/demuxe-jspi-asyncify-builds-20260927/mpv-subtitles-01/inputs/native/subtitles/service.c:50:26: [0m[0;1;35mwarning: [0m[1mno previous prototype for function 'subtitle_service_loaded' [-Wmissing-prototypes][0m
   50 | EMSCRIPTEN_KEEPALIVE [0;34mint[0m subtitle_service_loaded([0;34mvoid[0m){[0;34mint[0m r=[0;32m0[0m;mpv_event *e;[0;34mwhile[0m((e=mpv_wait_event(subtitle_service,[0;32m0[0m))->event_id){[0;34mif[0m(e->event_id==MPV_EVENT_FILE_LOADED)r=[0;32m1[0m;[0;34mif[0m(e->event_id==MPV_EVENT_END_FILE&&((mpv_event_end_file*)e->data)->error<[0;32m0[0m)r=-[0;32m1[0m;}[0;34mreturn[0m r;}[0m
      | [0;1;32m                         ^
[0m[1m/Volumes/seed2/Projects/demuxe-jspi-asyncify-builds-20260927/mpv-subtitles-01/inputs/native/subtitles/service.c:50:22: [0m[0;1;36mnote: [0mdeclare 'static' if the function is not intended to be used outside of this translation unit[0m
   50 | EMSCRIPTEN_KEEPALIVE [0;34mint[0m subtitle_service_loaded([0;34mvoid[0m){[0;34mint[0m r=[0;32m0[0m;mpv_event *e;[0;34mwhile[0m((e=mpv_wait_event(subtitle_service,[0;32m0[0m))->event_id){[0;34mif[0m(e->event_id==MPV_EVENT_FILE_LOADED)r=[0;32m1[0m;[0;34mif[0m(e->event_id==MPV_EVENT_END_FILE&&((mpv_event_end_file*)e->data)->error<[0;32m0[0m)r=-[0;32m1[0m;}[0;34mreturn[0m r;}[0m
      | [0;1;32m                     ^
[0m      | [0;32m                     static 
[0m[1m/Volumes/seed2/Projects/demuxe-jspi-asyncify-builds-20260927/mpv-subtitles-01/inputs/native/subtitles/service.c:51:26: [0m[0;1;35mwarning: [0m[1mno previous prototype for function 'subtitle_service_select' [-Wmissing-prototypes][0m
   51 | EMSCRIPTEN_KEEPALIVE [0;34mint[0m subtitle_service_select([0;34mint[0m id){[0m
      | [0;1;32m                         ^
[0m[1m/Volumes/seed2/Projects/demuxe-jspi-asyncify-builds-20260927/mpv-subtitles-01/inputs/native/subtitles/service.c:51:22: [0m[0;1;36mnote: [0mdeclare 'static' if the function is not intended to be used outside of this translation unit[0m
   51 | EMSCRIPTEN_KEEPALIVE [0;34mint[0m subtitle_service_select([0;34mint[0m id){[0m
      | [0;1;32m                     ^
[0m      | [0;32m                     static 
[0m[1m/Volumes/seed2/Projects/demuxe-jspi-asyncify-builds-20260927/mpv-subtitles-01/inputs/native/subtitles/service.c:57:26: [0m[0;1;35mwarning: [0m[1mno previous prototype for function 'subtitle_service_render' [-Wmissing-prototypes][0m
   57 | EMSCRIPTEN_KEEPALIVE [0;34mint[0m subtitle_service_render([0;34mdouble[0m pts,[0;34mint[0m w,[0;34mint[0m h) {[0m
      | [0;1;32m                         ^
[0m[1m/Volumes/seed2/Projects/demuxe-jspi-asyncify-builds-20260927/mpv-subtitles-01/inputs/native/subtitles/service.c:57:22: [0m[0;1;36mnote: [0mdeclare 'static' if the function is not intended to be used outside of this translation unit[0m
   57 | EMSCRIPTEN_KEEPALIVE [0;34mint[0m subtitle_service_render([0;34mdouble[0m pts,[0;34mint[0m w,[0;34mint[0m h) {[0m
      | [0;1;32m                     ^
[0m      | [0;32m                     static 
[0m[1m/Volumes/seed2/Projects/demuxe-jspi-asyncify-builds-20260927/mpv-subtitles-01/inputs/native/subtitles/service.c:69:26: [0m[0;1;35mwarning: [0m[1mno previous prototype for function 'subtitle_service_update' [-Wmissing-prototypes][0m
   69 | EMSCRIPTEN_KEEPALIVE [0;34mint[0m subtitle_service_update([0;34mdouble[0m pts){[0m
      | [0;1;32m                         ^
[0m[1m/Volumes/seed2/Projects/demuxe-jspi-asyncify-builds-20260927/mpv-subtitles-01/inputs/native/subtitles/service.c:69:22: [0m[0;1;36mnote: [0mdeclare 'static' if the function is not intended to be used outside of this translation unit[0m
   69 | EMSCRIPTEN_KEEPALIVE [0;34mint[0m subtitle_service_update([0;34mdouble[0m pts){[0m
      | [0;1;32m                     ^
[0m      | [0;32m                     static 
[0m[1m/Volumes/seed2/Projects/demuxe-jspi-asyncify-builds-20260927/mpv-subtitles-01/inputs/native/subtitles/service.c:80:26: [0m[0;1;35mwarning: [0m[1mno previous prototype for function 'subtitle_service_ass_scan_needed' [-Wmissing-prototypes][0m
   80 | EMSCRIPTEN_KEEPALIVE [0;34mint[0m subtitle_service_ass_scan_needed([0;34mvoid[0m){[0m
      | [0;1;32m                         ^
[0m[1m/Volumes/seed2/Projects/demuxe-jspi-asyncify-builds-20260927/mpv-subtitles-01/inputs/native/subtitles/service.c:80:22: [0m[0;1;36mnote: [0mdeclare 'static' if the function is not intended to be used outside of this translation unit[0m
   80 | EMSCRIPTEN_KEEPALIVE [0;34mint[0m subtitle_service_ass_scan_needed([0;34mvoid[0m){[0m
      | [0;1;32m                     ^
[0m      | [0;32m                     static 
[0m[1m/Volumes/seed2/Projects/demuxe-jspi-asyncify-builds-20260927/mpv-subtitles-01/inputs/native/subtitles/service.c:88:26: [0m[0;1;35mwarning: [0m[1mno previous prototype for function 'subtitle_service_ass_scan_begin' [-Wmissing-prototypes][0m
   88 | EMSCRIPTEN_KEEPALIVE [0;34mint[0m subtitle_service_ass_scan_begin([0;34mvoid[0m){[0m
      | [0;1;32m                         ^
[0m[1m/Volumes/seed2/Projects/demuxe-jspi-asyncify-builds-20260927/mpv-subtitles-01/inputs/native/subtitles/service.c:88:22: [0m[0;1;36mnote: [0mdeclare 'static' if the function is not intended to be used outside of this translation unit[0m
   88 | EMSCRIPTEN_KEEPALIVE [0;34mint[0m subtitle_service_ass_scan_begin([0;34mvoid[0m){[0m
      | [0;1;32m                     ^
[0m      | [0;32m                     static 
[0m[1m/Volumes/seed2/Projects/demuxe-jspi-asyncify-builds-20260927/mpv-subtitles-01/inputs/native/subtitles/service.c:96:26: [0m[0;1;35mwarning: [0m[1mno previous prototype for function 'subtitle_service_ass_scan_status' [-Wmissing-prototypes][0m
   96 | EMSCRIPTEN_KEEPALIVE [0;34mint[0m subtitle_service_ass_scan_status([0;34mvoid[0m){[0m
      | [0;1;32m                         ^
[0m[1m/Volumes/seed2/Projects/demuxe-jspi-asyncify-builds-20260927/mpv-subtitles-01/inputs/native/subtitles/service.c:96:22: [0m[0;1;36mnote: [0mdeclare 'static' if the function is not intended to be used outside of this translation unit[0m
   96 | EMSCRIPTEN_KEEPALIVE [0;34mint[0m subtitle_service_ass_scan_status([0;34mvoid[0m){[0m
      | [0;1;32m                     ^
[0m      | [0;32m                     static 
[0m[1m/Volumes/seed2/Projects/demuxe-jspi-asyncify-builds-20260927/mpv-subtitles-01/inputs/native/subtitles/service.c:103:27: [0m[0;1;35mwarning: [0m[1mno previous prototype for function 'subtitle_service_ass_scan_end' [-Wmissing-prototypes][0m
  103 | EMSCRIPTEN_KEEPALIVE [0;34mvoid[0m subtitle_service_ass_scan_end([0;34mvoid[0m){[0m
      | [0;1;32m                          ^
[0m[1m/Volumes/seed2/Projects/demuxe-jspi-asyncify-builds-20260927/mpv-subtitles-01/inputs/native/subtitles/service.c:103:22: [0m[0;1;36mnote: [0mdeclare 'static' if the function is not intended to be used outside of this translation unit[0m
  103 | EMSCRIPTEN_KEEPALIVE [0;34mvoid[0m subtitle_service_ass_scan_end([0;34mvoid[0m){[0m
      | [0;1;32m                     ^
[0m      | [0;32m                     static 
[0m[1m/Volumes/seed2/Projects/demuxe-jspi-asyncify-builds-20260927/mpv-subtitles-01/inputs/native/subtitles/service.c:110:26: [0m[0;1;35mwarning: [0m[1mno previous prototype for function 'subtitle_service_ass_scan_complete' [-Wmissing-prototypes][0m
  110 | EMSCRIPTEN_KEEPALIVE [0;34mint[0m subtitle_service_ass_scan_complete([0;34mvoid[0m){[0m
      | [0;1;32m                         ^
[0m[1m/Volumes/seed2/Projects/demuxe-jspi-asyncify-builds-20260927/mpv-subtitles-01/inputs/native/subtitles/service.c:110:22: [0m[0;1;36mnote: [0mdeclare 'static' if the function is not intended to be used outside of this translation unit[0m
  110 | EMSCRIPTEN_KEEPALIVE [0;34mint[0m subtitle_service_ass_scan_complete([0;34mvoid[0m){[0m
      | [0;1;32m                     ^
[0m      | [0;32m                     static 
[0m[1m/Volumes/seed2/Projects/demuxe-jspi-asyncify-builds-20260927/mpv-subtitles-01/inputs/native/subtitles/service.c:122:26: [0m[0;1;35mwarning: [0m[1mno previous prototype for function 'subtitle_service_next_raw_boundary' [-Wmissing-prototypes][0m
  122 | EMSCRIPTEN_KEEPALIVE [0;34mint[0m subtitle_service_next_raw_boundary([0;34mdouble[0m pts,[0;34mdouble[0m *next,[0;34munsigned[0m *epoch){[0m
      | [0;1;32m                         ^
[0m[1m/Volumes/seed2/Projects/demuxe-jspi-asyncify-builds-20260927/mpv-subtitles-01/inputs/native/subtitles/service.c:122:22: [0m[0;1;36mnote: [0mdeclare 'static' if the function is not intended to be used outside of this translation unit[0m
  122 | EMSCRIPTEN_KEEPALIVE [0;34mint[0m subtitle_service_next_raw_boundary([0;34mdouble[0m pts,[0;34mdouble[0m *next,[0;34munsigned[0m *epoch){[0m
      | [0;1;32m                     ^
[0m      | [0;32m                     static 
[0m[1m/Volumes/seed2/Projects/demuxe-jspi-asyncify-builds-20260927/mpv-subtitles-01/inputs/native/subtitles/service.c:143:26: [0m[0;1;35mwarning: [0m[1mno previous prototype for function 'subtitle_service_visual_schedule' [-Wmissing-prototypes][0m
  143 | EMSCRIPTEN_KEEPALIVE [0;34mint[0m subtitle_service_visual_schedule([0;34mdouble[0m pts,[0;34mdouble[0m *next,[0;34munsigned[0m *epoch){[0m
      | [0;1;32m                         ^
[0m[1m/Volumes/seed2/Projects/demuxe-jspi-asyncify-builds-20260927/mpv-subtitles-01/inputs/native/subtitles/service.c:143:22: [0m[0;1;36mnote: [0mdeclare 'static' if the function is not intended to be used outside of this translation unit[0m
  143 | EMSCRIPTEN_KEEPALIVE [0;34mint[0m subtitle_service_visual_schedule([0;34mdouble[0m pts,[0;34mdouble[0m *next,[0;34munsigned[0m *epoch){[0m
      | [0;1;32m                     ^
[0m      | [0;32m                     static 
[0m[1m/Volumes/seed2/Projects/demuxe-jspi-asyncify-builds-20260927/mpv-subtitles-01/inputs/native/subtitles/service.c:164:29: [0m[0;1;35mwarning: [0m[1mno previous prototype for function 'subtitle_service_bitmap_recovery_point' [-Wmissing-prototypes][0m
  164 | EMSCRIPTEN_KEEPALIVE [0;34mdouble[0m subtitle_service_bitmap_recovery_point([0;34mdouble[0m pts){[0m
      | [0;1;32m                            ^
[0m[1m/Volumes/seed2/Projects/demuxe-jspi-asyncify-builds-20260927/mpv-subtitles-01/inputs/native/subtitles/service.c:164:22: [0m[0;1;36mnote: [0mdeclare 'static' if the function is not intended to be used outside of this translation unit[0m
  164 | EMSCRIPTEN_KEEPALIVE [0;34mdouble[0m subtitle_service_bitmap_recovery_point([0;34mdouble[0m pts){[0m
      | [0;1;32m                     ^
[0m      | [0;32m                     static 
[0m[1m/Volumes/seed2/Projects/demuxe-jspi-asyncify-builds-20260927/mpv-subtitles-01/inputs/native/subtitles/service.c:172:26: [0m[0;1;35mwarning: [0m[1mno previous prototype for function 'subtitle_service_seek' [-Wmissing-prototypes][0m
  172 | EMSCRIPTEN_KEEPALIVE [0;34mint[0m subtitle_service_seek([0;34mdouble[0m pts){subtitle_timing_invalidate();[0;34mchar[0m time[[0;32m64[0m];snprintf(time,[0;34msizeof[0m(time),[0;32m"%.6f"[0m,pts);[0;34mconst[0m [0;34mchar[0m *c[]={[0;32m"seek"[0m,time,[0;32m"absolute+exact"[0m,NULL};[0;34mreturn[0m mpv_command(subtitle_service,c);}[0m
      | [0;1;32m                         ^
[0m[1m/Volumes/seed2/Projects/demuxe-jspi-asyncify-builds-20260927/mpv-subtitles-01/inputs/native/subtitles/service.c:172:22: [0m[0;1;36mnote: [0mdeclare 'static' if the function is not intended to be used outside of this translation unit[0m
  172 | EMSCRIPTEN_KEEPALIVE [0;34mint[0m subtitle_service_seek([0;34mdouble[0m pts){subtitle_timing_invalidate();[0;34mchar[0m time[[0;32m64[0m];snprintf(time,[0;34msizeof[0m(time),[0;32m"%.6f"[0m,pts);[0;34mconst[0m [0;34mchar[0m *c[]={[0;32m"seek"[0m,time,[0;32m"absolute+exact"[0m,NULL};[0;34mreturn[0m mpv_command(subtitle_service,c);}[0m
      | [0;1;32m                     ^
[0m      | [0;32m                     static 
[0m[1m/Volumes/seed2/Projects/demuxe-jspi-asyncify-builds-20260927/mpv-subtitles-01/inputs/native/subtitles/service.c:173:26: [0m[0;1;35mwarning: [0m[1mno previous prototype for function 'subtitle_service_av_chains' [-Wmissing-prototypes][0m
  173 | EMSCRIPTEN_KEEPALIVE [0;34mint[0m subtitle_service_av_chains([0;34mvoid[0m){lock_core(subtitle_service);[0;34mint[0m n=!!subtitle_service->mpctx->vo_chain+!!subtitle_service->mpctx->ao_chain;unlock_core(subtitle_service);[0;34mreturn[0m n;}[0m
      | [0;1;32m                         ^
[0m[1m/Volumes/seed2/Projects/demuxe-jspi-asyncify-builds-20260927/mpv-subtitles-01/inputs/native/subtitles/service.c:173:22: [0m[0;1;36mnote: [0mdeclare 'static' if the function is not intended to be used outside of this translation unit[0m
  173 | EMSCRIPTEN_KEEPALIVE [0;34mint[0m subtitle_service_av_chains([0;34mvoid[0m){lock_core(subtitle_service);[0;34mint[0m n=!!subtitle_service->mpctx->vo_chain+!!subtitle_service->mpctx->ao_chain;unlock_core(subtitle_service);[0;34mreturn[0m n;}[0m
      | [0;1;32m                     ^
[0m      | [0;32m                     static 
[0m[1m/Volumes/seed2/Projects/demuxe-jspi-asyncify-builds-20260927/mpv-subtitles-01/inputs/native/subtitles/service.c:174:26: [0m[0;1;35mwarning: [0m[1mno previous prototype for function 'subtitle_service_delay' [-Wmissing-prototypes][0m
  174 | EMSCRIPTEN_KEEPALIVE [0;34mint[0m subtitle_service_delay([0;34mdouble[0m delay){subtitle_timing_invalidate();[0;34mreturn[0m mpv_set_property(subtitle_service,[0;32m"sub-delay"[0m,MPV_FORMAT_DOUBLE,&delay);}[0m
      | [0;1;32m                         ^
[0m[1m/Volumes/seed2/Projects/demuxe-jspi-asyncify-builds-20260927/mpv-subtitles-01/inputs/native/subtitles/service.c:174:22: [0m[0;1;36mnote: [0mdeclare 'static' if the function is not intended to be used outside of this translation unit[0m
  174 | EMSCRIPTEN_KEEPALIVE [0;34mint[0m subtitle_service_delay([0;34mdouble[0m delay){subtitle_timing_invalidate();[0;34mreturn[0m mpv_set_property(subtitle_service,[0;32m"sub-delay"[0m,MPV_FORMAT_DOUBLE,&delay);}[0m
      | [0;1;32m                     ^
[0m      | [0;32m                     static 
[0m[1m/Volumes/seed2/Projects/demuxe-jspi-asyncify-builds-20260927/mpv-subtitles-01/inputs/native/subtitles/service.c:177:26: [0m[0;1;35mwarning: [0m[1mno previous prototype for function 'subtitle_service_text' [-Wmissing-prototypes][0m
  177 | EMSCRIPTEN_KEEPALIVE [0;34mint[0m subtitle_service_text([0;34mchar[0m *out,[0;34mint[0m capacity){[0m
      | [0;1;32m                         ^
[0m[1m/Volumes/seed2/Projects/demuxe-jspi-asyncify-builds-20260927/mpv-subtitles-01/inputs/native/subtitles/service.c:177:22: [0m[0;1;36mnote: [0mdeclare 'static' if the function is not intended to be used outside of this translation unit[0m
  177 | EMSCRIPTEN_KEEPALIVE [0;34mint[0m subtitle_service_text([0;34mchar[0m *out,[0;34mint[0m capacity){[0m
      | [0;1;32m                     ^
[0m      | [0;32m                     static 
[0m[1m/Volumes/seed2/Projects/demuxe-jspi-asyncify-builds-20260927/mpv-subtitles-01/inputs/native/subtitles/service.c:185:27: [0m[0;1;35mwarning: [0m[1mno previous prototype for function 'subtitle_service_close' [-Wmissing-prototypes][0m
  185 | EMSCRIPTEN_KEEPALIVE [0;34mvoid[0m subtitle_service_close([0;34mvoid[0m){atomic_store(&timing_live,[0;32mfalse[0m);subtitle_timing_invalidate();[0;34mif[0m(subtitle_service){mpv_terminate_destroy(subtitle_service);subtitle_service=NULL;}}[0m
      | [0;1;32m                          ^
[0m[1m/Volumes/seed2/Projects/demuxe-jspi-asyncify-builds-20260927/mpv-subtitles-01/inputs/native/subtitles/service.c:185:22: [0m[0;1;36mnote: [0mdeclare 'static' if the function is not intended to be used outside of this translation unit[0m
  185 | EMSCRIPTEN_KEEPALIVE [0;34mvoid[0m subtitle_service_close([0;34mvoid[0m){atomic_store(&timing_live,[0;32mfalse[0m);subtitle_timing_invalidate();[0;34mif[0m(subtitle_service){mpv_terminate_destroy(subtitle_service);subtitle_service=NULL;}}[0m
      | [0;1;32m                     ^
[0m      | [0;32m                     static 
[0m[1m/Volumes/seed2/Projects/demuxe-jspi-asyncify-builds-20260927/mpv-subtitles-01/inputs/native/subtitles/service.c:187:26: [0m[0;1;35mwarning: [0m[1mno previous prototype for function 'subtitle_service_track_count' [-Wmissing-prototypes][0m
  187 | EMSCRIPTEN_KEEPALIVE [0;34mint[0m subtitle_service_track_count([0;34mvoid[0m){lock_core(subtitle_service);[0;34mint[0m n=subtitle_service->mpctx->num_tracks;unlock_core(subtitle_service);[0;34mreturn[0m n;}[0m
      | [0;1;32m                         ^
[0m[1m/Volumes/seed2/Projects/demuxe-jspi-asyncify-builds-20260927/mpv-subtitles-01/inputs/native/subtitles/service.c:187:22: [0m[0;1;36mnote: [0mdeclare 'static' if the function is not intended to be used outside of this translation unit[0m
  187 | EMSCRIPTEN_KEEPALIVE [0;34mint[0m subtitle_service_track_count([0;34mvoid[0m){lock_core(subtitle_service);[0;34mint[0m n=subtitle_service->mpctx->num_tracks;unlock_core(subtitle_service);[0;34mreturn[0m n;}[0m
      | [0;1;32m                     ^
[0m      | [0;32m                     static 
[0m[1m/Volumes/seed2/Projects/demuxe-jspi-asyncify-builds-20260927/mpv-subtitles-01/inputs/native/subtitles/service.c:188:26: [0m[0;1;35mwarning: [0m[1mno previous prototype for function 'subtitle_service_track_id' [-Wmissing-prototypes][0m
  188 | EMSCRIPTEN_KEEPALIVE [0;34mint[0m subtitle_service_track_id([0;34mint[0m index){lock_core(subtitle_service);[0;34mstruct[0m MPContext *m=subtitle_service->mpctx;[0;34mint[0m n=index>=[0;32m0[0m&&index<m->num_tracks&&m->tracks[index]->type==STREAM_SUB?m->tracks[index]->user_tid:-[0;32m1[0m;unlock_core(subtitle_service);[0;34mreturn[0m n;}[0m
      | [0;1;32m                         ^
[0m[1m/Volumes/seed2/Projects/demuxe-jspi-asyncify-builds-20260927/mpv-subtitles-01/inputs/native/subtitles/service.c:188:22: [0m[0;1;36mnote: [0mdeclare 'static' if the function is not intended to be used outside of this translation unit[0m
  188 | EMSCRIPTEN_KEEPALIVE [0;34mint[0m subtitle_service_track_id([0;34mint[0m index){lock_core(subtitle_service);[0;34mstruct[0m MPContext *m=subtitle_service->mpctx;[0;34mint[0m n=index>=[0;32m0[0m&&index<m->num_tracks&&m->tracks[index]->type==STREAM_SUB?m->tracks[index]->user_tid:-[0;32m1[0m;unlock_core(subtitle_service);[0;34mreturn[0m n;}[0m
      | [0;1;32m                     ^
[0m      | [0;32m                     static 
[0m[1m/Volumes/seed2/Projects/demuxe-jspi-asyncify-builds-20260927/mpv-subtitles-01/inputs/native/subtitles/service.c:189:26: [0m[0;1;35mwarning: [0m[1mno previous prototype for function 'subtitle_service_track_index' [-Wmissing-prototypes][0m
  189 | EMSCRIPTEN_KEEPALIVE [0;34mint[0m subtitle_service_track_index([0;34mint[0m index){lock_core(subtitle_service);[0;34mstruct[0m MPContext *m=subtitle_service->mpctx;[0;34mint[0m n=index>=[0;32m0[0m&&index<m->num_tracks&&m->tracks[index]->stream?m->tracks[index]->ff_index:-[0;32m1[0m;unlock_core(subtitle_service);[0;34mreturn[0m n;}[0m
      | [0;1;32m                         ^
[0m[1m/Volumes/seed2/Projects/demuxe-jspi-asyncify-builds-20260927/mpv-subtitles-01/inputs/native/subtitles/service.c:189:22: [0m[0;1;36mnote: [0mdeclare 'static' if the function is not intended to be used outside of this translation unit[0m
  189 | EMSCRIPTEN_KEEPALIVE [0;34mint[0m subtitle_service_track_index([0;34mint[0m index){lock_core(subtitle_service);[0;34mstruct[0m MPContext *m=subtitle_service->mpctx;[0;34mint[0m n=index>=[0;32m0[0m&&index<m->num_tracks&&m->tracks[index]->stream?m->tracks[index]->ff_index:-[0;32m1[0m;unlock_core(subtitle_service);[0;34mreturn[0m n;}[0m
      | [0;1;32m                     ^
[0m      | [0;32m                     static 
[0m[1m/Volumes/seed2/Projects/demuxe-jspi-asyncify-builds-20260927/mpv-subtitles-01/inputs/native/subtitles/service.c:191:27: [0m[0;1;35mwarning: [0m[1mno previous prototype for function 'subtitle_service_block' [-Wmissing-prototypes][0m
  191 | EMSCRIPTEN_KEEPALIVE [0;34mvoid[0m subtitle_service_block([0;34mint[0m blocked){lock_core(subtitle_service);[0;34mstruct[0m MPContext *m=subtitle_service->mpctx;[0;34mif[0m(m->demuxer)demux_block_reading(m->demuxer,blocked);unlock_core(subtitle_service);}[0m
      | [0;1;32m                          ^
[0m[1m/Volumes/seed2/Projects/demuxe-jspi-asyncify-builds-20260927/mpv-subtitles-01/inputs/native/subtitles/service.c:191:22: [0m[0;1;36mnote: [0mdeclare 'static' if the function is not intended to be used outside of this translation unit[0m
  191 | EMSCRIPTEN_KEEPALIVE [0;34mvoid[0m subtitle_service_block([0;34mint[0m blocked){lock_core(subtitle_service);[0;34mstruct[0m MPContext *m=subtitle_service->mpctx;[0;34mif[0m(m->demuxer)demux_block_reading(m->demuxer,blocked);unlock_core(subtitle_service);}[0m
      | [0;1;32m                     ^
[0m      | [0;32m                     static 
[0m23 warnings generated.
[1m/Volumes/seed2/Projects/demuxe-jspi-asyncify-builds-20260927/mpv-subtitles-01/inputs/native/subtitles/bitmap.c:24:26: [0m[0;1;35mwarning: [0m[1mno previous prototype for function 'web_subtitle_overlay_version' [-Wmissing-prototypes][0m
   24 | EMSCRIPTEN_KEEPALIVE [0;34mint[0m web_subtitle_overlay_version([0;34mvoid[0m){[0;34mreturn[0m [0;32m2[0m;}[0m
      | [0;1;32m                         ^
[0m[1m/Volumes/seed2/Projects/demuxe-jspi-asyncify-builds-20260927/mpv-subtitles-01/inputs/native/subtitles/bitmap.c:24:22: [0m[0;1;36mnote: [0mdeclare 'static' if the function is not intended to be used outside of this translation unit[0m
   24 | EMSCRIPTEN_KEEPALIVE [0;34mint[0m web_subtitle_overlay_version([0;34mvoid[0m){[0;34mreturn[0m [0;32m2[0m;}[0m
      | [0;1;32m                     ^
[0m      | [0;32m                     static 
[0m[1m/Volumes/seed2/Projects/demuxe-jspi-asyncify-builds-20260927/mpv-subtitles-01/inputs/native/subtitles/bitmap.c:25:26: [0m[0;1;35mwarning: [0m[1mno previous prototype for function 'web_subtitle_composite_count' [-Wmissing-prototypes][0m
   25 | EMSCRIPTEN_KEEPALIVE [0;34mint[0m web_subtitle_composite_count([0;34mvoid[0m){[0;34mreturn[0m composites;}[0m
      | [0;1;32m                         ^
[0m[1m/Volumes/seed2/Projects/demuxe-jspi-asyncify-builds-20260927/mpv-subtitles-01/inputs/native/subtitles/bitmap.c:25:22: [0m[0;1;36mnote: [0mdeclare 'static' if the function is not intended to be used outside of this translation unit[0m
   25 | EMSCRIPTEN_KEEPALIVE [0;34mint[0m web_subtitle_composite_count([0;34mvoid[0m){[0;34mreturn[0m composites;}[0m
      | [0;1;32m                     ^
[0m      | [0;32m                     static 
[0m[1m/Volumes/seed2/Projects/demuxe-jspi-asyncify-builds-20260927/mpv-subtitles-01/inputs/native/subtitles/bitmap.c:26:32: [0m[0;1;35mwarning: [0m[1mno previous prototype for function 'web_subtitle_ptr' [-Wmissing-prototypes][0m
   26 | EMSCRIPTEN_KEEPALIVE uintptr_t web_subtitle_ptr([0;34mvoid[0m){[0;34mreturn[0m (uintptr_t)&output;}[0m
      | [0;1;32m                               ^
[0m[1m/Volumes/seed2/Projects/demuxe-jspi-asyncify-builds-20260927/mpv-subtitles-01/inputs/native/subtitles/bitmap.c:26:22: [0m[0;1;36mnote: [0mdeclare 'static' if the function is not intended to be used outside of this translation unit[0m
   26 | EMSCRIPTEN_KEEPALIVE uintptr_t web_subtitle_ptr([0;34mvoid[0m){[0;34mreturn[0m (uintptr_t)&output;}[0m
      | [0;1;32m                     ^
[0m      | [0;32m                     static 
[0m[1m/Volumes/seed2/Projects/demuxe-jspi-asyncify-builds-20260927/mpv-subtitles-01/inputs/native/subtitles/bitmap.c:27:6: [0m[0;1;35mwarning: [0m[1mno previous prototype for function 'web_subtitle_size' [-Wmissing-prototypes][0m
   27 | [0;34mvoid[0m web_subtitle_size([0;34mint[0m w,[0;34mint[0m h){output.width=w;output.height=h;}[0m
      | [0;1;32m     ^
[0m[1m/Volumes/seed2/Projects/demuxe-jspi-asyncify-builds-20260927/mpv-subtitles-01/inputs/native/subtitles/bitmap.c:27:1: [0m[0;1;36mnote: [0mdeclare 'static' if the function is not intended to be used outside of this translation unit[0m
   27 | [0;34mvoid[0m web_subtitle_size([0;34mint[0m w,[0;34mint[0m h){output.width=w;output.height=h;}[0m
      | [0;1;32m^
[0m      | [0;32mstatic 
[0m[1m/Volumes/seed2/Projects/demuxe-jspi-asyncify-builds-20260927/mpv-subtitles-01/inputs/native/subtitles/bitmap.c:28:6: [0m[0;1;35mwarning: [0m[1mno previous prototype for function 'web_subtitle_render' [-Wmissing-prototypes][0m
   28 | [0;34mvoid[0m web_subtitle_render([0;34mstruct[0m osd_state *osd,[0;34mdouble[0m pts){[0m
      | [0;1;32m     ^
[0m[1m/Volumes/seed2/Projects/demuxe-jspi-asyncify-builds-20260927/mpv-subtitles-01/inputs/native/subtitles/bitmap.c:28:1: [0m[0;1;36mnote: [0mdeclare 'static' if the function is not intended to be used outside of this translation unit[0m
   28 | [0;34mvoid[0m web_subtitle_render([0;34mstruct[0m osd_state *osd,[0;34mdouble[0m pts){[0m
      | [0;1;32m^
[0m      | [0;32mstatic 
[0m5 warnings generated.
[1m/Volumes/seed2/Projects/demuxe-jspi-asyncify-builds-20260927/mpv-subtitles-01/inputs/experiments/jspi-asyncify/stage2/native/stream-coop.c:59:5: [0m[0;1;35mwarning: [0m[1mno previous prototype for function 'web_register_stream' [-Wmissing-prototypes][0m
   59 | [0;34mint[0m web_register_stream(mpv_handle *player) {[0;34mreturn[0m mpv_stream_cb_add_ro(player,[0;32m"brange"[0m,NULL,open_data);}[0m
      | [0;1;32m    ^
[0m[1m/Volumes/seed2/Projects/demuxe-jspi-asyncify-builds-20260927/mpv-subtitles-01/inputs/experiments/jspi-asyncify/stage2/native/stream-coop.c:59:1: [0m[0;1;36mnote: [0mdeclare 'static' if the function is not intended to be used outside of this translation unit[0m
   59 | [0;34mint[0m web_register_stream(mpv_handle *player) {[0;34mreturn[0m mpv_stream_cb_add_ro(player,[0;32m"brange"[0m,NULL,open_data);}[0m
      | [0;1;32m^
[0m      | [0;32mstatic 
[0m[1m/Volumes/seed2/Projects/demuxe-jspi-asyncify-builds-20260927/mpv-subtitles-01/inputs/experiments/jspi-asyncify/stage2/native/stream-coop.c:60:6: [0m[0;1;35mwarning: [0m[1mno previous prototype for function 'web_io_cancel' [-Wmissing-prototypes][0m
   60 | [0;34mvoid[0m web_io_cancel([0;34mvoid[0m) {source_cancel_all();}[0m
      | [0;1;32m     ^
[0m[1m/Volumes/seed2/Projects/demuxe-jspi-asyncify-builds-20260927/mpv-subtitles-01/inputs/experiments/jspi-asyncify/stage2/native/stream-coop.c:60:1: [0m[0;1;36mnote: [0mdeclare 'static' if the function is not intended to be used outside of this translation unit[0m
   60 | [0;34mvoid[0m web_io_cancel([0;34mvoid[0m) {source_cancel_all();}[0m
      | [0;1;32m^
[0m      | [0;32mstatic 
[0m[1m/Volumes/seed2/Projects/demuxe-jspi-asyncify-builds-20260927/mpv-subtitles-01/inputs/experiments/jspi-asyncify/stage2/native/stream-coop.c:61:5: [0m[0;1;35mwarning: [0m[1mno previous prototype for function 'demuxe_source_live' [-Wmissing-prototypes][0m
   61 | [0;34mint[0m demuxe_source_live([0;34mvoid[0m) {[0;34mint[0m n=[0;32m0[0m;[0;34mfor[0m([0;34munsigned[0m i=[0;32m0[0m;i<[0;32m64[0m;i++)n+=!!sources[i].used;[0;34mreturn[0m n;}[0m
      | [0;1;32m    ^
[0m[1m/Volumes/seed2/Projects/demuxe-jspi-asyncify-builds-20260927/mpv-subtitles-01/inputs/experiments/jspi-asyncify/stage2/native/stream-coop.c:61:1: [0m[0;1;36mnote: [0mdeclare 'static' if the function is not intended to be used outside of this translation unit[0m
   61 | [0;34mint[0m demuxe_source_live([0;34mvoid[0m) {[0;34mint[0m n=[0;32m0[0m;[0;34mfor[0m([0;34munsigned[0m i=[0;32m0[0m;i<[0;32m64[0m;i++)n+=!!sources[i].used;[0;34mreturn[0m n;}[0m
      | [0;1;32m^
[0m      | [0;32mstatic 
[0m3 warnings generated.
clang: [0;1;35mwarning: [0m[1margument unused during compilation: '-fvisibility=hidden' [-Wunused-command-line-argument][0m
clang: [0;1;35mwarning: [0m[1margument unused during compilation: '-fdiagnostics-color=always' [-Wunused-command-line-argument][0m
clang: [0;1;35mwarning: [0m[1margument unused during compilation: '-O3' [-Wunused-command-line-argument][0m
clang: [0;1;35mwarning: [0m[1margument unused during compilation: '-D _FILE_OFFSET_BITS=64' [-Wunused-command-line-argument][0m
clang: [0;1;35mwarning: [0m[1margument unused during compilation: '-fno-math-errno' [-Wunused-command-line-argument][0m
clang: [0;1;35mwarning: [0m[1margument unused during compilation: '-fno-signed-zeros' [-Wunused-command-line-argument][0m
clang: [0;1;35mwarning: [0m[1margument unused during compilation: '-fno-trapping-math' [-Wunused-command-line-argument][0m
clang: [0;1;35mwarning: [0m[1margument unused during compilation: '-D _GNU_SOURCE' [-Wunused-command-line-argument][0m
clang: [0;1;35mwarning: [0m[1margument unused during compilation: '-D NO_BUILD_TIMESTAMPS' [-Wunused-command-line-argument][0m
clang: [0;1;35mwarning: [0m[1margument unused during compilation: '-O2' [-Wunused-command-line-argument][0m
clang: [0;1;35mwarning: [0m[1margument unused during compilation: '-D DEMUXE_COOP_THREADS=1' [-Wunused-command-line-argument][0m
clang: [0;1;35mwarning: [0m[1margument unused during compilation: '-D PL_HAVE_PTHREAD' [-Wunused-command-line-argument][0m
clang: [0;1;35mwarning: [0m[1margument unused during compilation: '-D PTHREAD_HAS_SETCLOCK' [-Wunused-command-line-argument][0m
clang: [0;1;35mwarning: [0m[1margument unused during compilation: '-D PL_STATIC' [-Wunused-command-line-argument][0m
clang: [0;1;35mwarning: [0m[1margument unused during compilation: '-D DEMUXE_COOP_THREADS=1' [-Wunused-command-line-argument][0m
clang: [0;1;35mwarning: [0m[1margument unused during compilation: '-D PL_HAVE_PTHREAD' [-Wunused-command-line-argument][0m
clang: [0;1;35mwarning: [0m[1margument unused during compilation: '-D PTHREAD_HAS_SETCLOCK' [-Wunused-command-line-argument][0m
clang: [0;1;35mwarning: [0m[1margument unused during compilation: '-D PL_STATIC' [-Wunused-command-line-argument][0m
[1m/Volumes/seed2/Projects/demuxe-jspi-asyncify-builds-20260927/mpv-subtitles-01/inputs/experiments/jspi-asyncify/runtime/asyncify-stacks.c:21:5: [0m[0;1;35mwarning: [0m[1mno previous prototype for function 'demuxe_asyncify_count' [-Wmissing-prototypes][0m
   21 | [0;34mint[0m demuxe_asyncify_count([0;34mvoid[0m) {[0;34mreturn[0m DEMUXE_COOP_SLOTS;}[0m
      | [0;1;32m    ^
[0m[1m/Volumes/seed2/Projects/demuxe-jspi-asyncify-builds-20260927/mpv-subtitles-01/inputs/experiments/jspi-asyncify/runtime/asyncify-stacks.c:21:1: [0m[0;1;36mnote: [0mdeclare 'static' if the function is not intended to be used outside of this translation unit[0m
   21 | [0;34mint[0m demuxe_asyncify_count([0;34mvoid[0m) {[0;34mreturn[0m DEMUXE_COOP_SLOTS;}[0m
      | [0;1;32m^
[0m      | [0;32mstatic 
[0m[1m/Volumes/seed2/Projects/demuxe-jspi-asyncify-builds-20260927/mpv-subtitles-01/inputs/experiments/jspi-asyncify/runtime/asyncify-stacks.c:22:11: [0m[0;1;35mwarning: [0m[1mno previous prototype for function 'demuxe_asyncify_data' [-Wmissing-prototypes][0m
   22 | uintptr_t demuxe_asyncify_data([0;34mint[0m i) {[0m
      | [0;1;32m          ^
[0m[1m/Volumes/seed2/Projects/demuxe-jspi-asyncify-builds-20260927/mpv-subtitles-01/inputs/experiments/jspi-asyncify/runtime/asyncify-stacks.c:22:1: [0m[0;1;36mnote: [0mdeclare 'static' if the function is not intended to be used outside of this translation unit[0m
   22 | uintptr_t demuxe_asyncify_data([0;34mint[0m i) {[0m
      | [0;1;32m^
[0m      | [0;32mstatic 
[0m[1m/Volumes/seed2/Projects/demuxe-jspi-asyncify-builds-20260927/mpv-subtitles-01/inputs/experiments/jspi-asyncify/runtime/asyncify-stacks.c:26:11: [0m[0;1;35mwarning: [0m[1mno previous prototype for function 'demuxe_asyncify_base' [-Wmissing-prototypes][0m
   26 | uintptr_t demuxe_asyncify_base([0;34mint[0m i) {[0m
      | [0;1;32m          ^
[0m[1m/Volumes/seed2/Projects/demuxe-jspi-asyncify-builds-20260927/mpv-subtitles-01/inputs/experiments/jspi-asyncify/runtime/asyncify-stacks.c:26:1: [0m[0;1;36mnote: [0mdeclare 'static' if the function is not intended to be used outside of this translation unit[0m
   26 | uintptr_t demuxe_asyncify_base([0;34mint[0m i) {[0m
      | [0;1;32m^
[0m      | [0;32mstatic 
[0m[1m/Volumes/seed2/Projects/demuxe-jspi-asyncify-builds-20260927/mpv-subtitles-01/inputs/experiments/jspi-asyncify/runtime/asyncify-stacks.c:30:11: [0m[0;1;35mwarning: [0m[1mno previous prototype for function 'demuxe_asyncify_end' [-Wmissing-prototypes][0m
   30 | uintptr_t demuxe_asyncify_end([0;34mint[0m i) {[0;34mreturn[0m demuxe_asyncify_base(i)+DEMUXE_ASYNCIFY_BYTES;}[0m
      | [0;1;32m          ^
[0m[1m/Volumes/seed2/Projects/demuxe-jspi-asyncify-builds-20260927/mpv-subtitles-01/inputs/experiments/jspi-asyncify/runtime/asyncify-stacks.c:30:1: [0m[0;1;36mnote: [0mdeclare 'static' if the function is not intended to be used outside of this translation unit[0m
   30 | uintptr_t demuxe_asyncify_end([0;34mint[0m i) {[0;34mreturn[0m demuxe_asyncify_base(i)+DEMUXE_ASYNCIFY_BYTES;}[0m
      | [0;1;32m^
[0m      | [0;32mstatic 
[0m4 warnings generated.
[1m/Volumes/seed2/Projects/demuxe-jspi-asyncify-builds-20260927/mpv-subtitles-01/inputs/experiments/jspi-asyncify/mpv/native/context.c:6:5: [0m[0;1;35mwarning: [0m[1mno previous prototype for function 'demuxe_context_errno' [-Wmissing-prototypes][0m
    6 | [0;34mint[0m demuxe_context_errno([0;34mvoid[0m) { [0;34mreturn[0m errno; }[0m
      | [0;1;32m    ^
[0m[1m/Volumes/seed2/Projects/demuxe-jspi-asyncify-builds-20260927/mpv-subtitles-01/inputs/experiments/jspi-asyncify/mpv/native/context.c:6:1: [0m[0;1;36mnote: [0mdeclare 'static' if the function is not intended to be used outside of this translation unit[0m
    6 | [0;34mint[0m demuxe_context_errno([0;34mvoid[0m) { [0;34mreturn[0m errno; }[0m
      | [0;1;32m^
[0m      | [0;32mstatic 
[0m[1m/Volumes/seed2/Projects/demuxe-jspi-asyncify-builds-20260927/mpv-subtitles-01/inputs/experiments/jspi-asyncify/mpv/native/context.c:7:11: [0m[0;1;35mwarning: [0m[1mno previous prototype for function 'demuxe_context_stack_base' [-Wmissing-prototypes][0m
    7 | uintptr_t demuxe_context_stack_base([0;34mvoid[0m) { [0;34mreturn[0m emscripten_stack_get_base(); }[0m
      | [0;1;32m          ^
[0m[1m/Volumes/seed2/Projects/demuxe-jspi-asyncify-builds-20260927/mpv-subtitles-01/inputs/experiments/jspi-asyncify/mpv/native/context.c:7:1: [0m[0;1;36mnote: [0mdeclare 'static' if the function is not intended to be used outside of this translation unit[0m
    7 | uintptr_t demuxe_context_stack_base([0;34mvoid[0m) { [0;34mreturn[0m emscripten_stack_get_base(); }[0m
      | [0;1;32m^
[0m      | [0;32mstatic 
[0m[1m/Volumes/seed2/Projects/demuxe-jspi-asyncify-builds-20260927/mpv-subtitles-01/inputs/experiments/jspi-asyncify/mpv/native/context.c:8:11: [0m[0;1;35mwarning: [0m[1mno previous prototype for function 'demuxe_context_stack_end' [-Wmissing-prototypes][0m
    8 | uintptr_t demuxe_context_stack_end([0;34mvoid[0m) { [0;34mreturn[0m emscripten_stack_get_end(); }[0m
      | [0;1;32m          ^
[0m[1m/Volumes/seed2/Projects/demuxe-jspi-asyncify-builds-20260927/mpv-subtitles-01/inputs/experiments/jspi-asyncify/mpv/native/context.c:8:1: [0m[0;1;36mnote: [0mdeclare 'static' if the function is not intended to be used outside of this translation unit[0m
    8 | uintptr_t demuxe_context_stack_end([0;34mvoid[0m) { [0;34mreturn[0m emscripten_stack_get_end(); }[0m
      | [0;1;32m^
[0m      | [0;32mstatic 
[0m[1m/Volumes/seed2/Projects/demuxe-jspi-asyncify-builds-20260927/mpv-subtitles-01/inputs/experiments/jspi-asyncify/mpv/native/context.c:9:6: [0m[0;1;35mwarning: [0m[1mno previous prototype for function 'demuxe_context_enter' [-Wmissing-prototypes][0m
    9 | [0;34mvoid[0m demuxe_context_enter(uintptr_t lo, uintptr_t hi, [0;34mint[0m error) {[0m
      | [0;1;32m     ^
[0m[1m/Volumes/seed2/Projects/demuxe-jspi-asyncify-builds-20260927/mpv-subtitles-01/inputs/experiments/jspi-asyncify/mpv/native/context.c:9:1: [0m[0;1;36mnote: [0mdeclare 'static' if the function is not intended to be used outside of this translation unit[0m
    9 | [0;34mvoid[0m demuxe_context_enter(uintptr_t lo, uintptr_t hi, [0;34mint[0m error) {[0m
      | [0;1;32m^
[0m      | [0;32mstatic 
[0m4 warnings generated.
[1m/Volumes/seed2/Projects/demuxe-jspi-asyncify-builds-20260927/mpv-subtitles-01/inputs/experiments/jspi-asyncify/mpv/native/finite-source.c:5:13: [0m[0;1;35mwarning: [0m[1mno previous prototype for function 'web_resource_url' [-Wmissing-prototypes][0m
    5 | [0;34mconst[0m [0;34mchar[0m *web_resource_url([0;34mvoid[0m) { [0;34mreturn[0m NULL; }[0m
      | [0;1;32m            ^
[0m[1m/Volumes/seed2/Projects/demuxe-jspi-asyncify-builds-20260927/mpv-subtitles-01/inputs/experiments/jspi-asyncify/mpv/native/finite-source.c:5:7: [0m[0;1;36mnote: [0mdeclare 'static' if the function is not intended to be used outside of this translation unit[0m
    5 | [0;34mconst[0m [0;34mchar[0m *web_resource_url([0;34mvoid[0m) { [0;34mreturn[0m NULL; }[0m
      | [0;1;32m      ^
[0m      | [0;32mstatic 
[0m[1m/Volumes/seed2/Projects/demuxe-jspi-asyncify-builds-20260927/mpv-subtitles-01/inputs/experiments/jspi-asyncify/mpv/native/finite-source.c:6:5: [0m[0;1;35mwarning: [0m[1mno previous prototype for function 'web_resource_avio_open' [-Wmissing-prototypes][0m
    6 | [0;34mint[0m web_resource_avio_open(AVFormatContext *s, AVIOContext **pb,[0m
      | [0;1;32m    ^
[0m[1m/Volumes/seed2/Projects/demuxe-jspi-asyncify-builds-20260927/mpv-subtitles-01/inputs/experiments/jspi-asyncify/mpv/native/finite-source.c:6:1: [0m[0;1;36mnote: [0mdeclare 'static' if the function is not intended to be used outside of this translation unit[0m
    6 | [0;34mint[0m web_resource_avio_open(AVFormatContext *s, AVIOContext **pb,[0m
      | [0;1;32m^
[0m      | [0;32mstatic 
[0m[1m/Volumes/seed2/Projects/demuxe-jspi-asyncify-builds-20260927/mpv-subtitles-01/inputs/experiments/jspi-asyncify/mpv/native/finite-source.c:11:5: [0m[0;1;35mwarning: [0m[1mno previous prototype for function 'web_resource_avio_close' [-Wmissing-prototypes][0m
   11 | [0;34mint[0m web_resource_avio_close(AVFormatContext *s, AVIOContext *pb) {[0m
      | [0;1;32m    ^
[0m[1m/Volumes/seed2/Projects/demuxe-jspi-asyncify-builds-20260927/mpv-subtitles-01/inputs/experiments/jspi-asyncify/mpv/native/finite-source.c:11:1: [0m[0;1;36mnote: [0mdeclare 'static' if the function is not intended to be used outside of this translation unit[0m
   11 | [0;34mint[0m web_resource_avio_close(AVFormatContext *s, AVIOContext *pb) {[0m
      | [0;1;32m^
[0m      | [0;32mstatic 
[0m3 warnings generated.
cache:INFO: generating system library: sysroot/lib/wasm32-emscripten/libGL-getprocaddr.a... (this will be cached in "/Volumes/seed2/Projects/demuxe-jspi-asyncify-builds-20260927/mpv-subtitles-01/cache/sysroot/lib/wasm32-emscripten/libGL-getprocaddr.a" for subsequent builds)
system_libs:INFO: compiled 4 inputs in 1.09s
cache:INFO:  - ok
cache:INFO: generating system library: sysroot/lib/wasm32-emscripten/libal.a... (this will be cached in "/Volumes/seed2/Projects/demuxe-jspi-asyncify-builds-20260927/mpv-subtitles-01/cache/sysroot/lib/wasm32-emscripten/libal.a" for subsequent builds)
system_libs:INFO: compiled 1 inputs in 0.28s
cache:INFO:  - ok
cache:INFO: generating system library: sysroot/lib/wasm32-emscripten/libhtml5.a... (this will be cached in "/Volumes/seed2/Projects/demuxe-jspi-asyncify-builds-20260927/mpv-subtitles-01/cache/sysroot/lib/wasm32-emscripten/libhtml5.a" for subsequent builds)
system_libs:INFO: compiled 5 inputs in 0.28s
cache:INFO:  - ok
cache:INFO: generating system library: sysroot/lib/wasm32-emscripten/libstubs-debug.a... (this will be cached in "/Volumes/seed2/Projects/demuxe-jspi-asyncify-builds-20260927/mpv-subtitles-01/cache/sysroot/lib/wasm32-emscripten/libstubs-debug.a" for subsequent builds)
system_libs:INFO: compiled 2 inputs in 0.54s
cache:INFO:  - ok
cache:INFO: generating system library: sysroot/lib/wasm32-emscripten/libnoexit.a... (this will be cached in "/Volumes/seed2/Projects/demuxe-jspi-asyncify-builds-20260927/mpv-subtitles-01/cache/sysroot/lib/wasm32-emscripten/libnoexit.a" for subsequent builds)
system_libs:INFO: compiled 1 inputs in 0.21s
cache:INFO:  - ok
cache:INFO: generating system library: sysroot/lib/wasm32-emscripten/libc-debug.a... (this will be cached in "/Volumes/seed2/Projects/demuxe-jspi-asyncify-builds-20260927/mpv-subtitles-01/cache/sysroot/lib/wasm32-emscripten/libc-debug.a" for subsequent builds)
system_libs:INFO: compiled 1045 inputs in 24.48s
cache:INFO:  - ok
cache:INFO: generating system library: sysroot/lib/wasm32-emscripten/libdlmalloc-debug.a... (this will be cached in "/Volumes/seed2/Projects/demuxe-jspi-asyncify-builds-20260927/mpv-subtitles-01/cache/sysroot/lib/wasm32-emscripten/libdlmalloc-debug.a" for subsequent builds)
system_libs:INFO: compiled 2 inputs in 0.54s
cache:INFO:  - ok
cache:INFO: generating system library: sysroot/lib/wasm32-emscripten/libcompiler_rt.a... (this will be cached in "/Volumes/seed2/Projects/demuxe-jspi-asyncify-builds-20260927/mpv-subtitles-01/cache/sysroot/lib/wasm32-emscripten/libcompiler_rt.a" for subsequent builds)
system_libs:INFO: compiled 182 inputs in 6.60s
cache:INFO:  - ok
cache:INFO: generating system library: sysroot/lib/wasm32-emscripten/libc++-debug-noexcept.a... (this will be cached in "/Volumes/seed2/Projects/demuxe-jspi-asyncify-builds-20260927/mpv-subtitles-01/cache/sysroot/lib/wasm32-emscripten/libc++-debug-noexcept.a" for subsequent builds)
system_libs:INFO: compiled 56 inputs in 11.10s
cache:INFO:  - ok
cache:INFO: generating system library: sysroot/lib/wasm32-emscripten/libc++abi-debug-noexcept.a... (this will be cached in "/Volumes/seed2/Projects/demuxe-jspi-asyncify-builds-20260927/mpv-subtitles-01/cache/sysroot/lib/wasm32-emscripten/libc++abi-debug-noexcept.a" for subsequent builds)
system_libs:INFO: compiled 16 inputs in 2.36s
cache:INFO:  - ok
cache:INFO: generating system library: sysroot/lib/wasm32-emscripten/libsockets.a... (this will be cached in "/Volumes/seed2/Projects/demuxe-jspi-asyncify-builds-20260927/mpv-subtitles-01/cache/sysroot/lib/wasm32-emscripten/libsockets.a" for subsequent builds)
system_libs:INFO: compiled 27 inputs in 1.01s
cache:INFO:  - ok
emcc: [35m[1mwarning: [0m[1mrunning limited binaryen optimizations because DWARF info requested (or indirectly required) [-Wlimited-postlink-optimizations]
[0m