{
  "scope": "Actual WebGPU compressed Hap/FLIC representation, decoder-independent device recovery, and exact GPU difference witness. Tiny component experiments, no physical overlay/energy or whole-player claims.",
  "browser": "152.0.7977.83",
  "probes": {
    "features": [
      "depth32float-stencil8",
      "rg11b10ufloat-renderable",
      "texture-formats-tier1",
      "bgra8unorm-storage",
      "texture-compression-bc",
      "dual-source-blending",
      "core-features-and-limits",
      "float32-filterable",
      "indirect-first-instance",
      "texture-compression-astc-sliced-3d",
      "float32-blendable",
      "subgroup-size-control",
      "texture-compression-astc",
      "texture-compression-etc2",
      "depth-clip-control",
      "texture-compression-bc-sliced-3d",
      "shader-f16",
      "clip-distances",
      "timestamp-query",
      "texture-formats-tier2",
      "primitive-index",
      "texture-component-swizzle",
      "subgroups"
    ],
    "info": {
      "vendor": "apple",
      "architecture": "metal-3",
      "device": "",
      "description": ""
    },
    "hap": {
      "supported": true,
      "exact": true,
      "compressedBytes": 16,
      "rgbaBytes": 128
    },
    "flic": [
      {
        "exact": true,
        "pixels": [
          255,
          0,
          0,
          255,
          255,
          0,
          0,
          255,
          0,
          255,
          0,
          255,
          0,
          255,
          0,
          255,
          255,
          0,
          0,
          255,
          255,
          0,
          0,
          255,
          0,
          255,
          0,
          255,
          0,
          255,
          0,
          255,
          255,
          0,
          0,
          255,
          255,
          0,
          0,
          255,
          0,
          255,
          0,
          255,
          0,
          255,
          0,
          255,
          255,
          0,
          0,
          255,
          255,
          0,
          0,
          255,
          0,
          255,
          0,
          255,
          0,
          255,
          0,
          255
        ]
      },
      {
        "exact": true,
        "pixels": [
          0,
          0,
          255,
          255,
          0,
          0,
          255,
          255,
          0,
          255,
          0,
          255,
          0,
          255,
          0,
          255,
          0,
          0,
          255,
          255,
          0,
          0,
          255,
          255,
          0,
          255,
          0,
          255,
          0,
          255,
          0,
          255,
          0,
          0,
          255,
          255,
          0,
          0,
          255,
          255,
          0,
          255,
          0,
          255,
          0,
          255,
          0,
          255,
          0,
          0,
          255,
          255,
          0,
          0,
          255,
          255,
          0,
          255,
          0,
          255,
          0,
          255,
          0,
          255
        ]
      }
    ],
    "recovery": {
      "loss": "destroyed",
      "redrawExact": true,
      "decoderStillConfigured": true,
      "nextDecodedTimestamp": 1000000,
      "decoderInstances": 1
    },
    "errors": [],
    "cleanup": true
  },
  "passed": true
}
