{
  "scope": "Actual persistent browser zlib ZMBV32 reconstruction, eight frames against independent FFmpeg BGR0 oracle. CPU component, no GPU or integrated playback claim.",
  "browser": "152.0.7977.83",
  "probe": {
    "rows": [
      {
        "frame": 0,
        "key": true,
        "exact": true
      },
      {
        "frame": 1,
        "key": false,
        "exact": true
      },
      {
        "frame": 2,
        "key": false,
        "exact": true
      },
      {
        "frame": 3,
        "key": false,
        "exact": true
      },
      {
        "frame": 4,
        "key": false,
        "exact": true
      },
      {
        "frame": 5,
        "key": false,
        "exact": true
      },
      {
        "frame": 6,
        "key": false,
        "exact": true
      },
      {
        "frame": 7,
        "key": false,
        "exact": true
      }
    ],
    "coldDeltaRejected": true,
    "persistentInflater": true,
    "cleanup": true
  },
  "passed": true
}
