ninja: Entering directory `/Volumes/seed2/Projects/demuxe-nonisolated-full-playback-20260929/playback-parity-deps-01/objects/fribidi'
[1/46] Compiling C object gen.tab/gen-unicode-version.p/gen-unicode-version.c.o
[2/46] Linking target gen.tab/gen-unicode-version
[3/46] Generating gen.tab/fribidi-unicode-version.h with a custom command (wrapped by meson to capture output)
[4/46] Compiling C object gen.tab/gen-bidi-type-tab.p/gen-bidi-type-tab.c.o
[5/46] Compiling C object gen.tab/gen-joining-type-tab.p/gen-joining-type-tab.c.o
[6/46] Compiling C object gen.tab/gen-bidi-type-tab.p/packtab.c.o
[7/46] Compiling C object gen.tab/gen-joining-type-tab.p/packtab.c.o
[8/46] Compiling C object gen.tab/gen-arabic-shaping-tab.p/gen-arabic-shaping-tab.c.o
[9/46] Compiling C object gen.tab/gen-mirroring-tab.p/gen-mirroring-tab.c.o
[10/46] Compiling C object gen.tab/gen-arabic-shaping-tab.p/packtab.c.o
[11/46] Compiling C object gen.tab/gen-mirroring-tab.p/packtab.c.o
[12/46] Compiling C object gen.tab/gen-brackets-tab.p/gen-brackets-tab.c.o
[13/46] Compiling C object gen.tab/gen-brackets-type-tab.p/gen-brackets-type-tab.c.o
[14/46] Compiling C object gen.tab/gen-brackets-tab.p/packtab.c.o
[15/46] Linking target gen.tab/gen-bidi-type-tab
[16/46] Linking target gen.tab/gen-arabic-shaping-tab
[17/46] Linking target gen.tab/gen-joining-type-tab
[18/46] Compiling C object gen.tab/gen-brackets-type-tab.p/packtab.c.o
[19/46] Linking target gen.tab/gen-mirroring-tab
[20/46] Linking target gen.tab/gen-brackets-tab
[21/46] Linking target gen.tab/gen-brackets-type-tab
[22/46] Generating gen.tab/gen-arabic-shaping-tab with a custom command (wrapped by meson to capture output)
[23/46] Generating gen.tab/gen-bidi-type-tab with a custom command (wrapped by meson to capture output)
[24/46] Generating gen.tab/gen-mirroring-tab with a custom command (wrapped by meson to capture output)
[25/46] Generating gen.tab/gen-joining-type-tab with a custom command (wrapped by meson to capture output)
[26/46] Generating gen.tab/gen-brackets-tab with a custom command (wrapped by meson to capture output)
[27/46] Generating gen.tab/gen-brackets-type-tab with a custom command (wrapped by meson to capture output)
[28/46] Compiling C object lib/libfribidi.a.p/fribidi-bidi-types.c.o
[29/46] Compiling C object lib/libfribidi.a.p/fribidi.c.o
[30/46] Compiling C object lib/libfribidi.a.p/fribidi-arabic.c.o
[31/46] Compiling C object lib/libfribidi.a.p/fribidi-char-sets-cp1255.c.o
[32/46] Compiling C object lib/libfribidi.a.p/fribidi-bidi.c.o
../../sources/fribidi/lib/fribidi-bidi.c:577:28: warning: implicit conversion from enumeration type 'FriBidiCharType' to different enumeration type 'FriBidiParType' [-Wimplicit-enum-enum-cast]
  577 |               *pbase_dir = FRIBIDI_LEVEL_TO_DIR (base_level);
      |                          ~ ^~~~~~~~~~~~~~~~~~~~~~~~~~~~~~~~~
../../sources/fribidi/lib/fribidi-bidi-types.h:257:32: note: expanded from macro 'FRIBIDI_LEVEL_TO_DIR'
  257 |         (FRIBIDI_LEVEL_IS_RTL (lev) ? FRIBIDI_TYPE_RTL : FRIBIDI_TYPE_LTR)
      |                                       ^~~~~~~~~~~~~~~~
../../sources/fribidi/lib/fribidi-bidi.c:577:28: warning: implicit conversion from enumeration type 'FriBidiCharType' to different enumeration type 'FriBidiParType' [-Wimplicit-enum-enum-cast]
  577 |               *pbase_dir = FRIBIDI_LEVEL_TO_DIR (base_level);
      |                          ~ ^~~~~~~~~~~~~~~~~~~~~~~~~~~~~~~~~
../../sources/fribidi/lib/fribidi-bidi-types.h:257:51: note: expanded from macro 'FRIBIDI_LEVEL_TO_DIR'
  257 |         (FRIBIDI_LEVEL_IS_RTL (lev) ? FRIBIDI_TYPE_RTL : FRIBIDI_TYPE_LTR)
      |                                                          ^~~~~~~~~~~~~~~~
../../sources/fribidi/lib/fribidi-bidi.c:582:14: warning: implicit conversion from enumeration type 'FriBidiCharType' to different enumeration type 'FriBidiParType' [-Wimplicit-enum-enum-cast]
  582 |   base_dir = FRIBIDI_LEVEL_TO_DIR (base_level);
      |            ~ ^~~~~~~~~~~~~~~~~~~~~~~~~~~~~~~~~
../../sources/fribidi/lib/fribidi-bidi-types.h:257:32: note: expanded from macro 'FRIBIDI_LEVEL_TO_DIR'
  257 |         (FRIBIDI_LEVEL_IS_RTL (lev) ? FRIBIDI_TYPE_RTL : FRIBIDI_TYPE_LTR)
      |                                       ^~~~~~~~~~~~~~~~
../../sources/fribidi/lib/fribidi-bidi.c:582:14: warning: implicit conversion from enumeration type 'FriBidiCharType' to different enumeration type 'FriBidiParType' [-Wimplicit-enum-enum-cast]
  582 |   base_dir = FRIBIDI_LEVEL_TO_DIR (base_level);
      |            ~ ^~~~~~~~~~~~~~~~~~~~~~~~~~~~~~~~~
../../sources/fribidi/lib/fribidi-bidi-types.h:257:51: note: expanded from macro 'FRIBIDI_LEVEL_TO_DIR'
  257 |         (FRIBIDI_LEVEL_IS_RTL (lev) ? FRIBIDI_TYPE_RTL : FRIBIDI_TYPE_LTR)
      |                                                          ^~~~~~~~~~~~~~~~
../../sources/fribidi/lib/fribidi-bidi.c:1392:16: warning: implicit conversion from enumeration type 'FriBidiParType' to different enumeration type 'FriBidiCharType' [-Wimplicit-enum-enum-cast]
 1392 |             p->type = base_dir;
      |                     ~ ^~~~~~~~
5 warnings generated.
[33/46] Compiling C object lib/libfribidi.a.p/fribidi-char-sets.c.o
[34/46] Compiling C object lib/libfribidi.a.p/fribidi-char-sets-cap-rtl.c.o
[35/46] Compiling C object lib/libfribidi.a.p/fribidi-char-sets-iso8859-6.c.o
[36/46] Compiling C object lib/libfribidi.a.p/fribidi-char-sets-iso8859-8.c.o
[37/46] Compiling C object lib/libfribidi.a.p/fribidi-char-sets-cp1256.c.o
[38/46] Compiling C object lib/libfribidi.a.p/fribidi-char-sets-utf8.c.o
[39/46] Compiling C object lib/libfribidi.a.p/fribidi-joining.c.o
[40/46] Compiling C object lib/libfribidi.a.p/fribidi-joining-types.c.o
[41/46] Compiling C object lib/libfribidi.a.p/fribidi-mirroring.c.o
[42/46] Compiling C object lib/libfribidi.a.p/fribidi-deprecated.c.o
[43/46] Compiling C object lib/libfribidi.a.p/fribidi-brackets.c.o
[44/46] Compiling C object lib/libfribidi.a.p/fribidi-run.c.o
[45/46] Compiling C object lib/libfribidi.a.p/fribidi-shape.c.o
[46/46] Linking static target lib/libfribidi.a
