The Meson build system
Version: 1.7.2
Source dir: /Volumes/seed2/Projects/demuxe-nonisolated-full-playback-20260929/playback-parity-deps-01/sources/dav1d
Build dir: /Volumes/seed2/Projects/demuxe-nonisolated-full-playback-20260929/playback-parity-deps-01/objects/dav1d
Build type: cross build
Project name: dav1d
Project version: 1.5.4
C compiler for the host machine: /Volumes/seed2/Projects/demuxe-release-closeout-20260916/build/emsdk-4.0.14/upstream/emscripten/emcc (emscripten 4.0.14 "emcc (Emscripten gcc/clang-like replacement + linker emulating GNU ld) 4.0.14 (96371ed7888fc78c040179f4d4faa82a6a07a116)")
C linker for the host machine: /Volumes/seed2/Projects/demuxe-release-closeout-20260916/build/emsdk-4.0.14/upstream/emscripten/emcc ld.wasm 22.0.0
C compiler for the build machine: cc (clang 21.0.0 "Apple clang version 21.0.0 (clang-2100.1.1.101)")
C linker for the build machine: cc ld64 1267
Build machine cpu family: aarch64
Build machine cpu: aarch64
Host machine cpu family: wasm32
Host machine cpu: wasm32
Target machine cpu family: wasm32
Target machine cpu: wasm32
Fetching value of define "DAV1D_API_VERSION_MAJOR" : 7 
Fetching value of define "DAV1D_API_VERSION_MINOR" : 0 
Fetching value of define "DAV1D_API_VERSION_PATCH" : 0 
Checking for function "clock_gettime" : YES 
Checking for function "sigaction" : YES 
Checking for function "posix_memalign" : YES 
Checking for function "memalign" : YES 
Checking for function "aligned_alloc" : YES 
Library m found: YES
Check usable header "stdatomic.h" : YES 
Check usable header "sys/types.h" : YES 
Check usable header "unistd.h" : YES 
Check usable header "io.h" : NO 
Check usable header "pthread_np.h" : NO 
Checking for function "getopt_long" : YES 
sources/dav1d/meson.build:266: WARNING: Project targets '>= 0.54.0' but uses feature introduced in '0.57.0': compiler method "dependencies" kwarg with internal dep.
Checking for function "pthread_getaffinity_np" : NO 
sources/dav1d/meson.build:267: WARNING: Project targets '>= 0.54.0' but uses feature introduced in '0.57.0': compiler method "dependencies" kwarg with internal dep.
Checking for function "pthread_setaffinity_np" : NO 
sources/dav1d/meson.build:268: WARNING: Project targets '>= 0.54.0' but uses feature introduced in '0.57.0': compiler method "dependencies" kwarg with internal dep.
Checking for function "pthread_setname_np" : NO 
sources/dav1d/meson.build:269: WARNING: Project targets '>= 0.54.0' but uses feature introduced in '0.57.0': compiler method "dependencies" kwarg with internal dep.
Checking for function "pthread_set_name_np" : NO 
Checking if "_Generic" compiles: YES 
Compiler for C supports arguments -fvisibility=hidden: YES 
Compiler for C supports arguments -Wundef: YES 
Compiler for C supports arguments -Werror=vla: YES 
Compiler for C supports arguments -Wno-maybe-uninitialized: NO 
Compiler for C supports arguments -Wno-missing-field-initializers: YES 
Compiler for C supports arguments -Wno-unused-parameter: YES 
Compiler for C supports arguments -Wstrict-prototypes: YES 
Compiler for C supports arguments -Werror=missing-prototypes: YES 
Compiler for C supports arguments -Wshorten-64-to-32: YES 
Compiler for C supports arguments -fomit-frame-pointer: YES 
Compiler for C supports arguments -ffast-math: YES 
Configuring config.h using configuration
Found pkg-config: YES (/opt/homebrew/bin/pkg-config) 2.5.1
Build targets in project: 5
WARNING: Project specifies a minimum meson_version '>= 0.54.0' but uses features which were added in newer versions:
 * 0.57.0: {'compiler method "dependencies" kwarg with internal dep'}

dav1d 1.5.4

  User defined options
    Cross files    : /Volumes/seed2/Projects/demuxe-nonisolated-full-playback-20260929/playback-parity-deps-01/cross.ini
    auto_features  : disabled
    buildtype      : release
    default_library: static
    enable_asm     : false
    enable_tests   : false
    enable_tools   : false
    libdir         : lib
    prefix         : /Volumes/seed2/Projects/demuxe-nonisolated-full-playback-20260929/playback-parity-deps-01/prefix
    wrap_mode      : nofallback

Found ninja-1.13.2 at /opt/homebrew/bin/ninja
