ninja: Entering directory `/Volumes/seed2/Projects/demuxe-nonisolated-full-playback-20260929/playback-parity-deps-01/objects/dav1d'
[1/53] Generating include/vcs_version.h with a custom command
fatal: not a git repository: '/Volumes/seed2/Projects/demuxe-nonisolated-full-playback-20260929/playback-parity-deps-01/sources/dav1d/.git'
[2/53] Compiling C object src/libdav1d_bitdepth_8.a.p/fg_apply_tmpl.c.o
[3/53] Compiling C object src/libdav1d_bitdepth_8.a.p/filmgrain_tmpl.c.o
[4/53] Compiling C object src/libdav1d_bitdepth_8.a.p/cdef_tmpl.c.o
[5/53] Compiling C object src/libdav1d_bitdepth_8.a.p/ipred_prepare_tmpl.c.o
[6/53] Compiling C object src/libdav1d_bitdepth_8.a.p/itx_tmpl.c.o
[7/53] Compiling C object src/libdav1d_bitdepth_8.a.p/ipred_tmpl.c.o
[8/53] Compiling C object src/libdav1d_bitdepth_8.a.p/cdef_apply_tmpl.c.o
[9/53] Compiling C object src/libdav1d_bitdepth_8.a.p/lf_apply_tmpl.c.o
[10/53] Compiling C object src/libdav1d_bitdepth_8.a.p/loopfilter_tmpl.c.o
[11/53] Compiling C object src/libdav1d_bitdepth_8.a.p/lr_apply_tmpl.c.o
[12/53] Compiling C object src/libdav1d_bitdepth_8.a.p/looprestoration_tmpl.c.o
[13/53] Compiling C object src/libdav1d_bitdepth_16.a.p/cdef_apply_tmpl.c.o
[14/53] Compiling C object src/libdav1d_bitdepth_16.a.p/cdef_tmpl.c.o
[15/53] Compiling C object src/libdav1d_bitdepth_8.a.p/mc_tmpl.c.o
[16/53] Compiling C object src/libdav1d_bitdepth_16.a.p/fg_apply_tmpl.c.o
[17/53] Compiling C object src/libdav1d_bitdepth_16.a.p/ipred_prepare_tmpl.c.o
[18/53] Compiling C object src/libdav1d_bitdepth_16.a.p/filmgrain_tmpl.c.o
[19/53] Compiling C object src/libdav1d_bitdepth_8.a.p/recon_tmpl.c.o
[20/53] Compiling C object src/libdav1d_bitdepth_16.a.p/ipred_tmpl.c.o
[21/53] Compiling C object src/libdav1d_bitdepth_16.a.p/itx_tmpl.c.o
[22/53] Compiling C object src/libdav1d_bitdepth_16.a.p/lf_apply_tmpl.c.o
[23/53] Compiling C object src/libdav1d_bitdepth_16.a.p/loopfilter_tmpl.c.o
[24/53] Compiling C object src/libdav1d_bitdepth_16.a.p/lr_apply_tmpl.c.o
[25/53] Compiling C object src/libdav1d_bitdepth_16.a.p/looprestoration_tmpl.c.o
[26/53] Compiling C object src/libdav1d_bitdepth_16.a.p/mc_tmpl.c.o
[27/53] Compiling C object src/libdav1d_bitdepth_16.a.p/recon_tmpl.c.o
[28/53] Compiling C object src/libdav1d.a.p/cpu.c.o
[29/53] Compiling C object src/libdav1d.a.p/cdf.c.o
[30/53] Compiling C object src/libdav1d.a.p/ctx.c.o
[31/53] Compiling C object src/libdav1d.a.p/data.c.o
[32/53] Compiling C object src/libdav1d.a.p/dequant_tables.c.o
[33/53] Compiling C object src/libdav1d.a.p/getbits.c.o
[34/53] Compiling C object src/libdav1d.a.p/intra_edge.c.o
[35/53] Compiling C object src/libdav1d.a.p/lf_mask.c.o
[36/53] Compiling C object src/libdav1d.a.p/lib.c.o
[37/53] Compiling C object src/libdav1d.a.p/itx_1d.c.o
[38/53] Compiling C object src/libdav1d.a.p/log.c.o
[39/53] Compiling C object src/libdav1d.a.p/decode.c.o
[40/53] Compiling C object src/libdav1d.a.p/mem.c.o
[41/53] Compiling C object src/libdav1d.a.p/msac.c.o
[42/53] Compiling C object src/libdav1d.a.p/pal.c.o
[43/53] Compiling C object src/libdav1d.a.p/picture.c.o
[44/53] Compiling C object src/libdav1d.a.p/obu.c.o
[45/53] Compiling C object src/libdav1d.a.p/ref.c.o
[46/53] Compiling C object src/libdav1d.a.p/qm.c.o
[47/53] Compiling C object src/libdav1d.a.p/refmvs.c.o
[48/53] Compiling C object src/libdav1d.a.p/scan.c.o
[49/53] Compiling C object src/libdav1d.a.p/tables.c.o
[50/53] Compiling C object src/libdav1d.a.p/warpmv.c.o
[51/53] Compiling C object src/libdav1d.a.p/thread_task.c.o
[52/53] Compiling C object src/libdav1d.a.p/wedge.c.o
[53/53] Linking static target src/libdav1d.a
