[1/27] Building CXX object CMakeFiles/zimg.dir/Volumes/seed2/Projects/demuxe-nonisolated-full-playback-20260929/playback-parity-deps-01/sources/zimg/src/zimg/colorspace/colorspace_param.cpp.o
[2/27] Building CXX object CMakeFiles/zimg.dir/Volumes/seed2/Projects/demuxe-nonisolated-full-playback-20260929/playback-parity-deps-01/sources/zimg/src/zimg/colorspace/gamma.cpp.o
[3/27] Building CXX object CMakeFiles/zimg.dir/Volumes/seed2/Projects/demuxe-nonisolated-full-playback-20260929/playback-parity-deps-01/sources/zimg/src/zimg/colorspace/matrix3.cpp.o
[4/27] Building CXX object CMakeFiles/zimg.dir/Volumes/seed2/Projects/demuxe-nonisolated-full-playback-20260929/playback-parity-deps-01/sources/zimg/src/zimg/colorspace/operation.cpp.o
[5/27] Building CXX object CMakeFiles/zimg.dir/Volumes/seed2/Projects/demuxe-nonisolated-full-playback-20260929/playback-parity-deps-01/sources/zimg/src/zimg/colorspace/colorspace.cpp.o
[6/27] Building CXX object CMakeFiles/zimg.dir/Volumes/seed2/Projects/demuxe-nonisolated-full-playback-20260929/playback-parity-deps-01/sources/zimg/src/zimg/common/cpuinfo.cpp.o
[7/27] Building CXX object CMakeFiles/zimg.dir/Volumes/seed2/Projects/demuxe-nonisolated-full-playback-20260929/playback-parity-deps-01/sources/zimg/src/zimg/colorspace/operation_impl.cpp.o
[8/27] Building CXX object CMakeFiles/zimg.dir/Volumes/seed2/Projects/demuxe-nonisolated-full-playback-20260929/playback-parity-deps-01/sources/zimg/src/zimg/api/zimg.cpp.o
[9/27] Building CXX object CMakeFiles/zimg.dir/Volumes/seed2/Projects/demuxe-nonisolated-full-playback-20260929/playback-parity-deps-01/sources/zimg/src/zimg/common/libm_wrapper.cpp.o
[10/27] Building CXX object CMakeFiles/zimg.dir/Volumes/seed2/Projects/demuxe-nonisolated-full-playback-20260929/playback-parity-deps-01/sources/zimg/src/zimg/colorspace/graph.cpp.o
[11/27] Building CXX object CMakeFiles/zimg.dir/Volumes/seed2/Projects/demuxe-nonisolated-full-playback-20260929/playback-parity-deps-01/sources/zimg/src/zimg/depth/blue.cpp.o
[12/27] Building CXX object CMakeFiles/zimg.dir/Volumes/seed2/Projects/demuxe-nonisolated-full-playback-20260929/playback-parity-deps-01/sources/zimg/src/zimg/depth/depth.cpp.o
[13/27] Building CXX object CMakeFiles/zimg.dir/Volumes/seed2/Projects/demuxe-nonisolated-full-playback-20260929/playback-parity-deps-01/sources/zimg/src/zimg/depth/depth_convert.cpp.o
[14/27] Building CXX object CMakeFiles/zimg.dir/Volumes/seed2/Projects/demuxe-nonisolated-full-playback-20260929/playback-parity-deps-01/sources/zimg/src/zimg/common/matrix.cpp.o
[15/27] Building CXX object CMakeFiles/zimg.dir/Volumes/seed2/Projects/demuxe-nonisolated-full-playback-20260929/playback-parity-deps-01/sources/zimg/src/zimg/depth/dither.cpp.o
[16/27] Building CXX object CMakeFiles/zimg.dir/Volumes/seed2/Projects/demuxe-nonisolated-full-playback-20260929/playback-parity-deps-01/sources/zimg/src/zimg/depth/quantize.cpp.o
[17/27] Building CXX object CMakeFiles/zimg.dir/Volumes/seed2/Projects/demuxe-nonisolated-full-playback-20260929/playback-parity-deps-01/sources/zimg/src/zimg/graph/basic_filter.cpp.o
[18/27] Building CXX object CMakeFiles/zimg.dir/Volumes/seed2/Projects/demuxe-nonisolated-full-playback-20260929/playback-parity-deps-01/sources/zimg/src/zimg/graph/filtergraph.cpp.o
[19/27] Building CXX object CMakeFiles/zimg.dir/Volumes/seed2/Projects/demuxe-nonisolated-full-playback-20260929/playback-parity-deps-01/sources/zimg/src/zimg/graph/graphbuilder.cpp.o
[20/27] Building CXX object CMakeFiles/zimg.dir/Volumes/seed2/Projects/demuxe-nonisolated-full-playback-20260929/playback-parity-deps-01/sources/zimg/src/zimg/resize/filter.cpp.o
[21/27] Building CXX object CMakeFiles/zimg.dir/Volumes/seed2/Projects/demuxe-nonisolated-full-playback-20260929/playback-parity-deps-01/sources/zimg/src/zimg/graph/graphnode.cpp.o
[22/27] Building CXX object CMakeFiles/zimg.dir/Volumes/seed2/Projects/demuxe-nonisolated-full-playback-20260929/playback-parity-deps-01/sources/zimg/src/zimg/resize/resize.cpp.o
[23/27] Building CXX object CMakeFiles/zimg.dir/Volumes/seed2/Projects/demuxe-nonisolated-full-playback-20260929/playback-parity-deps-01/sources/zimg/src/zimg/resize/resize_impl.cpp.o
[24/27] Building CXX object CMakeFiles/zimg.dir/Volumes/seed2/Projects/demuxe-nonisolated-full-playback-20260929/playback-parity-deps-01/sources/zimg/src/zimg/unresize/bilinear.cpp.o
[25/27] Building CXX object CMakeFiles/zimg.dir/Volumes/seed2/Projects/demuxe-nonisolated-full-playback-20260929/playback-parity-deps-01/sources/zimg/src/zimg/unresize/unresize.cpp.o
[26/27] Building CXX object CMakeFiles/zimg.dir/Volumes/seed2/Projects/demuxe-nonisolated-full-playback-20260929/playback-parity-deps-01/sources/zimg/src/zimg/unresize/unresize_impl.cpp.o
[27/27] Linking CXX static library libzimg.a
