configure: cmake -S /Volumes/seed2/Projects/demuxe-nonisolated-full-playback-20260929/playback-parity-deps-01/sources/libxml2 -B /Volumes/seed2/Projects/demuxe-nonisolated-full-playback-20260929/playback-parity-deps-01/objects/libxml2 -G Ninja -DCMAKE_INSTALL_PREFIX=/Volumes/seed2/Projects/demuxe-nonisolated-full-playback-20260929/playback-parity-deps-01/prefix -DCMAKE_BUILD_TYPE=Release -DBUILD_SHARED_LIBS=OFF -DLIBXML2_WITH_PROGRAMS=OFF -DLIBXML2_WITH_TESTS=OFF -DLIBXML2_WITH_PYTHON=OFF -DLIBXML2_WITH_ICONV=OFF -DLIBXML2_WITH_ZLIB=OFF -DLIBXML2_WITH_LZMA=OFF -DLIBXML2_WITH_HTTP=OFF -DLIBXML2_WITH_FTP=OFF -DLIBXML2_WITH_MODULES=OFF -DCMAKE_TOOLCHAIN_FILE=/Volumes/seed2/Projects/demuxe-release-closeout-20260916/build/emsdk-4.0.14/upstream/emscripten/cmake/Modules/Platform/Emscripten.cmake -DCMAKE_CROSSCOMPILING_EMULATOR=/Users/jagatranvo/.nvm/versions/node/v23.5.0/bin/node
-- Found PkgConfig: /opt/homebrew/bin/pkg-config (found version "2.5.1")
-- Performing Test CMAKE_HAVE_LIBC_PTHREAD
-- Performing Test CMAKE_HAVE_LIBC_PTHREAD - Success
-- Found Threads: TRUE
-- Performing Test HAVE_ATTRIBUTE_DESTRUCTOR
-- Performing Test HAVE_ATTRIBUTE_DESTRUCTOR - Success
-- Looking for include file arpa/inet.h
-- Looking for include file arpa/inet.h - found
-- Looking for class
-- Looking for class - not found
-- Looking for include file dlfcn.h
-- Looking for include file dlfcn.h - found
-- Looking for dlopen in dl
-- Looking for dlopen in dl - found
-- Looking for include file dl.h
-- Looking for include file dl.h - not found
-- Looking for include file fcntl.h
-- Looking for include file fcntl.h - found
-- Looking for fpclass
-- Looking for fpclass - not found
-- Looking for ftime
-- Looking for ftime - found
-- Looking for getentropy
-- Looking for getentropy - found
-- Looking for gettimeofday
-- Looking for gettimeofday - found
-- Looking for append_history in history
-- Looking for append_history in history - not found
-- Looking for readline in readline
-- Looking for readline in readline - not found
-- Looking for mmap
-- Looking for mmap - found
-- Looking for munmap
-- Looking for munmap - found
-- Looking for include file netdb.h
-- Looking for include file netdb.h - found
-- Looking for include file netinet/in.h
-- Looking for include file netinet/in.h - found
-- Looking for include file poll.h
-- Looking for include file poll.h - found
-- Looking for shl_load in dld
-- Looking for shl_load in dld - not found
-- Looking for stat
-- Looking for stat - found
-- Looking for include file stdint.h
-- Looking for include file stdint.h - found
-- Looking for include file sys/mman.h
-- Looking for include file sys/mman.h - found
-- Looking for include file sys/random.h
-- Looking for include file sys/random.h - not found
-- Looking for include file sys/select.h
-- Looking for include file sys/select.h - found
-- Looking for include file sys/socket.h
-- Looking for include file sys/socket.h - found
-- Looking for include file sys/stat.h
-- Looking for include file sys/stat.h - found
-- Looking for include file sys/timeb.h
-- Looking for include file sys/timeb.h - found
-- Looking for include file sys/time.h
-- Looking for include file sys/time.h - found
-- Looking for include file unistd.h
-- Looking for include file unistd.h - found
-- Performing Test XML_SOCKLEN_T_SOCKLEN_T
-- Performing Test XML_SOCKLEN_T_SOCKLEN_T - Success
-- Looking for include file pthread.h
-- Looking for include file pthread.h - found
-- Configuring done (38.5s)
-- Generating done (0.1s)
-- Build files have been written to: /Volumes/seed2/Projects/demuxe-nonisolated-full-playback-20260929/playback-parity-deps-01/objects/libxml2
