[1/45] Building C object CMakeFiles/LibXml2.dir/chvalid.c.o
[2/45] Building C object CMakeFiles/LibXml2.dir/buf.c.o
[3/45] Building C object CMakeFiles/LibXml2.dir/c14n.c.o
[4/45] Building C object CMakeFiles/LibXml2.dir/catalog.c.o
[5/45] Building C object CMakeFiles/LibXml2.dir/debugXML.c.o
[6/45] Building C object CMakeFiles/LibXml2.dir/dict.c.o
[7/45] Building C object CMakeFiles/LibXml2.dir/entities.c.o
[8/45] Building C object CMakeFiles/LibXml2.dir/error.c.o
[9/45] Building C object CMakeFiles/LibXml2.dir/encoding.c.o
/Volumes/seed2/Projects/demuxe-nonisolated-full-playback-20260929/playback-parity-deps-01/sources/libxml2/encoding.c:3538:5: warning: initializer-string for character array is too long, array size is 688 but initializer has size 689 (including the null terminating character); did you mean to use the 'nonstring' attribute? [-Wunterminated-string-initialization]
 3538 |     "\x00\x00\x01\x09\x04\x07\x00\x00\x00\x00\x00\x00\x00\x00\x00\x00"
      |     ^~~~~~~~~~~~~~~~~~~~~~~~~~~~~~~~~~~~~~~~~~~~~~~~~~~~~~~~~~~~~~~~~~
 3539 |     "\x00\x00\x00\x00\x00\x00\x00\x00\x00\x00\x00\x00\x00\x00\x00\x00"
      |     ~~~~~~~~~~~~~~~~~~~~~~~~~~~~~~~~~~~~~~~~~~~~~~~~~~~~~~~~~~~~~~~~~~
 3540 |     "\x00\x02\x00\x00\x00\x00\x00\x00\x00\x00\x00\x00\x00\x00\x00\x00"
      |     ~~~~~~~~~~~~~~~~~~~~~~~~~~~~~~~~~~~~~~~~~~~~~~~~~~~~~~~~~~~~~~~~~~
 3541 |     "\x00\x00\x00\x00\x00\x00\x00\x00\x00\x00\x00\x00\x00\x00\x00\x00"
      |     ~~~~~~~~~~~~~~~~~~~~~~~~~~~~~~~~~~~~~~~~~~~~~~~~~~~~~~~~~~~~~~~~~~
 3542 |     "\x00\x00\x00\x00\x00\x00\x00\x00\x00\x00\x00\x00\x00\x00\x00\x00"
      |     ~~~~~~~~~~~~~~~~~~~~~~~~~~~~~~~~~~~~~~~~~~~~~~~~~~~~~~~~~~~~~~~~~~
 3543 |     "\x00\x00\x00\x00\x00\x00\x00\x00\x00\x00\x00\x00\x00\x00\x00\x00"
      |     ~~~~~~~~~~~~~~~~~~~~~~~~~~~~~~~~~~~~~~~~~~~~~~~~~~~~~~~~~~~~~~~~~~
 3544 |     "\x00\x00\x00\x00\x00\x00\x00\x00\x00\x00\x00\x00\x00\x00\x00\x00"
      |     ~~~~~~~~~~~~~~~~~~~~~~~~~~~~~~~~~~~~~~~~~~~~~~~~~~~~~~~~~~~~~~~~~~
 3545 |     "\x80\x81\x82\x83\x84\x85\x86\x87\x88\x89\x8a\x8b\x8c\x8d\x8e\x8f"
      |     ~~~~~~~~~~~~~~~~~~~~~~~~~~~~~~~~~~~~~~~~~~~~~~~~~~~~~~~~~~~~~~~~~~
 3546 |     "\x90\x91\x92\x93\x94\x95\x96\x97\x98\x99\x9a\x9b\x9c\x9d\x9e\x9f"
      |     ~~~~~~~~~~~~~~~~~~~~~~~~~~~~~~~~~~~~~~~~~~~~~~~~~~~~~~~~~~~~~~~~~~
 3547 |     "\xa0\x00\x00\xa3\x00\x00\x00\xa7\x00\xa9\x00\x00\x00\xad\xae\x00"
      |     ~~~~~~~~~~~~~~~~~~~~~~~~~~~~~~~~~~~~~~~~~~~~~~~~~~~~~~~~~~~~~~~~~~
 3548 |     "\x00\x00\x00\x00\x00\x00\xb6\x00\x00\x00\x00\x00\x00\x00\x00\x00"
      |     ~~~~~~~~~~~~~~~~~~~~~~~~~~~~~~~~~~~~~~~~~~~~~~~~~~~~~~~~~~~~~~~~~~
 3549 |     "\x00\x00\x00\x00\x00\x00\x00\x00\x00\x00\x00\x00\x00\x00\x00\x00"
      |     ~~~~~~~~~~~~~~~~~~~~~~~~~~~~~~~~~~~~~~~~~~~~~~~~~~~~~~~~~~~~~~~~~~
 3550 |     "\x00\x00\x00\x00\x00\x00\x00\x00\x00\x00\x00\x00\x00\x00\x00\x00"
      |     ~~~~~~~~~~~~~~~~~~~~~~~~~~~~~~~~~~~~~~~~~~~~~~~~~~~~~~~~~~~~~~~~~~
 3551 |     "\x00\x00\x00\x00\x00\x00\x00\x00\x00\x00\x00\x00\x00\x00\x00\x00"
      |     ~~~~~~~~~~~~~~~~~~~~~~~~~~~~~~~~~~~~~~~~~~~~~~~~~~~~~~~~~~~~~~~~~~
 3552 |     "\x00\x00\x00\x00\x00\x00\x00\x00\x03\x08\x05\x06\x00\x00\x00\x00"
      |     ~~~~~~~~~~~~~~~~~~~~~~~~~~~~~~~~~~~~~~~~~~~~~~~~~~~~~~~~~~~~~~~~~~
 3553 |     "\x00\x00\xa1\xa2\x00\x00\x00\x00\x00\x00\xa6\xab\x00\x00\x00\x00"
      |     ~~~~~~~~~~~~~~~~~~~~~~~~~~~~~~~~~~~~~~~~~~~~~~~~~~~~~~~~~~~~~~~~~~
/Volumes/seed2/Projects/demuxe-nonisolated-full-playback-20260929/playback-parity-deps-01/sources/libxml2/encoding.c:3603:5: warning: initializer-string for character array is too long, array size is 432 but initializer has size 433 (including the null terminating character); did you mean to use the 'nonstring' attribute? [-Wunterminated-string-initialization]
 3603 |     "\x00\x00\x01\x05\x00\x04\x00\x00\x00\x00\x00\x00\x00\x00\x00\x00"
      |     ^~~~~~~~~~~~~~~~~~~~~~~~~~~~~~~~~~~~~~~~~~~~~~~~~~~~~~~~~~~~~~~~~~
 3604 |     "\x00\x00\x00\x00\x00\x00\x00\x00\x00\x00\x00\x00\x00\x00\x00\x00"
      |     ~~~~~~~~~~~~~~~~~~~~~~~~~~~~~~~~~~~~~~~~~~~~~~~~~~~~~~~~~~~~~~~~~~
 3605 |     "\x00\x00\x02\x00\x00\x00\x00\x00\x00\x00\x00\x00\x00\x00\x00\x00"
      |     ~~~~~~~~~~~~~~~~~~~~~~~~~~~~~~~~~~~~~~~~~~~~~~~~~~~~~~~~~~~~~~~~~~
 3606 |     "\x00\x00\x00\x00\x00\x00\x00\x00\x00\x00\x00\x00\x00\x00\x00\x00"
      |     ~~~~~~~~~~~~~~~~~~~~~~~~~~~~~~~~~~~~~~~~~~~~~~~~~~~~~~~~~~~~~~~~~~
 3607 |     "\x00\x00\x00\x00\x00\x00\x00\x00\x00\x00\x00\x00\x00\x00\x00\x00"
      |     ~~~~~~~~~~~~~~~~~~~~~~~~~~~~~~~~~~~~~~~~~~~~~~~~~~~~~~~~~~~~~~~~~~
 3608 |     "\x00\x00\x00\x00\x00\x00\x00\x00\x00\x00\x00\x00\x00\x00\x00\x00"
      |     ~~~~~~~~~~~~~~~~~~~~~~~~~~~~~~~~~~~~~~~~~~~~~~~~~~~~~~~~~~~~~~~~~~
 3609 |     "\x00\x00\x00\x00\x00\x00\x00\x00\x00\x00\x00\x00\x00\x00\x00\x00"
      |     ~~~~~~~~~~~~~~~~~~~~~~~~~~~~~~~~~~~~~~~~~~~~~~~~~~~~~~~~~~~~~~~~~~
 3610 |     "\x80\x81\x82\x83\x84\x85\x86\x87\x88\x89\x8a\x8b\x8c\x8d\x8e\x8f"
      |     ~~~~~~~~~~~~~~~~~~~~~~~~~~~~~~~~~~~~~~~~~~~~~~~~~~~~~~~~~~~~~~~~~~
 3611 |     "\x90\x91\x92\x93\x94\x95\x96\x97\x98\x99\x9a\x9b\x9c\x9d\x9e\x9f"
      |     ~~~~~~~~~~~~~~~~~~~~~~~~~~~~~~~~~~~~~~~~~~~~~~~~~~~~~~~~~~~~~~~~~~
 3612 |     "\xa0\xa1\xa2\xa3\x00\xa5\x00\xa7\x00\xa9\xaa\xab\xac\xad\xae\xaf"
      |     ~~~~~~~~~~~~~~~~~~~~~~~~~~~~~~~~~~~~~~~~~~~~~~~~~~~~~~~~~~~~~~~~~~
 3613 |     "\xb0\xb1\xb2\xb3\x00\xb5\xb6\xb7\x00\xb9\xba\xbb\x00\x00\x00\xbf"
      |     ~~~~~~~~~~~~~~~~~~~~~~~~~~~~~~~~~~~~~~~~~~~~~~~~~~~~~~~~~~~~~~~~~~
 3614 |     "\x00\x00\x03\x00\x00\x00\x00\x00\x00\x00\x00\x00\x00\x00\x00\x00"
      |     ~~~~~~~~~~~~~~~~~~~~~~~~~~~~~~~~~~~~~~~~~~~~~~~~~~~~~~~~~~~~~~~~~~
 3615 |     "\x00\x00\x00\x00\x00\x00\x00\x00\x00\x00\x00\x00\x00\x00\x00\x00"
      |     ~~~~~~~~~~~~~~~~~~~~~~~~~~~~~~~~~~~~~~~~~~~~~~~~~~~~~~~~~~~~~~~~~~
 3616 |     "\x00\x00\x00\x00\x00\x00\x00\x00\x00\x00\x00\x00\x00\x00\x00\x00"
      |     ~~~~~~~~~~~~~~~~~~~~~~~~~~~~~~~~~~~~~~~~~~~~~~~~~~~~~~~~~~~~~~~~~~
 3617 |     "\x00\x00\x00\x00\x00\x00\x00\x00\x00\x00\x00\x00\x00\x00\x00\x00"
      |     ~~~~~~~~~~~~~~~~~~~~~~~~~~~~~~~~~~~~~~~~~~~~~~~~~~~~~~~~~~~~~~~~~~
 3618 |     "\x00\x00\x00\x00\x00\x00\x00\x00\x00\x00\x00\x00\x00\x00\x00\x00"
      |     ~~~~~~~~~~~~~~~~~~~~~~~~~~~~~~~~~~~~~~~~~~~~~~~~~~~~~~~~~~~~~~~~~~
/Volumes/seed2/Projects/demuxe-nonisolated-full-playback-20260929/playback-parity-deps-01/sources/libxml2/encoding.c:3652:5: warning: initializer-string for character array is too long, array size is 624 but initializer has size 625 (including the null terminating character); did you mean to use the 'nonstring' attribute? [-Wunterminated-string-initialization]
 3652 |     "\x00\x00\x01\x08\x02\x03\x00\x00\x07\x00\x00\x00\x00\x00\x00\x00"
      |     ^~~~~~~~~~~~~~~~~~~~~~~~~~~~~~~~~~~~~~~~~~~~~~~~~~~~~~~~~~~~~~~~~~
 3653 |     "\x00\x00\x00\x00\x00\x00\x00\x00\x00\x00\x00\x00\x00\x00\x00\x00"
      |     ~~~~~~~~~~~~~~~~~~~~~~~~~~~~~~~~~~~~~~~~~~~~~~~~~~~~~~~~~~~~~~~~~~
 3654 |     "\x00\x00\x04\x00\x00\x00\x00\x00\x00\x00\x00\x00\x00\x00\x00\x00"
      |     ~~~~~~~~~~~~~~~~~~~~~~~~~~~~~~~~~~~~~~~~~~~~~~~~~~~~~~~~~~~~~~~~~~
 3655 |     "\x00\x00\x00\x00\x00\x00\x00\x00\x00\x00\x00\x00\x00\x00\x00\x00"
      |     ~~~~~~~~~~~~~~~~~~~~~~~~~~~~~~~~~~~~~~~~~~~~~~~~~~~~~~~~~~~~~~~~~~
 3656 |     "\x00\x00\x00\x00\x00\x00\x00\x00\x00\x00\x00\x00\x00\x00\x00\x00"
      |     ~~~~~~~~~~~~~~~~~~~~~~~~~~~~~~~~~~~~~~~~~~~~~~~~~~~~~~~~~~~~~~~~~~
 3657 |     "\x00\x00\x00\x00\x00\x00\x00\x00\x00\x00\x00\x00\x00\x00\x00\x00"
      |     ~~~~~~~~~~~~~~~~~~~~~~~~~~~~~~~~~~~~~~~~~~~~~~~~~~~~~~~~~~~~~~~~~~
 3658 |     "\x00\x00\x00\x00\x00\x00\x00\x00\x00\x00\x00\x00\x00\x00\x00\x00"
      |     ~~~~~~~~~~~~~~~~~~~~~~~~~~~~~~~~~~~~~~~~~~~~~~~~~~~~~~~~~~~~~~~~~~
 3659 |     "\x80\x81\x82\x83\x84\x85\x86\x87\x88\x89\x8a\x8b\x8c\x8d\x8e\x8f"
      |     ~~~~~~~~~~~~~~~~~~~~~~~~~~~~~~~~~~~~~~~~~~~~~~~~~~~~~~~~~~~~~~~~~~
 3660 |     "\x90\x91\x92\x93\x94\x95\x96\x97\x98\x99\x9a\x9b\x9c\x9d\x9e\x9f"
      |     ~~~~~~~~~~~~~~~~~~~~~~~~~~~~~~~~~~~~~~~~~~~~~~~~~~~~~~~~~~~~~~~~~~
 3661 |     "\xa0\x00\x00\x00\x00\x00\x00\xa7\x00\xa9\x00\xab\x00\xad\x00\x00"
      |     ~~~~~~~~~~~~~~~~~~~~~~~~~~~~~~~~~~~~~~~~~~~~~~~~~~~~~~~~~~~~~~~~~~
 3662 |     "\xb0\xb1\x00\x00\x00\x00\xb6\xb7\x00\x00\x00\xbb\x00\x00\x00\x00"
      |     ~~~~~~~~~~~~~~~~~~~~~~~~~~~~~~~~~~~~~~~~~~~~~~~~~~~~~~~~~~~~~~~~~~
 3663 |     "\x00\x00\xc3\xe3\xa1\xa2\xc5\xe5\x00\x00\x00\x00\xb2\xb9\x00\x00"
      |     ~~~~~~~~~~~~~~~~~~~~~~~~~~~~~~~~~~~~~~~~~~~~~~~~~~~~~~~~~~~~~~~~~~
 3664 |     "\xd0\xf0\x00\x00\x00\x00\x00\x00\xdd\xfd\x00\x00\x00\x00\x00\x00"
      |     ~~~~~~~~~~~~~~~~~~~~~~~~~~~~~~~~~~~~~~~~~~~~~~~~~~~~~~~~~~~~~~~~~~
 3665 |     "\x00\x00\x00\x00\x00\x00\x00\x00\x00\x00\x00\x00\x00\x00\x00\x00"
      |     ~~~~~~~~~~~~~~~~~~~~~~~~~~~~~~~~~~~~~~~~~~~~~~~~~~~~~~~~~~~~~~~~~~
 3666 |     "\x00\x00\x00\x00\x00\x00\x00\x00\x00\x00\x00\x00\x00\x00\x00\x00"
      |     ~~~~~~~~~~~~~~~~~~~~~~~~~~~~~~~~~~~~~~~~~~~~~~~~~~~~~~~~~~~~~~~~~~
 3667 |     "\x00\xa3\xb3\xd1\xf1\x00\x00\x00\x00\x00\x00\x00\x00\x00\x00\x00"
      |     ~~~~~~~~~~~~~~~~~~~~~~~~~~~~~~~~~~~~~~~~~~~~~~~~~~~~~~~~~~~~~~~~~~
3 warnings generated.
[10/45] Building C object CMakeFiles/LibXml2.dir/hash.c.o
[11/45] Building C object CMakeFiles/LibXml2.dir/globals.c.o
[12/45] Building C object CMakeFiles/LibXml2.dir/legacy.c.o
[13/45] Building C object CMakeFiles/LibXml2.dir/list.c.o
[14/45] Building C object CMakeFiles/LibXml2.dir/HTMLtree.c.o
[15/45] Building C object CMakeFiles/LibXml2.dir/nanoftp.c.o
[16/45] Building C object CMakeFiles/LibXml2.dir/nanohttp.c.o
[17/45] Building C object CMakeFiles/LibXml2.dir/HTMLparser.c.o
[18/45] Building C object CMakeFiles/LibXml2.dir/parserInternals.c.o
[19/45] Building C object CMakeFiles/LibXml2.dir/pattern.c.o
[20/45] Building C object CMakeFiles/LibXml2.dir/SAX.c.o
[21/45] Building C object CMakeFiles/LibXml2.dir/SAX2.c.o
[22/45] Building C object CMakeFiles/LibXml2.dir/parser.c.o
[23/45] Building C object CMakeFiles/LibXml2.dir/schematron.c.o
[24/45] Building C object CMakeFiles/LibXml2.dir/threads.c.o
[25/45] Building C object CMakeFiles/LibXml2.dir/relaxng.c.o
[26/45] Building C object CMakeFiles/LibXml2.dir/uri.c.o
[27/45] Building C object CMakeFiles/LibXml2.dir/valid.c.o
[28/45] Building C object CMakeFiles/LibXml2.dir/xlink.c.o
[29/45] Building C object CMakeFiles/LibXml2.dir/xinclude.c.o
[30/45] Building C object CMakeFiles/LibXml2.dir/tree.c.o
[31/45] Building C object CMakeFiles/LibXml2.dir/xmlmemory.c.o
[32/45] Building C object CMakeFiles/LibXml2.dir/xmlmodule.c.o
[33/45] Building C object CMakeFiles/LibXml2.dir/xmlIO.c.o
[34/45] Building C object CMakeFiles/LibXml2.dir/xmlsave.c.o
[35/45] Building C object CMakeFiles/LibXml2.dir/xmlreader.c.o
[36/45] Building C object CMakeFiles/LibXml2.dir/xmlregexp.c.o
[37/45] Building C object CMakeFiles/LibXml2.dir/xmlstring.c.o
[38/45] Building C object CMakeFiles/LibXml2.dir/xmlunicode.c.o
[39/45] Building C object CMakeFiles/LibXml2.dir/xmlschemastypes.c.o
[40/45] Building C object CMakeFiles/LibXml2.dir/xmlwriter.c.o
[41/45] Building C object CMakeFiles/LibXml2.dir/xzlib.c.o
[42/45] Building C object CMakeFiles/LibXml2.dir/xpointer.c.o
[43/45] Building C object CMakeFiles/LibXml2.dir/xmlschemas.c.o
[44/45] Building C object CMakeFiles/LibXml2.dir/xpath.c.o
[45/45] Linking C static library libxml2.a
