-- Install configuration: "Release"
-- Installing: /Volumes/seed2/Projects/demuxe-nonisolated-full-playback-20260929/playback-parity-deps-01/prefix/include/libxml2/libxml/c14n.h
-- Installing: /Volumes/seed2/Projects/demuxe-nonisolated-full-playback-20260929/playback-parity-deps-01/prefix/include/libxml2/libxml/catalog.h
-- Installing: /Volumes/seed2/Projects/demuxe-nonisolated-full-playback-20260929/playback-parity-deps-01/prefix/include/libxml2/libxml/chvalid.h
-- Installing: /Volumes/seed2/Projects/demuxe-nonisolated-full-playback-20260929/playback-parity-deps-01/prefix/include/libxml2/libxml/debugXML.h
-- Installing: /Volumes/seed2/Projects/demuxe-nonisolated-full-playback-20260929/playback-parity-deps-01/prefix/include/libxml2/libxml/dict.h
-- Installing: /Volumes/seed2/Projects/demuxe-nonisolated-full-playback-20260929/playback-parity-deps-01/prefix/include/libxml2/libxml/encoding.h
-- Installing: /Volumes/seed2/Projects/demuxe-nonisolated-full-playback-20260929/playback-parity-deps-01/prefix/include/libxml2/libxml/entities.h
-- Installing: /Volumes/seed2/Projects/demuxe-nonisolated-full-playback-20260929/playback-parity-deps-01/prefix/include/libxml2/libxml/globals.h
-- Installing: /Volumes/seed2/Projects/demuxe-nonisolated-full-playback-20260929/playback-parity-deps-01/prefix/include/libxml2/libxml/hash.h
-- Installing: /Volumes/seed2/Projects/demuxe-nonisolated-full-playback-20260929/playback-parity-deps-01/prefix/include/libxml2/libxml/HTMLparser.h
-- Installing: /Volumes/seed2/Projects/demuxe-nonisolated-full-playback-20260929/playback-parity-deps-01/prefix/include/libxml2/libxml/HTMLtree.h
-- Installing: /Volumes/seed2/Projects/demuxe-nonisolated-full-playback-20260929/playback-parity-deps-01/prefix/include/libxml2/libxml/list.h
-- Installing: /Volumes/seed2/Projects/demuxe-nonisolated-full-playback-20260929/playback-parity-deps-01/prefix/include/libxml2/libxml/nanoftp.h
-- Installing: /Volumes/seed2/Projects/demuxe-nonisolated-full-playback-20260929/playback-parity-deps-01/prefix/include/libxml2/libxml/nanohttp.h
-- Installing: /Volumes/seed2/Projects/demuxe-nonisolated-full-playback-20260929/playback-parity-deps-01/prefix/include/libxml2/libxml/parser.h
-- Installing: /Volumes/seed2/Projects/demuxe-nonisolated-full-playback-20260929/playback-parity-deps-01/prefix/include/libxml2/libxml/parserInternals.h
-- Installing: /Volumes/seed2/Projects/demuxe-nonisolated-full-playback-20260929/playback-parity-deps-01/prefix/include/libxml2/libxml/pattern.h
-- Installing: /Volumes/seed2/Projects/demuxe-nonisolated-full-playback-20260929/playback-parity-deps-01/prefix/include/libxml2/libxml/relaxng.h
-- Installing: /Volumes/seed2/Projects/demuxe-nonisolated-full-playback-20260929/playback-parity-deps-01/prefix/include/libxml2/libxml/SAX.h
-- Installing: /Volumes/seed2/Projects/demuxe-nonisolated-full-playback-20260929/playback-parity-deps-01/prefix/include/libxml2/libxml/SAX2.h
-- Installing: /Volumes/seed2/Projects/demuxe-nonisolated-full-playback-20260929/playback-parity-deps-01/prefix/include/libxml2/libxml/schemasInternals.h
-- Installing: /Volumes/seed2/Projects/demuxe-nonisolated-full-playback-20260929/playback-parity-deps-01/prefix/include/libxml2/libxml/schematron.h
-- Installing: /Volumes/seed2/Projects/demuxe-nonisolated-full-playback-20260929/playback-parity-deps-01/prefix/include/libxml2/libxml/threads.h
-- Installing: /Volumes/seed2/Projects/demuxe-nonisolated-full-playback-20260929/playback-parity-deps-01/prefix/include/libxml2/libxml/tree.h
-- Installing: /Volumes/seed2/Projects/demuxe-nonisolated-full-playback-20260929/playback-parity-deps-01/prefix/include/libxml2/libxml/uri.h
-- Installing: /Volumes/seed2/Projects/demuxe-nonisolated-full-playback-20260929/playback-parity-deps-01/prefix/include/libxml2/libxml/valid.h
-- Installing: /Volumes/seed2/Projects/demuxe-nonisolated-full-playback-20260929/playback-parity-deps-01/prefix/include/libxml2/libxml/xinclude.h
-- Installing: /Volumes/seed2/Projects/demuxe-nonisolated-full-playback-20260929/playback-parity-deps-01/prefix/include/libxml2/libxml/xlink.h
-- Installing: /Volumes/seed2/Projects/demuxe-nonisolated-full-playback-20260929/playback-parity-deps-01/prefix/include/libxml2/libxml/xmlIO.h
-- Installing: /Volumes/seed2/Projects/demuxe-nonisolated-full-playback-20260929/playback-parity-deps-01/prefix/include/libxml2/libxml/xmlautomata.h
-- Installing: /Volumes/seed2/Projects/demuxe-nonisolated-full-playback-20260929/playback-parity-deps-01/prefix/include/libxml2/libxml/xmlerror.h
-- Installing: /Volumes/seed2/Projects/demuxe-nonisolated-full-playback-20260929/playback-parity-deps-01/prefix/include/libxml2/libxml/xmlexports.h
-- Installing: /Volumes/seed2/Projects/demuxe-nonisolated-full-playback-20260929/playback-parity-deps-01/prefix/include/libxml2/libxml/xmlmemory.h
-- Installing: /Volumes/seed2/Projects/demuxe-nonisolated-full-playback-20260929/playback-parity-deps-01/prefix/include/libxml2/libxml/xmlmodule.h
-- Installing: /Volumes/seed2/Projects/demuxe-nonisolated-full-playback-20260929/playback-parity-deps-01/prefix/include/libxml2/libxml/xmlreader.h
-- Installing: /Volumes/seed2/Projects/demuxe-nonisolated-full-playback-20260929/playback-parity-deps-01/prefix/include/libxml2/libxml/xmlregexp.h
-- Installing: /Volumes/seed2/Projects/demuxe-nonisolated-full-playback-20260929/playback-parity-deps-01/prefix/include/libxml2/libxml/xmlsave.h
-- Installing: /Volumes/seed2/Projects/demuxe-nonisolated-full-playback-20260929/playback-parity-deps-01/prefix/include/libxml2/libxml/xmlschemas.h
-- Installing: /Volumes/seed2/Projects/demuxe-nonisolated-full-playback-20260929/playback-parity-deps-01/prefix/include/libxml2/libxml/xmlschemastypes.h
-- Installing: /Volumes/seed2/Projects/demuxe-nonisolated-full-playback-20260929/playback-parity-deps-01/prefix/include/libxml2/libxml/xmlstring.h
-- Installing: /Volumes/seed2/Projects/demuxe-nonisolated-full-playback-20260929/playback-parity-deps-01/prefix/include/libxml2/libxml/xmlunicode.h
-- Installing: /Volumes/seed2/Projects/demuxe-nonisolated-full-playback-20260929/playback-parity-deps-01/prefix/include/libxml2/libxml/xmlwriter.h
-- Installing: /Volumes/seed2/Projects/demuxe-nonisolated-full-playback-20260929/playback-parity-deps-01/prefix/include/libxml2/libxml/xpath.h
-- Installing: /Volumes/seed2/Projects/demuxe-nonisolated-full-playback-20260929/playback-parity-deps-01/prefix/include/libxml2/libxml/xpathInternals.h
-- Installing: /Volumes/seed2/Projects/demuxe-nonisolated-full-playback-20260929/playback-parity-deps-01/prefix/include/libxml2/libxml/xpointer.h
-- Installing: /Volumes/seed2/Projects/demuxe-nonisolated-full-playback-20260929/playback-parity-deps-01/prefix/lib/libxml2.a
-- Installing: /Volumes/seed2/Projects/demuxe-nonisolated-full-playback-20260929/playback-parity-deps-01/prefix/share/man/man1/xml2-config.1
-- Installing: /Volumes/seed2/Projects/demuxe-nonisolated-full-playback-20260929/playback-parity-deps-01/prefix/share/man/man1/xmlcatalog.1
-- Installing: /Volumes/seed2/Projects/demuxe-nonisolated-full-playback-20260929/playback-parity-deps-01/prefix/share/man/man1/xmllint.1
-- Installing: /Volumes/seed2/Projects/demuxe-nonisolated-full-playback-20260929/playback-parity-deps-01/prefix/share/doc/libxml2
-- Installing: /Volumes/seed2/Projects/demuxe-nonisolated-full-playback-20260929/playback-parity-deps-01/prefix/share/doc/libxml2/devhelp
-- Installing: /Volumes/seed2/Projects/demuxe-nonisolated-full-playback-20260929/playback-parity-deps-01/prefix/share/doc/libxml2/devhelp/general.html
-- Installing: /Volumes/seed2/Projects/demuxe-nonisolated-full-playback-20260929/playback-parity-deps-01/prefix/share/doc/libxml2/devhelp/home.png
-- Installing: /Volumes/seed2/Projects/demuxe-nonisolated-full-playback-20260929/playback-parity-deps-01/prefix/share/doc/libxml2/devhelp/index.html
-- Installing: /Volumes/seed2/Projects/demuxe-nonisolated-full-playback-20260929/playback-parity-deps-01/prefix/share/doc/libxml2/devhelp/left.png
-- Installing: /Volumes/seed2/Projects/demuxe-nonisolated-full-playback-20260929/playback-parity-deps-01/prefix/share/doc/libxml2/devhelp/libxml2-c14n.html
-- Installing: /Volumes/seed2/Projects/demuxe-nonisolated-full-playback-20260929/playback-parity-deps-01/prefix/share/doc/libxml2/devhelp/libxml2-catalog.html
-- Installing: /Volumes/seed2/Projects/demuxe-nonisolated-full-playback-20260929/playback-parity-deps-01/prefix/share/doc/libxml2/devhelp/libxml2-chvalid.html
-- Installing: /Volumes/seed2/Projects/demuxe-nonisolated-full-playback-20260929/playback-parity-deps-01/prefix/share/doc/libxml2/devhelp/libxml2-debugXML.html
-- Installing: /Volumes/seed2/Projects/demuxe-nonisolated-full-playback-20260929/playback-parity-deps-01/prefix/share/doc/libxml2/devhelp/libxml2-dict.html
-- Installing: /Volumes/seed2/Projects/demuxe-nonisolated-full-playback-20260929/playback-parity-deps-01/prefix/share/doc/libxml2/devhelp/libxml2-encoding.html
-- Installing: /Volumes/seed2/Projects/demuxe-nonisolated-full-playback-20260929/playback-parity-deps-01/prefix/share/doc/libxml2/devhelp/libxml2-entities.html
-- Installing: /Volumes/seed2/Projects/demuxe-nonisolated-full-playback-20260929/playback-parity-deps-01/prefix/share/doc/libxml2/devhelp/libxml2-globals.html
-- Installing: /Volumes/seed2/Projects/demuxe-nonisolated-full-playback-20260929/playback-parity-deps-01/prefix/share/doc/libxml2/devhelp/libxml2-hash.html
-- Installing: /Volumes/seed2/Projects/demuxe-nonisolated-full-playback-20260929/playback-parity-deps-01/prefix/share/doc/libxml2/devhelp/libxml2-HTMLparser.html
-- Installing: /Volumes/seed2/Projects/demuxe-nonisolated-full-playback-20260929/playback-parity-deps-01/prefix/share/doc/libxml2/devhelp/libxml2-HTMLtree.html
-- Installing: /Volumes/seed2/Projects/demuxe-nonisolated-full-playback-20260929/playback-parity-deps-01/prefix/share/doc/libxml2/devhelp/libxml2-list.html
-- Installing: /Volumes/seed2/Projects/demuxe-nonisolated-full-playback-20260929/playback-parity-deps-01/prefix/share/doc/libxml2/devhelp/libxml2-nanoftp.html
-- Installing: /Volumes/seed2/Projects/demuxe-nonisolated-full-playback-20260929/playback-parity-deps-01/prefix/share/doc/libxml2/devhelp/libxml2-nanohttp.html
-- Installing: /Volumes/seed2/Projects/demuxe-nonisolated-full-playback-20260929/playback-parity-deps-01/prefix/share/doc/libxml2/devhelp/libxml2-parser.html
-- Installing: /Volumes/seed2/Projects/demuxe-nonisolated-full-playback-20260929/playback-parity-deps-01/prefix/share/doc/libxml2/devhelp/libxml2-parserInternals.html
-- Installing: /Volumes/seed2/Projects/demuxe-nonisolated-full-playback-20260929/playback-parity-deps-01/prefix/share/doc/libxml2/devhelp/libxml2-pattern.html
-- Installing: /Volumes/seed2/Projects/demuxe-nonisolated-full-playback-20260929/playback-parity-deps-01/prefix/share/doc/libxml2/devhelp/libxml2-relaxng.html
-- Installing: /Volumes/seed2/Projects/demuxe-nonisolated-full-playback-20260929/playback-parity-deps-01/prefix/share/doc/libxml2/devhelp/libxml2-SAX.html
-- Installing: /Volumes/seed2/Projects/demuxe-nonisolated-full-playback-20260929/playback-parity-deps-01/prefix/share/doc/libxml2/devhelp/libxml2-SAX2.html
-- Installing: /Volumes/seed2/Projects/demuxe-nonisolated-full-playback-20260929/playback-parity-deps-01/prefix/share/doc/libxml2/devhelp/libxml2-schemasInternals.html
-- Installing: /Volumes/seed2/Projects/demuxe-nonisolated-full-playback-20260929/playback-parity-deps-01/prefix/share/doc/libxml2/devhelp/libxml2-schematron.html
-- Installing: /Volumes/seed2/Projects/demuxe-nonisolated-full-playback-20260929/playback-parity-deps-01/prefix/share/doc/libxml2/devhelp/libxml2-threads.html
-- Installing: /Volumes/seed2/Projects/demuxe-nonisolated-full-playback-20260929/playback-parity-deps-01/prefix/share/doc/libxml2/devhelp/libxml2-tree.html
-- Installing: /Volumes/seed2/Projects/demuxe-nonisolated-full-playback-20260929/playback-parity-deps-01/prefix/share/doc/libxml2/devhelp/libxml2-uri.html
-- Installing: /Volumes/seed2/Projects/demuxe-nonisolated-full-playback-20260929/playback-parity-deps-01/prefix/share/doc/libxml2/devhelp/libxml2-valid.html
-- Installing: /Volumes/seed2/Projects/demuxe-nonisolated-full-playback-20260929/playback-parity-deps-01/prefix/share/doc/libxml2/devhelp/libxml2-xinclude.html
-- Installing: /Volumes/seed2/Projects/demuxe-nonisolated-full-playback-20260929/playback-parity-deps-01/prefix/share/doc/libxml2/devhelp/libxml2-xlink.html
-- Installing: /Volumes/seed2/Projects/demuxe-nonisolated-full-playback-20260929/playback-parity-deps-01/prefix/share/doc/libxml2/devhelp/libxml2-xmlautomata.html
-- Installing: /Volumes/seed2/Projects/demuxe-nonisolated-full-playback-20260929/playback-parity-deps-01/prefix/share/doc/libxml2/devhelp/libxml2-xmlerror.html
-- Installing: /Volumes/seed2/Projects/demuxe-nonisolated-full-playback-20260929/playback-parity-deps-01/prefix/share/doc/libxml2/devhelp/libxml2-xmlexports.html
-- Installing: /Volumes/seed2/Projects/demuxe-nonisolated-full-playback-20260929/playback-parity-deps-01/prefix/share/doc/libxml2/devhelp/libxml2-xmlIO.html
-- Installing: /Volumes/seed2/Projects/demuxe-nonisolated-full-playback-20260929/playback-parity-deps-01/prefix/share/doc/libxml2/devhelp/libxml2-xmlmemory.html
-- Installing: /Volumes/seed2/Projects/demuxe-nonisolated-full-playback-20260929/playback-parity-deps-01/prefix/share/doc/libxml2/devhelp/libxml2-xmlmodule.html
-- Installing: /Volumes/seed2/Projects/demuxe-nonisolated-full-playback-20260929/playback-parity-deps-01/prefix/share/doc/libxml2/devhelp/libxml2-xmlreader.html
-- Installing: /Volumes/seed2/Projects/demuxe-nonisolated-full-playback-20260929/playback-parity-deps-01/prefix/share/doc/libxml2/devhelp/libxml2-xmlregexp.html
-- Installing: /Volumes/seed2/Projects/demuxe-nonisolated-full-playback-20260929/playback-parity-deps-01/prefix/share/doc/libxml2/devhelp/libxml2-xmlsave.html
-- Installing: /Volumes/seed2/Projects/demuxe-nonisolated-full-playback-20260929/playback-parity-deps-01/prefix/share/doc/libxml2/devhelp/libxml2-xmlschemas.html
-- Installing: /Volumes/seed2/Projects/demuxe-nonisolated-full-playback-20260929/playback-parity-deps-01/prefix/share/doc/libxml2/devhelp/libxml2-xmlschemastypes.html
-- Installing: /Volumes/seed2/Projects/demuxe-nonisolated-full-playback-20260929/playback-parity-deps-01/prefix/share/doc/libxml2/devhelp/libxml2-xmlstring.html
-- Installing: /Volumes/seed2/Projects/demuxe-nonisolated-full-playback-20260929/playback-parity-deps-01/prefix/share/doc/libxml2/devhelp/libxml2-xmlunicode.html
-- Installing: /Volumes/seed2/Projects/demuxe-nonisolated-full-playback-20260929/playback-parity-deps-01/prefix/share/doc/libxml2/devhelp/libxml2-xmlversion.html
-- Installing: /Volumes/seed2/Projects/demuxe-nonisolated-full-playback-20260929/playback-parity-deps-01/prefix/share/doc/libxml2/devhelp/libxml2-xmlwriter.html
-- Installing: /Volumes/seed2/Projects/demuxe-nonisolated-full-playback-20260929/playback-parity-deps-01/prefix/share/doc/libxml2/devhelp/libxml2-xpath.html
-- Installing: /Volumes/seed2/Projects/demuxe-nonisolated-full-playback-20260929/playback-parity-deps-01/prefix/share/doc/libxml2/devhelp/libxml2-xpathInternals.html
-- Installing: /Volumes/seed2/Projects/demuxe-nonisolated-full-playback-20260929/playback-parity-deps-01/prefix/share/doc/libxml2/devhelp/libxml2-xpointer.html
-- Installing: /Volumes/seed2/Projects/demuxe-nonisolated-full-playback-20260929/playback-parity-deps-01/prefix/share/doc/libxml2/devhelp/libxml2-xzlib.html
-- Installing: /Volumes/seed2/Projects/demuxe-nonisolated-full-playback-20260929/playback-parity-deps-01/prefix/share/doc/libxml2/devhelp/libxml2.devhelp2
-- Installing: /Volumes/seed2/Projects/demuxe-nonisolated-full-playback-20260929/playback-parity-deps-01/prefix/share/doc/libxml2/devhelp/meson.build
-- Installing: /Volumes/seed2/Projects/demuxe-nonisolated-full-playback-20260929/playback-parity-deps-01/prefix/share/doc/libxml2/devhelp/right.png
-- Installing: /Volumes/seed2/Projects/demuxe-nonisolated-full-playback-20260929/playback-parity-deps-01/prefix/share/doc/libxml2/devhelp/style.css
-- Installing: /Volumes/seed2/Projects/demuxe-nonisolated-full-playback-20260929/playback-parity-deps-01/prefix/share/doc/libxml2/devhelp/up.png
-- Installing: /Volumes/seed2/Projects/demuxe-nonisolated-full-playback-20260929/playback-parity-deps-01/prefix/share/doc/libxml2/meson.build
-- Installing: /Volumes/seed2/Projects/demuxe-nonisolated-full-playback-20260929/playback-parity-deps-01/prefix/share/doc/libxml2/xmlcatalog.html
-- Installing: /Volumes/seed2/Projects/demuxe-nonisolated-full-playback-20260929/playback-parity-deps-01/prefix/share/doc/libxml2/xmllint.html
-- Installing: /Volumes/seed2/Projects/demuxe-nonisolated-full-playback-20260929/playback-parity-deps-01/prefix/lib/cmake/libxml2-2.13.8/libxml2-config.cmake
-- Installing: /Volumes/seed2/Projects/demuxe-nonisolated-full-playback-20260929/playback-parity-deps-01/prefix/lib/cmake/libxml2-2.13.8/libxml2-config-version.cmake
-- Installing: /Volumes/seed2/Projects/demuxe-nonisolated-full-playback-20260929/playback-parity-deps-01/prefix/lib/cmake/libxml2-2.13.8/libxml2-export.cmake
-- Installing: /Volumes/seed2/Projects/demuxe-nonisolated-full-playback-20260929/playback-parity-deps-01/prefix/lib/cmake/libxml2-2.13.8/libxml2-export-release.cmake
-- Installing: /Volumes/seed2/Projects/demuxe-nonisolated-full-playback-20260929/playback-parity-deps-01/prefix/include/libxml2/libxml/xmlversion.h
-- Installing: /Volumes/seed2/Projects/demuxe-nonisolated-full-playback-20260929/playback-parity-deps-01/prefix/lib/pkgconfig/libxml-2.0.pc
-- Installing: /Volumes/seed2/Projects/demuxe-nonisolated-full-playback-20260929/playback-parity-deps-01/prefix/bin/xml2-config
-- Installing: /Volumes/seed2/Projects/demuxe-nonisolated-full-playback-20260929/playback-parity-deps-01/prefix/share/aclocal/libxml.m4
