ffmpeg version 8.1.2 Copyright (c) 2000-2026 the FFmpeg developers
  built with Apple clang version 21.0.0 (clang-2100.0.123.102)
  configuration: --prefix=/opt/homebrew/Cellar/ffmpeg/8.1.2 --enable-shared --enable-pthreads --enable-version3 --cc=clang --host-cflags= --host-ldflags= --enable-ffplay --enable-gpl --enable-libsvtav1 --enable-libopus --enable-libx264 --enable-libmp3lame --enable-libdav1d --enable-libvmaf --enable-libvpx --enable-libx265 --enable-openssl --enable-videotoolbox --enable-audiotoolbox --enable-neon
  libavutil      60. 26.102 / 60. 26.102
  libavcodec     62. 28.102 / 62. 28.102
  libavformat    62. 12.102 / 62. 12.102
  libavdevice    62.  3.102 / 62.  3.102
  libavfilter    11. 14.102 / 11. 14.102
  libswscale      9.  5.102 /  9.  5.102
  libswresample   6.  3.102 /  6.  3.102
[libdav1d @ 0x97ac14380] libdav1d 1.5.3
Input #0, ivf, from 'research/shared/runs/20260919T224701Z-av1-hidden-preroll/hidden.ivf':
  Duration: 00:00:00.13, start: 0.000000, bitrate: 414 kb/s
  Stream #0:0: Video: av1 (libdav1d) (Main), 1 reference frame (AV01 / 0x31305641), yuv420p(tv), 160x96 [SAR 1:1 DAR 5:3], 24 fps, 24 tbr, 24 tbn
[out#0/null @ 0x97b01c3c0] No explicit maps, mapping streams automatically...
[vost#0:0/copy @ 0x97acc0000] Created video stream from input stream 0:0
[trace_headers @ 0x97b400190] Extradata
[trace_headers @ 0x97b400190] OBU header
[trace_headers @ 0x97b400190] 0           obu_forbidden_bit                                           0 = 0
[trace_headers @ 0x97b400190] 1           obu_type                                                 0001 = 1
[trace_headers @ 0x97b400190] 5           obu_extension_flag                                          0 = 0
[trace_headers @ 0x97b400190] 6           obu_has_size_field                                          1 = 1
[trace_headers @ 0x97b400190] 7           obu_reserved_1bit                                           0 = 0
[trace_headers @ 0x97b400190] 8           obu_size                                             00001010 = 10
[trace_headers @ 0x97b400190] Sequence Header
[trace_headers @ 0x97b400190] 16          seq_profile                                               000 = 0
[trace_headers @ 0x97b400190] 19          still_picture                                               0 = 0
[trace_headers @ 0x97b400190] 20          reduced_still_picture_header                                0 = 0
[trace_headers @ 0x97b400190] 21          timing_info_present_flag                                    0 = 0
[trace_headers @ 0x97b400190] 22          initial_display_delay_present_flag                          0 = 0
[trace_headers @ 0x97b400190] 23          operating_points_cnt_minus_1                            00000 = 0
[trace_headers @ 0x97b400190] 28          operating_point_idc[0]                           000000000000 = 0
[trace_headers @ 0x97b400190] 40          seq_level_idx[0]                                        00000 = 0
[trace_headers @ 0x97b400190] 45          frame_width_bits_minus_1                                 0111 = 7
[trace_headers @ 0x97b400190] 49          frame_height_bits_minus_1                                0110 = 6
[trace_headers @ 0x97b400190] 53          max_frame_width_minus_1                              10011111 = 159
[trace_headers @ 0x97b400190] 61          max_frame_height_minus_1                              1011111 = 95
[trace_headers @ 0x97b400190] 68          frame_id_numbers_present_flag                               0 = 0
[trace_headers @ 0x97b400190] 69          use_128x128_superblock                                      0 = 0
[trace_headers @ 0x97b400190] 70          enable_filter_intra                                         1 = 1
[trace_headers @ 0x97b400190] 71          enable_intra_edge_filter                                    1 = 1
[trace_headers @ 0x97b400190] 72          enable_interintra_compound                                  0 = 0
[trace_headers @ 0x97b400190] 73          enable_masked_compound                                      1 = 1
[trace_headers @ 0x97b400190] 74          enable_warped_motion                                        1 = 1
[trace_headers @ 0x97b400190] 75          enable_dual_filter                                          0 = 0
[trace_headers @ 0x97b400190] 76          enable_order_hint                                           0 = 0
[trace_headers @ 0x97b400190] 77          seq_choose_screen_content_tools                             1 = 1
[trace_headers @ 0x97b400190] 78          seq_choose_integer_mv                                       1 = 1
[trace_headers @ 0x97b400190] 79          enable_superres                                             0 = 0
[trace_headers @ 0x97b400190] 80          enable_cdef                                                 1 = 1
[trace_headers @ 0x97b400190] 81          enable_restoration                                          1 = 1
[trace_headers @ 0x97b400190] 82          high_bitdepth                                               0 = 0
[trace_headers @ 0x97b400190] 83          mono_chrome                                                 0 = 0
[trace_headers @ 0x97b400190] 84          color_description_present_flag                              0 = 0
[trace_headers @ 0x97b400190] 85          color_range                                                 0 = 0
[trace_headers @ 0x97b400190] 86          chroma_sample_position                                     00 = 0
[trace_headers @ 0x97b400190] 88          separate_uv_delta_q                                         0 = 0
[trace_headers @ 0x97b400190] 89          film_grain_params_present                                   0 = 0
[trace_headers @ 0x97b400190] 90          trailing_one_bit                                            1 = 1
[trace_headers @ 0x97b400190] 91          trailing_zero_bit                                           0 = 0
[trace_headers @ 0x97b400190] 92          trailing_zero_bit                                           0 = 0
[trace_headers @ 0x97b400190] 93          trailing_zero_bit                                           0 = 0
[trace_headers @ 0x97b400190] 94          trailing_zero_bit                                           0 = 0
[trace_headers @ 0x97b400190] 95          trailing_zero_bit                                           0 = 0
Stream mapping:
  Stream #0:0 -> #0:0 (copy)
Output #0, null, to 'pipe:':
  Metadata:
    encoder         : Lavf62.12.102
  Stream #0:0: Video: av1 (Main), 1 reference frame (AV01 / 0x31305641), yuv420p(tv), 160x96 [SAR 1:1 DAR 5:3], q=2-31, 24 fps, 24 tbr, 24 tbn
[out#0/null @ 0x97b01c3c0] Starting thread...
[in#0/ivf @ 0x97b018000] Starting thread...
Press [q] to stop, [?] for help
[in#0/ivf @ 0x97b018000] EOF while reading input
[in#0/ivf @ 0x97b018000] Terminating thread with return code 0 (success)
[out#0/null @ 0x97b01c3c0] All streams finished
[out#0/null @ 0x97b01c3c0] Terminating thread with return code 0 (success)
[out#0/null @ 0x97b01c3c0] Output file #0 (pipe:):
[out#0/null @ 0x97b01c3c0]   Output stream #0:0 (video): 0 packets muxed (0 bytes); 
[out#0/null @ 0x97b01c3c0]   Total: 0 packets (0 bytes) muxed
[out#0/null @ 0x97b01c3c0] video:0KiB audio:0KiB subtitle:0KiB other streams:0KiB global headers:0KiB muxing overhead: unknown
[out#0/null @ 0x97b01c3c0] Output file is empty, nothing was encoded
frame=    0 fps=0.0 q=-1.0 Lsize=N/A time=00:00:00.12 bitrate=N/A speed=1.79e+03x elapsed=0:00:00.00    
[in#0/ivf @ 0x97b018000] Input file #0 (research/shared/runs/20260919T224701Z-av1-hidden-preroll/hidden.ivf):
[in#0/ivf @ 0x97b018000]   Input stream #0:0 (video): 3 packets read (6401 bytes); 
[in#0/ivf @ 0x97b018000]   Total: 3 packets (6401 bytes) demuxed
[AVIOContext @ 0x97b018140] Statistics: 6469 bytes read, 0 seeks

Exiting with exit code 0
