[
  [
    "ffmpeg",
    "-v",
    "error",
    "-i",
    "/Volumes/seed2/Projects/demuxe-nonisolated-full-playback-20260929/720p-02/mpeg2.ts",
    "-vf",
    "select=eq(n\\,12)+eq(n\\,36)+eq(n\\,60),scale=in_color_matrix=bt601",
    "-an",
    "-fps_mode",
    "passthrough",
    "-sws_flags",
    "fast_bilinear",
    "-pix_fmt",
    "rgb24",
    "-f",
    "rawvideo",
    "pipe:1"
  ],
  [
    "ffmpeg",
    "-v",
    "error",
    "-i",
    "/Volumes/seed2/Projects/demuxe-nonisolated-full-playback-20260929/720p-02/mpeg2.ts",
    "-vf",
    "select=eq(n\\,12)+eq(n\\,36)+eq(n\\,60),scale=in_color_matrix=bt709",
    "-an",
    "-fps_mode",
    "passthrough",
    "-sws_flags",
    "fast_bilinear",
    "-pix_fmt",
    "rgb24",
    "-f",
    "rawvideo",
    "pipe:1"
  ]
]
