{
  "sizes": [
    {
      "variant": "shipping",
      "bytes": 22064233,
      "gzipBytes": 8128413,
      "sha256": "bcd6bc204ae6823e26b3052c0935661fa6d26370977ba9695754b07963932542"
    },
    {
      "variant": "stripped",
      "bytes": 21435184,
      "gzipBytes": 7948071,
      "sha256": "e70dd287b2d8132cb41cfdadd5b183e0a39ae9c3a4b36ac14cb021b6077d0d49"
    },
    {
      "variant": "baseline",
      "bytes": 22064233,
      "gzipBytes": 8128413,
      "sha256": "bcd6bc204ae6823e26b3052c0935661fa6d26370977ba9695754b07963932542"
    },
    {
      "variant": "lean",
      "bytes": 14873103,
      "gzipBytes": 5829466,
      "sha256": "e4e3ede6cb708094f8323c161aac32ab29c35cfd7362c5c631b16749ad88fc12"
    }
  ],
  "removedVideoDecoders": 268,
  "retainedDecoders": 229
}
