✔ Hybrid scalar filtering is explicit and never admits unrelated effects (0.521708ms)
✖ buffered admission requires live media coverage, retained RAP and current authority (0.200916ms)
  TypeError [Error]: p.canSeekBuffered is not a function
      at TestContext.<anonymous> (file:///Volumes/seed2/Projects/demuxe-optimization-integration/tests/optimization-contracts.mjs:22:34)
      at Test.runInAsyncScope (node:async_hooks:211:14)
      at Test.run (node:internal/test_runner/test:931:25)
      at Test.processPendingSubtests (node:internal/test_runner/test:629:18)
      at Test.postRun (node:internal/test_runner/test:1042:19)
      at Test.run (node:internal/test_runner/test:970:12)
      at async startSubtestAfterBootstrap (node:internal/test_runner/harness:297:3)

✖ buffered seek keeps producer generation and resets the consumption target (0.376583ms)
  AssertionError [ERR_ASSERTION]: Expected values to be strictly equal:
  
  3 !== 6
  
      at TestContext.<anonymous> (file:///Volumes/seed2/Projects/demuxe-optimization-integration/tests/optimization-contracts.mjs:31:25)
      at async Test.run (node:internal/test_runner/test:932:9)
      at async Test.processPendingSubtests (node:internal/test_runner/test:629:7) {
    generatedMessage: true,
    code: 'ERR_ASSERTION',
    actual: 3,
    expected: 6,
    operator: 'strictEqual'
  }

ℹ tests 3
ℹ suites 0
ℹ pass 1
ℹ fail 2
ℹ cancelled 0
ℹ skipped 0
ℹ todo 0
ℹ duration_ms 117.132833

✖ failing tests:

test at tests/optimization-contracts.mjs:21:1
✖ buffered admission requires live media coverage, retained RAP and current authority (0.200916ms)
  TypeError [Error]: p.canSeekBuffered is not a function
      at TestContext.<anonymous> (file:///Volumes/seed2/Projects/demuxe-optimization-integration/tests/optimization-contracts.mjs:22:34)
      at Test.runInAsyncScope (node:async_hooks:211:14)
      at Test.run (node:internal/test_runner/test:931:25)
      at Test.processPendingSubtests (node:internal/test_runner/test:629:18)
      at Test.postRun (node:internal/test_runner/test:1042:19)
      at Test.run (node:internal/test_runner/test:970:12)
      at async startSubtestAfterBootstrap (node:internal/test_runner/harness:297:3)

test at tests/optimization-contracts.mjs:29:1
✖ buffered seek keeps producer generation and resets the consumption target (0.376583ms)
  AssertionError [ERR_ASSERTION]: Expected values to be strictly equal:
  
  3 !== 6
  
      at TestContext.<anonymous> (file:///Volumes/seed2/Projects/demuxe-optimization-integration/tests/optimization-contracts.mjs:31:25)
      at async Test.run (node:internal/test_runner/test:932:9)
      at async Test.processPendingSubtests (node:internal/test_runner/test:629:7) {
    generatedMessage: true,
    code: 'ERR_ASSERTION',
    actual: 3,
    expected: 6,
    operator: 'strictEqual'
  }
