Input #0, lavfi, from 'testsrc2=size=320x180:rate=30:duration=12':
  Duration: N/A, start: 0.000000, bitrate: N/A
  Stream #0:0: Video: wrapped_avframe, yuv420p, 320x180 [SAR 1:1 DAR 16:9], 30 fps, 30 tbr, 30 tbn
Input #1, lavfi, from 'sine=frequency=440:sample_rate=48000:duration=12':
  Duration: N/A, start: 0.000000, bitrate: 768 kb/s
  Stream #1:0: Audio: pcm_s16le, 48000 Hz, mono, s16, 768 kb/s
Stream mapping:
  Stream #0:0 -> #0:0 (wrapped_avframe (native) -> h264 (libx264))
  Stream #1:0 -> #0:1 (pcm_s16le (native) -> aac (native))
[libx264 @ 0x750c2d180] using SAR=1/1
[libx264 @ 0x750c2d180] using cpu capabilities: ARMv8 NEON DotProd
[libx264 @ 0x750c2d180] profile Constrained Baseline, level 1.3, 4:2:0, 8-bit
[libx264 @ 0x750c2d180] 264 - core 165 r3222 b35605a - H.264/MPEG-4 AVC codec - Copyleft 2003-2025 - http://www.videolan.org/x264.html - options: cabac=0 ref=1 deblock=0:0:0 analyse=0:0 me=dia subme=0 psy=1 psy_rd=1.00:0.00 mixed_ref=0 me_range=16 chroma_me=1 trellis=0 8x8dct=0 cqm=0 deadzone=21,11 fast_pskip=1 chroma_qp_offset=0 threads=2 lookahead_threads=1 sliced_threads=0 nr=0 decimate=1 interlaced=0 bluray_compat=0 constrained_intra=0 bframes=0 weightp=0 keyint=30 keyint_min=3 scenecut=0 intra_refresh=0 rc=crf mbtree=0 crf=28.0 qcomp=0.60 qpmin=0 qpmax=69 qpstep=4 ip_ratio=1.40 aq=0
Output #0, mp4, to 'build/optimization-fixtures/gain.mp4':
  Metadata:
    encoder         : Lavf62.12.102
  Stream #0:0: Video: h264 (avc1 / 0x31637661), yuv420p(tv, progressive), 320x180 [SAR 1:1 DAR 16:9], q=2-31, 30 fps, 15360 tbn
    Metadata:
      encoder         : Lavc62.28.102 libx264
    Side data:
      CPB properties: bitrate max/min/avg: 0/0/0 buffer size: 0 vbv_delay: N/A
  Stream #0:1: Audio: aac (LC) (mp4a / 0x6134706D), 48000 Hz, mono, fltp, 128 kb/s
    Metadata:
      encoder         : Lavc62.28.102 aac
[out#0/mp4 @ 0x751020900] video:820KiB audio:187KiB subtitle:0KiB other streams:0KiB global headers:0KiB muxing overhead: 1.146178%
frame=  360 fps=0.0 q=-1.0 Lsize=    1018KiB time=00:00:12.00 bitrate= 695.2kbits/s speed= 130x elapsed=0:00:00.09    
[libx264 @ 0x750c2d180] frame I:12    Avg QP:23.92  size:  6715
[libx264 @ 0x750c2d180] frame P:348   Avg QP:26.77  size:  2179
[libx264 @ 0x750c2d180] mb I  I16..4: 100.0%  0.0%  0.0%
[libx264 @ 0x750c2d180] mb P  I16..4:  6.3%  0.0%  0.0%  P16..4: 27.2%  0.0%  0.0%  0.0%  0.0%    skip:66.5%
[libx264 @ 0x750c2d180] coded y,uvDC,uvAC intra: 19.0% 34.9% 25.0% inter: 11.1% 23.4% 19.6%
[libx264 @ 0x750c2d180] i16 v,h,dc,p: 77% 16%  6%  1%
[libx264 @ 0x750c2d180] i8c dc,h,v,p: 39% 21% 39%  2%
[libx264 @ 0x750c2d180] kb/s:559.17
[aac @ 0x750c2dc00] Qavg: 559.491
