✔ 64-bit local slices stay bounded and never materialize the complete file (4.478125ms)
✔ epoch cancellation releases a blocked read and permits the next bounded read (0.575041ms)
✔ destroy cancels reads; truncated and oversized sources fail explicitly (0.695417ms)
✔ an epoch change during asynchronous reader cleanup cannot publish old bytes (0.166333ms)
✔ ordinary 200 resource, relative URL, bounded reads and close accounting (15.580458ms)
✔ explicit range preserves absolute resource offsets and total size (0.759875ms)
✔ requested ranges reject 200, malformed ranges and changed lengths (0.760791ms)
✔ origin, protocol, embedded credentials and URL length are checked before fetch (0.856875ms)
✔ nested authorization refresh receives resource URL and updates only that request (1.065125ms)
✔ refresh cannot redirect credentials to an unapproved origin (0.389292ms)
✔ bounded transient HTTP retry and truncation recovery (305.643042ms)
✔ unknown-length bodies cannot exceed media resource cap (2.850917ms)
✔ aggregate retention limit is enforced across handles and reclaimed on close (10.817458ms)
✔ handle count is bounded independently of body size (2.411583ms)
✔ destroy cancels pending authorization and rejects stale completion (0.505709ms)
✔ epoch cancellation discards a response even if transport ignores abort (0.35725ms)
✔ manifest admission rejects live, encrypted and adaptive HLS (1.933541ms)
✔ DASH admission accepts fixed static and rejects live, adaptive, entities and multiple periods (0.805542ms)
✔ HLS subtitles combine multiple segments into a bounded virtual resource (1.530458ms)
✔ fixed HLS discontinuities remain native timeline input (0.070166ms)
✔ DASH timeline and template resource counts are bounded (0.248125ms)
✔ virtual resources retain range offsets and reject over-budget mutation atomically (0.199708ms)
✔ live sessions keep per-open budgets without a finite lifetime request cap (0.188333ms)
✔ Rejected Hybrid configuration retains diagnostic fields without binary initialization data (4.994291ms)
✔ Deferred VP9 rejection reports profile and depth learned from the packet (1.918875ms)
✔ Invisible packets do not exhaust a fictitious one-packet/one-frame credit (3.832ms)
✔ output watchdog excludes idle time before a new decode burst (1.922959ms)
✔ drain after idle gets an output wait window and successful flush returns EOF (1.122792ms)
✔ AVC distinguishes avcC packets from Annex B and preserves parameter bytes (0.591875ms)
✔ HEVC profile compatibility bits and constraints generate the RFC codec string (0.217ms)
✔ VP8/VP9 and AV1 use their own configuration contracts (0.430375ms)
✔ Unknown configurations and resource limits fail explicitly (0.354792ms)
✔ VP9 packet metadata comes from the key header when container metadata is absent (0.840959ms)
✔ Retained configurations admit 4K and odd dimensions within a bounded pixel budget (0.153125ms)
✔ VP9 remux derives actual chroma and depth for the MP4 configuration box (0.31025ms)
ℹ tests 35
ℹ suites 0
ℹ pass 35
ℹ fail 0
ℹ cancelled 0
ℹ skipped 0
ℹ todo 0
ℹ duration_ms 460.24325
