✔ relay preserves 2-channel PCM and native consumption feedback (3.756834ms)
✔ relay preserves 6-channel PCM and native consumption feedback (0.94925ms)
✔ relay preserves 8-channel PCM and native consumption feedback (0.574458ms)
✔ native reset handshake prevents old counters and PCM from being accepted (0.575625ms)
✔ seek gate silences output while mpv has not yet completed the seek (0.528583ms)
✔ shared Wasm growth preserves the fixed native ring prefix (1.447209ms)
✔ invalid native counts fail instead of reading outside the ring (0.699041ms)
✔ consumer seek gate wins over a relay run publication racing the seek (0.476334ms)
✔ consumer starts before completion and a bounded small response measures without further demand (24.574292ms)
✔ measured response error retires and does not produce success (1.297209ms)
✔ measured response extra retires and does not produce success (0.910709ms)
✔ measured response cancel retires and does not produce success (0.827542ms)
✔ large segments stay progressive and demand driven (0.746292ms)
✔ closing after read-ahead accounts for every fetched but unconsumed byte (0.803ms)
✔ network time includes request latency and no URL reaches the output sample (2.06525ms)
✔ cache hits or missing cross-origin timing cannot become bandwidth estimates (0.412875ms)
✔ application backpressure invalidates the sample instead of being subtracted (0.921167ms)
✔ incomplete, canceled and small resources do not create completed samples (0.101583ms)
✔ late timing entries may arrive after EOF, but missing entries expire explicitly (0.244917ms)
✔ duplicate URLs consume distinct timing entries and check body size (0.179958ms)
✔ retry and sub-50ms resource samples are conservative exclusions (0.095167ms)
✔ all histories are bounded and source retirement rejects later completion (0.329708ms)
✔ network completion during consumer idle is independent of later consumption (0.361458ms)
✔ earlier application waits and overflow remain excluded even if final idle spans completion (0.33325ms)
✔ full manifests remain owned by FFmpeg without fixed-selection rewriting (18.32325ms)
✔ slow candidate headers do not block opening the next active segment (3.371167ms)
✔ parallel manifests retain independent cancellation and shared byte accounting (1.915584ms)
✔ decoder reconfiguration preserves an old frame already scheduled by mpv (3.661375ms)
✔ source or seek retirement still rejects stale decoder generations (0.663584ms)
✔ unidentified output clears presented quality without attributing a request (0.434208ms)
✔ redrawing a held frame cannot relabel it with another selection at the same PTS (1.71075ms)
✔ internal paused seek draws its single new frame: selection-first (1.101417ms)
✔ internal paused seek draws its single new frame: frame-first (0.567792ms)
✔ identical PTS cannot let old native selection present a new reset generation (0.49075ms)
✔ late decoder reset retires explicit seek preroll after its waiter completes (0.714375ms)
✔ native source ownership rejects stale commands before policy changes (1.330166ms)
✔ seekable duration or byte counts cannot stand in for forward buffer (0.51275ms)
✔ verified samples and mpv forward buffer produce one source-bound request (0.480708ms)
✔ manual intent turns auto off, without recreating a native source (0.241042ms)
✔ new source clears health, estimates and request history (0.202958ms)
✔ old network samples never justify a late upswitch after inactivity (0.205542ms)
✔ invalid ceilings leave the accepted policy unchanged (0.133584ms)
✔ native rejection leaves the previously accepted automatic policy intact (0.078667ms)
✔ observed frame dropping can downswitch even with good throughput (0.348583ms)
✔ seek retirement drops do not masquerade as sustained decoder failure (0.326458ms)
✔ new decoder errors temporarily inhibit upswitching and reset with the source (0.164333ms)
✔ terminal demux errors are polled only for the accepted source (0.237542ms)
✔ manual policy never adapts, including during starvation (0.650292ms)
✔ unknown forward buffer and cache/backpressure samples cannot justify an upswitch (0.155875ms)
✔ upgrades require sustained headroom; deterioration and starvation downswitch promptly (0.742667ms)
✔ recovery from 2 to 8 Mbit/s remains slower than a downswitch (0.2895ms)
✔ manual selection is authoritative after auto; paused playback does not adapt (0.1505ms)
✔ ceilings and eligibility constrain decisions without inventing another track identity (0.416792ms)
✔ a pending upswitch is retired when conditions collapse, even if current quality is already low (0.1425ms)
✔ duplicate samples are ignored and a new source starts with no previous estimate (0.075416ms)
✔ known-length last chunk verifies EOF without losing remaining consumer bytes (12.086625ms)
✔ declared bytes followed by error never become a completed sample (2.645667ms)
✔ declared bytes followed by extra never become a completed sample (0.970833ms)
✔ declared bytes followed by cancel never become a completed sample (0.852666ms)
ℹ tests 59
ℹ suites 0
ℹ pass 59
ℹ fail 0
ℹ cancelled 0
ℹ skipped 0
ℹ todo 0
ℹ duration_ms 260.426041
