fatal: ambiguous argument 'HEAD': unknown revision or path not in the working tree.
Use '--' to separate paths from revisions, like this:
'git <command> [<revision>...] -- [<file>...]'
Traceback (most recent call last):
  File "/Volumes/seed2/Projects/demuxe-optimization-integration/build/optimization-streaming-01/checkpoint/experiments/streaming-modernization/prepare.py", line 168, in <module>
    'baseCommit': subprocess.check_output(['git', 'rev-parse', 'HEAD'], cwd=ROOT, text=True).strip(),
                  ~~~~~~~~~~~~~~~~~~~~~~~^^^^^^^^^^^^^^^^^^^^^^^^^^^^^^^^^^^^^^^^^^^^^^^^^^^
  File "/Library/Frameworks/Python.framework/Versions/3.13/lib/python3.13/subprocess.py", line 472, in check_output
    return run(*popenargs, stdout=PIPE, timeout=timeout, check=True,
           ~~~^^^^^^^^^^^^^^^^^^^^^^^^^^^^^^^^^^^^^^^^^^^^^^^^^^^^^^
               **kwargs).stdout
               ^^^^^^^^^
  File "/Library/Frameworks/Python.framework/Versions/3.13/lib/python3.13/subprocess.py", line 577, in run
    raise CalledProcessError(retcode, process.args,
                             output=stdout, stderr=stderr)
subprocess.CalledProcessError: Command '['git', 'rev-parse', 'HEAD']' returned non-zero exit status 128.
Traceback (most recent call last):
  File "/Volumes/seed2/Projects/demuxe-optimization-integration/experiments/optimization-integration/prepare.py", line 21, in <module>
    subprocess.run(['python3',str(base/'experiments/streaming-modernization/prepare.py'),'--timeline','--output',str(prepared)],cwd=base,check=True)
    ~~~~~~~~~~~~~~^^^^^^^^^^^^^^^^^^^^^^^^^^^^^^^^^^^^^^^^^^^^^^^^^^^^^^^^^^^^^^^^^^^^^^^^^^^^^^^^^^^^^^^^^^^^^^^^^^^^^^^^^^^^^^^^^^^^^^^^^^^^^^^^^^
  File "/Library/Frameworks/Python.framework/Versions/3.13/lib/python3.13/subprocess.py", line 577, in run
    raise CalledProcessError(retcode, process.args,
                             output=stdout, stderr=stderr)
subprocess.CalledProcessError: Command '['python3', '/Volumes/seed2/Projects/demuxe-optimization-integration/build/optimization-streaming-01/checkpoint/experiments/streaming-modernization/prepare.py', '--timeline', '--output', '/Volumes/seed2/Projects/demuxe-optimization-integration/build/optimization-streaming-01/streaming']' returned non-zero exit status 1.
