{
  "scope": "Exact prepared FLAC chunk seam and explicitly declared ACN/SN3D first-order directional rendering; no generic compressed-file split or physical spatial proof.",
  "browser": "152.0.7977.83",
  "probe": {
    "flac": {
      "frames": 96000,
      "partFrames": [
        48000,
        48000
      ],
      "maxError": 0,
      "oneSampleShiftError": 0.01150547806173563
    },
    "ambisonic": {
      "channels": 4,
      "rows": [
        {
          "direction": [
            1,
            0,
            0
          ],
          "maxError": 7.450580596923828e-9,
          "wrongOrderingMaxError": 0.19738464802503586
        },
        {
          "direction": [
            0,
            1,
            0
          ],
          "maxError": 7.450580596923828e-9,
          "wrongOrderingMaxError": 0.2015509307384491
        },
        {
          "direction": [
            0,
            0,
            1
          ],
          "maxError": 7.450580596923828e-9,
          "wrongOrderingMaxError": 0.20103386044502258
        },
        {
          "direction": [
            -1,
            0,
            0
          ],
          "maxError": 7.450580596923828e-9,
          "wrongOrderingMaxError": 0.19738464057445526
        }
      ]
    },
    "cleanup": true
  },
  "passed": true
}
