[  9%] Building C object src/lib/openjp2/CMakeFiles/openjp2.dir/dwt.c.o
[  9%] Building C object src/lib/openjp2/CMakeFiles/openjp2.dir/cio.c.o
[  9%] Building C object src/lib/openjp2/CMakeFiles/openjp2.dir/thread.c.o
[ 12%] Building C object src/lib/openjp2/CMakeFiles/openjp2.dir/bio.c.o
[ 15%] Building C object src/lib/openjp2/CMakeFiles/openjp2.dir/event.c.o
[ 21%] Building C object src/lib/openjp2/CMakeFiles/openjp2.dir/image.c.o
[ 21%] Building C object src/lib/openjp2/CMakeFiles/openjp2.dir/ht_dec.c.o
[ 25%] Building C object src/lib/openjp2/CMakeFiles/openjp2.dir/invert.c.o
[ 28%] Building C object src/lib/openjp2/CMakeFiles/openjp2.dir/j2k.c.o
[ 31%] Building C object src/lib/openjp2/CMakeFiles/openjp2.dir/jp2.c.o
[ 34%] Building C object src/lib/openjp2/CMakeFiles/openjp2.dir/mct.c.o
[ 37%] Building C object src/lib/openjp2/CMakeFiles/openjp2.dir/mqc.c.o
[ 40%] Building C object src/lib/openjp2/CMakeFiles/openjp2.dir/openjpeg.c.o
[ 43%] Building C object src/lib/openjp2/CMakeFiles/openjp2.dir/opj_clock.c.o
[ 46%] Building C object src/lib/openjp2/CMakeFiles/openjp2.dir/pi.c.o
[ 50%] Building C object src/lib/openjp2/CMakeFiles/openjp2.dir/t1.c.o
[ 53%] Building C object src/lib/openjp2/CMakeFiles/openjp2.dir/t2.c.o
[ 56%] Building C object src/lib/openjp2/CMakeFiles/openjp2.dir/tcd.c.o
[ 59%] Building C object src/lib/openjp2/CMakeFiles/openjp2.dir/tgt.c.o
[ 62%] Building C object src/lib/openjp2/CMakeFiles/openjp2.dir/function_list.c.o
[ 65%] Building C object src/lib/openjp2/CMakeFiles/openjp2.dir/opj_malloc.c.o
[ 68%] Building C object src/lib/openjp2/CMakeFiles/openjp2.dir/sparse_array.c.o
[ 71%] Linking C shared library ../../../bin/libopenjp2.dylib
[ 71%] Built target openjp2
[ 78%] Building C object src/bin/jp2/CMakeFiles/opj_compress.dir/convert.c.o
[ 78%] Building C object src/bin/jp2/CMakeFiles/opj_compress.dir/opj_compress.c.o
[ 81%] Building C object src/bin/jp2/CMakeFiles/opj_compress.dir/index.c.o
[ 84%] Building C object src/bin/jp2/CMakeFiles/opj_compress.dir/convertbmp.c.o
[ 87%] Building C object src/bin/jp2/CMakeFiles/opj_compress.dir/__/common/color.c.o
[ 90%] Building C object src/bin/jp2/CMakeFiles/opj_compress.dir/__/common/opj_getopt.c.o
[ 93%] Building C object src/bin/jp2/CMakeFiles/opj_compress.dir/converttif.c.o
[ 96%] Building C object src/bin/jp2/CMakeFiles/opj_compress.dir/convertpng.c.o
[100%] Linking C executable ../../../bin/opj_compress
ld: warning: ignoring duplicate libraries: '-lm'
[100%] Built target opj_compress
[ 71%] Built target openjp2
[ 84%] Building C object src/bin/jp2/CMakeFiles/opj_decompress.dir/convertbmp.c.o
[ 84%] Building C object src/bin/jp2/CMakeFiles/opj_decompress.dir/index.c.o
[ 84%] Building C object src/bin/jp2/CMakeFiles/opj_decompress.dir/opj_decompress.c.o
[ 84%] Building C object src/bin/jp2/CMakeFiles/opj_decompress.dir/convert.c.o
[ 87%] Building C object src/bin/jp2/CMakeFiles/opj_decompress.dir/__/common/color.c.o
[ 90%] Building C object src/bin/jp2/CMakeFiles/opj_decompress.dir/__/common/opj_getopt.c.o
[ 93%] Building C object src/bin/jp2/CMakeFiles/opj_decompress.dir/converttif.c.o
[ 96%] Building C object src/bin/jp2/CMakeFiles/opj_decompress.dir/convertpng.c.o
[100%] Linking C executable ../../../bin/opj_decompress
ld: warning: ignoring duplicate libraries: '-lm'
[100%] Built target opj_decompress
