CMake Deprecation Warning at CMakeLists.txt:10 (cmake_minimum_required):
  Compatibility with CMake < 3.10 will be removed from a future version of
  CMake.

  Update the VERSION argument <min> value.  Or, use the <min>...<max> syntax
  to tell CMake that the project requires at least <min> but has been updated
  to work with policies introduced by <max> or earlier.


-- The C compiler identification is AppleClang 21.0.0.21000101
-- Detecting C compiler ABI info
-- Detecting C compiler ABI info - done
-- Check for working C compiler: /usr/bin/cc - skipped
-- Detecting C compile features
-- Detecting C compile features - done
-- Looking for string.h
-- Looking for string.h - found
-- Looking for memory.h
-- Looking for memory.h - found
-- Looking for stdlib.h
-- Looking for stdlib.h - found
-- Looking for stdio.h
-- Looking for stdio.h - found
-- Looking for math.h
-- Looking for math.h - found
-- Looking for float.h
-- Looking for float.h - found
-- Looking for time.h
-- Looking for time.h - found
-- Looking for stdarg.h
-- Looking for stdarg.h - found
-- Looking for ctype.h
-- Looking for ctype.h - found
-- Looking for assert.h
-- Looking for assert.h - found
-- Looking for stdint.h
-- Looking for stdint.h - found
-- Looking for inttypes.h
-- Looking for inttypes.h - found
-- Looking for strings.h
-- Looking for strings.h - found
-- Looking for sys/stat.h
-- Looking for sys/stat.h - found
-- Looking for sys/types.h
-- Looking for sys/types.h - found
-- Looking for unistd.h
-- Looking for unistd.h - found
-- Checking for 64-bit off_t
-- Checking for 64-bit off_t - present
-- Checking for fseeko/ftello
-- Checking for fseeko/ftello - present
-- Large File support - found
-- Looking for include file malloc.h
-- Looking for include file malloc.h - not found
-- Looking for _aligned_malloc
-- Looking for _aligned_malloc - not found
-- Looking for posix_memalign
-- Looking for posix_memalign - found
-- Looking for memalign
-- Looking for memalign - not found
-- Found PkgConfig: /opt/homebrew/bin/pkg-config (found version "2.5.1")
-- Found ZLIB: /Applications/Xcode.app/Contents/Developer/Platforms/MacOSX.platform/Developer/SDKs/MacOSX.sdk/usr/lib/libz.tbd (found version "1.2.12")
-- Your system seems to have a Z lib available, we will use it to generate PNG lib
-- Found PNG: /opt/homebrew/lib/libpng.dylib (found version "1.6.58")
-- Your system seems to have a PNG lib available, we will use it
-- Found TIFF: /opt/homebrew/lib/libtiff.dylib (found version "4.7.2")
-- Your system seems to have a TIFF lib available, we will use it
-- Found LCMS2: /opt/homebrew/lib/liblcms2.dylib
-- Your system seems to have a LCMS2 lib available, we will use it
-- Configuring done (19.8s)
-- Generating done (0.1s)
-- Build files have been written to: /Volumes/seed2/Projects/demuxe/build/catalogue-tools/openjpeg-build
