{
  "scope": "Host-extracted genuine IAMF stereo FLAC component, browser whole-file native decode against independent host PCM. Flat zero-gain presentation validated separately; no general IAMF renderer.",
  "cases": [
    {
      "name": "iamf-stereo-flac",
      "reference": [
        [
          0.10000011537125243,
          5.1696759472472996e-17
        ],
        [
          2.0479976260080613e-17,
          0.09999988018348478
        ]
      ],
      "channels": 2,
      "rate": 48000,
      "frames": 96000,
      "referenceFrames": 96000,
      "maxSampleError": 0.0000030547380447387695,
      "amplitudes": [
        [
          0.10000164143832625,
          6.476690875802564e-7
        ],
        [
          2.0551815069457177e-17,
          0.10000140615239217
        ]
      ],
      "truncatedRejected": true,
      "referenceMatch": true
    }
  ],
  "browser": "152.0.7977.83",
  "completed": true
}
