{
  "scope": "Browser component probes at packet, held-frame, display-only transform and generated-track boundaries. No whole-player integration or hardware surface pressure claim.",
  "browser": "152.0.7977.83",
  "probes": {
    "packet": {
      "detached": true,
      "bytesExact": true,
      "decodedExact": true,
      "ownershipControls": [
        true,
        true
      ],
      "errors": []
    },
    "held": {
      "exactAfterDecoderClosed": true,
      "copiedBytes": 23040,
      "limits": "One owned frame feasibility; no evidence that the existing one-frame retention causes decoder backpressure."
    },
    "transform": {
      "clockwise90Exact": true,
      "wrongIdentityRejected": true,
      "limits": "Existing presentation geometry only; an explicit display-operation API and subtitle/pointer coordinate contract remain future work."
    },
    "generated": {
      "available": true,
      "writes": 3,
      "observed": [
        [
          255,
          1,
          0,
          255
        ],
        [
          0,
          255,
          0,
          255
        ],
        [
          0,
          0,
          255,
          255
        ]
      ],
      "errors": [],
      "cleanup": true
    }
  },
  "passed": true
}
