{
  "passed": true,
  "appendSizes": [
    341,
    8141,
    8428,
    8095,
    8264
  ],
  "packets": [
    {
      "type": "video",
      "count": 0,
      "exact": true
    },
    {
      "type": "audio",
      "count": 101,
      "exact": true,
      "lastInputSideData": [
        {
          "side_data_type": "Skip Samples",
          "skip_samples": 0,
          "discard_padding": 648,
          "skip_reason": 0,
          "discard_reason": 0
        }
      ],
      "lastOutputSideData": [
        {
          "side_data_type": "Skip Samples",
          "skip_samples": 0,
          "discard_padding": 648,
          "skip_reason": 0,
          "discard_reason": 0
        }
      ]
    }
  ]
}
