{
  "scope": "First-block/sample partial append with remainder held for700ms, then identical remaining bytes. Buffered ranges and presented frame counts recorded separately.",
  "cases": [
    {
      "name": "vp8-default",
      "cut": 568,
      "partial": {
        "ranges": [
          [
            0,
            0.1
          ]
        ],
        "frames": 1,
        "ready": 1
      },
      "complete": {
        "frames": 11,
        "eof": true
      },
      "cleanup": true
    },
    {
      "name": "vp8-no-default",
      "cut": 568,
      "partial": {
        "ranges": [],
        "frames": 0,
        "ready": 1
      },
      "complete": {
        "frames": 10,
        "eof": true
      },
      "cleanup": true
    },
    {
      "name": "vp9-default",
      "cut": 506,
      "partial": {
        "ranges": [],
        "frames": 0,
        "ready": 1
      },
      "complete": {
        "frames": 48,
        "eof": true
      },
      "cleanup": true
    },
    {
      "name": "vp9-no-default",
      "cut": 506,
      "partial": {
        "ranges": [],
        "frames": 0,
        "ready": 1
      },
      "complete": {
        "frames": 48,
        "eof": true
      },
      "cleanup": true
    },
    {
      "name": "mp4-first-sample-minus-0",
      "cut": 2733,
      "partial": {
        "ranges": [],
        "frames": 0,
        "ready": 1
      },
      "complete": {
        "frames": 48,
        "eof": true
      },
      "cleanup": true
    },
    {
      "name": "mp4-first-sample-minus-37",
      "cut": 2696,
      "partial": {
        "ranges": [],
        "frames": 0,
        "ready": 1
      },
      "complete": {
        "frames": 48,
        "eof": true
      },
      "cleanup": true
    }
  ],
  "browser": "152.0.7977.83",
  "passed": true
}
