{
  "scope": "Exact current float-audio destination gate; successful finite WAV does not establish streaming native A/V.",
  "browser": "152.0.7977.83",
  "probe": {
    "capabilities": [
      {
        "mime": "audio/wav; codecs=\"3\"",
        "direct": "",
        "mse": false
      },
      {
        "mime": "audio/mp4; codecs=\"fpcm\"",
        "direct": "",
        "mse": false
      },
      {
        "mime": "audio/mp4; codecs=\"lpcm\"",
        "direct": "",
        "mse": false
      },
      {
        "mime": "audio/webm; codecs=\"pcm\"",
        "direct": "",
        "mse": false
      }
    ],
    "decodePeak": 1.25,
    "directPeak": 1.25,
    "eof": true,
    "cleanup": true
  },
  "passed": true
}
