{
  "scope": "Same-length same-packet fMP4 native HTTP variants, 64KiB responses and20ms delay. Local decision probe, not Internet latency or full transport authority qualification.",
  "cases": [
    {
      "name": "indexed",
      "early": false,
      "target": 20,
      "output": {
        "metadataMs": 2304.699999988079,
        "seekMs": 4906.900000035763,
        "position": 20.022153,
        "totalFrames": 214,
        "pixelHash": "d08a20faf2752c466b9a25667951b6f9305c48644ec4e3dfc5a9752faf9736e8",
        "cleanup": true
      },
      "passed": true,
      "fetchedBytes": 6296410,
      "requestedBytes": 6296410,
      "requests": 97
    },
    {
      "name": "no-sidx",
      "early": false,
      "target": 20,
      "output": {
        "metadataMs": 2458,
        "seekMs": 4716.299999952316,
        "position": 20.020433,
        "totalFrames": 120,
        "pixelHash": "d08a20faf2752c466b9a25667951b6f9305c48644ec4e3dfc5a9752faf9736e8",
        "cleanup": true
      },
      "passed": true,
      "fetchedBytes": 6656858,
      "requestedBytes": 6656858,
      "requests": 102
    },
    {
      "name": "no-index",
      "early": false,
      "target": 20,
      "output": {
        "metadataMs": 2486.899999976158,
        "seekMs": 4744.699999988079,
        "position": 20.025949,
        "totalFrames": 120,
        "pixelHash": "d08a20faf2752c466b9a25667951b6f9305c48644ec4e3dfc5a9752faf9736e8",
        "cleanup": true
      },
      "passed": true,
      "fetchedBytes": 6656858,
      "requestedBytes": 6656858,
      "requests": 102
    },
    {
      "name": "indexed",
      "early": true,
      "target": 20,
      "output": {
        "metadataMs": 2267.199999988079,
        "seekMs": 4686,
        "position": 20.023027,
        "totalFrames": 214,
        "pixelHash": "d08a20faf2752c466b9a25667951b6f9305c48644ec4e3dfc5a9752faf9736e8",
        "cleanup": true
      },
      "passed": true,
      "fetchedBytes": 6296410,
      "requestedBytes": 6296410,
      "requests": 97
    },
    {
      "name": "indexed",
      "early": true,
      "target": 0,
      "output": {
        "metadataMs": 2282,
        "seekMs": 2282.099999964237,
        "position": 0,
        "totalFrames": 4,
        "pixelHash": "49738ff09100cd15475d09cd14645e233960e0aec8ab92f1bc4d37b5e7740719",
        "cleanup": true
      },
      "passed": true,
      "fetchedBytes": 3019610,
      "requestedBytes": 3019610,
      "requests": 47
    }
  ],
  "browser": "152.0.7977.83",
  "completed": true
}
