{
  "scope": "Actual RemuxPlayer and existing Wasm, isolated served policy variants; local real-media HTTP with10ms response delay. Work counts only, not statistical CPU/latency qualification.",
  "fixtureSHA256": "92909e9a1ba0642613f7d5a59aa9c137943d2472b1ad23559d0d0db7f4901da8",
  "cases": [
    {
      "mode": "baseline",
      "idleTicks": 24,
      "errorsBeforeAdverse": [],
      "requestsBeforeAdverse": 73,
      "bytesBeforeAdverse": 4784128,
      "changedIdentity": {
        "rejected": true,
        "error": "Error: Source transport: Error: Media representation changed"
      },
      "cleanup": true,
      "passed": true,
      "initialBytes": 2359296,
      "retainedSeconds": 5.503999
    },
    {
      "mode": "adaptive-read",
      "idleTicks": 24,
      "errorsBeforeAdverse": [],
      "requestsBeforeAdverse": 24,
      "bytesBeforeAdverse": 5701632,
      "changedIdentity": {
        "rejected": true,
        "error": "Error: Source transport: Error: Media representation changed"
      },
      "cleanup": true,
      "passed": true,
      "initialBytes": 2424832,
      "retainedSeconds": 5.503999
    },
    {
      "mode": "idle-deadline",
      "idleTicks": 1,
      "errorsBeforeAdverse": [],
      "requestsBeforeAdverse": 73,
      "bytesBeforeAdverse": 4784128,
      "changedIdentity": {
        "rejected": true,
        "error": "Error: Source transport: Error: Media representation changed"
      },
      "cleanup": true,
      "passed": true,
      "initialBytes": 2359296,
      "retainedSeconds": 5.503999
    },
    {
      "mode": "rate-aware",
      "idleTicks": 24,
      "errorsBeforeAdverse": [],
      "requestsBeforeAdverse": 61,
      "bytesBeforeAdverse": 3997696,
      "changedIdentity": {
        "rejected": true,
        "error": "Error: Source transport: Error: Media representation changed"
      },
      "cleanup": true,
      "passed": true,
      "initialBytes": 1572864,
      "retainedSeconds": 3.007999
    }
  ],
  "browser": "152.0.7977.83",
  "completed": true
}
