PASS false 0 gather
PASS false 0 separate
PASS false 0 progressive
PASS false 1 progressive
PASS false 1 separate
PASS false 1 gather
results/fragment-delivery/2026-09-21T20-21-21.118Z
node:internal/modules/run_main:104
    triggerUncaughtException(
    ^

AssertionError [ERR_ASSERTION]: Expected values to be strictly equal:

2 !== 0

    at file:///Volumes/seed2/Projects/demuxe/tests/fragment-delivery.mjs:23:135 {
  generatedMessage: true,
  code: 'ERR_ASSERTION',
  actual: 2,
  expected: 0,
  operator: 'strictEqual'
}

Node.js v23.5.0
