PASS 0 main mp4 0
PASS 0 main mp4 35
PASS 0 main fmp4 0
PASS 0 main fmp4 35
PASS 0 main remux 0
PASS 0 main remux 35
PASS 0 optimized mp4 0
PASS 0 optimized mp4 35
PASS 0 optimized fmp4 0
PASS 0 optimized fmp4 35
PASS 0 optimized remux 0
PASS 0 optimized remux 35
PASS 1 optimized mp4 0
PASS 1 optimized mp4 35
PASS 1 optimized fmp4 0
PASS 1 optimized fmp4 35
PASS 1 optimized remux 0
PASS 1 optimized remux 35
PASS 1 main mp4 0
PASS 1 main mp4 35
PASS 1 main fmp4 0
PASS 1 main fmp4 35
PASS 1 main remux 0
PASS 1 main remux 35
PASS 2 main mp4 0
PASS 2 main mp4 35
PASS 2 main fmp4 0
PASS 2 main fmp4 35
PASS 2 main remux 0
PASS 2 main remux 35
PASS 2 optimized mp4 0
PASS 2 optimized mp4 35
PASS 2 optimized fmp4 0
PASS 2 optimized fmp4 35
PASS 2 optimized remux 0
PASS 2 optimized remux 35
results/production-pipeline/2026-09-21T21-21-37.056Z
