[
  {
    "fixture": "chart4k",
    "method": "png_exact",
    "encoded_bytes": 9240,
    "decode_ms_median": 0.3316320000408268,
    "same_pixels_as_full_jpeg_then_resize": true,
    "ssim": 1.0,
    "sha256": "f212ccb4c64e5f79204ee681153ad742deb9f5f4d887ecd6b49a9a2379249ea7"
  },
  {
    "fixture": "chart4k",
    "method": "jpeg_q95_444",
    "encoded_bytes": 9467,
    "decode_ms_median": 0.2421984999614324,
    "same_pixels_as_full_jpeg_then_resize": false,
    "ssim": 0.9809177709611899,
    "sha256": "b8160df6679aaf336a92ceebe568144b0258d588f9db472c670461fc38766c2c"
  },
  {
    "fixture": "texture4k",
    "method": "png_exact",
    "encoded_bytes": 34691,
    "decode_ms_median": 0.7941780000351173,
    "same_pixels_as_full_jpeg_then_resize": true,
    "ssim": 1.0,
    "sha256": "cadd15e880acad8774db4aadeef8c5701cb0afd1e0b375cb393dedca92dae19d"
  },
  {
    "fixture": "texture4k",
    "method": "jpeg_q95_444",
    "encoded_bytes": 14476,
    "decode_ms_median": 0.3115974999445825,
    "same_pixels_as_full_jpeg_then_resize": false,
    "ssim": 0.9733209118793825,
    "sha256": "24e3c5488a2584731f2348d1dcf6ecf5f80c715f03265727f13c9654244df7f2"
  }
]
