{
  "summary": [
    {
      "method": "h264_coarse_IDR_2s",
      "wall_ms_median": 74.7354139999743,
      "cpu_ms_median": 73.17600000000013,
      "frames": 1,
      "same_pixels_at_represented_timestamp": true,
      "stable": true
    },
    {
      "method": "h264_exact_GOP_3p5s",
      "wall_ms_median": 243.41967899999872,
      "cpu_ms_median": 245.07100000000048,
      "frames": 1,
      "same_pixels_at_represented_timestamp": true,
      "stable": true
    },
    {
      "method": "h264_exact_input_seek_3p5s",
      "wall_ms_median": 234.01524799999152,
      "cpu_ms_median": 236.27999999999903,
      "frames": 1,
      "same_pixels_at_represented_timestamp": true,
      "stable": true
    },
    {
      "method": "vp9_full_then_select",
      "wall_ms_median": 762.9926129999376,
      "cpu_ms_median": 775.1009999999994,
      "frames": 3,
      "same_pixels_at_represented_timestamp": true,
      "stable": true
    },
    {
      "method": "vp9_selected_key_packets",
      "wall_ms_median": 96.50384599990502,
      "cpu_ms_median": 94.71799999999942,
      "frames": 3,
      "same_pixels_at_represented_timestamp": true,
      "stable": true
    }
  ],
  "payloads": {
    "h264_key2_encoded_bytes": 47124,
    "h264_gop2_encoded_bytes": 1210042,
    "h264_gop_packets": 60,
    "h264_keyframe_time": 2.0,
    "h264_requested_time": 3.5,
    "vp9_all_packets": 180,
    "vp9_selected_packets": 3,
    "vp9_all_encoded_payload_bytes": 4625308,
    "vp9_selected_encoded_payload_bytes": 195535,
    "note": "Codec config, container index, fetch alignment/latency and preparation excluded from payload totals; not measured network traffic."
  }
}
