[
  {
    "fixture": "texture4k",
    "method": "progressive",
    "first_ms_median": 20.476661999999997,
    "total_ms_median": 100.845133,
    "first_bytes_consumed": 68389,
    "source_bytes": 2060601,
    "first_scan": 1,
    "last_scan": 10,
    "dimensions": [
      480,
      270
    ],
    "first_psnr_to_final_at_240x135": 42.383704799706464,
    "first_ssim_to_final_at_240x135": 0.9871756835888545,
    "final_byte_identical_to_single_pass": true,
    "first_sha256": "513585845771f517faefb800934fd3093a81a36a92f529e84c254c339df7515f",
    "final_sha256": "aecd1d30c1df7a80ac4593987f1495e0adc524e9efc0cf28a1153f787b13edaf"
  },
  {
    "fixture": "chart4k",
    "method": "final",
    "first_ms_median": 33.004506,
    "total_ms_median": 33.707017500000006,
    "first_bytes_consumed": 322313,
    "source_bytes": 322313,
    "first_scan": 10,
    "last_scan": 10,
    "dimensions": [
      480,
      270
    ],
    "first_psnr_to_final_at_240x135": 100,
    "first_ssim_to_final_at_240x135": 1.0,
    "final_byte_identical_to_single_pass": true,
    "first_sha256": "7ad02a41349f23ff6dc21fa3da3d7ad4e137323435c34522e7fbf0c8b1e87f3a",
    "final_sha256": "7ad02a41349f23ff6dc21fa3da3d7ad4e137323435c34522e7fbf0c8b1e87f3a"
  },
  {
    "fixture": "chart4k",
    "method": "progressive",
    "first_ms_median": 15.976761499999999,
    "total_ms_median": 41.986909999999995,
    "first_bytes_consumed": 42055,
    "source_bytes": 322313,
    "first_scan": 1,
    "last_scan": 10,
    "dimensions": [
      480,
      270
    ],
    "first_psnr_to_final_at_240x135": 36.05195932231892,
    "first_ssim_to_final_at_240x135": 0.9560194130884078,
    "final_byte_identical_to_single_pass": true,
    "first_sha256": "f5ad940871c3298b1d034ad38a798f5371124d9d009560264ccd0fa217204a7f",
    "final_sha256": "7ad02a41349f23ff6dc21fa3da3d7ad4e137323435c34522e7fbf0c8b1e87f3a"
  },
  {
    "fixture": "texture4k",
    "method": "final",
    "first_ms_median": 85.846417,
    "total_ms_median": 86.652357,
    "first_bytes_consumed": 2060601,
    "source_bytes": 2060601,
    "first_scan": 10,
    "last_scan": 10,
    "dimensions": [
      480,
      270
    ],
    "first_psnr_to_final_at_240x135": 100,
    "first_ssim_to_final_at_240x135": 1.0,
    "final_byte_identical_to_single_pass": true,
    "first_sha256": "aecd1d30c1df7a80ac4593987f1495e0adc524e9efc0cf28a1153f787b13edaf",
    "final_sha256": "aecd1d30c1df7a80ac4593987f1495e0adc524e9efc0cf28a1153f787b13edaf"
  }
]
