build/catalogue-tools/aom-build/aomenc --good --cpu-used=6 --limit=1 --lossless=1 --large-scale-tile=1 --tile-columns=1 --tile-rows=1 --ivf -o research/items/R275.av1-large-scale-tile-viewport-decode/evidence/20260919T204627Z-lossless/one.ivf research/items/R275.av1-large-scale-tile-viewport-decode/evidence/20260919T204627Z-lossless/source.y4m
cc -O2 -I build/catalogue-tools/aom research/items/R275.av1-large-scale-tile-viewport-decode/tests/lossless-decode.c build/catalogue-tools/aom-build/libaom.a -lc++ -lm -o /Volumes/seed2/Projects/demuxe/build/catalogue-tools/tile-lossless-screen
/Volumes/seed2/Projects/demuxe/build/catalogue-tools/tile-lossless-screen research/items/R275.av1-large-scale-tile-viewport-decode/evidence/20260919T204627Z-lossless/sequence.ivf research/items/R275.av1-large-scale-tile-viewport-decode/evidence/20260919T204627Z-lossless/correct-full.yuv 0 1 1
/Volumes/seed2/Projects/demuxe/build/catalogue-tools/tile-lossless-screen research/items/R275.av1-large-scale-tile-viewport-decode/evidence/20260919T204627Z-lossless/sequence.ivf research/items/R275.av1-large-scale-tile-viewport-decode/evidence/20260919T204627Z-lossless/correct-tile.yuv 1 1 1
/Volumes/seed2/Projects/demuxe/build/catalogue-tools/tile-lossless-screen research/items/R275.av1-large-scale-tile-viewport-decode/evidence/20260919T204627Z-lossless/truncated.ivf research/items/R275.av1-large-scale-tile-viewport-decode/evidence/20260919T204627Z-lossless/truncated.yuv 1 1 1
/Volumes/seed2/Projects/demuxe/build/catalogue-tools/tile-lossless-screen research/items/R275.av1-large-scale-tile-viewport-decode/evidence/20260919T204627Z-lossless/sequence.ivf research/items/R275.av1-large-scale-tile-viewport-decode/evidence/20260919T204627Z-lossless/invalid-coordinate.yuv 1 2 1
/Volumes/seed2/Projects/demuxe/build/catalogue-tools/tile-lossless-screen research/items/R275.av1-large-scale-tile-viewport-decode/evidence/20260919T204627Z-lossless/sequence.ivf research/items/R275.av1-large-scale-tile-viewport-decode/evidence/20260919T204627Z-lossless/wrong-tile.yuv 1 0 0
/Volumes/seed2/Projects/demuxe/build/catalogue-tools/tile-lossless-screen research/items/R275.av1-large-scale-tile-viewport-decode/evidence/20260919T204627Z-lossless/sequence.ivf research/items/R275.av1-large-scale-tile-viewport-decode/evidence/20260919T204627Z-lossless/recreated-after-failure.yuv 1 1 1
/Volumes/seed2/Projects/demuxe/build/catalogue-tools/tile-lossless-screen research/items/R275.av1-large-scale-tile-viewport-decode/evidence/20260919T204627Z-lossless/sequence.ivf research/items/R275.av1-large-scale-tile-viewport-decode/evidence/20260919T204627Z-lossless/pair0-full.yuv 0 1 1
/Volumes/seed2/Projects/demuxe/build/catalogue-tools/tile-lossless-screen research/items/R275.av1-large-scale-tile-viewport-decode/evidence/20260919T204627Z-lossless/sequence.ivf research/items/R275.av1-large-scale-tile-viewport-decode/evidence/20260919T204627Z-lossless/pair0-tile.yuv 1 1 1
/Volumes/seed2/Projects/demuxe/build/catalogue-tools/tile-lossless-screen research/items/R275.av1-large-scale-tile-viewport-decode/evidence/20260919T204627Z-lossless/sequence.ivf research/items/R275.av1-large-scale-tile-viewport-decode/evidence/20260919T204627Z-lossless/pair1-tile.yuv 1 1 1
/Volumes/seed2/Projects/demuxe/build/catalogue-tools/tile-lossless-screen research/items/R275.av1-large-scale-tile-viewport-decode/evidence/20260919T204627Z-lossless/sequence.ivf research/items/R275.av1-large-scale-tile-viewport-decode/evidence/20260919T204627Z-lossless/pair1-full.yuv 0 1 1
/Volumes/seed2/Projects/demuxe/build/catalogue-tools/tile-lossless-screen research/items/R275.av1-large-scale-tile-viewport-decode/evidence/20260919T204627Z-lossless/sequence.ivf research/items/R275.av1-large-scale-tile-viewport-decode/evidence/20260919T204627Z-lossless/pair2-full.yuv 0 1 1
/Volumes/seed2/Projects/demuxe/build/catalogue-tools/tile-lossless-screen research/items/R275.av1-large-scale-tile-viewport-decode/evidence/20260919T204627Z-lossless/sequence.ivf research/items/R275.av1-large-scale-tile-viewport-decode/evidence/20260919T204627Z-lossless/pair2-tile.yuv 1 1 1
/Volumes/seed2/Projects/demuxe/build/catalogue-tools/tile-lossless-screen research/items/R275.av1-large-scale-tile-viewport-decode/evidence/20260919T204627Z-lossless/sequence.ivf research/items/R275.av1-large-scale-tile-viewport-decode/evidence/20260919T204627Z-lossless/pair3-tile.yuv 1 1 1
/Volumes/seed2/Projects/demuxe/build/catalogue-tools/tile-lossless-screen research/items/R275.av1-large-scale-tile-viewport-decode/evidence/20260919T204627Z-lossless/sequence.ivf research/items/R275.av1-large-scale-tile-viewport-decode/evidence/20260919T204627Z-lossless/pair3-full.yuv 0 1 1
/Volumes/seed2/Projects/demuxe/build/catalogue-tools/tile-lossless-screen research/items/R275.av1-large-scale-tile-viewport-decode/evidence/20260919T204627Z-lossless/sequence.ivf research/items/R275.av1-large-scale-tile-viewport-decode/evidence/20260919T204627Z-lossless/pair4-full.yuv 0 1 1
/Volumes/seed2/Projects/demuxe/build/catalogue-tools/tile-lossless-screen research/items/R275.av1-large-scale-tile-viewport-decode/evidence/20260919T204627Z-lossless/sequence.ivf research/items/R275.av1-large-scale-tile-viewport-decode/evidence/20260919T204627Z-lossless/pair4-tile.yuv 1 1 1
/Volumes/seed2/Projects/demuxe/build/catalogue-tools/tile-lossless-screen research/items/R275.av1-large-scale-tile-viewport-decode/evidence/20260919T204627Z-lossless/sequence.ivf research/items/R275.av1-large-scale-tile-viewport-decode/evidence/20260919T204627Z-lossless/pair5-tile.yuv 1 1 1
/Volumes/seed2/Projects/demuxe/build/catalogue-tools/tile-lossless-screen research/items/R275.av1-large-scale-tile-viewport-decode/evidence/20260919T204627Z-lossless/sequence.ivf research/items/R275.av1-large-scale-tile-viewport-decode/evidence/20260919T204627Z-lossless/pair5-full.yuv 0 1 1
/Volumes/seed2/Projects/demuxe/build/catalogue-tools/tile-lossless-screen research/items/R275.av1-large-scale-tile-viewport-decode/evidence/20260919T204627Z-lossless/sequence.ivf research/items/R275.av1-large-scale-tile-viewport-decode/evidence/20260919T204627Z-lossless/pair6-full.yuv 0 1 1
/Volumes/seed2/Projects/demuxe/build/catalogue-tools/tile-lossless-screen research/items/R275.av1-large-scale-tile-viewport-decode/evidence/20260919T204627Z-lossless/sequence.ivf research/items/R275.av1-large-scale-tile-viewport-decode/evidence/20260919T204627Z-lossless/pair6-tile.yuv 1 1 1
/Volumes/seed2/Projects/demuxe/build/catalogue-tools/tile-lossless-screen research/items/R275.av1-large-scale-tile-viewport-decode/evidence/20260919T204627Z-lossless/sequence.ivf research/items/R275.av1-large-scale-tile-viewport-decode/evidence/20260919T204627Z-lossless/pair7-tile.yuv 1 1 1
/Volumes/seed2/Projects/demuxe/build/catalogue-tools/tile-lossless-screen research/items/R275.av1-large-scale-tile-viewport-decode/evidence/20260919T204627Z-lossless/sequence.ivf research/items/R275.av1-large-scale-tile-viewport-decode/evidence/20260919T204627Z-lossless/pair7-full.yuv 0 1 1
/Volumes/seed2/Projects/demuxe/build/catalogue-tools/tile-lossless-screen research/items/R275.av1-large-scale-tile-viewport-decode/evidence/20260919T204627Z-lossless/sequence.ivf research/items/R275.av1-large-scale-tile-viewport-decode/evidence/20260919T204627Z-lossless/pair8-full.yuv 0 1 1
/Volumes/seed2/Projects/demuxe/build/catalogue-tools/tile-lossless-screen research/items/R275.av1-large-scale-tile-viewport-decode/evidence/20260919T204627Z-lossless/sequence.ivf research/items/R275.av1-large-scale-tile-viewport-decode/evidence/20260919T204627Z-lossless/pair8-tile.yuv 1 1 1
