✔ relay preserves 2-channel PCM and native consumption feedback (5.095667ms)
✔ relay preserves 6-channel PCM and native consumption feedback (0.706416ms)
✔ relay preserves 8-channel PCM and native consumption feedback (0.744667ms)
✔ native reset handshake prevents old counters and PCM from being accepted (1.938584ms)
✔ seek gate silences output while mpv has not yet completed the seek (0.663667ms)
✔ shared Wasm growth preserves the fixed native ring prefix (3.484ms)
✔ invalid native counts fail instead of reading outside the ring (2.513292ms)
✔ consumer seek gate wins over a relay run publication racing the seek (0.634166ms)
✔ consumer starts before completion and a bounded small response measures without further demand (23.837791ms)
✔ measured response error retires and does not produce success (1.594958ms)
✔ measured response extra retires and does not produce success (1.502916ms)
✔ measured response cancel retires and does not produce success (1.735792ms)
✔ large segments stay progressive and demand driven (0.793208ms)
✔ closing after read-ahead accounts for every fetched but unconsumed byte (0.940958ms)
✔ network time includes request latency and no URL reaches the output sample (0.729833ms)
✔ cache hits or missing cross-origin timing cannot become bandwidth estimates (0.145417ms)
✔ application backpressure invalidates the sample instead of being subtracted (0.624833ms)
✔ incomplete, canceled and small resources do not create completed samples (0.642167ms)
✔ late timing entries may arrive after EOF, but missing entries expire explicitly (0.699167ms)
✔ duplicate URLs consume distinct timing entries and check body size (0.510292ms)
✔ retry and sub-50ms resource samples are conservative exclusions (1.683875ms)
✔ all histories are bounded and source retirement rejects later completion (0.455334ms)
✔ network completion during consumer idle is independent of later consumption (0.398292ms)
✔ earlier application waits and overflow remain excluded even if final idle spans completion (0.344417ms)
✔ full manifests remain owned by FFmpeg without fixed-selection rewriting (24.131666ms)
✔ slow candidate headers do not block opening the next active segment (3.531125ms)
✔ parallel manifests retain independent cancellation and shared byte accounting (2.026ms)
✔ decoder reconfiguration preserves an old frame already scheduled by mpv (3.086166ms)
✔ source or seek retirement still rejects stale decoder generations (0.749042ms)
✔ unidentified output clears presented quality without attributing a request (0.455208ms)
✔ redrawing a held frame cannot relabel it with another selection at the same PTS (1.408542ms)
✔ internal paused seek draws its single new frame: selection-first (1.203084ms)
✔ internal paused seek draws its single new frame: frame-first (0.566125ms)
✔ identical PTS cannot let old native selection present a new reset generation (0.4825ms)
✔ late decoder reset retires explicit seek preroll after its waiter completes (0.703333ms)
✔ native source ownership rejects stale commands before policy changes (0.80125ms)
✔ seekable duration or byte counts cannot stand in for forward buffer (0.477709ms)
✔ verified samples and mpv forward buffer produce one source-bound request (0.469541ms)
✔ manual intent turns auto off, without recreating a native source (0.238083ms)
✔ new source clears health, estimates and request history (0.209084ms)
✔ old network samples never justify a late upswitch after inactivity (0.210917ms)
✔ invalid ceilings leave the accepted policy unchanged (0.097875ms)
✔ native rejection leaves the previously accepted automatic policy intact (0.07825ms)
✔ observed frame dropping can downswitch even with good throughput (0.338375ms)
✔ seek retirement drops do not masquerade as sustained decoder failure (0.38675ms)
✔ new decoder errors temporarily inhibit upswitching and reset with the source (0.208709ms)
✔ terminal demux errors are polled only for the accepted source (1.679ms)
✔ manual policy never adapts, including during starvation (0.654792ms)
✔ unknown forward buffer and cache/backpressure samples cannot justify an upswitch (0.155042ms)
✔ upgrades require sustained headroom; deterioration and starvation downswitch promptly (1.068208ms)
✔ recovery from 2 to 8 Mbit/s remains slower than a downswitch (0.94525ms)
✔ manual selection is authoritative after auto; paused playback does not adapt (0.401083ms)
✔ ceilings and eligibility constrain decisions without inventing another track identity (1.680583ms)
✔ a pending upswitch is retired when conditions collapse, even if current quality is already low (0.199583ms)
✔ duplicate samples are ignored and a new source starts with no previous estimate (0.089917ms)
✔ known-length last chunk verifies EOF without losing remaining consumer bytes (12.224458ms)
✔ declared bytes followed by error never become a completed sample (2.638042ms)
✔ declared bytes followed by extra never become a completed sample (1.088583ms)
✔ declared bytes followed by cancel never become a completed sample (0.875416ms)
ℹ tests 59
ℹ suites 0
ℹ pass 59
ℹ fail 0
ℹ cancelled 0
ℹ skipped 0
ℹ todo 0
ℹ duration_ms 253.482125
