✔ relay preserves 2-channel PCM and native consumption feedback (4.402125ms)
✔ relay preserves 6-channel PCM and native consumption feedback (1.448375ms)
✔ relay preserves 8-channel PCM and native consumption feedback (0.796959ms)
✔ native reset handshake prevents old counters and PCM from being accepted (0.696ms)
✔ seek gate silences output while mpv has not yet completed the seek (1.401292ms)
✔ shared Wasm growth preserves the fixed native ring prefix (2.170334ms)
✔ invalid native counts fail instead of reading outside the ring (1.231375ms)
✔ consumer seek gate wins over a relay run publication racing the seek (0.943208ms)
✔ consumer starts before completion and a bounded small response measures without further demand (23.6165ms)
✔ measured response error retires and does not produce success (1.380625ms)
✔ measured response extra retires and does not produce success (0.883458ms)
✔ measured response cancel retires and does not produce success (0.735667ms)
✔ large segments stay progressive and demand driven (0.62975ms)
✔ closing after read-ahead accounts for every fetched but unconsumed byte (0.700834ms)
✔ network time includes request latency and no URL reaches the output sample (1.087417ms)
✔ cache hits or missing cross-origin timing cannot become bandwidth estimates (0.211208ms)
✔ application backpressure invalidates the sample instead of being subtracted (0.621ms)
✔ incomplete, canceled and small resources do not create completed samples (0.186041ms)
✔ late timing entries may arrive after EOF, but missing entries expire explicitly (0.760583ms)
✔ duplicate URLs consume distinct timing entries and check body size (0.203667ms)
✔ retry and sub-50ms resource samples are conservative exclusions (0.103375ms)
✔ all histories are bounded and source retirement rejects later completion (0.456917ms)
✔ network completion during consumer idle is independent of later consumption (0.328ms)
✔ earlier application waits and overflow remain excluded even if final idle spans completion (0.329666ms)
✔ full manifests remain owned by FFmpeg without fixed-selection rewriting (20.313041ms)
✔ slow candidate headers do not block opening the next active segment (3.274125ms)
✔ parallel manifests retain independent cancellation and shared byte accounting (1.952041ms)
✔ decoder reconfiguration preserves an old frame already scheduled by mpv (4.026042ms)
✔ source or seek retirement still rejects stale decoder generations (1.426334ms)
✔ unidentified output clears presented quality without attributing a request (0.500166ms)
✔ redrawing a held frame cannot relabel it with another selection at the same PTS (2.952875ms)
✔ internal paused seek draws its single new frame: selection-first (1.548917ms)
✔ internal paused seek draws its single new frame: frame-first (0.625125ms)
✔ identical PTS cannot let old native selection present a new reset generation (0.510625ms)
✔ late decoder reset retires explicit seek preroll after its waiter completes (0.999208ms)
✔ native source ownership rejects stale commands before policy changes (0.836584ms)
✔ seekable duration or byte counts cannot stand in for forward buffer (1.122042ms)
✔ verified samples and mpv forward buffer produce one source-bound request (1.270417ms)
✔ manual intent turns auto off, without recreating a native source (0.620666ms)
✔ new source clears health, estimates and request history (0.672333ms)
✔ old network samples never justify a late upswitch after inactivity (0.253916ms)
✔ invalid ceilings leave the accepted policy unchanged (0.127459ms)
✔ native rejection leaves the previously accepted automatic policy intact (0.088292ms)
✔ observed frame dropping can downswitch even with good throughput (0.373708ms)
✔ seek retirement drops do not masquerade as sustained decoder failure (0.348292ms)
✔ new decoder errors temporarily inhibit upswitching and reset with the source (0.171166ms)
✔ terminal demux errors are polled only for the accepted source (0.26725ms)
✔ manual policy never adapts, including during starvation (0.649667ms)
✔ unknown forward buffer and cache/backpressure samples cannot justify an upswitch (0.164333ms)
✔ upgrades require sustained headroom; deterioration and starvation downswitch promptly (0.854167ms)
✔ recovery from 2 to 8 Mbit/s remains slower than a downswitch (0.657875ms)
✔ manual selection is authoritative after auto; paused playback does not adapt (0.370667ms)
✔ ceilings and eligibility constrain decisions without inventing another track identity (0.603167ms)
✔ a pending upswitch is retired when conditions collapse, even if current quality is already low (0.169667ms)
✔ duplicate samples are ignored and a new source starts with no previous estimate (0.091791ms)
✔ known-length last chunk verifies EOF without losing remaining consumer bytes (12.006792ms)
✔ declared bytes followed by error never become a completed sample (2.697208ms)
✔ declared bytes followed by extra never become a completed sample (1.081041ms)
✔ declared bytes followed by cancel never become a completed sample (0.966875ms)
ℹ tests 59
ℹ suites 0
ℹ pass 59
ℹ fail 0
ℹ cancelled 0
ℹ skipped 0
ℹ todo 0
ℹ duration_ms 255.263375
