[
  {
    "browser": "chrome",
    "network": "local",
    "baselineN": 5,
    "candidateN": 5,
    "baselineProgressMs": 845.5349999666214,
    "candidateProgressMs": 875.7949999570847,
    "baselineOpenMs": 551.8700000047684,
    "candidateOpenMs": 571.7799999713898,
    "medianSavingMs": -30.259999990463257,
    "medianSavingPercent": -3.5787992208078685,
    "pairedSavingMs": [
      157.24500000476837,
      -28.925000071525574,
      -4.884999990463257,
      -53.4650000333786,
      -39.170000076293945
    ],
    "medianPairedSavingMs": -28.925000071525574,
    "pairedMedianBootstrap95": [
      -53.4650000333786,
      157.24500000476837
    ],
    "baselineWasmBytes": 25077545,
    "candidateWasmBytes": 17886983,
    "baselineRssDeltaKiB": 345264,
    "candidateRssDeltaKiB": 361536
  },
  {
    "browser": "chrome",
    "network": "10mbps",
    "baselineN": 5,
    "candidateN": 5,
    "baselineProgressMs": 8565.84500002861,
    "candidateProgressMs": 6737.514999985695,
    "baselineOpenMs": 8279.574999928474,
    "candidateOpenMs": 6445.069999933243,
    "medianSavingMs": 1828.3300000429153,
    "medianSavingPercent": 21.344420778531582,
    "pairedSavingMs": [
      1834.780000090599,
      1831.4049999713898,
      1823.8900001049042,
      1855.75,
      1777.875
    ],
    "medianPairedSavingMs": 1831.4049999713898,
    "pairedMedianBootstrap95": [
      1777.875,
      1855.75
    ],
    "baselineWasmBytes": 9333039,
    "candidateWasmBytes": 7034281,
    "baselineRssDeltaKiB": 229168,
    "candidateRssDeltaKiB": 226576
  },
  {
    "browser": "firefox",
    "network": "local",
    "baselineN": 3,
    "candidateN": 3,
    "baselineProgressMs": 1510.4599999999998,
    "candidateProgressMs": 1377.38,
    "baselineOpenMs": 1215.3999999999999,
    "candidateOpenMs": 1087.84,
    "medianSavingMs": 133.0799999999997,
    "medianSavingPercent": 8.810561021145858,
    "pairedSavingMs": [
      194.4599999999998,
      190.27999999999997,
      -27.61999999999989
    ],
    "medianPairedSavingMs": 190.27999999999997,
    "pairedMedianBootstrap95": [
      -27.61999999999989,
      194.4599999999998
    ],
    "baselineWasmBytes": 24440759,
    "candidateWasmBytes": 20446727,
    "baselineRssDeltaKiB": 209520,
    "candidateRssDeltaKiB": 165664
  },
  {
    "browser": "firefox",
    "network": "10mbps",
    "baselineN": 3,
    "candidateN": 3,
    "baselineProgressMs": 8987.560000000001,
    "candidateProgressMs": 7716.54,
    "baselineOpenMs": 8687.78,
    "candidateOpenMs": 7426.12,
    "medianSavingMs": 1271.0200000000013,
    "medianSavingPercent": 14.141991819804275,
    "pairedSavingMs": [
      1279.7200000000012,
      1225.2599999999993,
      1273.4800000000005
    ],
    "medianPairedSavingMs": 1273.4800000000005,
    "pairedMedianBootstrap95": [
      1225.2599999999993,
      1279.7200000000012
    ],
    "baselineWasmBytes": 9200757,
    "candidateWasmBytes": 7784791,
    "baselineRssDeltaKiB": 279040,
    "candidateRssDeltaKiB": 309792
  }
]
