command 2 exit 0
command 3 exit 0
command 4 exit 0
command 5 exit 0
[
  {
    "variant": "admission",
    "bytes": 22064752,
    "gzipBytes": 8128820,
    "sha256": "1f695d010c773a58fecd2042255183bab38062340531c6cc1a200655de9b286b"
  },
  {
    "variant": "baseline",
    "bytes": 22064233,
    "gzipBytes": 8128413,
    "sha256": "bcd6bc204ae6823e26b3052c0935661fa6d26370977ba9695754b07963932542"
  },
  {
    "variant": "lean",
    "bytes": 14873671,
    "gzipBytes": 5829655,
    "sha256": "75dd1383f4c66eda49c4af1c8fc1c319dfe781dec7bc133f87aaefa3ff338126"
  }
]
