command 14 exit 1
command 15 exit 0
command 16 exit 0
command 17 exit 0
command 18 exit 0
[
  {
    "file": "codec.wasm",
    "bytes": 1413168,
    "gzipBytes": 355943,
    "sha256": "0f3482456755d80d137ecf4b5fe9da2538961de1c775dddcd5c7c816943984a8"
  },
  {
    "file": "host.wasm",
    "bytes": 100066,
    "gzipBytes": 52836,
    "sha256": "8a625846b9f52ecbf6c5d5413f0898fd02e3f5418c5e6b87c4976f62225be14b"
  },
  {
    "file": "static.wasm",
    "bytes": 1422611,
    "gzipBytes": 382706,
    "sha256": "d881069655cfb1c101020c4401d23dd2428cce33e6dbfdc0eb3edad1be3dee43"
  }
]
