[
  {
    "browser": "firefox",
    "network": "local",
    "baselineN": 3,
    "candidateN": 3,
    "baselineProgressMs": 1457.8200000000002,
    "candidateProgressMs": 1257.32,
    "baselineOpenMs": 1165.12,
    "candidateOpenMs": 971.74,
    "medianSavingMs": 200.50000000000023,
    "medianSavingPercent": 13.753412629817138,
    "pairedSavingMs": [
      241.77999999999997,
      265.6400000000003,
      117.24000000000024
    ],
    "medianPairedSavingMs": 241.77999999999997,
    "pairedMedianBootstrap95": [
      117.24000000000024,
      265.6400000000003
    ],
    "baselineWasmBytes": 24440759,
    "candidateWasmBytes": 18070455,
    "baselineRssDeltaKiB": 219920,
    "candidateRssDeltaKiB": 272448
  },
  {
    "browser": "firefox",
    "network": "10mbps",
    "baselineN": 3,
    "candidateN": 3,
    "baselineProgressMs": 8964.04,
    "candidateProgressMs": 7115.4400000000005,
    "baselineOpenMs": 8682.98,
    "candidateOpenMs": 6791.459999999999,
    "medianSavingMs": 1848.6000000000004,
    "medianSavingPercent": 20.62239793664464,
    "pairedSavingMs": [
      1711.499999999999,
      1848.6000000000004,
      1893.119999999999
    ],
    "medianPairedSavingMs": 1848.6000000000004,
    "pairedMedianBootstrap95": [
      1711.499999999999,
      1893.119999999999
    ],
    "baselineWasmBytes": 9200757,
    "candidateWasmBytes": 7122878,
    "baselineRssDeltaKiB": 256688,
    "candidateRssDeltaKiB": 218048
  }
]
