[
  {
    "stage": "cache",
    "browser": "chrome",
    "policy": "none",
    "network": "10mbps",
    "passed": true,
    "startup": {
      "openMs": 6476.705000042915,
      "playMs": 6488.610000014305,
      "movementMs": 6771.629999995232
    },
    "chargedPreparationPlusProgressMs": 6771.629999995232,
    "repeat": null,
    "recoveryMs": null,
    "servedBytes": 8148188,
    "servedWasmBytes": 7034281
  },
  {
    "stage": "cache",
    "browser": "chrome",
    "policy": "none",
    "network": "local",
    "passed": true,
    "startup": {
      "openMs": 636.170000076294,
      "playMs": 647.960000038147,
      "movementMs": 920.0950000286102
    },
    "chargedPreparationPlusProgressMs": 920.1000000238419,
    "repeat": null,
    "recoveryMs": null,
    "servedBytes": 33874561,
    "servedWasmBytes": 32760654
  },
  {
    "stage": "cache",
    "browser": "firefox",
    "policy": "none",
    "network": "10mbps",
    "passed": true,
    "startup": {
      "openMs": 7303.54,
      "playMs": 7328.5199999999995,
      "movementMs": 7589.139999999999
    },
    "chargedPreparationPlusProgressMs": 7589.139999999999,
    "repeat": null,
    "recoveryMs": null,
    "servedBytes": 8878468,
    "servedWasmBytes": 7784791
  },
  {
    "stage": "cache",
    "browser": "firefox",
    "policy": "none",
    "network": "local",
    "passed": true,
    "startup": {
      "openMs": 1073.78,
      "playMs": 1099.06,
      "movementMs": 1357.1200000000001
    },
    "chargedPreparationPlusProgressMs": 1357.1200000000001,
    "repeat": null,
    "recoveryMs": null,
    "servedBytes": 21540404,
    "servedWasmBytes": 20446727
  },
  {
    "stage": "policy",
    "browser": "chrome",
    "policy": "all",
    "network": "10mbps",
    "passed": true,
    "startup": {
      "openMs": 541.3799999952316,
      "playMs": 553.3000000715256,
      "movementMs": 840.7799999713898
    },
    "chargedPreparationPlusProgressMs": 13408.125,
    "repeat": {
      "openPlayMs": 342.2999999523163
    },
    "recoveryMs": null,
    "servedBytes": 17338739,
    "servedWasmBytes": 15030429
  },
  {
    "stage": "policy",
    "browser": "chrome",
    "policy": "all",
    "network": "local",
    "passed": false,
    "startup": null,
    "chargedPreparationPlusProgressMs": 120.02999997138977,
    "repeat": null,
    "recoveryMs": null,
    "servedBytes": 18823185,
    "servedWasmBytes": 17886983
  },
  {
    "stage": "policy",
    "browser": "chrome",
    "policy": "none",
    "network": "10mbps",
    "passed": true,
    "startup": {
      "openMs": 6473.090000033379,
      "playMs": 6486.574999928474,
      "movementMs": 6764.84500002861
    },
    "chargedPreparationPlusProgressMs": 6764.84500002861,
    "repeat": {
      "openPlayMs": 6266.09500002861
    },
    "recoveryMs": null,
    "servedBytes": 17133948,
    "servedWasmBytes": 14068562
  },
  {
    "stage": "policy",
    "browser": "chrome",
    "policy": "selective",
    "network": "10mbps",
    "passed": true,
    "startup": {
      "openMs": 539.0899999141693,
      "playMs": 550.9900000095367,
      "movementMs": 829.539999961853
    },
    "chargedPreparationPlusProgressMs": 6646.9400000572205,
    "repeat": {
      "openPlayMs": 358.81500005722046
    },
    "recoveryMs": null,
    "servedBytes": 9342591,
    "servedWasmBytes": 7034281
  },
  {
    "stage": "policy",
    "browser": "firefox",
    "policy": "all",
    "network": "10mbps",
    "passed": true,
    "startup": {
      "openMs": 399.35999999999876,
      "playMs": 423.3199999999997,
      "movementMs": 692.7399999999998
    },
    "chargedPreparationPlusProgressMs": 12503.939999999999,
    "repeat": {
      "openPlayMs": 476.5
    },
    "recoveryMs": null,
    "servedBytes": 15857582,
    "servedWasmBytes": 13614446
  },
  {
    "stage": "policy",
    "browser": "firefox",
    "policy": "none",
    "network": "10mbps",
    "passed": true,
    "startup": {
      "openMs": 7424.26,
      "playMs": 7451.14,
      "movementMs": 7709.6
    },
    "chargedPreparationPlusProgressMs": 7709.6,
    "repeat": {
      "openPlayMs": 7354.720000000001
    },
    "recoveryMs": null,
    "servedBytes": 18569794,
    "servedWasmBytes": 15569582
  },
  {
    "stage": "policy",
    "browser": "firefox",
    "policy": "selective",
    "network": "10mbps",
    "passed": true,
    "startup": {
      "openMs": 397.2600000000002,
      "playMs": 427.39999999999964,
      "movementMs": 700.7200000000003
    },
    "chargedPreparationPlusProgressMs": 7881.820000000001,
    "repeat": {
      "openPlayMs": 445.5599999999995
    },
    "recoveryMs": null,
    "servedBytes": 10027927,
    "servedWasmBytes": 7784791
  },
  {
    "stage": "recovery",
    "browser": "chrome",
    "policy": "all",
    "network": "10mbps",
    "passed": true,
    "startup": {
      "openMs": 539.75,
      "playMs": 552.3949999809265,
      "movementMs": 828.8300000429153
    },
    "chargedPreparationPlusProgressMs": 13395.414999961853,
    "repeat": null,
    "recoveryMs": 634,
    "servedBytes": 17921485,
    "servedWasmBytes": 15030429
  },
  {
    "stage": "recovery",
    "browser": "chrome",
    "policy": "none",
    "network": "10mbps",
    "passed": true,
    "startup": {
      "openMs": 6417.335000038147,
      "playMs": 6429.400000095367,
      "movementMs": 6699.7300000190735
    },
    "chargedPreparationPlusProgressMs": 6699.7300000190735,
    "repeat": null,
    "recoveryMs": 7650,
    "servedBytes": 26469918,
    "servedWasmBytes": 22064710
  },
  {
    "stage": "recovery",
    "browser": "chrome",
    "policy": "selective",
    "network": "10mbps",
    "passed": true,
    "startup": {
      "openMs": 541.7699999809265,
      "playMs": 553.7250000238419,
      "movementMs": 831.1399999856949
    },
    "chargedPreparationPlusProgressMs": 6660.995000004768,
    "repeat": null,
    "recoveryMs": 7653,
    "servedBytes": 17921485,
    "servedWasmBytes": 15030429
  }
]
