command 21 exit 0
command 22 exit 0
command 23 exit 0
[
  {
    "variant": "admission",
    "bytes": 22064752,
    "gzipBytes": 8128820,
    "sha256": "1f695d010c773a58fecd2042255183bab38062340531c6cc1a200655de9b286b"
  },
  {
    "variant": "baseline",
    "bytes": 22064233,
    "gzipBytes": 8128413,
    "sha256": "bcd6bc204ae6823e26b3052c0935661fa6d26370977ba9695754b07963932542"
  },
  {
    "variant": "lean",
    "bytes": 14873671,
    "gzipBytes": 5829655,
    "sha256": "75dd1383f4c66eda49c4af1c8fc1c319dfe781dec7bc133f87aaefa3ff338126"
  },
  {
    "variant": "software-baseline",
    "bytes": 21427447,
    "gzipBytes": 7945242,
    "sha256": "6f69c77b8fedfc3832d05ed182f504a4a57734704d57fa4eaf0a014a2b85aba3"
  },
  {
    "variant": "software-common",
    "bytes": 17433415,
    "gzipBytes": 6542596,
    "sha256": "a5603605c78b690b8ef6dae4ec5b1d4a1e05daa0284081735831a03db6cbe727"
  },
  {
    "variant": "software-common-v2",
    "bytes": 17433415,
    "gzipBytes": 6542587,
    "sha256": "4ec344da891dab3f984c79b2050d411ddd17128401265928de432be8c4edb8ca"
  }
]
