{
  "checks": [
    {
      "path": "research/items/granular-engine-loading/evidence/20260921T171411Z-full-study-02/correctness-chrome-admission-original-h264-none-local-1790011100566/result.json",
      "variant": "admission",
      "software": "original",
      "family": "chrome",
      "fixture": "h264",
      "oracleMAE": 3.3210474537037036,
      "wrongPictureMAE": 238.1872048611111,
      "subtitleChangedPixels": 36243,
      "passed": true,
      "baselineMAE": 0.0
    },
    {
      "path": "research/items/granular-engine-loading/evidence/20260921T171411Z-full-study-02/correctness-chrome-baseline-original-av1-none-local-1790011212819/result.json",
      "variant": "baseline",
      "software": "original",
      "family": "chrome",
      "fixture": "av1",
      "oracleMAE": 3.3422569444444443,
      "wrongPictureMAE": 236.8883449074074,
      "subtitleChangedPixels": 36243,
      "passed": true,
      "baselineMAE": 0.0
    },
    {
      "path": "research/items/granular-engine-loading/evidence/20260921T171411Z-full-study-02/correctness-chrome-baseline-original-h264-none-local-1790011092886/result.json",
      "variant": "baseline",
      "software": "original",
      "family": "chrome",
      "fixture": "h264",
      "oracleMAE": 3.3210474537037036,
      "wrongPictureMAE": 238.1872048611111,
      "subtitleChangedPixels": 36243,
      "passed": true,
      "baselineMAE": 0.0
    },
    {
      "path": "research/items/granular-engine-loading/evidence/20260921T171411Z-full-study-02/correctness-chrome-baseline-original-user-none-local-1790011107690/result.json",
      "variant": "baseline",
      "software": "original",
      "family": "chrome",
      "fixture": "user",
      "oracleMAE": 1.5915567129629629,
      "wrongPictureMAE": 137.7968576388889,
      "subtitleChangedPixels": 0,
      "passed": true,
      "baselineMAE": 0.0
    },
    {
      "path": "research/items/granular-engine-loading/evidence/20260921T171411Z-full-study-02/correctness-chrome-baseline-original-vp8-none-local-1790011183526/result.json",
      "variant": "baseline",
      "software": "original",
      "family": "chrome",
      "fixture": "vp8",
      "oracleMAE": 8.62109375,
      "wrongPictureMAE": 231.37508680555555,
      "subtitleChangedPixels": 36243,
      "passed": false,
      "baselineMAE": 0.0
    },
    {
      "path": "research/items/granular-engine-loading/evidence/20260921T171411Z-full-study-02/correctness-chrome-baseline-original-vp9-none-local-1790011198514/result.json",
      "variant": "baseline",
      "software": "original",
      "family": "chrome",
      "fixture": "vp9",
      "oracleMAE": 3.3741956018518517,
      "wrongPictureMAE": 237.7361400462963,
      "subtitleChangedPixels": 36243,
      "passed": true,
      "baselineMAE": 0.0
    },
    {
      "path": "research/items/granular-engine-loading/evidence/20260921T171411Z-full-study-02/correctness-chrome-lean-original-av1-none-local-1790011219706/result.json",
      "variant": "lean",
      "software": "original",
      "family": "chrome",
      "fixture": "av1",
      "oracleMAE": 3.3422569444444443,
      "wrongPictureMAE": 236.8883449074074,
      "subtitleChangedPixels": 36243,
      "passed": true,
      "baselineMAE": 0.0
    },
    {
      "path": "research/items/granular-engine-loading/evidence/20260921T171411Z-full-study-02/correctness-chrome-lean-original-h264-none-local-1790011036247/result.json",
      "variant": "lean",
      "software": "original",
      "family": "chrome",
      "fixture": "h264",
      "oracleMAE": 3.3210474537037036,
      "wrongPictureMAE": 238.1872048611111,
      "subtitleChangedPixels": 36243,
      "passed": true,
      "baselineMAE": 0.0
    },
    {
      "path": "research/items/granular-engine-loading/evidence/20260921T171411Z-full-study-02/correctness-chrome-lean-original-user-none-local-1790011114987/result.json",
      "variant": "lean",
      "software": "original",
      "family": "chrome",
      "fixture": "user",
      "oracleMAE": 1.5915567129629629,
      "wrongPictureMAE": 137.7968576388889,
      "subtitleChangedPixels": 0,
      "passed": true,
      "baselineMAE": 0.0
    },
    {
      "path": "research/items/granular-engine-loading/evidence/20260921T171411Z-full-study-02/correctness-chrome-lean-original-vp8-none-local-1790011191195/result.json",
      "variant": "lean",
      "software": "original",
      "family": "chrome",
      "fixture": "vp8",
      "oracleMAE": 8.62109375,
      "wrongPictureMAE": 231.37508680555555,
      "subtitleChangedPixels": 36243,
      "passed": false,
      "baselineMAE": 0.0
    },
    {
      "path": "research/items/granular-engine-loading/evidence/20260921T171411Z-full-study-02/correctness-chrome-lean-original-vp9-none-local-1790011205782/result.json",
      "variant": "lean",
      "software": "original",
      "family": "chrome",
      "fixture": "vp9",
      "oracleMAE": 3.3741956018518517,
      "wrongPictureMAE": 237.7361400462963,
      "subtitleChangedPixels": 36243,
      "passed": true,
      "baselineMAE": 0.0
    },
    {
      "path": "research/items/granular-engine-loading/evidence/20260921T171411Z-full-study-02/correctness-firefox-lean-software-baseline-h264-none-local-1790011337525/result.json",
      "variant": "lean",
      "software": "software-baseline",
      "family": "firefox",
      "fixture": "h264",
      "oracleMAE": 0.9133217592592593,
      "wrongPictureMAE": 239.64678240740741,
      "subtitleChangedPixels": 2026,
      "passed": true,
      "baselineMAE": 0.0
    },
    {
      "path": "research/items/granular-engine-loading/evidence/20260921T171411Z-full-study-02/correctness-firefox-lean-software-baseline-user-none-local-1790011227191/result.json",
      "variant": "lean",
      "software": "software-baseline",
      "family": "firefox",
      "fixture": "user",
      "oracleMAE": 0.7987847222222222,
      "wrongPictureMAE": 139.04488425925925,
      "subtitleChangedPixels": 0,
      "passed": true,
      "baselineMAE": 0.0
    },
    {
      "path": "research/items/granular-engine-loading/evidence/20260921T171411Z-full-study-02/correctness-firefox-lean-software-common-h264-none-local-1790011347450/result.json",
      "variant": "lean",
      "software": "software-common",
      "family": "firefox",
      "fixture": "h264",
      "oracleMAE": 0.9133217592592593,
      "wrongPictureMAE": 239.64678240740741,
      "subtitleChangedPixels": 2026,
      "passed": true,
      "baselineMAE": 0.0
    },
    {
      "path": "research/items/granular-engine-loading/evidence/20260921T171411Z-full-study-02/correctness-firefox-lean-software-common-user-none-local-1790011254401/result.json",
      "variant": "lean",
      "software": "software-common",
      "family": "firefox",
      "fixture": "user",
      "oracleMAE": 0.7987847222222222,
      "wrongPictureMAE": 139.04488425925925,
      "subtitleChangedPixels": 0,
      "passed": true,
      "baselineMAE": 0.0
    }
  ],
  "allPassed": false,
  "scope": "Final 3s full-frame subtitle-off RGB, negative control, subtitle visibility and baseline equivalence; lifecycle gates in individual trials."
}
