{"args": ["ffmpeg", "-v", "error", "-y", "-f", "lavfi", "-i", "aevalsrc=0.4*sin(2*PI*(431*t+37*t*t))|0.3*sin(2*PI*(617*t+21*t*t)):s=48000:d=8", "-sample_fmt", "s16", "research/shared/runs/20260919T_audio_wavpack_correction/source.wav"], "exit": 0, "stderr": ""}
{"args": ["wavpack", "-q", "-y", "-b3", "-c", "--blocksize=48000", "research/shared/runs/20260919T_audio_wavpack_correction/source.wav", "-o", "research/shared/runs/20260919T_audio_wavpack_correction/source.wv"], "exit": 0, "stderr": ""}
{"args": ["ffmpeg", "-v", "error", "-i", "research/shared/runs/20260919T_audio_wavpack_correction/source.wav", "-f", "s16le", "-"], "exit": 0, "stderr": ""}
{"args": ["wvunpack", "-q", "-r", "-y", "--skip=0", "research/shared/runs/20260919T_audio_wavpack_correction/source.wv", "-o", "-"], "exit": 0, "stderr": ""}
{"args": ["wvunpack", "-q", "-r", "-y", "--skip=0", "-i", "research/shared/runs/20260919T_audio_wavpack_correction/source.wv", "-o", "-"], "exit": 0, "stderr": ""}
{"args": ["wvunpack", "-q", "-r", "-y", "--skip=192000", "research/shared/runs/20260919T_audio_wavpack_correction/partial.wv", "-o", "-"], "exit": 0, "stderr": ""}
{"args": ["wvunpack", "-q", "-r", "-y", "--skip=0", "--until=+192000", "-i", "research/shared/runs/20260919T_audio_wavpack_correction/source.wv", "-o", "-"], "exit": 0, "stderr": ""}
{"args": ["wvunpack", "-q", "-r", "-y", "--skip=0", "--until=+192000", "-i", "research/shared/runs/20260919T_audio_wavpack_correction/timed.wv", "-o", "-"], "exit": 0, "stderr": ""}
{"args": ["wvunpack", "-q", "-r", "-y", "--skip=192000", "research/shared/runs/20260919T_audio_wavpack_correction/timed.wv", "-o", "-"], "exit": 0, "stderr": ""}
{"args": ["wvunpack", "-q", "-r", "-y", "--skip=0", "--until=+192000", "-i", "research/shared/runs/20260919T_audio_wavpack_correction/timed.wv", "-o", "-"], "exit": 0, "stderr": ""}
{"args": ["wvunpack", "-q", "-r", "-y", "--skip=192000", "research/shared/runs/20260919T_audio_wavpack_correction/timed.wv", "-o", "-"], "exit": 0, "stderr": ""}
{"args": ["wvunpack", "-q", "-r", "-y", "--skip=0", "--until=+192000", "-i", "research/shared/runs/20260919T_audio_wavpack_correction/timed.wv", "-o", "-"], "exit": 0, "stderr": ""}
{"args": ["wvunpack", "-q", "-r", "-y", "--skip=192000", "research/shared/runs/20260919T_audio_wavpack_correction/timed.wv", "-o", "-"], "exit": 0, "stderr": ""}
{"args": ["wvunpack", "-q", "-r", "-y", "--skip=0", "--until=+192000", "-i", "research/shared/runs/20260919T_audio_wavpack_correction/timed.wv", "-o", "-"], "exit": 0, "stderr": ""}
{"args": ["wvunpack", "-q", "-r", "-y", "--skip=192000", "research/shared/runs/20260919T_audio_wavpack_correction/timed.wv", "-o", "-"], "exit": 0, "stderr": ""}
{"args": ["wvunpack", "-q", "-r", "-y", "--skip=0", "--until=+192000", "-i", "research/shared/runs/20260919T_audio_wavpack_correction/timed.wv", "-o", "-"], "exit": 0, "stderr": ""}
{"args": ["wvunpack", "-q", "-r", "-y", "--skip=192000", "research/shared/runs/20260919T_audio_wavpack_correction/timed.wv", "-o", "-"], "exit": 0, "stderr": ""}
{"args": ["wvunpack", "-q", "-r", "-y", "--skip=0", "--until=+192000", "-i", "research/shared/runs/20260919T_audio_wavpack_correction/timed.wv", "-o", "-"], "exit": 0, "stderr": ""}
{"args": ["wvunpack", "-q", "-r", "-y", "--skip=192000", "research/shared/runs/20260919T_audio_wavpack_correction/timed.wv", "-o", "-"], "exit": 0, "stderr": ""}
{"args": ["wvunpack", "-q", "-r", "-y", "--skip=0", "--until=+192000", "-i", "research/shared/runs/20260919T_audio_wavpack_correction/timed.wv", "-o", "-"], "exit": 0, "stderr": ""}
{"args": ["wvunpack", "-q", "-r", "-y", "--skip=192000", "research/shared/runs/20260919T_audio_wavpack_correction/timed.wv", "-o", "-"], "exit": 0, "stderr": ""}
{"args": ["wvunpack", "-q", "-r", "-y", "--skip=0", "--until=+192000", "-i", "research/shared/runs/20260919T_audio_wavpack_correction/timed.wv", "-o", "-"], "exit": 0, "stderr": ""}
{"args": ["wvunpack", "-q", "-r", "-y", "--skip=192000", "research/shared/runs/20260919T_audio_wavpack_correction/timed.wv", "-o", "-"], "exit": 0, "stderr": ""}
{"args": ["wvunpack", "-q", "-r", "-y", "--skip=0", "--until=+192000", "-i", "research/shared/runs/20260919T_audio_wavpack_correction/timed.wv", "-o", "-"], "exit": 0, "stderr": ""}
{"args": ["wvunpack", "-q", "-r", "-y", "--skip=192000", "research/shared/runs/20260919T_audio_wavpack_correction/timed.wv", "-o", "-"], "exit": 0, "stderr": ""}
{"args": ["wvunpack", "-q", "-r", "-y", "--skip=0", "--until=+192000", "-i", "research/shared/runs/20260919T_audio_wavpack_correction/timed.wv", "-o", "-"], "exit": 0, "stderr": ""}
{"args": ["wvunpack", "-q", "-r", "-y", "--skip=192000", "research/shared/runs/20260919T_audio_wavpack_correction/timed.wv", "-o", "-"], "exit": 0, "stderr": ""}
{"args": ["wvunpack", "-q", "-r", "-y", "--skip=0", "--until=+192000", "-i", "research/shared/runs/20260919T_audio_wavpack_correction/timed.wv", "-o", "-"], "exit": 0, "stderr": ""}
{"args": ["wvunpack", "-q", "-r", "-y", "--skip=192000", "research/shared/runs/20260919T_audio_wavpack_correction/timed.wv", "-o", "-"], "exit": 0, "stderr": ""}
{"args": ["wvunpack", "-q", "-r", "-y", "--skip=0", "--until=+192000", "-i", "research/shared/runs/20260919T_audio_wavpack_correction/timed.wv", "-o", "-"], "exit": 0, "stderr": ""}
{"args": ["wvunpack", "-q", "-r", "-y", "--skip=192000", "research/shared/runs/20260919T_audio_wavpack_correction/timed.wv", "-o", "-"], "exit": 0, "stderr": ""}
{"args": ["wvunpack", "-q", "-r", "-y", "--skip=0", "--until=+192000", "-i", "research/shared/runs/20260919T_audio_wavpack_correction/timed.wv", "-o", "-"], "exit": 0, "stderr": ""}
{"args": ["wvunpack", "-q", "-r", "-y", "--skip=192000", "research/shared/runs/20260919T_audio_wavpack_correction/timed.wv", "-o", "-"], "exit": 0, "stderr": ""}
{"args": ["wvunpack", "-q", "-r", "-y", "--skip=0", "--until=+192000", "-i", "research/shared/runs/20260919T_audio_wavpack_correction/timed.wv", "-o", "-"], "exit": 0, "stderr": ""}
{"args": ["wvunpack", "-q", "-r", "-y", "--skip=192000", "research/shared/runs/20260919T_audio_wavpack_correction/timed.wv", "-o", "-"], "exit": 0, "stderr": ""}
{"args": ["wvunpack", "-q", "-r", "-y", "--skip=0", "--until=+192000", "-i", "research/shared/runs/20260919T_audio_wavpack_correction/timed.wv", "-o", "-"], "exit": 0, "stderr": ""}
{"args": ["wvunpack", "-q", "-r", "-y", "--skip=192000", "research/shared/runs/20260919T_audio_wavpack_correction/timed.wv", "-o", "-"], "exit": 0, "stderr": ""}
{"args": ["wvunpack", "-q", "-r", "-y", "--skip=0", "--until=+192000", "-i", "research/shared/runs/20260919T_audio_wavpack_correction/timed.wv", "-o", "-"], "exit": 0, "stderr": ""}
{"args": ["wvunpack", "-q", "-r", "-y", "--skip=192000", "research/shared/runs/20260919T_audio_wavpack_correction/timed.wv", "-o", "-"], "exit": 0, "stderr": ""}
{"args": ["wvunpack", "-q", "-r", "-y", "--skip=0", "--until=+192000", "-i", "research/shared/runs/20260919T_audio_wavpack_correction/timed.wv", "-o", "-"], "exit": 0, "stderr": ""}
{"args": ["wvunpack", "-q", "-r", "-y", "--skip=192000", "research/shared/runs/20260919T_audio_wavpack_correction/timed.wv", "-o", "-"], "exit": 0, "stderr": ""}
{"args": ["wvunpack", "-q", "-r", "-y", "--skip=0", "--until=+192000", "-i", "research/shared/runs/20260919T_audio_wavpack_correction/timed.wv", "-o", "-"], "exit": 0, "stderr": ""}
{"args": ["wvunpack", "-q", "-r", "-y", "--skip=192000", "research/shared/runs/20260919T_audio_wavpack_correction/timed.wv", "-o", "-"], "exit": 0, "stderr": ""}
{"args": ["wvunpack", "-q", "-r", "-y", "--skip=0", "--until=+192000", "-i", "research/shared/runs/20260919T_audio_wavpack_correction/timed.wv", "-o", "-"], "exit": 0, "stderr": ""}
{"args": ["wvunpack", "-q", "-r", "-y", "--skip=192000", "research/shared/runs/20260919T_audio_wavpack_correction/timed.wv", "-o", "-"], "exit": 0, "stderr": ""}
{"args": ["wvunpack", "-q", "-r", "-y", "--skip=0", "--until=+192000", "-i", "research/shared/runs/20260919T_audio_wavpack_correction/timed.wv", "-o", "-"], "exit": 0, "stderr": ""}
{"args": ["wvunpack", "-q", "-r", "-y", "--skip=192000", "research/shared/runs/20260919T_audio_wavpack_correction/timed.wv", "-o", "-"], "exit": 0, "stderr": ""}
{"args": ["wvunpack", "-q", "-r", "-y", "--skip=0", "--until=+192000", "-i", "research/shared/runs/20260919T_audio_wavpack_correction/timed.wv", "-o", "-"], "exit": 0, "stderr": ""}
{"args": ["wvunpack", "-q", "-r", "-y", "--skip=192000", "research/shared/runs/20260919T_audio_wavpack_correction/timed.wv", "-o", "-"], "exit": 0, "stderr": ""}
{"args": ["wvunpack", "-q", "-r", "-y", "--skip=0", "--until=+192000", "-i", "research/shared/runs/20260919T_audio_wavpack_correction/timed.wv", "-o", "-"], "exit": 0, "stderr": ""}
{"args": ["wvunpack", "-q", "-r", "-y", "--skip=192000", "research/shared/runs/20260919T_audio_wavpack_correction/timed.wv", "-o", "-"], "exit": 0, "stderr": ""}
{"args": ["wvunpack", "-q", "-r", "-y", "--skip=0", "--until=+192000", "-i", "research/shared/runs/20260919T_audio_wavpack_correction/timed.wv", "-o", "-"], "exit": 0, "stderr": ""}
{"args": ["wvunpack", "-q", "-r", "-y", "--skip=192000", "research/shared/runs/20260919T_audio_wavpack_correction/timed.wv", "-o", "-"], "exit": 0, "stderr": ""}
{"args": ["wvunpack", "-q", "-r", "-y", "--skip=0", "--until=+192000", "-i", "research/shared/runs/20260919T_audio_wavpack_correction/timed.wv", "-o", "-"], "exit": 0, "stderr": ""}
{"args": ["wvunpack", "-q", "-r", "-y", "--skip=192000", "research/shared/runs/20260919T_audio_wavpack_correction/timed.wv", "-o", "-"], "exit": 0, "stderr": ""}
{"args": ["wvunpack", "-q", "-r", "-y", "--skip=0", "--until=+192000", "-i", "research/shared/runs/20260919T_audio_wavpack_correction/timed.wv", "-o", "-"], "exit": 0, "stderr": ""}
{"args": ["wvunpack", "-q", "-r", "-y", "--skip=192000", "research/shared/runs/20260919T_audio_wavpack_correction/timed.wv", "-o", "-"], "exit": 0, "stderr": ""}
{"args": ["wvunpack", "-q", "-r", "-y", "--skip=0", "--until=+192000", "-i", "research/shared/runs/20260919T_audio_wavpack_correction/timed.wv", "-o", "-"], "exit": 0, "stderr": ""}
{"args": ["wvunpack", "-q", "-r", "-y", "--skip=192000", "research/shared/runs/20260919T_audio_wavpack_correction/timed.wv", "-o", "-"], "exit": 0, "stderr": ""}
{"args": ["wvunpack", "-q", "-r", "-y", "--skip=0", "--until=+192000", "-i", "research/shared/runs/20260919T_audio_wavpack_correction/timed.wv", "-o", "-"], "exit": 0, "stderr": ""}
{"args": ["wvunpack", "-q", "-r", "-y", "--skip=192000", "research/shared/runs/20260919T_audio_wavpack_correction/timed.wv", "-o", "-"], "exit": 0, "stderr": ""}
{"args": ["wvunpack", "-q", "-r", "-y", "--skip=0", "--until=+192000", "-i", "research/shared/runs/20260919T_audio_wavpack_correction/timed.wv", "-o", "-"], "exit": 0, "stderr": ""}
{"args": ["wvunpack", "-q", "-r", "-y", "--skip=192000", "research/shared/runs/20260919T_audio_wavpack_correction/timed.wv", "-o", "-"], "exit": 0, "stderr": ""}
{"args": ["wvunpack", "-q", "-r", "-y", "--skip=0", "--until=+192000", "-i", "research/shared/runs/20260919T_audio_wavpack_correction/timed.wv", "-o", "-"], "exit": 0, "stderr": ""}
{"args": ["wvunpack", "-q", "-r", "-y", "--skip=192000", "research/shared/runs/20260919T_audio_wavpack_correction/timed.wv", "-o", "-"], "exit": 0, "stderr": ""}
{"args": ["wvunpack", "-q", "-r", "-y", "--skip=0", "--until=+192000", "-i", "research/shared/runs/20260919T_audio_wavpack_correction/timed.wv", "-o", "-"], "exit": 0, "stderr": ""}
{"args": ["wvunpack", "-q", "-r", "-y", "--skip=192000", "research/shared/runs/20260919T_audio_wavpack_correction/timed.wv", "-o", "-"], "exit": 0, "stderr": ""}
{"args": ["wvunpack", "-q", "-r", "-y", "--skip=0", "--until=+192000", "-i", "research/shared/runs/20260919T_audio_wavpack_correction/timed.wv", "-o", "-"], "exit": 0, "stderr": ""}
{"args": ["wvunpack", "-q", "-r", "-y", "--skip=192000", "research/shared/runs/20260919T_audio_wavpack_correction/timed.wv", "-o", "-"], "exit": 0, "stderr": ""}
{"args": ["wvunpack", "-q", "-r", "-y", "--skip=0", "--until=+192000", "-i", "research/shared/runs/20260919T_audio_wavpack_correction/timed.wv", "-o", "-"], "exit": 0, "stderr": ""}
{"args": ["wvunpack", "-q", "-r", "-y", "--skip=192000", "research/shared/runs/20260919T_audio_wavpack_correction/timed.wv", "-o", "-"], "exit": 0, "stderr": ""}
{"args": ["wvunpack", "-q", "-r", "-y", "--skip=0", "--until=+192000", "-i", "research/shared/runs/20260919T_audio_wavpack_correction/timed.wv", "-o", "-"], "exit": 0, "stderr": ""}
{"args": ["wvunpack", "-q", "-r", "-y", "--skip=192000", "research/shared/runs/20260919T_audio_wavpack_correction/timed.wv", "-o", "-"], "exit": 0, "stderr": ""}
{"args": ["wvunpack", "-q", "-r", "-y", "--skip=0", "--until=+192000", "-i", "research/shared/runs/20260919T_audio_wavpack_correction/timed.wv", "-o", "-"], "exit": 0, "stderr": ""}
{"args": ["wvunpack", "-q", "-r", "-y", "--skip=192000", "research/shared/runs/20260919T_audio_wavpack_correction/timed.wv", "-o", "-"], "exit": 0, "stderr": ""}
{"args": ["wvunpack", "-q", "-r", "-y", "--skip=0", "--until=+192000", "-i", "research/shared/runs/20260919T_audio_wavpack_correction/timed.wv", "-o", "-"], "exit": 0, "stderr": ""}
{"args": ["wvunpack", "-q", "-r", "-y", "--skip=192000", "research/shared/runs/20260919T_audio_wavpack_correction/timed.wv", "-o", "-"], "exit": 0, "stderr": ""}
{"args": ["wvunpack", "-q", "-r", "-y", "--skip=0", "--until=+192000", "-i", "research/shared/runs/20260919T_audio_wavpack_correction/timed.wv", "-o", "-"], "exit": 0, "stderr": ""}
{"args": ["wvunpack", "-q", "-r", "-y", "--skip=192000", "research/shared/runs/20260919T_audio_wavpack_correction/timed.wv", "-o", "-"], "exit": 0, "stderr": ""}
{"args": ["wvunpack", "-q", "-r", "-y", "--skip=0", "--until=+192000", "-i", "research/shared/runs/20260919T_audio_wavpack_correction/timed.wv", "-o", "-"], "exit": 0, "stderr": ""}
{"args": ["wvunpack", "-q", "-r", "-y", "--skip=192000", "research/shared/runs/20260919T_audio_wavpack_correction/timed.wv", "-o", "-"], "exit": 0, "stderr": ""}
{"args": ["wvunpack", "-q", "-r", "-y", "--skip=0", "--until=+192000", "-i", "research/shared/runs/20260919T_audio_wavpack_correction/timed.wv", "-o", "-"], "exit": 0, "stderr": ""}
{"args": ["wvunpack", "-q", "-r", "-y", "--skip=192000", "research/shared/runs/20260919T_audio_wavpack_correction/timed.wv", "-o", "-"], "exit": 0, "stderr": ""}
{"args": ["wvunpack", "-q", "-r", "-y", "--skip=0", "--until=+192000", "-i", "research/shared/runs/20260919T_audio_wavpack_correction/timed.wv", "-o", "-"], "exit": 0, "stderr": ""}
{"args": ["wvunpack", "-q", "-r", "-y", "--skip=192000", "research/shared/runs/20260919T_audio_wavpack_correction/timed.wv", "-o", "-"], "exit": 0, "stderr": ""}
{"args": ["wvunpack", "-q", "-r", "-y", "--skip=0", "--until=+192000", "-i", "research/shared/runs/20260919T_audio_wavpack_correction/timed.wv", "-o", "-"], "exit": 0, "stderr": ""}
{"args": ["wvunpack", "-q", "-r", "-y", "--skip=192000", "research/shared/runs/20260919T_audio_wavpack_correction/timed.wv", "-o", "-"], "exit": 0, "stderr": ""}
{"args": ["wvunpack", "-q", "-r", "-y", "--skip=0", "--until=+192000", "-i", "research/shared/runs/20260919T_audio_wavpack_correction/timed.wv", "-o", "-"], "exit": 0, "stderr": ""}
{"args": ["wvunpack", "-q", "-r", "-y", "--skip=192000", "research/shared/runs/20260919T_audio_wavpack_correction/timed.wv", "-o", "-"], "exit": 0, "stderr": ""}
{"args": ["wvunpack", "-q", "-r", "-y", "--skip=0", "--until=+192000", "-i", "research/shared/runs/20260919T_audio_wavpack_correction/timed.wv", "-o", "-"], "exit": 0, "stderr": ""}
{"args": ["wvunpack", "-q", "-r", "-y", "--skip=192000", "research/shared/runs/20260919T_audio_wavpack_correction/timed.wv", "-o", "-"], "exit": 0, "stderr": ""}
{"args": ["wvunpack", "-q", "-r", "-y", "--skip=0", "--until=+192000", "-i", "research/shared/runs/20260919T_audio_wavpack_correction/timed.wv", "-o", "-"], "exit": 0, "stderr": ""}
{"args": ["wvunpack", "-q", "-r", "-y", "--skip=192000", "research/shared/runs/20260919T_audio_wavpack_correction/timed.wv", "-o", "-"], "exit": 0, "stderr": ""}
{"args": ["wvunpack", "-q", "-r", "-y", "--skip=0", "--until=+192000", "-i", "research/shared/runs/20260919T_audio_wavpack_correction/timed.wv", "-o", "-"], "exit": 0, "stderr": ""}
{"args": ["wvunpack", "-q", "-r", "-y", "--skip=192000", "research/shared/runs/20260919T_audio_wavpack_correction/timed.wv", "-o", "-"], "exit": 0, "stderr": ""}
{"args": ["wvunpack", "-q", "-r", "-y", "--skip=0", "--until=+192000", "-i", "research/shared/runs/20260919T_audio_wavpack_correction/timed.wv", "-o", "-"], "exit": 0, "stderr": ""}
{"args": ["wvunpack", "-q", "-r", "-y", "--skip=192000", "research/shared/runs/20260919T_audio_wavpack_correction/timed.wv", "-o", "-"], "exit": 0, "stderr": ""}
{"args": ["wvunpack", "-q", "-r", "-y", "--skip=0", "--until=+192000", "-i", "research/shared/runs/20260919T_audio_wavpack_correction/timed.wv", "-o", "-"], "exit": 0, "stderr": ""}
{"args": ["wvunpack", "-q", "-r", "-y", "--skip=192000", "research/shared/runs/20260919T_audio_wavpack_correction/timed.wv", "-o", "-"], "exit": 0, "stderr": ""}
{"args": ["wvunpack", "-q", "-r", "-y", "--skip=0", "--until=+192000", "-i", "research/shared/runs/20260919T_audio_wavpack_correction/timed.wv", "-o", "-"], "exit": 0, "stderr": ""}
{"args": ["wvunpack", "-q", "-r", "-y", "--skip=192000", "research/shared/runs/20260919T_audio_wavpack_correction/timed.wv", "-o", "-"], "exit": 0, "stderr": ""}
{"args": ["wvunpack", "-q", "-r", "-y", "--skip=0", "--until=+192000", "-i", "research/shared/runs/20260919T_audio_wavpack_correction/timed.wv", "-o", "-"], "exit": 0, "stderr": ""}
{"args": ["wvunpack", "-q", "-r", "-y", "--skip=192000", "research/shared/runs/20260919T_audio_wavpack_correction/timed.wv", "-o", "-"], "exit": 0, "stderr": ""}
{"args": ["wvunpack", "-q", "-r", "-y", "--skip=0", "--until=+192000", "-i", "research/shared/runs/20260919T_audio_wavpack_correction/timed.wv", "-o", "-"], "exit": 0, "stderr": ""}
{"args": ["wvunpack", "-q", "-r", "-y", "--skip=192000", "research/shared/runs/20260919T_audio_wavpack_correction/timed.wv", "-o", "-"], "exit": 0, "stderr": ""}
{"args": ["wvunpack", "-q", "-r", "-y", "--skip=0", "--until=+192000", "-i", "research/shared/runs/20260919T_audio_wavpack_correction/timed.wv", "-o", "-"], "exit": 0, "stderr": ""}
{"args": ["wvunpack", "-q", "-r", "-y", "--skip=192000", "research/shared/runs/20260919T_audio_wavpack_correction/timed.wv", "-o", "-"], "exit": 0, "stderr": ""}
{"args": ["wvunpack", "-q", "-r", "-y", "--skip=0", "--until=+192000", "-i", "research/shared/runs/20260919T_audio_wavpack_correction/timed.wv", "-o", "-"], "exit": 0, "stderr": ""}
{"args": ["wvunpack", "-q", "-r", "-y", "--skip=192000", "research/shared/runs/20260919T_audio_wavpack_correction/timed.wv", "-o", "-"], "exit": 0, "stderr": ""}
{"args": ["wvunpack", "-q", "-r", "-y", "--skip=0", "--until=+192000", "-i", "research/shared/runs/20260919T_audio_wavpack_correction/timed.wv", "-o", "-"], "exit": 0, "stderr": ""}
{"args": ["wvunpack", "-q", "-r", "-y", "--skip=192000", "research/shared/runs/20260919T_audio_wavpack_correction/timed.wv", "-o", "-"], "exit": 0, "stderr": ""}
{"args": ["wvunpack", "-q", "-r", "-y", "--skip=0", "--until=+192000", "-i", "research/shared/runs/20260919T_audio_wavpack_correction/timed.wv", "-o", "-"], "exit": 0, "stderr": ""}
{"args": ["wvunpack", "-q", "-r", "-y", "--skip=192000", "research/shared/runs/20260919T_audio_wavpack_correction/timed.wv", "-o", "-"], "exit": 0, "stderr": ""}
{"args": ["wvunpack", "-q", "-r", "-y", "--skip=0", "--until=+192000", "-i", "research/shared/runs/20260919T_audio_wavpack_correction/timed.wv", "-o", "-"], "exit": 0, "stderr": ""}
{"args": ["wvunpack", "-q", "-r", "-y", "--skip=192000", "research/shared/runs/20260919T_audio_wavpack_correction/timed.wv", "-o", "-"], "exit": 0, "stderr": ""}
{"args": ["wvunpack", "-q", "-r", "-y", "--skip=0", "--until=+192000", "-i", "research/shared/runs/20260919T_audio_wavpack_correction/timed.wv", "-o", "-"], "exit": 0, "stderr": ""}
{"args": ["wvunpack", "-q", "-r", "-y", "--skip=192000", "research/shared/runs/20260919T_audio_wavpack_correction/timed.wv", "-o", "-"], "exit": 0, "stderr": ""}
{"args": ["wvunpack", "-q", "-r", "-y", "--skip=0", "--until=+192000", "-i", "research/shared/runs/20260919T_audio_wavpack_correction/timed.wv", "-o", "-"], "exit": 0, "stderr": ""}
{"args": ["wvunpack", "-q", "-r", "-y", "--skip=192000", "research/shared/runs/20260919T_audio_wavpack_correction/timed.wv", "-o", "-"], "exit": 0, "stderr": ""}
{"args": ["wvunpack", "-q", "-r", "-y", "--skip=0", "--until=+192000", "-i", "research/shared/runs/20260919T_audio_wavpack_correction/timed.wv", "-o", "-"], "exit": 0, "stderr": ""}
{"args": ["wvunpack", "-q", "-r", "-y", "--skip=192000", "research/shared/runs/20260919T_audio_wavpack_correction/timed.wv", "-o", "-"], "exit": 0, "stderr": ""}
{"args": ["wvunpack", "-q", "-r", "-y", "--skip=0", "--until=+192000", "-i", "research/shared/runs/20260919T_audio_wavpack_correction/timed.wv", "-o", "-"], "exit": 0, "stderr": ""}
{"args": ["wvunpack", "-q", "-r", "-y", "--skip=192000", "research/shared/runs/20260919T_audio_wavpack_correction/timed.wv", "-o", "-"], "exit": 0, "stderr": ""}
{"args": ["wvunpack", "-q", "-r", "-y", "--skip=0", "--until=+192000", "-i", "research/shared/runs/20260919T_audio_wavpack_correction/timed.wv", "-o", "-"], "exit": 0, "stderr": ""}
{"args": ["wvunpack", "-q", "-r", "-y", "--skip=192000", "research/shared/runs/20260919T_audio_wavpack_correction/timed.wv", "-o", "-"], "exit": 0, "stderr": ""}
{"args": ["wvunpack", "-q", "-r", "-y", "--skip=0", "--until=+192000", "-i", "research/shared/runs/20260919T_audio_wavpack_correction/timed.wv", "-o", "-"], "exit": 0, "stderr": ""}
{"args": ["wvunpack", "-q", "-r", "-y", "--skip=192000", "research/shared/runs/20260919T_audio_wavpack_correction/timed.wv", "-o", "-"], "exit": 0, "stderr": ""}
{"args": ["wvunpack", "-q", "-r", "-y", "--skip=0", "--until=+192000", "-i", "research/shared/runs/20260919T_audio_wavpack_correction/timed.wv", "-o", "-"], "exit": 0, "stderr": ""}
{"args": ["wvunpack", "-q", "-r", "-y", "--skip=192000", "research/shared/runs/20260919T_audio_wavpack_correction/timed.wv", "-o", "-"], "exit": 0, "stderr": ""}
{"args": ["wvunpack", "-q", "-r", "-y", "--skip=0", "--until=+192000", "-i", "research/shared/runs/20260919T_audio_wavpack_correction/timed.wv", "-o", "-"], "exit": 0, "stderr": ""}
{"args": ["wvunpack", "-q", "-r", "-y", "--skip=192000", "research/shared/runs/20260919T_audio_wavpack_correction/timed.wv", "-o", "-"], "exit": 0, "stderr": ""}
{"args": ["wvunpack", "-q", "-r", "-y", "--skip=0", "--until=+192000", "-i", "research/shared/runs/20260919T_audio_wavpack_correction/timed.wv", "-o", "-"], "exit": 0, "stderr": ""}
{"args": ["wvunpack", "-q", "-r", "-y", "--skip=192000", "research/shared/runs/20260919T_audio_wavpack_correction/timed.wv", "-o", "-"], "exit": 0, "stderr": ""}
{"args": ["wvunpack", "-q", "-r", "-y", "--skip=0", "--until=+192000", "-i", "research/shared/runs/20260919T_audio_wavpack_correction/timed.wv", "-o", "-"], "exit": 0, "stderr": ""}
{"args": ["wvunpack", "-q", "-r", "-y", "--skip=192000", "research/shared/runs/20260919T_audio_wavpack_correction/timed.wv", "-o", "-"], "exit": 0, "stderr": ""}
{"args": ["wvunpack", "-q", "-r", "-y", "--skip=0", "--until=+192000", "-i", "research/shared/runs/20260919T_audio_wavpack_correction/timed.wv", "-o", "-"], "exit": 0, "stderr": ""}
{"args": ["wvunpack", "-q", "-r", "-y", "--skip=192000", "research/shared/runs/20260919T_audio_wavpack_correction/timed.wv", "-o", "-"], "exit": 0, "stderr": ""}
{"args": ["wvunpack", "-q", "-r", "-y", "--skip=0", "--until=+192000", "-i", "research/shared/runs/20260919T_audio_wavpack_correction/timed.wv", "-o", "-"], "exit": 0, "stderr": ""}
{"args": ["wvunpack", "-q", "-r", "-y", "--skip=192000", "research/shared/runs/20260919T_audio_wavpack_correction/timed.wv", "-o", "-"], "exit": 0, "stderr": ""}
{"args": ["wvunpack", "-q", "-r", "-y", "--skip=0", "--until=+192000", "-i", "research/shared/runs/20260919T_audio_wavpack_correction/timed.wv", "-o", "-"], "exit": 0, "stderr": ""}
{"args": ["wvunpack", "-q", "-r", "-y", "--skip=192000", "research/shared/runs/20260919T_audio_wavpack_correction/timed.wv", "-o", "-"], "exit": 0, "stderr": ""}
{"args": ["wvunpack", "-q", "-r", "-y", "--skip=0", "--until=+192000", "-i", "research/shared/runs/20260919T_audio_wavpack_correction/timed.wv", "-o", "-"], "exit": 0, "stderr": ""}
{"args": ["wvunpack", "-q", "-r", "-y", "--skip=192000", "research/shared/runs/20260919T_audio_wavpack_correction/timed.wv", "-o", "-"], "exit": 0, "stderr": ""}
{"args": ["wvunpack", "-q", "-r", "-y", "--skip=0", "--until=+192000", "-i", "research/shared/runs/20260919T_audio_wavpack_correction/timed.wv", "-o", "-"], "exit": 0, "stderr": ""}
{"args": ["wvunpack", "-q", "-r", "-y", "--skip=192000", "research/shared/runs/20260919T_audio_wavpack_correction/timed.wv", "-o", "-"], "exit": 0, "stderr": ""}
{"args": ["wvunpack", "-q", "-r", "-y", "--skip=0", "--until=+192000", "-i", "research/shared/runs/20260919T_audio_wavpack_correction/timed.wv", "-o", "-"], "exit": 0, "stderr": ""}
{"args": ["wvunpack", "-q", "-r", "-y", "--skip=192000", "research/shared/runs/20260919T_audio_wavpack_correction/timed.wv", "-o", "-"], "exit": 0, "stderr": ""}
{"args": ["wvunpack", "-q", "-r", "-y", "--skip=0", "--until=+192000", "-i", "research/shared/runs/20260919T_audio_wavpack_correction/timed.wv", "-o", "-"], "exit": 0, "stderr": ""}
{"args": ["wvunpack", "-q", "-r", "-y", "--skip=192000", "research/shared/runs/20260919T_audio_wavpack_correction/timed.wv", "-o", "-"], "exit": 0, "stderr": ""}
{"args": ["wvunpack", "-q", "-r", "-y", "--skip=0", "--until=+192000", "-i", "research/shared/runs/20260919T_audio_wavpack_correction/timed.wv", "-o", "-"], "exit": 0, "stderr": ""}
{"args": ["wvunpack", "-q", "-r", "-y", "--skip=192000", "research/shared/runs/20260919T_audio_wavpack_correction/timed.wv", "-o", "-"], "exit": 0, "stderr": ""}
{"args": ["wvunpack", "-q", "-r", "-y", "--skip=0", "--until=+192000", "-i", "research/shared/runs/20260919T_audio_wavpack_correction/timed.wv", "-o", "-"], "exit": 0, "stderr": ""}
{"args": ["wvunpack", "-q", "-r", "-y", "--skip=192000", "research/shared/runs/20260919T_audio_wavpack_correction/timed.wv", "-o", "-"], "exit": 0, "stderr": ""}
{"args": ["wvunpack", "-q", "-r", "-y", "--skip=0", "--until=+192000", "-i", "research/shared/runs/20260919T_audio_wavpack_correction/timed.wv", "-o", "-"], "exit": 0, "stderr": ""}
{"args": ["wvunpack", "-q", "-r", "-y", "--skip=192000", "research/shared/runs/20260919T_audio_wavpack_correction/timed.wv", "-o", "-"], "exit": 0, "stderr": ""}
{"args": ["wvunpack", "-q", "-r", "-y", "--skip=0", "--until=+192000", "-i", "research/shared/runs/20260919T_audio_wavpack_correction/timed.wv", "-o", "-"], "exit": 0, "stderr": ""}
{"args": ["wvunpack", "-q", "-r", "-y", "--skip=192000", "research/shared/runs/20260919T_audio_wavpack_correction/timed.wv", "-o", "-"], "exit": 0, "stderr": ""}
{"args": ["wvunpack", "-q", "-r", "-y", "--skip=0", "--until=+192000", "-i", "research/shared/runs/20260919T_audio_wavpack_correction/timed.wv", "-o", "-"], "exit": 0, "stderr": ""}
{"args": ["wvunpack", "-q", "-r", "-y", "--skip=192000", "research/shared/runs/20260919T_audio_wavpack_correction/timed.wv", "-o", "-"], "exit": 0, "stderr": ""}
{"args": ["wvunpack", "-q", "-r", "-y", "--skip=0", "--until=+192000", "-i", "research/shared/runs/20260919T_audio_wavpack_correction/timed.wv", "-o", "-"], "exit": 0, "stderr": ""}
{"args": ["wvunpack", "-q", "-r", "-y", "--skip=192000", "research/shared/runs/20260919T_audio_wavpack_correction/timed.wv", "-o", "-"], "exit": 0, "stderr": ""}
{"args": ["wvunpack", "-q", "-r", "-y", "--skip=0", "--until=+192000", "-i", "research/shared/runs/20260919T_audio_wavpack_correction/timed.wv", "-o", "-"], "exit": 0, "stderr": ""}
{"args": ["wvunpack", "-q", "-r", "-y", "--skip=192000", "research/shared/runs/20260919T_audio_wavpack_correction/timed.wv", "-o", "-"], "exit": 0, "stderr": ""}
{"args": ["wvunpack", "-q", "-r", "-y", "--skip=0", "--until=+192000", "-i", "research/shared/runs/20260919T_audio_wavpack_correction/timed.wv", "-o", "-"], "exit": 0, "stderr": ""}
{"args": ["wvunpack", "-q", "-r", "-y", "--skip=192000", "research/shared/runs/20260919T_audio_wavpack_correction/timed.wv", "-o", "-"], "exit": 0, "stderr": ""}
{"args": ["wvunpack", "-q", "-r", "-y", "--skip=0", "--until=+192000", "-i", "research/shared/runs/20260919T_audio_wavpack_correction/timed.wv", "-o", "-"], "exit": 0, "stderr": ""}
{"args": ["wvunpack", "-q", "-r", "-y", "--skip=192000", "research/shared/runs/20260919T_audio_wavpack_correction/timed.wv", "-o", "-"], "exit": 0, "stderr": ""}
{"args": ["wvunpack", "-q", "-r", "-y", "--skip=0", "--until=+192000", "-i", "research/shared/runs/20260919T_audio_wavpack_correction/timed.wv", "-o", "-"], "exit": 0, "stderr": ""}
{"args": ["wvunpack", "-q", "-r", "-y", "--skip=192000", "research/shared/runs/20260919T_audio_wavpack_correction/timed.wv", "-o", "-"], "exit": 0, "stderr": ""}
{"args": ["wvunpack", "-q", "-r", "-y", "--skip=0", "--until=+192000", "-i", "research/shared/runs/20260919T_audio_wavpack_correction/timed.wv", "-o", "-"], "exit": 0, "stderr": ""}
{"args": ["wvunpack", "-q", "-r", "-y", "--skip=192000", "research/shared/runs/20260919T_audio_wavpack_correction/timed.wv", "-o", "-"], "exit": 0, "stderr": ""}
{"args": ["wvunpack", "-q", "-r", "-y", "--skip=0", "--until=+192000", "-i", "research/shared/runs/20260919T_audio_wavpack_correction/timed.wv", "-o", "-"], "exit": 0, "stderr": ""}
{"args": ["wvunpack", "-q", "-r", "-y", "--skip=192000", "research/shared/runs/20260919T_audio_wavpack_correction/timed.wv", "-o", "-"], "exit": 0, "stderr": ""}
{"args": ["wvunpack", "-q", "-r", "-y", "--skip=0", "--until=+192000", "-i", "research/shared/runs/20260919T_audio_wavpack_correction/timed.wv", "-o", "-"], "exit": 0, "stderr": ""}
{"args": ["wvunpack", "-q", "-r", "-y", "--skip=192000", "research/shared/runs/20260919T_audio_wavpack_correction/timed.wv", "-o", "-"], "exit": 0, "stderr": ""}
{"args": ["wvunpack", "-q", "-r", "-y", "--skip=0", "--until=+192000", "-i", "research/shared/runs/20260919T_audio_wavpack_correction/timed.wv", "-o", "-"], "exit": 0, "stderr": ""}
{"args": ["wvunpack", "-q", "-r", "-y", "--skip=192000", "research/shared/runs/20260919T_audio_wavpack_correction/timed.wv", "-o", "-"], "exit": 0, "stderr": ""}
{"args": ["wvunpack", "-q", "-r", "-y", "--skip=0", "--until=+192000", "-i", "research/shared/runs/20260919T_audio_wavpack_correction/timed.wv", "-o", "-"], "exit": 0, "stderr": ""}
{"args": ["wvunpack", "-q", "-r", "-y", "--skip=192000", "research/shared/runs/20260919T_audio_wavpack_correction/timed.wv", "-o", "-"], "exit": 0, "stderr": ""}
{"args": ["wvunpack", "-q", "-r", "-y", "--skip=0", "--until=+192000", "-i", "research/shared/runs/20260919T_audio_wavpack_correction/timed.wv", "-o", "-"], "exit": 0, "stderr": ""}
{"args": ["wvunpack", "-q", "-r", "-y", "--skip=192000", "research/shared/runs/20260919T_audio_wavpack_correction/timed.wv", "-o", "-"], "exit": 0, "stderr": ""}
{"args": ["wvunpack", "-q", "-r", "-y", "--skip=0", "--until=+192000", "-i", "research/shared/runs/20260919T_audio_wavpack_correction/timed.wv", "-o", "-"], "exit": 0, "stderr": ""}
{"args": ["wvunpack", "-q", "-r", "-y", "--skip=192000", "research/shared/runs/20260919T_audio_wavpack_correction/timed.wv", "-o", "-"], "exit": 0, "stderr": ""}
{"args": ["wvunpack", "-q", "-r", "-y", "--skip=0", "--until=+192000", "-i", "research/shared/runs/20260919T_audio_wavpack_correction/timed.wv", "-o", "-"], "exit": 0, "stderr": ""}
{"args": ["wvunpack", "-q", "-r", "-y", "--skip=192000", "research/shared/runs/20260919T_audio_wavpack_correction/timed.wv", "-o", "-"], "exit": 0, "stderr": ""}
{"args": ["wvunpack", "-q", "-r", "-y", "--skip=0", "--until=+192000", "-i", "research/shared/runs/20260919T_audio_wavpack_correction/timed.wv", "-o", "-"], "exit": 0, "stderr": ""}
{"args": ["wvunpack", "-q", "-r", "-y", "--skip=192000", "research/shared/runs/20260919T_audio_wavpack_correction/timed.wv", "-o", "-"], "exit": 0, "stderr": ""}
{"args": ["wvunpack", "-q", "-r", "-y", "--skip=0", "--until=+192000", "-i", "research/shared/runs/20260919T_audio_wavpack_correction/timed.wv", "-o", "-"], "exit": 0, "stderr": ""}
{"args": ["wvunpack", "-q", "-r", "-y", "--skip=192000", "research/shared/runs/20260919T_audio_wavpack_correction/timed.wv", "-o", "-"], "exit": 0, "stderr": ""}
{"args": ["wvunpack", "-q", "-r", "-y", "--skip=0", "--until=+192000", "-i", "research/shared/runs/20260919T_audio_wavpack_correction/timed.wv", "-o", "-"], "exit": 0, "stderr": ""}
{"args": ["wvunpack", "-q", "-r", "-y", "--skip=192000", "research/shared/runs/20260919T_audio_wavpack_correction/timed.wv", "-o", "-"], "exit": 0, "stderr": ""}
{"args": ["wvunpack", "-q", "-r", "-y", "--skip=0", "--until=+192000", "-i", "research/shared/runs/20260919T_audio_wavpack_correction/timed.wv", "-o", "-"], "exit": 0, "stderr": ""}
{"args": ["wvunpack", "-q", "-r", "-y", "--skip=192000", "research/shared/runs/20260919T_audio_wavpack_correction/timed.wv", "-o", "-"], "exit": 0, "stderr": ""}
{"args": ["wvunpack", "-q", "-r", "-y", "--skip=0", "--until=+192000", "-i", "research/shared/runs/20260919T_audio_wavpack_correction/timed.wv", "-o", "-"], "exit": 0, "stderr": ""}
{"args": ["wvunpack", "-q", "-r", "-y", "--skip=192000", "research/shared/runs/20260919T_audio_wavpack_correction/timed.wv", "-o", "-"], "exit": 0, "stderr": ""}
{"args": ["wvunpack", "-q", "-r", "-y", "--skip=0", "--until=+192000", "-i", "research/shared/runs/20260919T_audio_wavpack_correction/timed.wv", "-o", "-"], "exit": 0, "stderr": ""}
{"args": ["wvunpack", "-q", "-r", "-y", "--skip=192000", "research/shared/runs/20260919T_audio_wavpack_correction/timed.wv", "-o", "-"], "exit": 0, "stderr": ""}
{"args": ["wvunpack", "-q", "-r", "-y", "--skip=0", "--until=+192000", "-i", "research/shared/runs/20260919T_audio_wavpack_correction/timed.wv", "-o", "-"], "exit": 0, "stderr": ""}
{"args": ["wvunpack", "-q", "-r", "-y", "--skip=192000", "research/shared/runs/20260919T_audio_wavpack_correction/timed.wv", "-o", "-"], "exit": 0, "stderr": ""}
{"args": ["wvunpack", "-q", "-r", "-y", "--skip=0", "--until=+192000", "-i", "research/shared/runs/20260919T_audio_wavpack_correction/timed.wv", "-o", "-"], "exit": 0, "stderr": ""}
{"args": ["wvunpack", "-q", "-r", "-y", "--skip=192000", "research/shared/runs/20260919T_audio_wavpack_correction/timed.wv", "-o", "-"], "exit": 0, "stderr": ""}
{"args": ["wvunpack", "-q", "-r", "-y", "--skip=0", "--until=+192000", "-i", "research/shared/runs/20260919T_audio_wavpack_correction/timed.wv", "-o", "-"], "exit": 0, "stderr": ""}
{"args": ["wvunpack", "-q", "-r", "-y", "--skip=192000", "research/shared/runs/20260919T_audio_wavpack_correction/timed.wv", "-o", "-"], "exit": 0, "stderr": ""}
{"args": ["wvunpack", "-q", "-r", "-y", "--skip=0", "--until=+192000", "-i", "research/shared/runs/20260919T_audio_wavpack_correction/timed.wv", "-o", "-"], "exit": 0, "stderr": ""}
{"args": ["wvunpack", "-q", "-r", "-y", "--skip=192000", "research/shared/runs/20260919T_audio_wavpack_correction/timed.wv", "-o", "-"], "exit": 0, "stderr": ""}
{"args": ["wvunpack", "-q", "-r", "-y", "--skip=0", "--until=+192000", "-i", "research/shared/runs/20260919T_audio_wavpack_correction/timed.wv", "-o", "-"], "exit": 0, "stderr": ""}
{"args": ["wvunpack", "-q", "-r", "-y", "--skip=192000", "research/shared/runs/20260919T_audio_wavpack_correction/timed.wv", "-o", "-"], "exit": 0, "stderr": ""}