MP4 HEVC AAC fast:16ms/qualified mediabunny:42ms/true ffmpeg:215ms/-
MP4 HEVC AAC ffmpeg:51ms/- mediabunny:24ms/true fast:5ms/qualified
MP4 HEVC AAC fast:5ms/qualified mediabunny:24ms/true ffmpeg:50ms/-
MP4 HEVC AAC ffmpeg:49ms/- mediabunny:21ms/true fast:5ms/qualified
MP4 HEVC AAC fast:4ms/qualified mediabunny:22ms/true ffmpeg:45ms/-
MKV H264 AAC fast:7ms/qualified mediabunny:24ms/true ffmpeg:53ms/-
MKV H264 AAC ffmpeg:38ms/- mediabunny:22ms/true fast:5ms/qualified
MKV H264 AAC fast:7ms/qualified mediabunny:24ms/true ffmpeg:49ms/-
MKV H264 AAC ffmpeg:49ms/- mediabunny:25ms/true fast:6ms/qualified
MKV H264 AAC fast:7ms/qualified mediabunny:25ms/true ffmpeg:40ms/-
MKV H264 AC3 fast:92ms/qualified mediabunny:70ms/true ffmpeg:38ms/-
MKV H264 AC3 ffmpeg:38ms/- mediabunny:32ms/true fast:17ms/qualified
MKV H264 AC3 fast:19ms/qualified mediabunny:35ms/true ffmpeg:37ms/-
MKV H264 AC3 ffmpeg:48ms/- mediabunny:31ms/true fast:15ms/qualified
MKV H264 AC3 fast:15ms/qualified mediabunny:32ms/true ffmpeg:37ms/-
WebM VP8 Vorbis fast:51ms/qualified mediabunny:22ms/true ffmpeg:38ms/-
WebM VP8 Vorbis ffmpeg:37ms/- mediabunny:23ms/true fast:6ms/qualified
WebM VP8 Vorbis fast:6ms/qualified mediabunny:25ms/true ffmpeg:50ms/-
WebM VP8 Vorbis ffmpeg:42ms/- mediabunny:24ms/true fast:6ms/qualified
WebM VP8 Vorbis fast:6ms/qualified mediabunny:23ms/true ffmpeg:39ms/-
FLAC audio fast:36ms/qualified mediabunny:17ms/false ffmpeg:37ms/-
FLAC audio ffmpeg:37ms/- mediabunny:17ms/false fast:3ms/qualified
FLAC audio fast:3ms/qualified mediabunny:18ms/false ffmpeg:41ms/-
FLAC audio ffmpeg:39ms/- mediabunny:16ms/false fast:3ms/qualified
FLAC audio fast:4ms/qualified mediabunny:19ms/false ffmpeg:40ms/-
