clang -O2 -fsanitize=undefined research/items/R202.guarded-narrow-arithmetic/tests/guard-cost.c -o build/catalogue-tools/idct-guard-cost-ubsan
clang -O3 research/items/R202.guarded-narrow-arithmetic/tests/guard-cost.c -o build/catalogue-tools/idct-guard-cost
build/catalogue-tools/idct-guard-cost 0 1000000
build/catalogue-tools/idct-guard-cost 1 1000000
build/catalogue-tools/idct-guard-cost 0 1000000
build/catalogue-tools/idct-guard-cost 1 1000000
build/catalogue-tools/idct-guard-cost 1 1000000
build/catalogue-tools/idct-guard-cost 0 1000000
build/catalogue-tools/idct-guard-cost 0 1000000
build/catalogue-tools/idct-guard-cost 1 1000000
build/catalogue-tools/idct-guard-cost 1 1000000
build/catalogue-tools/idct-guard-cost 0 1000000
build/catalogue-tools/idct-guard-cost 0 1000000
build/catalogue-tools/idct-guard-cost 1 1000000
build/catalogue-tools/idct-guard-cost 1 1000000
build/catalogue-tools/idct-guard-cost 0 1000000
build/catalogue-tools/idct-guard-cost 0 1000000
build/catalogue-tools/idct-guard-cost 1 1000000
build/catalogue-tools/idct-guard-cost 1 1000000
build/catalogue-tools/idct-guard-cost 0 1000000
build/catalogue-tools/idct-guard-cost 0 1000000
build/catalogue-tools/idct-guard-cost 1 1000000
