{
  "scope": "Same-length same-packet fMP4 native HTTP variants, 64KiB responses and20ms delay. Local decision probe, not Internet latency or full transport authority qualification.",
  "cases": [
    {
      "name": "indexed",
      "early": false,
      "target": 20,
      "pair": -1,
      "output": {
        "metadataMs": 2202.600000023842,
        "seekMs": 4716.800000011921,
        "completeMs": 4789.5,
        "position": 20,
        "totalFrames": 213,
        "pixelHash": "b111ba7a0f8b417aa6bd2d7ce82d5fdfaaf8477daa431e193d4a11067e171efb",
        "cleanup": true
      },
      "passed": true,
      "fetchedBytes": 6230874,
      "requestedBytes": 6230874,
      "requests": 96
    },
    {
      "name": "no-sidx",
      "early": false,
      "target": 20,
      "pair": -1,
      "output": {
        "metadataMs": 2403.300000011921,
        "seekMs": 4574.800000011921,
        "completeMs": 4622,
        "position": 20,
        "totalFrames": 119,
        "pixelHash": "b111ba7a0f8b417aa6bd2d7ce82d5fdfaaf8477daa431e193d4a11067e171efb",
        "cleanup": true
      },
      "passed": true,
      "fetchedBytes": 6591322,
      "requestedBytes": 6591322,
      "requests": 101
    },
    {
      "name": "no-sidx",
      "early": false,
      "target": 20,
      "pair": 0,
      "output": {
        "metadataMs": 2397.899999976158,
        "seekMs": 4593.300000011921,
        "completeMs": 4655.300000011921,
        "position": 20,
        "totalFrames": 119,
        "pixelHash": "b111ba7a0f8b417aa6bd2d7ce82d5fdfaaf8477daa431e193d4a11067e171efb",
        "cleanup": true
      },
      "passed": true,
      "fetchedBytes": 6591322,
      "requestedBytes": 6591322,
      "requests": 101
    },
    {
      "name": "indexed",
      "early": false,
      "target": 20,
      "pair": 0,
      "output": {
        "metadataMs": 2279.399999976158,
        "seekMs": 4658.300000011921,
        "completeMs": 4716.600000023842,
        "position": 20,
        "totalFrames": 213,
        "pixelHash": "b111ba7a0f8b417aa6bd2d7ce82d5fdfaaf8477daa431e193d4a11067e171efb",
        "cleanup": true
      },
      "passed": true,
      "fetchedBytes": 6230874,
      "requestedBytes": 6230874,
      "requests": 96
    },
    {
      "name": "indexed",
      "early": false,
      "target": 20,
      "pair": 1,
      "output": {
        "metadataMs": 2216.099999964237,
        "seekMs": 4611.5,
        "completeMs": 4660.099999964237,
        "position": 20,
        "totalFrames": 213,
        "pixelHash": "b111ba7a0f8b417aa6bd2d7ce82d5fdfaaf8477daa431e193d4a11067e171efb",
        "cleanup": true
      },
      "passed": true,
      "fetchedBytes": 6230874,
      "requestedBytes": 6230874,
      "requests": 96
    },
    {
      "name": "no-sidx",
      "early": false,
      "target": 20,
      "pair": 1,
      "output": {
        "metadataMs": 2424.899999976158,
        "seekMs": 4608.699999988079,
        "completeMs": 4661.5,
        "position": 20,
        "totalFrames": 119,
        "pixelHash": "b111ba7a0f8b417aa6bd2d7ce82d5fdfaaf8477daa431e193d4a11067e171efb",
        "cleanup": true
      },
      "passed": true,
      "fetchedBytes": 6656858,
      "requestedBytes": 6656858,
      "requests": 102
    },
    {
      "name": "no-sidx",
      "early": false,
      "target": 20,
      "pair": 2,
      "output": {
        "metadataMs": 2402.899999976158,
        "seekMs": 4577.399999976158,
        "completeMs": 4631.100000023842,
        "position": 20,
        "totalFrames": 119,
        "pixelHash": "b111ba7a0f8b417aa6bd2d7ce82d5fdfaaf8477daa431e193d4a11067e171efb",
        "cleanup": true
      },
      "passed": true,
      "fetchedBytes": 6591322,
      "requestedBytes": 6591322,
      "requests": 101
    },
    {
      "name": "indexed",
      "early": false,
      "target": 20,
      "pair": 2,
      "output": {
        "metadataMs": 2239.300000011921,
        "seekMs": 4613.700000047684,
        "completeMs": 4681.300000011921,
        "position": 20,
        "totalFrames": 213,
        "pixelHash": "b111ba7a0f8b417aa6bd2d7ce82d5fdfaaf8477daa431e193d4a11067e171efb",
        "cleanup": true
      },
      "passed": true,
      "fetchedBytes": 6230874,
      "requestedBytes": 6230874,
      "requests": 96
    },
    {
      "name": "indexed",
      "early": false,
      "target": 20,
      "pair": 3,
      "output": {
        "metadataMs": 2197.199999988079,
        "seekMs": 4543.800000011921,
        "completeMs": 4592.900000035763,
        "position": 20,
        "totalFrames": 213,
        "pixelHash": "b111ba7a0f8b417aa6bd2d7ce82d5fdfaaf8477daa431e193d4a11067e171efb",
        "cleanup": true
      },
      "passed": true,
      "fetchedBytes": 6230874,
      "requestedBytes": 6230874,
      "requests": 96
    },
    {
      "name": "no-sidx",
      "early": false,
      "target": 20,
      "pair": 3,
      "output": {
        "metadataMs": 2445.2000000476837,
        "seekMs": 4600,
        "completeMs": 4644.800000011921,
        "position": 20,
        "totalFrames": 119,
        "pixelHash": "b111ba7a0f8b417aa6bd2d7ce82d5fdfaaf8477daa431e193d4a11067e171efb",
        "cleanup": true
      },
      "passed": true,
      "fetchedBytes": 6591322,
      "requestedBytes": 6591322,
      "requests": 101
    },
    {
      "name": "no-sidx",
      "early": false,
      "target": 20,
      "pair": 4,
      "output": {
        "metadataMs": 2391.300000011921,
        "seekMs": 4540.199999988079,
        "completeMs": 4573.899999976158,
        "position": 20,
        "totalFrames": 119,
        "pixelHash": "b111ba7a0f8b417aa6bd2d7ce82d5fdfaaf8477daa431e193d4a11067e171efb",
        "cleanup": true
      },
      "passed": true,
      "fetchedBytes": 6591322,
      "requestedBytes": 6591322,
      "requests": 101
    },
    {
      "name": "indexed",
      "early": false,
      "target": 20,
      "pair": 4,
      "output": {
        "metadataMs": 2184.900000035763,
        "seekMs": 4511.800000011921,
        "completeMs": 4552.200000047684,
        "position": 20,
        "totalFrames": 213,
        "pixelHash": "b111ba7a0f8b417aa6bd2d7ce82d5fdfaaf8477daa431e193d4a11067e171efb",
        "cleanup": true
      },
      "passed": true,
      "fetchedBytes": 6230874,
      "requestedBytes": 6230874,
      "requests": 96
    },
    {
      "name": "indexed",
      "early": false,
      "target": 20,
      "pair": 5,
      "output": {
        "metadataMs": 2187.699999988079,
        "seekMs": 4507.699999988079,
        "completeMs": 4563.600000023842,
        "position": 20,
        "totalFrames": 213,
        "pixelHash": "b111ba7a0f8b417aa6bd2d7ce82d5fdfaaf8477daa431e193d4a11067e171efb",
        "cleanup": true
      },
      "passed": true,
      "fetchedBytes": 6230874,
      "requestedBytes": 6230874,
      "requests": 96
    },
    {
      "name": "no-sidx",
      "early": false,
      "target": 20,
      "pair": 5,
      "output": {
        "metadataMs": 2383.600000023842,
        "seekMs": 4555.600000023842,
        "completeMs": 4609.100000023842,
        "position": 20,
        "totalFrames": 119,
        "pixelHash": "b111ba7a0f8b417aa6bd2d7ce82d5fdfaaf8477daa431e193d4a11067e171efb",
        "cleanup": true
      },
      "passed": true,
      "fetchedBytes": 6656858,
      "requestedBytes": 6656858,
      "requests": 102
    },
    {
      "name": "no-sidx",
      "early": false,
      "target": 20,
      "pair": 6,
      "output": {
        "metadataMs": 2386,
        "seekMs": 4533.700000047684,
        "completeMs": 4586.700000047684,
        "position": 20,
        "totalFrames": 119,
        "pixelHash": "b111ba7a0f8b417aa6bd2d7ce82d5fdfaaf8477daa431e193d4a11067e171efb",
        "cleanup": true
      },
      "passed": true,
      "fetchedBytes": 6656858,
      "requestedBytes": 6656858,
      "requests": 102
    },
    {
      "name": "indexed",
      "early": false,
      "target": 20,
      "pair": 6,
      "output": {
        "metadataMs": 2191.099999964237,
        "seekMs": 4513,
        "completeMs": 4561.699999988079,
        "position": 20,
        "totalFrames": 213,
        "pixelHash": "b111ba7a0f8b417aa6bd2d7ce82d5fdfaaf8477daa431e193d4a11067e171efb",
        "cleanup": true
      },
      "passed": true,
      "fetchedBytes": 6230874,
      "requestedBytes": 6230874,
      "requests": 96
    },
    {
      "name": "indexed",
      "early": false,
      "target": 20,
      "pair": 7,
      "output": {
        "metadataMs": 2202.199999988079,
        "seekMs": 4536.699999988079,
        "completeMs": 4578.599999964237,
        "position": 20,
        "totalFrames": 213,
        "pixelHash": "b111ba7a0f8b417aa6bd2d7ce82d5fdfaaf8477daa431e193d4a11067e171efb",
        "cleanup": true
      },
      "passed": true,
      "fetchedBytes": 6230874,
      "requestedBytes": 6230874,
      "requests": 96
    },
    {
      "name": "no-sidx",
      "early": false,
      "target": 20,
      "pair": 7,
      "output": {
        "metadataMs": 2382,
        "seekMs": 4554.100000023842,
        "completeMs": 4593,
        "position": 20,
        "totalFrames": 119,
        "pixelHash": "b111ba7a0f8b417aa6bd2d7ce82d5fdfaaf8477daa431e193d4a11067e171efb",
        "cleanup": true
      },
      "passed": true,
      "fetchedBytes": 6591322,
      "requestedBytes": 6591322,
      "requests": 101
    },
    {
      "name": "no-sidx",
      "early": false,
      "target": 20,
      "pair": 8,
      "output": {
        "metadataMs": 2380.399999976158,
        "seekMs": 4528.699999988079,
        "completeMs": 4582.300000011921,
        "position": 20,
        "totalFrames": 119,
        "pixelHash": "b111ba7a0f8b417aa6bd2d7ce82d5fdfaaf8477daa431e193d4a11067e171efb",
        "cleanup": true
      },
      "passed": true,
      "fetchedBytes": 6656858,
      "requestedBytes": 6656858,
      "requests": 102
    },
    {
      "name": "indexed",
      "early": false,
      "target": 20,
      "pair": 8,
      "output": {
        "metadataMs": 2188.199999988079,
        "seekMs": 4509.399999976158,
        "completeMs": 4563.100000023842,
        "position": 20,
        "totalFrames": 213,
        "pixelHash": "b111ba7a0f8b417aa6bd2d7ce82d5fdfaaf8477daa431e193d4a11067e171efb",
        "cleanup": true
      },
      "passed": true,
      "fetchedBytes": 6230874,
      "requestedBytes": 6230874,
      "requests": 96
    },
    {
      "name": "indexed",
      "early": false,
      "target": 20,
      "pair": 9,
      "output": {
        "metadataMs": 2179.300000011921,
        "seekMs": 4508.699999988079,
        "completeMs": 4551.600000023842,
        "position": 20,
        "totalFrames": 213,
        "pixelHash": "b111ba7a0f8b417aa6bd2d7ce82d5fdfaaf8477daa431e193d4a11067e171efb",
        "cleanup": true
      },
      "passed": true,
      "fetchedBytes": 6230874,
      "requestedBytes": 6230874,
      "requests": 96
    },
    {
      "name": "no-sidx",
      "early": false,
      "target": 20,
      "pair": 9,
      "output": {
        "metadataMs": 2388.800000011921,
        "seekMs": 4534.600000023842,
        "completeMs": 4580.600000023842,
        "position": 20,
        "totalFrames": 119,
        "pixelHash": "b111ba7a0f8b417aa6bd2d7ce82d5fdfaaf8477daa431e193d4a11067e171efb",
        "cleanup": true
      },
      "passed": true,
      "fetchedBytes": 6591322,
      "requestedBytes": 6591322,
      "requests": 101
    },
    {
      "name": "no-sidx",
      "early": false,
      "target": 20,
      "pair": 10,
      "output": {
        "metadataMs": 2384.600000023842,
        "seekMs": 4537.600000023842,
        "completeMs": 4581.199999988079,
        "position": 20,
        "totalFrames": 119,
        "pixelHash": "b111ba7a0f8b417aa6bd2d7ce82d5fdfaaf8477daa431e193d4a11067e171efb",
        "cleanup": true
      },
      "passed": true,
      "fetchedBytes": 6591322,
      "requestedBytes": 6591322,
      "requests": 101
    },
    {
      "name": "indexed",
      "early": false,
      "target": 20,
      "pair": 10,
      "output": {
        "metadataMs": 2183.5,
        "seekMs": 4502,
        "completeMs": 4546.600000023842,
        "position": 20,
        "totalFrames": 213,
        "pixelHash": "b111ba7a0f8b417aa6bd2d7ce82d5fdfaaf8477daa431e193d4a11067e171efb",
        "cleanup": true
      },
      "passed": true,
      "fetchedBytes": 6230874,
      "requestedBytes": 6230874,
      "requests": 96
    }
  ],
  "browser": "152.0.7977.83",
  "completed": true
}
