[h264 @ 0x947075880] sps_id 1 out of range
    Last message repeated 77 times
[h264 @ 0x947075880] missing picture in access unit with size 1807807
[h264 @ 0x947075880] sps_id 1 out of range
    Last message repeated 77 times
[h264 @ 0xb7ac29880] sps_id 1 out of range
    Last message repeated 77 times
[h264 @ 0xb7ac29880] missing picture in access unit with size 1807807
[h264 @ 0xb7ac29880] sps_id 1 out of range
    Last message repeated 77 times
[h264 @ 0xbc2cb9880] sps_id 1 out of range
    Last message repeated 77 times
[h264 @ 0xbc2cb9880] missing picture in access unit with size 1807807
[h264 @ 0xbc2cb9880] sps_id 1 out of range
[h264 @ 0xb4f044380] sps_id 1 out of range
    Last message repeated 77 times
[h264 @ 0xb4f044380] missing picture in access unit with size 1807807
[h264 @ 0xb4f044380] sps_id 1 out of range
    Last message repeated 77 times
[h264 @ 0xb4f045180] sps_id 1 out of range
    Last message repeated 77 times
[vf#0:0 @ 0xb4f6a4000] Cannot determine format of input 0:0 after EOF
[vf#0:0 @ 0xb4f6a4000] Task finished with error code: -1094995529 (Invalid data found when processing input)
[vf#0:0 @ 0xb4f6a4000] Terminating thread with return code -1094995529 (Invalid data found when processing input)
[vost#0:0/rawvideo @ 0xb4ecec000] [enc:rawvideo @ 0xb4ec10230] Could not open encoder before EOF
[vost#0:0/rawvideo @ 0xb4ecec000] Task finished with error code: -22 (Invalid argument)
[vost#0:0/rawvideo @ 0xb4ecec000] Terminating thread with return code -22 (Invalid argument)
[out#0/framemd5 @ 0xb4f048240] Nothing was written into output file, because at least one of its streams received no packets.
