results/player-component/chrome-2026-09-27T14-25-13.346Z
PASS two idle instances, lazy engines and idempotent registration
PASS custom titles update live as plain text with explicit policies
PASS source titles use filenames, redact URL metadata and honor custom precedence
PASS unnamed and opaque sources do not expose a generated or stale title
PASS source picker describes accepted media independently of the native file input
PASS disabled source controls close their menu, block handlers and allow programmatic open
PASS disabled diagnostics close the overlay and restore focus without disabling core diagnostics
PASS file drop opt-out preserves browser defaults and is independent of source controls
PASS custom seek step changes actual seeking, labels and numerals
PASS live seek and label updates preserve the active menu and its accessible name
PASS configuration updates cannot revive a terminally destroyed player
PASS custom auto-hide delay and zero opt-out apply live
PASS stable parts, light theme and long titles preserve embedded layout
PASS same public core and independent playback
PASS keyboard shortcuts scoped and focused controls retain native behavior
PASS hidden controls retain shortcuts and button focus allows playback keys
PASS mouse exit hides controls only while playing without stealing outside focus
PASS paused screen and gaps between transport buttons toggle the UI
PASS Play hides controls immediately for click, K and Space
PASS late playback updates and held play keys do not reopen controls
PASS hidden seeking briefly reveals only the timeline without a pill
PASS buffering indicator and truthful disjoint timeline ranges
PASS volume, rate, subtitle and percentage shortcuts use public state
PASS timeline previews locally and commits once
PASS settings focus restoration and accessible controls
PASS fullscreen contains controls and keeps settings inside
PASS synchronous DOM moves keep the same core
PASS removal releases resources and reconnect waits for cleanup
PASS src changes cancel stale opens; property reflection and pre-upgrade properties
PASS close cancels an open waiting for initial connection
PASS terminal destruction before connection settles ready
PASS mobile, reduced motion, high contrast and no uncaught errors
FAIL overlay controls, URL opening, idle reveal and close stay in the component TimeoutError: page.waitForFunction: Timeout 30000ms exceeded.
PASS outside clicks dismiss menus and screen taps toggle controls
FAIL Center transport and bounded ten-second seeks TimeoutError: page.waitForFunction: Timeout 30000ms exceeded.
PASS overlay scales to its embed width independently of the viewport
PASS height-limited video fills and centers within the player width
PASS Space on top-right icons controls playback without activating icons
PASS file and URL selection leave Space focused on playback
PASS migrated playground uses the shipped component and core
PASS multiple selected files form one ordered queue and reuse the same core
PASS dropping more files appends without interrupting the active source
PASS queue previous, next and item selection preserve paused playback and menu focus
PASS queue advances once on real playback end and stops at the final item
PASS a failed queued open stops without skipping and a later selection can recover
PASS removing the current item opens its neighbor; clearing the queue releases files
PASS pause during a delayed queue switch overrides its original playing intent
PASS failed replacement after current-item removal closes removed media and retains retryable queue
PASS programmatic replacement and disconnect cancel the queue rather than advancing stale sources
PASS queue navigation remains inside a small player and source ownership controls are respected
