✔ facade exposes consumer controls, immutable diagnostics and bound methods (16.152959ms)
✔ owner source replacement suppresses stale provider publication through facade (4.87ms)
✔ public declarations restrict PlayerPreview while retaining standalone ownership (1674.627834ms)
✔ timestamp lists retain original times while sorting and deduplicating buckets with a count limit (10.48ms)
✔ omitted/null count processes all finite interval candidates in seconds or minutes (1.74425ms)
✔ unknown/live duration, disabled scheduling, source reset and in-flight jobs remain bounded (11.761042ms)
✔ invalid pregeneration settings fail at initialization (1.118833ms)
✔ all candidates run without exceeding the image cache capacity (4.632584ms)
✔ disabled API remains disabled through buffering transitions and can restore providers (3.013042ms)
✔ background thumbnails never evict foreground cache entries (2.399584ms)
✔ fractional timestamp pregeneration matches foreground buckets without redundant decoding (6.660917ms)
✔ preview copies resident bytes without LRU, epoch, counters or cache mutation (2.023458ms)
✔ preview fetch is low priority, bounded, isolated and preempted by playback reads (46.480541ms)
✔ background fetch never admits bytes to playback cache; cancellation is isolated (4.076125ms)
✔ preview authorization failure never occupies playback refresh callback (0.537666ms)
✔ buckets coalesce work; latest caller wins, repeated result hits cache (14.376209ms)
✔ obsolete buckets stop before generation and caller abort stops running work (21.587416ms)
✔ routing declines/errors fall through; removing experimental provider preserves API (10.967166ms)
✔ LRU enforces byte and entry budgets including oversized images (34.251625ms)
✔ uncooperative provider cannot publish stale results or spawn unbounded concurrent work (64.3075ms)
✔ timeout, clear and destroy settle callers and source cache is invalidated (19.401917ms)
✔ invalid requests fail locally and returned metadata cannot mutate cache (0.7015ms)
✔ source identity and source-bound authored routing invalidate old images (17.952125ms)
✔ progressive updates preserve time/fidelity semantics and stop after cancellation (11.378417ms)
✔ exact intent bypasses buckets and rejects approximate providers; metrics distinguish cache work (2.076417ms)
✔ failure diagnostics stay bounded and explicit prefetch declines while a request runs (11.015708ms)
✔ malformed provider output and detached publications cannot corrupt the bounded cache (1.961375ms)
✔ destroy during local decode unloads its private video and revokes its URL (11.774375ms)
✔ destroy waits for registered resource cleanup without waiting for an uncooperative result (2.661375ms)
✔ playback pressure cancels generation, retains cached images, and resumes cleanly (3.9075ms)
✔ runtime Wasm abort is asset failure; user AbortError is cancellation (2.952542ms)
✔ unknown ranges are distinct from known empty and invalid ranges remain unknown (1.078834ms)
✔ packet cache coverage clips negative preroll and preserves disjoint ranges and unknown state (1.21125ms)
✔ normal diagnostics redact auth, userinfo, signed queries and fragments (0.322834ms)
✔ display geometry resolves Hybrid timing placeholders and anamorphic rotation (0.438708ms)
✔ track identities are source scoped and compatible across mpv engines (0.513083ms)
✔ external subtitle demuxers do not alias one another or embedded stream IDs (0.330792ms)
✔ multi-track labels retain language, title and file dispositions without changing selection (0.278042ms)
✔ missing or duplicate metadata remains distinguishable without inventing languages or layouts (0.480291ms)
✔ known language titles avoid repetition and labels survive backend switches (0.399875ms)
✔ Shaka backend preserves audio and text selection intent and exposes actual stream state (26.259417ms)
✔ destroy during Shaka load aborts the candidate and removes session networking (8.650417ms)
✔ live requires explicit intent and publishes a sliding seekable window (1.141375ms)
✔ source representation IDs beat numeric variant IDs and preserve active audio (1.889917ms)
✔ live:true is permission and also accepts an ordinary VOD manifest (0.817375ms)
✔ audio selection cannot escape a pinned representation or bandwidth ceiling (0.957625ms)
✔ in-progress presentations require live permission and publish live state until finished (0.413667ms)
✔ shared runtime download survives one cancellation and remains cached after success (0.866417ms)
✔ last runtime waiter cancels fetch, settles open and permits a fresh retry (0.711667ms)
✔ cancellation removes a queued execution script, its listeners and blob URL (2.457417ms)
✔ portable buffering preserves Shaka defaults and delegates profile goals (0.781833ms)
✔ Native preload maps literally and only promises hint control (0.246417ms)
✔ preview uses indexed Shaka tracks and isolated image transport without moving playback (2.72875ms)
✔ disallowed media and key origins reject before any request; userinfo is forbidden (7.149ms)
✔ credentials and custom headers preserve range; redirects are rejected before browser forwarding (31.720708ms)
✔ one authorization refresh retries only the authorized URL and preserves request semantics (3.429583ms)
✔ refreshed URL cannot escape allowed origins (0.596416ms)
✔ persistent 401/403 remains terminal permission failure, never codec fallback (0.778375ms)
✔ destroy cancels pending authorization, prevents late replacement requests and removes session request ownership (0.906542ms)
✔ Shaka operation abort reaches the in-flight fetch (2.576708ms)
✔ immutable segment validators detect identity changes (1.774792ms)
✔ DRM license traffic is refused before transport (0.259167ms)
✔ caller cannot override Shaka byte ranges, including refreshed headers (0.598584ms)
✔ immutable promise does not require validators or treat weak ETags as strong identity (1.0835ms)
✔ response budget rejects advertised and streaming excess, cancels the reader (0.95925ms)
✔ total request deadline aborts both connection and body stalls (23.264583ms)
✔ request filter is idempotent across Shaka retries and keeps scheme selection stable (1.172833ms)
✔ retiring a filtered request cannot make the shared plugin bypass policy during backoff (0.1935ms)
✔ matching 206 ranges accept exact bytes and reject mismatches before incremental parsing (1.099125ms)
✔ range resources cannot change length or use compressed byte offsets (0.4605ms)
✔ retirement before a retry filter prevents the selected scheme plugin from running (0.205458ms)
ℹ tests 71
ℹ suites 0
ℹ pass 71
ℹ fail 0
ℹ cancelled 0
ℹ skipped 0
ℹ todo 0
ℹ duration_ms 1976.596
