{
  "browser": "153.0.8010.53",
  "codec": "ffv1",
  "hoverVisible": true,
  "preempted": "AbortError",
  "blocked": null,
  "bufferingHit": "hit",
  "ownersDuringBuffering": 1,
  "owners": 1,
  "resumed": true,
  "remotePath": "software",
  "before": {
    "time": 0,
    "intent": "pause"
  },
  "after": {
    "time": 0,
    "intent": "pause"
  },
  "path": "software",
  "time": 2,
  "actualTime": null,
  "accuracy": "approximate",
  "dimensions": [
    160,
    90
  ],
  "nonblack": true,
  "cache": "hit",
  "cancelled": "AbortError",
  "aborted": "AbortError",
  "latest": 4,
  "advanced": true,
  "seeks": 0,
  "errors": 0,
  "leakedOwners": 0,
  "invalidated": true,
  "ownersAfterDestroy": 0,
  "latencyMs": 260.58500000834465
}
