{
  "browser": "146.0.1",
  "before": 1,
  "after": 1,
  "pausedBefore": "pause",
  "pausedAfter": "pause",
  "sourceCleared": true,
  "ownedURLs": 0,
  "actualTime": null,
  "temporalAccuracy": "approximate",
  "seeks": 0,
  "errors": 0,
  "dimensions": [
    160,
    90
  ],
  "cache": "hit",
  "path": "local-browser",
  "time": 2,
  "fallback": true,
  "cancelled": "AbortError",
  "advanced": true,
  "cleared": {
    "requests": 5,
    "hits": 1,
    "failures": 1,
    "cancelled": 1,
    "sourceId": "closed:2",
    "cacheBytes": 0,
    "cacheEntries": 0,
    "active": false,
    "pending": false,
    "lastFailure": {
      "provider": "broken",
      "kind": "Error"
    }
  },
  "absent": null,
  "ownership": {
    "hidden": true,
    "standalone": true,
    "replacementRejected": true,
    "frozen": true,
    "stages": [
      {
        "action": "close",
        "cancelled": "AbortError",
        "awaitedCleanup": true,
        "entries": 0,
        "same": true
      },
      {
        "action": "destroy",
        "cancelled": "AbortError",
        "awaitedCleanup": true,
        "entries": 0,
        "same": true
      }
    ],
    "terminal": "AbortError"
  }
}
