[INFO] Start to read j2k main header (0).
[INFO] Main header has been correctly decoded.
[INFO] No decoded area parameters, set the decoded area to the whole image
[INFO] Header of tile 1 / 16 has been read.
[INFO] Tile 1/16 has been decoded.
[INFO] Image data has been updated with tile 1.

[INFO] Header of tile 2 / 16 has been read.
[INFO] Tile 2/16 has been decoded.
[INFO] Image data has been updated with tile 2.

[INFO] Header of tile 3 / 16 has been read.
[INFO] Tile 3/16 has been decoded.
[INFO] Image data has been updated with tile 3.

[INFO] Header of tile 4 / 16 has been read.
[INFO] Tile 4/16 has been decoded.
[INFO] Image data has been updated with tile 4.

[INFO] Header of tile 5 / 16 has been read.
[INFO] Tile 5/16 has been decoded.
[INFO] Image data has been updated with tile 5.

[INFO] Header of tile 6 / 16 has been read.
[INFO] Tile 6/16 has been decoded.
[INFO] Image data has been updated with tile 6.

[INFO] Header of tile 7 / 16 has been read.
[INFO] Tile 7/16 has been decoded.
[INFO] Image data has been updated with tile 7.

[INFO] Header of tile 8 / 16 has been read.
[INFO] Tile 8/16 has been decoded.
[INFO] Image data has been updated with tile 8.

[INFO] Header of tile 9 / 16 has been read.
[INFO] Tile 9/16 has been decoded.
[INFO] Image data has been updated with tile 9.

[INFO] Header of tile 10 / 16 has been read.
[INFO] Tile 10/16 has been decoded.
[INFO] Image data has been updated with tile 10.

[INFO] Header of tile 11 / 16 has been read.
[INFO] Tile 11/16 has been decoded.
[INFO] Image data has been updated with tile 11.

[INFO] Header of tile 12 / 16 has been read.
[INFO] Tile 12/16 has been decoded.
[INFO] Image data has been updated with tile 12.

[INFO] Header of tile 13 / 16 has been read.
[INFO] Tile 13/16 has been decoded.
[INFO] Image data has been updated with tile 13.

[INFO] Header of tile 14 / 16 has been read.
[INFO] Tile 14/16 has been decoded.
[INFO] Image data has been updated with tile 14.

[INFO] Header of tile 15 / 16 has been read.
[INFO] Tile 15/16 has been decoded.
[INFO] Image data has been updated with tile 15.

[INFO] Header of tile 16 / 16 has been read.
[INFO] Tile 16/16 has been decoded.
[INFO] Image data has been updated with tile 16.

[INFO] Generated Outfile research/items/R178.selective-jpeg-2000-source-reads/evidence/20260919T234126Z-openjpeg-active-quality-layers/full-reference.pgm
decode time: 66 ms

