ffmpeg version 8.1.2 Copyright (c) 2000-2026 the FFmpeg developers
  built with Apple clang version 21.0.0 (clang-2100.0.123.102)
  configuration: --prefix=/opt/homebrew/Cellar/ffmpeg/8.1.2 --enable-shared --enable-pthreads --enable-version3 --cc=clang --host-cflags= --host-ldflags= --enable-ffplay --enable-gpl --enable-libsvtav1 --enable-libopus --enable-libx264 --enable-libmp3lame --enable-libdav1d --enable-libvmaf --enable-libvpx --enable-libx265 --enable-openssl --enable-videotoolbox --enable-audiotoolbox --enable-neon
  libavutil      60. 26.102 / 60. 26.102
  libavcodec     62. 28.102 / 62. 28.102
  libavformat    62. 12.102 / 62. 12.102
  libavdevice    62.  3.102 / 62.  3.102
  libavfilter    11. 14.102 / 11. 14.102
  libswscale      9.  5.102 /  9.  5.102
  libswresample   6.  3.102 /  6.  3.102
[h264 @ 0x9a7048380] Reinit context to 640x368, pix_fmt: yuv420p
Input #0, h264, from 'research/shared/runs/20260920T040700Z-recovered-video-distinct-sps/head.h264':
  Duration: N/A, bitrate: N/A
  Stream #0:0: Video: h264 (High 4:4:4 Predictive), 1 reference frame, yuv420p(progressive, left), 640x360 [SAR 1:1 DAR 16:9], 25 fps, 60 tbr, 1200k tbn
[out#0/null @ 0x9a7020300] No explicit maps, mapping streams automatically...
[vost#0:0/wrapped_avframe @ 0x9a6ce8000] Created video stream from input stream 0:0
Stream mapping:
  Stream #0:0 -> #0:0 (h264 (native) -> wrapped_avframe (native))
[vost#0:0/wrapped_avframe @ 0x9a6ce8000] Starting thread...
[vf#0:0 @ 0x9a70f8000] Starting thread...
[vist#0:0/h264 @ 0x9a7018180] [dec:h264 @ 0x9a6c0c280] Starting thread...
[in#0/h264 @ 0x9a6c0c000] Starting thread...
Press [q] to stop, [?] for help
[h264 @ 0x9a7049180] Reinit context to 640x368, pix_fmt: yuv420p
[graph -1 input from stream 0:0 @ 0x9a7021740] w:640 h:360 pixfmt:yuv420p tb:1/1200000 fr:30/1 sar:1/1 csp:unknown range:unknown alpha:unspecified
[graph -1 input from stream 0:0 @ 0x9a7021740] video frame properties congruent with link at pts_time: 0
Output #0, null, to 'pipe:':
  Metadata:
    encoder         : Lavf62.12.102
  Stream #0:0: Video: wrapped_avframe, 1 reference frame, yuv420p(progressive, left), 640x360 [SAR 1:1 DAR 16:9], q=2-31, 200 kb/s, 30 fps, 30 tbn
    Metadata:
      encoder         : Lavc62.28.102 wrapped_avframe
[out#0/null @ 0x9a7020300] Starting thread...
[in#0/h264 @ 0x9a6c0c000] EOF while reading input
[in#0/h264 @ 0x9a6c0c000] Terminating thread with return code 0 (success)
[vist#0:0/h264 @ 0x9a7018180] [dec:h264 @ 0x9a6c0c280] Decoder thread received EOF packet
[vist#0:0/h264 @ 0x9a7018180] [dec:h264 @ 0x9a6c0c280] Decoder returned EOF, finishing
[vf#0:0 @ 0x9a70f8000] Filtergraph returned EOF, finishing
[vf#0:0 @ 0x9a70f8000] All consumers returned EOF
[vost#0:0/wrapped_avframe @ 0x9a6ce8000] [enc:wrapped_avframe @ 0x9a6c10310] Encoder thread received EOF
[vost#0:0/wrapped_avframe @ 0x9a6ce8000] Terminating thread with return code 0 (success)
[out#0/null @ 0x9a7020300] All streams finished
[out#0/null @ 0x9a7020300] Terminating thread with return code 0 (success)
[vf#0:0 @ 0x9a70f8000] Terminating thread with return code 0 (success)
[vist#0:0/h264 @ 0x9a7018180] [dec:h264 @ 0x9a6c0c280] Terminating thread with return code 0 (success)
[out#0/null @ 0x9a7020300] Output file #0 (pipe:):
[out#0/null @ 0x9a7020300]   Output stream #0:0 (video): 23 frames encoded; 23 packets muxed (9752 bytes); 
[out#0/null @ 0x9a7020300]   Total: 23 packets (9752 bytes) muxed
[out#0/null @ 0x9a7020300] video:10KiB audio:0KiB subtitle:0KiB other streams:0KiB global headers:0KiB muxing overhead: unknown
frame=   23 fps=0.0 q=-0.0 Lsize=N/A time=00:00:00.76 bitrate=N/A speed=  49x elapsed=0:00:00.01    
[in#0/h264 @ 0x9a6c0c000] Input file #0 (research/shared/runs/20260920T040700Z-recovered-video-distinct-sps/head.h264):
[in#0/h264 @ 0x9a6c0c000]   Input stream #0:0 (video): 23 packets read (364870 bytes); 23 frames decoded; 0 decode errors; 
[in#0/h264 @ 0x9a6c0c000]   Total: 23 packets (364870 bytes) demuxed
[AVIOContext @ 0x9a6c0c140] Statistics: 364870 bytes read, 0 seeks

Exiting with exit code 0
