[  0%] Built target tool_version_git
[  0%] Building CXX object lib/CMakeFiles/jxl_extras_core-obj.dir/extras/alpha_blend.cc.o
[  0%] Building CXX object lib/CMakeFiles/jxl_export.dir/nothing.cc.o
[  0%] Building CXX object third_party/highway/CMakeFiles/hwy.dir/hwy/abort.cc.o
[  1%] Building C object third_party/brotli/CMakeFiles/brotlicommon.dir/c/common/constants.c.o
[  1%] Built target jxl_export
[  2%] Building CXX object lib/CMakeFiles/jxl_extras_core-obj.dir/extras/common.cc.o
[  2%] Building C object third_party/brotli/CMakeFiles/brotlicommon.dir/c/common/context.c.o
[  2%] Building C object third_party/brotli/CMakeFiles/brotlicommon.dir/c/common/dictionary.c.o
[  2%] Building CXX object third_party/highway/CMakeFiles/hwy.dir/hwy/aligned_allocator.cc.o
[  2%] Building CXX object lib/CMakeFiles/jxl_extras_core-obj.dir/extras/compressed_icc.cc.o
[  4%] Building C object third_party/brotli/CMakeFiles/brotlicommon.dir/c/common/platform.c.o
[  4%] Building C object third_party/brotli/CMakeFiles/brotlicommon.dir/c/common/shared_dictionary.c.o
[  4%] Building CXX object lib/CMakeFiles/jxl_threads.dir/threads/resizable_parallel_runner.cc.o
[  4%] Building C object third_party/brotli/CMakeFiles/brotlicommon.dir/c/common/transform.c.o
[  5%] Linking C shared library libbrotlicommon.dylib
[  7%] Building CXX object third_party/highway/CMakeFiles/hwy.dir/hwy/nanobenchmark.cc.o
[  7%] Built target brotlicommon
[  7%] Building CXX object lib/CMakeFiles/jxl_extras_core-obj.dir/extras/dec/color_description.cc.o
[  8%] Building CXX object lib/CMakeFiles/jxl_extras_core-obj.dir/extras/dec/color_hints.cc.o
[ 10%] Building CXX object lib/CMakeFiles/jxl_threads.dir/threads/thread_parallel_runner.cc.o
[ 10%] Building CXX object lib/CMakeFiles/jxl_extras_core-obj.dir/extras/dec/decode.cc.o
[ 10%] Building CXX object third_party/highway/CMakeFiles/hwy.dir/hwy/per_target.cc.o
[ 10%] Building CXX object lib/CMakeFiles/jxl_threads.dir/threads/thread_parallel_runner_internal.cc.o
[ 10%] Linking CXX shared library libjxl_threads.dylib
[ 10%] Building CXX object lib/CMakeFiles/jxl_extras_core-obj.dir/extras/enc/encode.cc.o
[ 10%] Built target jxl_threads
[ 10%] Building CXX object third_party/highway/CMakeFiles/hwy.dir/hwy/print.cc.o
[ 11%] Building CXX object lib/CMakeFiles/jxl_enc-obj.dir/jxl/butteraugli/butteraugli.cc.o
[ 12%] Building CXX object third_party/highway/CMakeFiles/hwy.dir/hwy/targets.cc.o
[ 12%] Building C object third_party/brotli/CMakeFiles/brotlidec.dir/c/dec/bit_reader.c.o
[ 14%] Building CXX object third_party/highway/CMakeFiles/hwy.dir/hwy/timer.cc.o
[ 14%] Building CXX object lib/CMakeFiles/jxl_extras_core-obj.dir/extras/exif.cc.o
[ 14%] Building C object third_party/brotli/CMakeFiles/brotlidec.dir/c/dec/decode.c.o
[ 14%] Building CXX object lib/CMakeFiles/jxl_extras_core-obj.dir/extras/gain_map.cc.o
[ 15%] Building C object third_party/brotli/CMakeFiles/brotlidec.dir/c/dec/huffman.c.o
[ 15%] Building CXX object lib/CMakeFiles/jxl_extras_core-obj.dir/extras/mmap.cc.o
[ 15%] Building CXX object lib/CMakeFiles/jxl_enc-obj.dir/jxl/enc_ac_strategy.cc.o
[ 15%] Linking CXX static library libhwy.a
[ 15%] Building C object third_party/brotli/CMakeFiles/brotlidec.dir/c/dec/state.c.o
[ 17%] Building CXX object lib/CMakeFiles/jxl_extras_core-obj.dir/extras/time.cc.o
[ 17%] Linking C shared library libbrotlidec.dylib
[ 17%] Built target hwy
[ 17%] Building CXX object lib/CMakeFiles/jxl_extras_core-obj.dir/extras/dec/apng.cc.o
[ 17%] Built target brotlidec
[ 17%] Building CXX object lib/CMakeFiles/jxl_enc-obj.dir/jxl/enc_adaptive_quantization.cc.o
[ 18%] Building C object third_party/brotli/CMakeFiles/brotlienc.dir/c/enc/backward_references.c.o
[ 18%] Building CXX object lib/CMakeFiles/jxl_extras_core-obj.dir/extras/enc/apng.cc.o
[ 20%] Building CXX object lib/CMakeFiles/jxl_extras_core-obj.dir/extras/dec/exr.cc.o
[ 20%] Building CXX object lib/CMakeFiles/jxl_extras_core-obj.dir/extras/enc/exr.cc.o
[ 20%] Building C object third_party/brotli/CMakeFiles/brotlienc.dir/c/enc/backward_references_hq.c.o
[ 20%] Building CXX object lib/CMakeFiles/jxl_extras_core-obj.dir/extras/dec/jpg.cc.o
[ 20%] Building CXX object lib/CMakeFiles/jxl_dec-obj.dir/jxl/ac_strategy.cc.o
[ 21%] Building CXX object lib/CMakeFiles/jxl_enc-obj.dir/jxl/enc_ans.cc.o
[ 21%] Building C object third_party/brotli/CMakeFiles/brotlienc.dir/c/enc/bit_cost.c.o
[ 24%] Building CXX object lib/CMakeFiles/jxl_dec-obj.dir/jxl/alpha.cc.o
[ 24%] Building C object third_party/brotli/CMakeFiles/brotlienc.dir/c/enc/block_splitter.c.o
[ 24%] Building CXX object lib/CMakeFiles/jxl_extras_core-obj.dir/extras/enc/jpg.cc.o
[ 25%] Building CXX object lib/CMakeFiles/jxl_dec-obj.dir/jxl/ans_common.cc.o
[ 25%] Building C object third_party/brotli/CMakeFiles/brotlienc.dir/c/enc/brotli_bit_stream.c.o
[ 25%] Building CXX object lib/CMakeFiles/jxl_extras_core-obj.dir/extras/dec/jxl.cc.o
[ 25%] Building CXX object lib/CMakeFiles/jxl_dec-obj.dir/jxl/blending.cc.o
[ 25%] Building C object third_party/brotli/CMakeFiles/brotlienc.dir/c/enc/cluster.c.o
[ 27%] Building C object third_party/brotli/CMakeFiles/brotlienc.dir/c/enc/command.c.o
[ 27%] Building CXX object lib/CMakeFiles/jxl_dec-obj.dir/jxl/chroma_from_luma.cc.o
[ 27%] Building C object third_party/brotli/CMakeFiles/brotlienc.dir/c/enc/compound_dictionary.c.o
[ 27%] Building CXX object lib/CMakeFiles/jxl_extras_core-obj.dir/extras/enc/jxl.cc.o
[ 27%] Building CXX object lib/CMakeFiles/jxl_enc-obj.dir/jxl/enc_aux_out.cc.o
[ 27%] Building C object third_party/brotli/CMakeFiles/brotlienc.dir/c/enc/compress_fragment.c.o
[ 28%] Building CXX object lib/CMakeFiles/jxl_dec-obj.dir/jxl/coeff_order.cc.o
[ 28%] Building CXX object lib/CMakeFiles/jxl_enc-obj.dir/jxl/enc_bit_writer.cc.o
[ 31%] Building C object third_party/brotli/CMakeFiles/brotlienc.dir/c/enc/compress_fragment_two_pass.c.o
[ 31%] Building CXX object lib/CMakeFiles/jxl_extras_core-obj.dir/extras/dec/pgx.cc.o
[ 32%] Building CXX object lib/CMakeFiles/jxl_enc-obj.dir/jxl/enc_butteraugli_comparator.cc.o
[ 32%] Building C object third_party/brotli/CMakeFiles/brotlienc.dir/c/enc/dictionary_hash.c.o
[ 32%] Building CXX object lib/CMakeFiles/jxl_extras_core-obj.dir/extras/enc/pgx.cc.o
[ 32%] Building CXX object lib/CMakeFiles/jxl_dec-obj.dir/jxl/color_encoding_internal.cc.o
[ 32%] Building C object third_party/brotli/CMakeFiles/brotlienc.dir/c/enc/encode.c.o
[ 32%] Building CXX object lib/CMakeFiles/jxl_enc-obj.dir/jxl/enc_cache.cc.o
[ 32%] Building CXX object lib/CMakeFiles/jxl_extras_core-obj.dir/extras/dec/pnm.cc.o
[ 34%] Building C object third_party/brotli/CMakeFiles/brotlienc.dir/c/enc/encoder_dict.c.o
[ 35%] Building CXX object lib/CMakeFiles/jxl_extras_core-obj.dir/extras/enc/pnm.cc.o
[ 35%] Building CXX object lib/CMakeFiles/jxl_dec-obj.dir/jxl/compressed_dc.cc.o
[ 35%] Building C object third_party/brotli/CMakeFiles/brotlienc.dir/c/enc/entropy_encode.c.o
[ 35%] Building C object third_party/brotli/CMakeFiles/brotlienc.dir/c/enc/fast_log.c.o
[ 35%] Building CXX object lib/CMakeFiles/jxl_enc-obj.dir/jxl/enc_chroma_from_luma.cc.o
[ 37%] Building C object third_party/brotli/CMakeFiles/brotlienc.dir/c/enc/histogram.c.o
[ 37%] Building C object third_party/brotli/CMakeFiles/brotlienc.dir/c/enc/literal_cost.c.o
[ 37%] Building C object third_party/brotli/CMakeFiles/brotlienc.dir/c/enc/memory.c.o
[ 37%] Building CXX object lib/CMakeFiles/jxl_extras_core-obj.dir/extras/enc/npy.cc.o
[ 40%] Building C object third_party/brotli/CMakeFiles/brotlienc.dir/c/enc/metablock.c.o
[ 40%] Building CXX object lib/CMakeFiles/jxl_dec-obj.dir/jxl/convolve_separable5.cc.o
[ 40%] Building C object third_party/brotli/CMakeFiles/brotlienc.dir/c/enc/static_dict.c.o
[ 40%] Building CXX object lib/CMakeFiles/jxl_extras_core-obj.dir/extras/dec/gif.cc.o
[ 40%] Building C object third_party/brotli/CMakeFiles/brotlienc.dir/c/enc/utf8_util.c.o
[ 41%] Linking C shared library libbrotlienc.dylib
[ 41%] Built target jxl_extras_core-obj
[ 42%] Building CXX object lib/CMakeFiles/jxl_enc-obj.dir/jxl/enc_cluster.cc.o
[ 42%] Built target brotlienc
[ 44%] Building CXX object lib/CMakeFiles/jxl_enc-obj.dir/jxl/enc_coeff_order.cc.o
[ 44%] Building CXX object tools/CMakeFiles/jxl_tool.dir/cmdline.cc.o
[ 44%] Building CXX object lib/CMakeFiles/jxl_dec-obj.dir/jxl/convolve_slow.cc.o
[ 44%] Building CXX object tools/CMakeFiles/jxl_tool.dir/codec_config.cc.o
[ 44%] Building CXX object lib/CMakeFiles/jxl_dec-obj.dir/jxl/convolve_symmetric3.cc.o
[ 45%] Building CXX object lib/CMakeFiles/jxl_cms.dir/jxl/cms/jxl_cms.cc.o
[ 45%] Building CXX object lib/CMakeFiles/jxl_enc-obj.dir/jxl/enc_comparator.cc.o
[ 45%] Building CXX object tools/CMakeFiles/jxl_tool.dir/no_memory_manager.cc.o
[ 47%] Building CXX object tools/CMakeFiles/jxl_tool.dir/speed_stats.cc.o
[ 47%] Building CXX object tools/CMakeFiles/jxl_tool.dir/tool_version.cc.o
[ 48%] Building CXX object lib/CMakeFiles/jxl_enc-obj.dir/jxl/enc_context_map.cc.o
[ 48%] Building CXX object tools/CMakeFiles/jxl_tool.dir/tracking_memory_manager.cc.o
[ 50%] Building CXX object lib/CMakeFiles/jxl_dec-obj.dir/jxl/convolve_symmetric5.cc.o
[ 50%] Building CXX object lib/CMakeFiles/jxl_enc-obj.dir/jxl/enc_debug_image.cc.o
[ 51%] Linking CXX static library libjxl_tool.a
[ 51%] Linking CXX shared library libjxl_cms.dylib
[ 51%] Built target jxl_tool
[ 51%] Building CXX object lib/CMakeFiles/jxl_dec-obj.dir/jxl/dct_scales.cc.o
[ 51%] Built target jxl_cms
[ 51%] Building CXX object lib/CMakeFiles/jxl_enc-obj.dir/jxl/enc_detect_dots.cc.o
[ 51%] Building CXX object lib/CMakeFiles/jxl_dec-obj.dir/jxl/dec_ans.cc.o
[ 52%] Building CXX object lib/CMakeFiles/jxl_enc-obj.dir/jxl/enc_dot_dictionary.cc.o
[ 52%] Building CXX object lib/CMakeFiles/jxl_enc-obj.dir/jxl/enc_entropy_coder.cc.o
[ 54%] Building CXX object lib/CMakeFiles/jxl_dec-obj.dir/jxl/dec_cache.cc.o
[ 54%] Building CXX object lib/CMakeFiles/jxl_dec-obj.dir/jxl/dec_context_map.cc.o
[ 54%] Building CXX object lib/CMakeFiles/jxl_dec-obj.dir/jxl/dec_external_image.cc.o
[ 55%] Building CXX object lib/CMakeFiles/jxl_dec-obj.dir/jxl/dec_frame.cc.o
[ 55%] Building CXX object lib/CMakeFiles/jxl_dec-obj.dir/jxl/dec_group.cc.o
[ 55%] Building CXX object lib/CMakeFiles/jxl_enc-obj.dir/jxl/enc_external_image.cc.o
[ 57%] Building CXX object lib/CMakeFiles/jxl_enc-obj.dir/jxl/enc_fast_lossless.cc.o
[ 57%] Building CXX object lib/CMakeFiles/jxl_enc-obj.dir/jxl/enc_fields.cc.o
[ 57%] Building CXX object lib/CMakeFiles/jxl_dec-obj.dir/jxl/dec_group_border.cc.o
[ 57%] Building CXX object lib/CMakeFiles/jxl_enc-obj.dir/jxl/enc_frame.cc.o
[ 58%] Building CXX object lib/CMakeFiles/jxl_dec-obj.dir/jxl/dec_huffman.cc.o
[ 58%] Building CXX object lib/CMakeFiles/jxl_dec-obj.dir/jxl/dec_modular.cc.o
[ 58%] Building CXX object lib/CMakeFiles/jxl_dec-obj.dir/jxl/dec_noise.cc.o
[ 60%] Building CXX object lib/CMakeFiles/jxl_enc-obj.dir/jxl/enc_gaborish.cc.o
[ 61%] Building CXX object lib/CMakeFiles/jxl_enc-obj.dir/jxl/enc_group.cc.o
[ 61%] Building CXX object lib/CMakeFiles/jxl_dec-obj.dir/jxl/dec_patch_dictionary.cc.o
[ 61%] Building CXX object lib/CMakeFiles/jxl_enc-obj.dir/jxl/enc_heuristics.cc.o
[ 62%] Building CXX object lib/CMakeFiles/jxl_enc-obj.dir/jxl/enc_huffman.cc.o
[ 62%] Building CXX object lib/CMakeFiles/jxl_dec-obj.dir/jxl/dec_xyb.cc.o
[ 62%] Building CXX object lib/CMakeFiles/jxl_enc-obj.dir/jxl/enc_huffman_tree.cc.o
[ 62%] Building CXX object lib/CMakeFiles/jxl_dec-obj.dir/jxl/decode.cc.o
[ 64%] Building CXX object lib/CMakeFiles/jxl_dec-obj.dir/jxl/entropy_coder.cc.o
[ 64%] Building CXX object lib/CMakeFiles/jxl_enc-obj.dir/jxl/enc_icc_codec.cc.o
[ 64%] Building CXX object lib/CMakeFiles/jxl_dec-obj.dir/jxl/epf.cc.o
[ 64%] Building CXX object lib/CMakeFiles/jxl_dec-obj.dir/jxl/fields.cc.o
[ 65%] Building CXX object lib/CMakeFiles/jxl_dec-obj.dir/jxl/frame_header.cc.o
[ 65%] Building CXX object lib/CMakeFiles/jxl_dec-obj.dir/jxl/headers.cc.o
[ 67%] Building CXX object lib/CMakeFiles/jxl_enc-obj.dir/jxl/enc_image_bundle.cc.o
[ 67%] Building CXX object lib/CMakeFiles/jxl_enc-obj.dir/jxl/enc_linalg.cc.o
[ 67%] Building CXX object lib/CMakeFiles/jxl_enc-obj.dir/jxl/enc_modular.cc.o
[ 67%] Building CXX object lib/CMakeFiles/jxl_dec-obj.dir/jxl/huffman_table.cc.o
[ 68%] Building CXX object lib/CMakeFiles/jxl_dec-obj.dir/jxl/icc_codec.cc.o
[ 70%] Building CXX object lib/CMakeFiles/jxl_enc-obj.dir/jxl/enc_noise.cc.o
[ 70%] Building CXX object lib/CMakeFiles/jxl_dec-obj.dir/jxl/icc_codec_common.cc.o
[ 70%] Building CXX object lib/CMakeFiles/jxl_dec-obj.dir/jxl/image.cc.o
[ 71%] Building CXX object lib/CMakeFiles/jxl_dec-obj.dir/jxl/image_bundle.cc.o
[ 71%] Building CXX object lib/CMakeFiles/jxl_dec-obj.dir/jxl/image_metadata.cc.o
[ 71%] Building CXX object lib/CMakeFiles/jxl_dec-obj.dir/jxl/image_ops.cc.o
[ 71%] Building CXX object lib/CMakeFiles/jxl_enc-obj.dir/jxl/enc_patch_dictionary.cc.o
[ 71%] Building CXX object lib/CMakeFiles/jxl_enc-obj.dir/jxl/enc_photon_noise.cc.o
[ 72%] Building CXX object lib/CMakeFiles/jxl_dec-obj.dir/jxl/loop_filter.cc.o
[ 74%] Building CXX object lib/CMakeFiles/jxl_enc-obj.dir/jxl/enc_progressive_split.cc.o
[ 74%] Building CXX object lib/CMakeFiles/jxl_dec-obj.dir/jxl/luminance.cc.o
[ 74%] Building CXX object lib/CMakeFiles/jxl_enc-obj.dir/jxl/enc_quant_weights.cc.o
[ 74%] Building CXX object lib/CMakeFiles/jxl_enc-obj.dir/jxl/enc_splines.cc.o
[ 74%] Building CXX object lib/CMakeFiles/jxl_dec-obj.dir/jxl/memory_manager_internal.cc.o
[ 75%] Building CXX object lib/CMakeFiles/jxl_dec-obj.dir/jxl/modular/encoding/dec_ma.cc.o
[ 77%] Building CXX object lib/CMakeFiles/jxl_enc-obj.dir/jxl/enc_toc.cc.o
[ 77%] Building CXX object lib/CMakeFiles/jxl_enc-obj.dir/jxl/enc_transforms.cc.o
[ 77%] Building CXX object lib/CMakeFiles/jxl_dec-obj.dir/jxl/modular/encoding/encoding.cc.o
[ 77%] Building CXX object lib/CMakeFiles/jxl_dec-obj.dir/jxl/modular/modular_image.cc.o
[ 77%] Building CXX object lib/CMakeFiles/jxl_enc-obj.dir/jxl/enc_xyb.cc.o
[ 78%] Building CXX object lib/CMakeFiles/jxl_enc-obj.dir/jxl/encode.cc.o
[ 80%] Building CXX object lib/CMakeFiles/jxl_dec-obj.dir/jxl/modular/transform/palette.cc.o
[ 80%] Building CXX object lib/CMakeFiles/jxl_enc-obj.dir/jxl/jpeg/enc_jpeg_data.cc.o
[ 80%] Building CXX object lib/CMakeFiles/jxl_dec-obj.dir/jxl/modular/transform/rct.cc.o
[ 80%] Building CXX object lib/CMakeFiles/jxl_dec-obj.dir/jxl/modular/transform/squeeze.cc.o
[ 80%] Building CXX object lib/CMakeFiles/jxl_enc-obj.dir/jxl/jpeg/enc_jpeg_data_reader.cc.o
[ 81%] Building CXX object lib/CMakeFiles/jxl_enc-obj.dir/jxl/jpeg/enc_jpeg_huffman_decode.cc.o
[ 82%] Building CXX object lib/CMakeFiles/jxl_dec-obj.dir/jxl/modular/transform/transform.cc.o
[ 82%] Building CXX object lib/CMakeFiles/jxl_enc-obj.dir/jxl/modular/encoding/enc_debug_tree.cc.o
[ 82%] Building CXX object lib/CMakeFiles/jxl_enc-obj.dir/jxl/modular/encoding/enc_encoding.cc.o
[ 82%] Building CXX object lib/CMakeFiles/jxl_dec-obj.dir/jxl/opsin_params.cc.o
[ 82%] Building CXX object lib/CMakeFiles/jxl_dec-obj.dir/jxl/passes_state.cc.o
[ 84%] Building CXX object lib/CMakeFiles/jxl_dec-obj.dir/jxl/quant_weights.cc.o
[ 85%] Building CXX object lib/CMakeFiles/jxl_enc-obj.dir/jxl/modular/encoding/enc_ma.cc.o
[ 85%] Building CXX object lib/CMakeFiles/jxl_enc-obj.dir/jxl/modular/transform/enc_palette.cc.o
[ 85%] Building CXX object lib/CMakeFiles/jxl_dec-obj.dir/jxl/quantizer.cc.o
[ 85%] Building CXX object lib/CMakeFiles/jxl_enc-obj.dir/jxl/modular/transform/enc_rct.cc.o
[ 85%] Building CXX object lib/CMakeFiles/jxl_dec-obj.dir/jxl/render_pipeline/low_memory_render_pipeline.cc.o
[ 87%] Building CXX object lib/CMakeFiles/jxl_dec-obj.dir/jxl/render_pipeline/render_pipeline.cc.o
[ 88%] Building CXX object lib/CMakeFiles/jxl_enc-obj.dir/jxl/modular/transform/enc_squeeze.cc.o
[ 88%] Building CXX object lib/CMakeFiles/jxl_enc-obj.dir/jxl/modular/transform/enc_transform.cc.o
[ 88%] Building CXX object lib/CMakeFiles/jxl_dec-obj.dir/jxl/render_pipeline/simple_render_pipeline.cc.o
[ 88%] Building CXX object lib/CMakeFiles/jxl_dec-obj.dir/jxl/render_pipeline/stage_blending.cc.o
[ 90%] Building CXX object lib/CMakeFiles/jxl_dec-obj.dir/jxl/render_pipeline/stage_chroma_upsampling.cc.o
[ 90%] Built target jxl_enc-obj
[ 90%] Building CXX object lib/CMakeFiles/jxl_dec-obj.dir/jxl/render_pipeline/stage_cms.cc.o
[ 90%] Building CXX object lib/CMakeFiles/jxl_dec-obj.dir/jxl/render_pipeline/stage_epf.cc.o
[ 91%] Building CXX object lib/CMakeFiles/jxl_dec-obj.dir/jxl/render_pipeline/stage_from_linear.cc.o
[ 91%] Building CXX object lib/CMakeFiles/jxl_dec-obj.dir/jxl/render_pipeline/stage_gaborish.cc.o
[ 91%] Building CXX object lib/CMakeFiles/jxl_dec-obj.dir/jxl/render_pipeline/stage_noise.cc.o
[ 92%] Building CXX object lib/CMakeFiles/jxl_dec-obj.dir/jxl/render_pipeline/stage_patches.cc.o
[ 92%] Building CXX object lib/CMakeFiles/jxl_dec-obj.dir/jxl/render_pipeline/stage_splines.cc.o
[ 92%] Building CXX object lib/CMakeFiles/jxl_dec-obj.dir/jxl/render_pipeline/stage_spot.cc.o
[ 94%] Building CXX object lib/CMakeFiles/jxl_dec-obj.dir/jxl/render_pipeline/stage_to_linear.cc.o
[ 94%] Building CXX object lib/CMakeFiles/jxl_dec-obj.dir/jxl/render_pipeline/stage_tone_mapping.cc.o
[ 94%] Building CXX object lib/CMakeFiles/jxl_dec-obj.dir/jxl/render_pipeline/stage_upsampling.cc.o
[ 95%] Building CXX object lib/CMakeFiles/jxl_dec-obj.dir/jxl/render_pipeline/stage_write.cc.o
[ 95%] Building CXX object lib/CMakeFiles/jxl_dec-obj.dir/jxl/render_pipeline/stage_xyb.cc.o
[ 97%] Building CXX object lib/CMakeFiles/jxl_dec-obj.dir/jxl/simd_util.cc.o
[ 97%] Building CXX object lib/CMakeFiles/jxl_dec-obj.dir/jxl/render_pipeline/stage_ycbcr.cc.o
[ 97%] Building CXX object lib/CMakeFiles/jxl_dec-obj.dir/jxl/splines.cc.o
[ 98%] Building CXX object lib/CMakeFiles/jxl_dec-obj.dir/jxl/box_content_decoder.cc.o
[ 98%] Building CXX object lib/CMakeFiles/jxl_dec-obj.dir/jxl/toc.cc.o
[ 98%] Building CXX object lib/CMakeFiles/jxl_dec-obj.dir/jxl/decode_to_jpeg.cc.o
[100%] Building CXX object lib/CMakeFiles/jxl_dec-obj.dir/jxl/jpeg/dec_jpeg_data.cc.o
[100%] Building CXX object lib/CMakeFiles/jxl_dec-obj.dir/jxl/jpeg/dec_jpeg_data_writer.cc.o
[100%] Building CXX object lib/CMakeFiles/jxl_dec-obj.dir/jxl/jpeg/jpeg_data.cc.o
[100%] Built target jxl_dec-obj
[100%] Linking CXX shared library libjxl.dylib
[100%] Built target jxl
[100%] Linking CXX static library libjxl_extras_codec.a
[100%] Built target jxl_extras_codec
[100%] Building CXX object tools/CMakeFiles/cjxl.dir/cjxl_main.cc.o
[100%] Linking CXX executable cjxl
[100%] Built target cjxl
[  0%] Built target jxl_export
[  0%] Built target tool_version_git
[  4%] Built target brotlicommon
[  5%] Built target jxl_threads
[  8%] Built target hwy
[  9%] Built target brotlidec
[ 21%] Built target brotlienc
[ 25%] Built target jxl_tool
[ 36%] Built target jxl_extras_core-obj
[ 38%] Built target jxl_cms
[ 61%] Built target jxl_enc-obj
[ 98%] Built target jxl_dec-obj
[ 98%] Built target jxl
[ 98%] Built target jxl_extras_codec
[100%] Building CXX object tools/CMakeFiles/djxl.dir/djxl_main.cc.o
[100%] Linking CXX executable djxl
[100%] Built target djxl
