-- The C compiler identification is AppleClang 21.0.0.21000101
-- The CXX compiler identification is AppleClang 21.0.0.21000101
-- Detecting C compiler ABI info
-- Detecting C compiler ABI info - done
-- Check for working C compiler: /usr/bin/cc - skipped
-- Detecting C compile features
-- Detecting C compile features - done
-- Detecting CXX compiler ABI info
-- Detecting CXX compiler ABI info - done
-- Check for working CXX compiler: /usr/bin/c++ - skipped
-- Detecting CXX compile features
-- Detecting CXX compile features - done
-- CMAKE_SYSTEM_PROCESSOR is arm64
-- Performing Test CXX_FUZZERS_SUPPORTED
-- Performing Test CXX_FUZZERS_SUPPORTED - Failed
-- Performing Test CXX_MACRO_PREFIX_MAP
-- Performing Test CXX_MACRO_PREFIX_MAP - Success
-- Performing Test CXX_NO_RTTI_SUPPORTED
-- Performing Test CXX_NO_RTTI_SUPPORTED - Success
-- Found PkgConfig: /opt/homebrew/bin/pkg-config (found version "2.5.1")
-- Performing Test JXL_HWY_DISABLED_TARGETS_FORCED
-- Performing Test JXL_HWY_DISABLED_TARGETS_FORCED - Failed
-- libjpeg-turbo submodule is absent; not enabling jpegli
-- Compiled IDs C:AppleClang, C++:AppleClang
-- Disabled AVX512 (set JPEGXL_ENABLE_AVX512 to enable it)
-- Disabled AVX512_SPR (set JPEGXL_ENABLE_AVX512_SPR to enable it)
-- Disabled AVX512_ZEN4 (set JPEGXL_ENABLE_AVX512_ZEN4 to enable it)
-- Performing Test CMAKE_HAVE_LIBC_PTHREAD
-- Performing Test CMAKE_HAVE_LIBC_PTHREAD - Success
-- Found Threads: TRUE
-- Performing Test ATOMICS_LOCK_FREE_INSTRUCTIONS
-- Performing Test ATOMICS_LOCK_FREE_INSTRUCTIONS - Success
CMake Deprecation Warning at third_party/highway/CMakeLists.txt:28 (cmake_policy):
  The OLD behavior for policy CMP0111 will be removed from a future version
  of CMake.

  The cmake-policies(7) manual explains that the OLD behaviors of all
  policies are deprecated and that a policy should be set to OLD only under
  specific short-term circumstances.  Projects should be ported to the NEW
  behavior and not rely on setting a policy to OLD.


-- Performing Test HWY_EMSCRIPTEN
-- Performing Test HWY_EMSCRIPTEN - Failed
-- Performing Test HWY_RISCV
-- Performing Test HWY_RISCV - Failed
-- Looking for sys/auxv.h
-- Looking for sys/auxv.h - not found
-- Looking for asm/hwcap.h
-- Looking for asm/hwcap.h - not found
-- Build type is 'Release'
-- Performing Test BROTLI_EMSCRIPTEN
-- Performing Test BROTLI_EMSCRIPTEN - Failed
-- Compiler is not EMSCRIPTEN
-- Looking for log2
-- Looking for log2 - found
-- Found LCMS2: /opt/homebrew/lib/liblcms2.dylib (found suitable version "2.19", minimum required is "2.12")
-- Found ZLIB: /Applications/Xcode.app/Contents/Developer/Platforms/MacOSX.platform/Developer/SDKs/MacOSX.sdk/usr/lib/libz.tbd (found version "1.2.12")
-- Found PNG: /opt/homebrew/lib/libpng.dylib (found version "1.6.58")
-- Looking for __GLIBCXX__
-- Looking for __GLIBCXX__ - not found
-- Looking for _LIBCPP_VERSION
-- Looking for _LIBCPP_VERSION - found
-- Performing Test COMPILER_HAS_HIDDEN_VISIBILITY
-- Performing Test COMPILER_HAS_HIDDEN_VISIBILITY - Success
-- Performing Test COMPILER_HAS_HIDDEN_INLINE_VISIBILITY
-- Performing Test COMPILER_HAS_HIDDEN_INLINE_VISIBILITY - Success
-- Performing Test COMPILER_HAS_DEPRECATED_ATTR
-- Performing Test COMPILER_HAS_DEPRECATED_ATTR - Success
-- Performing Test LINKER_SUPPORT_EXCLUDE_LIBS
-- Performing Test LINKER_SUPPORT_EXCLUDE_LIBS - Failed
-- Found GIF: /opt/homebrew/lib/libgif.dylib (found suitable version "6.1.3", minimum required is "5.1")
-- Found JPEG: /opt/homebrew/lib/libjpeg.dylib (found version "80")
-- Building with JPEGXL_VERSION=332feb1 (auto-updated)
-- Building tools: cjxl;djxl;jxlinfo
-- Configuring done (66.3s)
-- Generating done (7.8s)
-- Build files have been written to: /Volumes/seed2/Projects/demuxe/build/catalogue-tools/libjxl-build
