{
  "passed": false,
  "wrong": [
    {
      "i": 12,
      "sourceIndex": 11,
      "hash": "4ac575942ff54b70698027b8aceac1b83a091dbc2d83c063627c2a85d1d69eac",
      "expected": "47ee9bba9a169b2a17a6cf7d140265ecafe5a21b5f34f53ee370a31b5d61ec56",
      "match": false
    },
    {
      "i": 13,
      "sourceIndex": 11,
      "hash": "ab67925e75080d36c8f5b1d3c6085e419aecb84a14c318786e7ec49f6ee68e41",
      "expected": "47ee9bba9a169b2a17a6cf7d140265ecafe5a21b5f34f53ee370a31b5d61ec56",
      "match": false
    },
    {
      "i": 14,
      "sourceIndex": 11,
      "hash": "13c7951d46f3c01674ca1eb5b54c6bf78bc92b434a7b9e05cf039dbb0b3c5b16",
      "expected": "47ee9bba9a169b2a17a6cf7d140265ecafe5a21b5f34f53ee370a31b5d61ec56",
      "match": false
    },
    {
      "i": 15,
      "sourceIndex": 11,
      "hash": "626fb027f5ad9a7f67f24572410ffc04bee41b04489bd0cda592548de9a43ca2",
      "expected": "47ee9bba9a169b2a17a6cf7d140265ecafe5a21b5f34f53ee370a31b5d61ec56",
      "match": false
    },
    {
      "i": 16,
      "sourceIndex": 11,
      "hash": "d110433bd34302af8fdcfeca9434eb66e62fce8b96ea7eaaee1d9a2fce04e98c",
      "expected": "47ee9bba9a169b2a17a6cf7d140265ecafe5a21b5f34f53ee370a31b5d61ec56",
      "match": false
    },
    {
      "i": 17,
      "sourceIndex": 11,
      "hash": "a38db875b31994f8b1955155e8a5d42a6d3abcd45afe9c0436e516b2a2c24496",
      "expected": "47ee9bba9a169b2a17a6cf7d140265ecafe5a21b5f34f53ee370a31b5d61ec56",
      "match": false
    },
    {
      "i": 18,
      "sourceIndex": 11,
      "hash": "b788a7c64a624e7321297d1654bc71f10f183b5edb8f2241e755649d48f2b34d",
      "expected": "47ee9bba9a169b2a17a6cf7d140265ecafe5a21b5f34f53ee370a31b5d61ec56",
      "match": false
    },
    {
      "i": 19,
      "sourceIndex": 11,
      "hash": "7c0b0128668e9a62bfe4a6e758ca746632050825dd4e33b538f1ce670cf6ba2d",
      "expected": "47ee9bba9a169b2a17a6cf7d140265ecafe5a21b5f34f53ee370a31b5d61ec56",
      "match": false
    },
    {
      "i": 20,
      "sourceIndex": 11,
      "hash": "225ba9d9ed49b8baad2a6a8ba5334d5c5ab38b18df2bd118fabe724ae3925f92",
      "expected": "47ee9bba9a169b2a17a6cf7d140265ecafe5a21b5f34f53ee370a31b5d61ec56",
      "match": false
    },
    {
      "i": 21,
      "sourceIndex": 11,
      "hash": "c1b6d26b590b3c1097caf33f7041d7d69497736928871b05dcac3ad1c36d33bd",
      "expected": "47ee9bba9a169b2a17a6cf7d140265ecafe5a21b5f34f53ee370a31b5d61ec56",
      "match": false
    },
    {
      "i": 22,
      "sourceIndex": 11,
      "hash": "28fb910364da7fc37c8ca9e88bcdc9e342cb3e82c92b5e21251443cae60ae9e6",
      "expected": "47ee9bba9a169b2a17a6cf7d140265ecafe5a21b5f34f53ee370a31b5d61ec56",
      "match": false
    }
  ],
  "seeks": [
    {
      "t": 2.8,
      "sourceIndex": 21,
      "hash": "f03cc40ed58b745f2af454af0241eb73a59324d586256c04af94ba1e49659f19",
      "match": true
    },
    {
      "t": 0.2,
      "sourceIndex": 2,
      "hash": "13c7951d46f3c01674ca1eb5b54c6bf78bc92b434a7b9e05cf039dbb0b3c5b16",
      "match": true
    },
    {
      "t": 1.5,
      "sourceIndex": 11,
      "hash": "b788a7c64a624e7321297d1654bc71f10f183b5edb8f2241e755649d48f2b34d",
      "match": false
    },
    {
      "t": 2.1,
      "sourceIndex": 13,
      "hash": "a37cdfc1d9f517d872830e4139e46fa46b4f4fbe68081b94dee835350733f5a3",
      "match": true
    }
  ],
  "duration": 2.916667
}
