srt direct 1 {"mode":"deadline","scheduler":"deadline","pixels":3319,"avChains":0,"time":1}
srt remux 1 {"mode":"deadline","scheduler":"deadline","pixels":3319,"avChains":0,"time":1}
mov_text direct 1 {"mode":"deadline","scheduler":"deadline","pixels":3319,"avChains":0,"time":1}
mov_text remux 1 {"mode":"deadline","scheduler":"deadline","pixels":3319,"avChains":0,"time":1}
static-ass direct 3.5 {"mode":"deadline","scheduler":"deadline","pixels":7139,"avChains":0,"time":3.5}
static-ass direct 4.5 {"mode":"deadline","scheduler":"deadline","pixels":7139,"avChains":0,"time":4.5}
static-ass direct 5.5 {"mode":"deadline","scheduler":"deadline","pixels":7139,"avChains":0,"time":5.5}
static-ass remux 3.5 {"mode":"deadline","scheduler":"deadline","pixels":7139,"avChains":0,"time":3.5}
static-ass remux 4.5 {"mode":"deadline","scheduler":"deadline","pixels":7139,"avChains":0,"time":4.5}
static-ass remux 5.5 {"mode":"deadline","scheduler":"deadline","pixels":7139,"avChains":0,"time":5.5}
mixed-ass direct 2 {"mode":"deadline","scheduler":"deadline","pixels":7648,"avChains":0,"time":2}
mixed-ass direct 4.5 {"mode":"animated","scheduler":"animated","pixels":6232,"avChains":0,"time":4.5}
mixed-ass direct 7.5 {"mode":"deadline","scheduler":"deadline","pixels":7648,"avChains":0,"time":7.5}
mixed-ass direct 10.5 {"mode":"animated","scheduler":"animated","pixels":6592,"avChains":0,"time":10.5}
mixed-ass direct 13.5 {"mode":"deadline","scheduler":"deadline","pixels":7648,"avChains":0,"time":13.5}
mixed-ass direct 16.5 {"mode":"animated","scheduler":"animated","pixels":17775,"avChains":0,"time":16.5}
mixed-ass direct 19.5 {"mode":"deadline","scheduler":"deadline","pixels":7648,"avChains":0,"time":19.5}
mixed-ass direct 22.5 {"mode":"animated","scheduler":"animated","pixels":10236,"avChains":0,"time":22.5}
mixed-ass direct 25.5 {"mode":"deadline","scheduler":"deadline","pixels":7648,"avChains":0,"time":25.5}
animation-progression direct {"fade":[{"pixels":6224,"alpha":517907,"red":433059,"green":433059,"centroidX":479.4728470437018},{"pixels":6235,"alpha":1526212,"red":450820,"green":450820,"centroidX":479.5137129109864}],"move":[{"pixels":6592,"alpha":1606376,"red":488134,"green":488134,"centroidX":128.5908677184466},{"pixels":6592,"alpha":1606376,"red":488134,"green":488134,"centroidX":344.5908677184466}],"transform":[{"pixels":14390,"alpha":3503536,"red":1051167,"green":1051167,"centroidX":479.0029186935372},{"pixels":27534,"alpha":6680738,"red":2676148,"green":2676148,"centroidX":479.00490302898237}],"karaoke":[{"pixels":10236,"alpha":2496651,"red":735627,"green":245422,"centroidX":478.25986713559985},{"pixels":10236,"alpha":2496651,"red":735627,"green":517376,"centroidX":478.25986713559985}]}
mixed-transition direct [{"time":3.859975,"mode":"deadline","renders":20},{"time":4.655289,"mode":"animated","renders":58},{"time":4.922326,"mode":"animated","renders":74},{"time":6.514374,"mode":"deadline","renders":139}]
mixed-ass remux 2 {"mode":"deadline","scheduler":"deadline","pixels":7648,"avChains":0,"time":2}
mixed-ass remux 4.5 {"mode":"animated","scheduler":"animated","pixels":6232,"avChains":0,"time":4.5}
mixed-ass remux 7.5 {"mode":"deadline","scheduler":"deadline","pixels":7648,"avChains":0,"time":7.5}
mixed-ass remux 10.5 {"mode":"animated","scheduler":"animated","pixels":6592,"avChains":0,"time":10.5}
mixed-ass remux 13.5 {"mode":"deadline","scheduler":"deadline","pixels":7648,"avChains":0,"time":13.5}
mixed-ass remux 16.5 {"mode":"animated","scheduler":"animated","pixels":17775,"avChains":0,"time":16.5}
mixed-ass remux 19.5 {"mode":"deadline","scheduler":"deadline","pixels":7648,"avChains":0,"time":19.5}
mixed-ass remux 22.5 {"mode":"animated","scheduler":"animated","pixels":10236,"avChains":0,"time":22.5}
mixed-ass remux 25.5 {"mode":"deadline","scheduler":"deadline","pixels":7648,"avChains":0,"time":25.5}
animation-progression remux {"fade":[{"pixels":6224,"alpha":517907,"red":433059,"green":433059,"centroidX":479.4728470437018},{"pixels":6235,"alpha":1526212,"red":450820,"green":450820,"centroidX":479.5137129109864}],"move":[{"pixels":6592,"alpha":1606376,"red":488134,"green":488134,"centroidX":128.5908677184466},{"pixels":6592,"alpha":1606376,"red":488134,"green":488134,"centroidX":344.5908677184466}],"transform":[{"pixels":14390,"alpha":3503536,"red":1051167,"green":1051167,"centroidX":479.0029186935372},{"pixels":27534,"alpha":6680738,"red":2676148,"green":2676148,"centroidX":479.00490302898237}],"karaoke":[{"pixels":10236,"alpha":2496651,"red":735627,"green":245422,"centroidX":478.25986713559985},{"pixels":10236,"alpha":2496651,"red":735627,"green":517376,"centroidX":478.25986713559985}]}
mixed-transition remux [{"time":3.8468169999999997,"mode":"deadline","renders":20},{"time":4.627717,"mode":"animated","renders":57},{"time":4.908209,"mode":"animated","renders":74},{"time":6.500694,"mode":"deadline","renders":139}]
large-ass direct 3.5 {"mode":"deadline","scheduler":"deadline","pixels":7139,"avChains":0,"time":3.5}
large-ass direct 11.5 {"mode":"deadline","scheduler":"deadline","pixels":0,"avChains":0,"time":11.5}
large-ass direct 30.5 {"mode":"deadline","scheduler":"deadline","pixels":5388,"avChains":0,"time":30.5}
large-ass direct 32.5 {"mode":"deadline","scheduler":"deadline","pixels":0,"avChains":0,"time":32.5}
large-ass remux 3.5 {"mode":"deadline","scheduler":"deadline","pixels":7139,"avChains":0,"time":3.5}
large-ass remux 11.5 {"mode":"deadline","scheduler":"deadline","pixels":0,"avChains":0,"time":11.5}
large-ass remux 30.5 {"mode":"deadline","scheduler":"deadline","pixels":5388,"avChains":0,"time":30.5}
large-ass remux 32.5 {"mode":"deadline","scheduler":"deadline","pixels":0,"avChains":0,"time":32.5}
pgs direct 1 {"mode":"deadline","scheduler":"deadline","pixels":18900,"avChains":0,"time":1}
pgs direct 2 {"mode":"deadline","scheduler":"deadline","pixels":18900,"avChains":0,"time":2}
pgs direct 3 {"mode":"deadline","scheduler":"deadline","pixels":18900,"avChains":0,"time":3}
pgs direct 4 {"mode":"deadline","scheduler":"deadline","pixels":18900,"avChains":0,"time":4}
pgs direct 5 {"mode":"deadline","scheduler":"deadline","pixels":18900,"avChains":0,"time":5}
pgs direct 6 {"mode":"deadline","scheduler":"deadline","pixels":18900,"avChains":0,"time":6}
bitmap-clear pgs direct {"before":{"renders":8,"mode":"deadline","pixels":18900,"time":34.751567,"visual":{"mode":"deadline","unstable":false,"next":35.3,"epoch":33},"service":{"stateUpdates":346,"nativeUpdateCalls":353,"fullRenders":11,"deadlineWakes":0}},"after":{"renders":9,"mode":"deadline","pixels":0,"time":35.813321,"visual":{"mode":"deadline","unstable":false,"next":null,"epoch":33},"service":{"stateUpdates":356,"nativeUpdateCalls":363,"fullRenders":12,"deadlineWakes":1}}}
pgs remux 1 {"mode":"deadline","scheduler":"deadline","pixels":18900,"avChains":0,"time":1}
pgs remux 2 {"mode":"deadline","scheduler":"deadline","pixels":18900,"avChains":0,"time":2}
pgs remux 3 {"mode":"deadline","scheduler":"deadline","pixels":18900,"avChains":0,"time":3}
pgs remux 4 {"mode":"deadline","scheduler":"deadline","pixels":18900,"avChains":0,"time":4}
pgs remux 5 {"mode":"deadline","scheduler":"deadline","pixels":18900,"avChains":0,"time":5}
pgs remux 6 {"mode":"deadline","scheduler":"deadline","pixels":18900,"avChains":0,"time":6}
bitmap-clear pgs remux {"before":{"renders":8,"mode":"deadline","pixels":18900,"time":34.741656,"visual":{"mode":"deadline","unstable":false,"next":35.3,"epoch":33},"service":{"stateUpdates":346,"nativeUpdateCalls":353,"fullRenders":11,"deadlineWakes":0}},"after":{"renders":9,"mode":"deadline","pixels":0,"time":35.803805,"visual":{"mode":"deadline","unstable":false,"next":null,"epoch":33},"service":{"stateUpdates":356,"nativeUpdateCalls":363,"fullRenders":12,"deadlineWakes":1}}}
vobsub direct 1 {"mode":"deadline","scheduler":"deadline","pixels":18900,"avChains":0,"time":1}
vobsub direct 33 {"mode":"deadline","scheduler":"deadline","pixels":18900,"avChains":0,"time":33}
vobsub direct 35.5 {"mode":"deadline","scheduler":"deadline","pixels":0,"avChains":0,"time":35.5}
bitmap-clear vobsub direct {"before":{"renders":4,"mode":"deadline","pixels":18900,"time":34.523337,"visual":{"mode":"deadline","unstable":false,"next":35.293,"epoch":16},"service":{"stateUpdates":17,"nativeUpdateCalls":21,"fullRenders":8,"deadlineWakes":0}},"after":{"renders":5,"mode":"deadline","pixels":0,"time":35.586313,"visual":{"mode":"deadline","unstable":false,"next":null,"epoch":16},"service":{"stateUpdates":27,"nativeUpdateCalls":31,"fullRenders":9,"deadlineWakes":1}}}
vobsub remux 1 {"mode":"deadline","scheduler":"deadline","pixels":18900,"avChains":0,"time":1}
vobsub remux 33 {"mode":"deadline","scheduler":"deadline","pixels":18900,"avChains":0,"time":33}
vobsub remux 35.5 {"mode":"deadline","scheduler":"deadline","pixels":0,"avChains":0,"time":35.5}
bitmap-clear vobsub remux {"before":{"renders":4,"mode":"deadline","pixels":18900,"time":34.52423,"visual":{"mode":"deadline","unstable":false,"next":35.293,"epoch":16},"service":{"stateUpdates":16,"nativeUpdateCalls":20,"fullRenders":8,"deadlineWakes":0}},"after":{"renders":5,"mode":"deadline","pixels":0,"time":35.587149,"visual":{"mode":"deadline","unstable":false,"next":null,"epoch":16},"service":{"stateUpdates":27,"nativeUpdateCalls":31,"fullRenders":9,"deadlineWakes":1}}}
