mixed-ass direct 2 {"mode":"deadline","scheduler":"deadline","pixels":7648,"avChains":0,"time":2}
mixed-ass direct 4.5 {"mode":"animated","scheduler":"animated","pixels":6232,"avChains":0,"time":4.5}
mixed-ass direct 7.5 {"mode":"deadline","scheduler":"deadline","pixels":7648,"avChains":0,"time":7.5}
mixed-ass direct 10.5 {"mode":"animated","scheduler":"animated","pixels":6592,"avChains":0,"time":10.5}
mixed-ass direct 13.5 {"mode":"deadline","scheduler":"deadline","pixels":7648,"avChains":0,"time":13.5}
mixed-ass direct 16.5 {"mode":"animated","scheduler":"animated","pixels":17775,"avChains":0,"time":16.5}
mixed-ass direct 19.5 {"mode":"deadline","scheduler":"deadline","pixels":7648,"avChains":0,"time":19.5}
mixed-ass direct 22.5 {"mode":"animated","scheduler":"animated","pixels":10236,"avChains":0,"time":22.5}
mixed-ass direct 25.5 {"mode":"deadline","scheduler":"deadline","pixels":7648,"avChains":0,"time":25.5}
animation-progression direct {"fade":[{"pixels":6224,"alpha":517907,"red":433059,"green":433059,"centroidX":479.4728470437018},{"pixels":6235,"alpha":1526212,"red":450820,"green":450820,"centroidX":479.5137129109864}],"move":[{"pixels":6592,"alpha":1606376,"red":488134,"green":488134,"centroidX":128.5908677184466},{"pixels":6592,"alpha":1606376,"red":488134,"green":488134,"centroidX":344.5908677184466}],"transform":[{"pixels":14390,"alpha":3503536,"red":1051167,"green":1051167,"centroidX":479.0029186935372},{"pixels":27534,"alpha":6680738,"red":2676148,"green":2676148,"centroidX":479.00490302898237}],"karaoke":[{"pixels":10236,"alpha":2496651,"red":735627,"green":245422,"centroidX":478.25986713559985},{"pixels":10236,"alpha":2496651,"red":735627,"green":517376,"centroidX":478.25986713559985}]}
mixed-transition direct [{"time":3.705371,"mode":"deadline","renders":20},{"time":4.629808,"mode":"animated","renders":40},{"time":5.082565,"mode":"animated","renders":56},{"time":6.492379,"mode":"deadline","renders":87}]
mixed-ass remux 2 {"mode":"deadline","scheduler":"deadline","pixels":7648,"avChains":0,"time":2}
mixed-ass remux 4.5 {"mode":"animated","scheduler":"animated","pixels":6232,"avChains":0,"time":4.5}
mixed-ass remux 7.5 {"mode":"deadline","scheduler":"deadline","pixels":7648,"avChains":0,"time":7.5}
mixed-ass remux 10.5 {"mode":"animated","scheduler":"animated","pixels":6592,"avChains":0,"time":10.5}
mixed-ass remux 13.5 {"mode":"deadline","scheduler":"deadline","pixels":7648,"avChains":0,"time":13.5}
mixed-ass remux 16.5 {"mode":"animated","scheduler":"animated","pixels":17775,"avChains":0,"time":16.5}
mixed-ass remux 19.5 {"mode":"deadline","scheduler":"deadline","pixels":7648,"avChains":0,"time":19.5}
mixed-ass remux 22.5 {"mode":"animated","scheduler":"animated","pixels":10236,"avChains":0,"time":22.5}
mixed-ass remux 25.5 {"mode":"deadline","scheduler":"deadline","pixels":7648,"avChains":0,"time":25.5}
animation-progression remux {"fade":[{"pixels":6224,"alpha":517907,"red":433059,"green":433059,"centroidX":479.4728470437018},{"pixels":6235,"alpha":1526212,"red":450820,"green":450820,"centroidX":479.5137129109864}],"move":[{"pixels":6592,"alpha":1606376,"red":488134,"green":488134,"centroidX":128.5908677184466},{"pixels":6592,"alpha":1606376,"red":488134,"green":488134,"centroidX":344.5908677184466}],"transform":[{"pixels":14390,"alpha":3503536,"red":1051167,"green":1051167,"centroidX":479.0029186935372},{"pixels":27534,"alpha":6680738,"red":2676148,"green":2676148,"centroidX":479.00490302898237}],"karaoke":[{"pixels":10236,"alpha":2496651,"red":735627,"green":245422,"centroidX":478.25986713559985},{"pixels":10236,"alpha":2496651,"red":735627,"green":517376,"centroidX":478.25986713559985}]}
mixed-transition remux [{"time":3.7143439999999996,"mode":"deadline","renders":21},{"time":4.639111,"mode":"animated","renders":41},{"time":4.909306,"mode":"animated","renders":51},{"time":6.5018,"mode":"deadline","renders":88}]
