["ffmpeg", "-nostdin", "-v", "error", "-y", "-f", "lavfi", "-i", "aevalsrc=0.21*sin(2*PI*997*t)|0.17*sin(2*PI*1301*t):s=48000:d=2", "-c:a", "flac", "research/shared/runs/20260919T_audio_shared_source_cost/source2.flac"]
["ffmpeg", "-nostdin", "-v", "error", "-y", "-i", "research/shared/runs/20260919T_audio_fanout/source.flac", "-ar", "32000", "-c:a", "pcm_f32le", "-f", "f32le", "research/shared/runs/20260919T_audio_shared_source_cost/ref1-32000.f32"]
["ffmpeg", "-nostdin", "-v", "error", "-y", "-i", "research/shared/runs/20260919T_audio_fanout/source.flac", "-ar", "44100", "-c:a", "pcm_f32le", "-f", "f32le", "research/shared/runs/20260919T_audio_shared_source_cost/ref1-44100.f32"]
["ffmpeg", "-nostdin", "-v", "error", "-y", "-i", "research/shared/runs/20260919T_audio_fanout/source.flac", "-ar", "48000", "-c:a", "pcm_f32le", "-f", "f32le", "research/shared/runs/20260919T_audio_shared_source_cost/ref1-48000.f32"]
["ffmpeg", "-nostdin", "-v", "error", "-y", "-i", "research/shared/runs/20260919T_audio_shared_source_cost/source2.flac", "-ar", "32000", "-c:a", "pcm_f32le", "-f", "f32le", "research/shared/runs/20260919T_audio_shared_source_cost/ref2-32000.f32"]
["ffmpeg", "-nostdin", "-v", "error", "-y", "-i", "research/shared/runs/20260919T_audio_shared_source_cost/source2.flac", "-ar", "44100", "-c:a", "pcm_f32le", "-f", "f32le", "research/shared/runs/20260919T_audio_shared_source_cost/ref2-44100.f32"]
["ffmpeg", "-nostdin", "-v", "error", "-y", "-i", "research/shared/runs/20260919T_audio_shared_source_cost/source2.flac", "-ar", "48000", "-c:a", "pcm_f32le", "-f", "f32le", "research/shared/runs/20260919T_audio_shared_source_cost/ref2-48000.f32"]
["ffmpeg", "-nostdin", "-v", "error", "-y", "-f", "f32le", "-ar", "48000", "-ac", "2", "-i", "pipe:0", "-ar", "32000", "-c:a", "pcm_f32le", "-f", "f32le", "research/shared/runs/20260919T_audio_shared_source_cost/normal-32000.f32"]
["ffmpeg", "-nostdin", "-v", "error", "-y", "-f", "f32le", "-ar", "48000", "-ac", "2", "-i", "pipe:0", "-ar", "44100", "-c:a", "pcm_f32le", "-f", "f32le", "research/shared/runs/20260919T_audio_shared_source_cost/normal-44100.f32"]
["ffmpeg", "-nostdin", "-v", "error", "-y", "-f", "f32le", "-ar", "48000", "-ac", "2", "-i", "pipe:0", "-ar", "48000", "-c:a", "pcm_f32le", "-f", "f32le", "research/shared/runs/20260919T_audio_shared_source_cost/normal-48000.f32"]
["ffmpeg", "-nostdin", "-v", "error", "-y", "-i", "research/shared/runs/20260919T_audio_fanout/source.flac", "-c:a", "pcm_f32le", "-f", "f32le", "pipe:1"]
["ffmpeg", "-nostdin", "-v", "error", "-y", "-f", "f32le", "-ar", "48000", "-ac", "2", "-i", "pipe:0", "-ar", "32000", "-c:a", "pcm_f32le", "-f", "f32le", "research/shared/runs/20260919T_audio_shared_source_cost/slow-32000.f32"]
["ffmpeg", "-nostdin", "-v", "error", "-y", "-f", "f32le", "-ar", "48000", "-ac", "2", "-i", "pipe:0", "-ar", "44100", "-c:a", "pcm_f32le", "-f", "f32le", "research/shared/runs/20260919T_audio_shared_source_cost/slow-44100.f32"]
["ffmpeg", "-nostdin", "-v", "error", "-y", "-f", "f32le", "-ar", "48000", "-ac", "2", "-i", "pipe:0", "-ar", "48000", "-c:a", "pcm_f32le", "-f", "f32le", "research/shared/runs/20260919T_audio_shared_source_cost/slow-48000.f32"]
["ffmpeg", "-nostdin", "-v", "error", "-y", "-i", "research/shared/runs/20260919T_audio_fanout/source.flac", "-c:a", "pcm_f32le", "-f", "f32le", "pipe:1"]
["ffmpeg", "-nostdin", "-v", "error", "-y", "-f", "f32le", "-ar", "48000", "-ac", "2", "-i", "pipe:0", "-ar", "32000", "-c:a", "pcm_f32le", "-f", "f32le", "research/shared/runs/20260919T_audio_shared_source_cost/old-32000.f32"]
["ffmpeg", "-nostdin", "-v", "error", "-y", "-f", "f32le", "-ar", "48000", "-ac", "2", "-i", "pipe:0", "-ar", "44100", "-c:a", "pcm_f32le", "-f", "f32le", "research/shared/runs/20260919T_audio_shared_source_cost/old-44100.f32"]
["ffmpeg", "-nostdin", "-v", "error", "-y", "-f", "f32le", "-ar", "48000", "-ac", "2", "-i", "pipe:0", "-ar", "48000", "-c:a", "pcm_f32le", "-f", "f32le", "research/shared/runs/20260919T_audio_shared_source_cost/old-48000.f32"]
["ffmpeg", "-nostdin", "-v", "error", "-y", "-i", "research/shared/runs/20260919T_audio_fanout/source.flac", "-c:a", "pcm_f32le", "-f", "f32le", "pipe:1"]
["ffmpeg", "-nostdin", "-v", "error", "-y", "-f", "f32le", "-ar", "48000", "-ac", "2", "-i", "pipe:0", "-ar", "32000", "-c:a", "pcm_f32le", "-f", "f32le", "research/shared/runs/20260919T_audio_shared_source_cost/new-32000.f32"]
["ffmpeg", "-nostdin", "-v", "error", "-y", "-f", "f32le", "-ar", "48000", "-ac", "2", "-i", "pipe:0", "-ar", "44100", "-c:a", "pcm_f32le", "-f", "f32le", "research/shared/runs/20260919T_audio_shared_source_cost/new-44100.f32"]
["ffmpeg", "-nostdin", "-v", "error", "-y", "-f", "f32le", "-ar", "48000", "-ac", "2", "-i", "pipe:0", "-ar", "48000", "-c:a", "pcm_f32le", "-f", "f32le", "research/shared/runs/20260919T_audio_shared_source_cost/new-48000.f32"]
["ffmpeg", "-nostdin", "-v", "error", "-y", "-i", "research/shared/runs/20260919T_audio_shared_source_cost/source2.flac", "-c:a", "pcm_f32le", "-f", "f32le", "pipe:1"]
["ffmpeg", "-nostdin", "-v", "error", "-y", "-f", "f32le", "-ar", "48000", "-ac", "2", "-i", "pipe:0", "-ar", "32000", "-c:a", "pcm_f32le", "-f", "f32le", "research/shared/runs/20260919T_audio_shared_source_cost/-1-candidate-32000.f32"]
["ffmpeg", "-nostdin", "-v", "error", "-y", "-f", "f32le", "-ar", "48000", "-ac", "2", "-i", "pipe:0", "-ar", "44100", "-c:a", "pcm_f32le", "-f", "f32le", "research/shared/runs/20260919T_audio_shared_source_cost/-1-candidate-44100.f32"]
["ffmpeg", "-nostdin", "-v", "error", "-y", "-f", "f32le", "-ar", "48000", "-ac", "2", "-i", "pipe:0", "-ar", "48000", "-c:a", "pcm_f32le", "-f", "f32le", "research/shared/runs/20260919T_audio_shared_source_cost/-1-candidate-48000.f32"]
["ffmpeg", "-nostdin", "-v", "error", "-y", "-i", "research/shared/runs/20260919T_audio_fanout/source.flac", "-c:a", "pcm_f32le", "-f", "f32le", "pipe:1"]
["ffmpeg", "-nostdin", "-v", "error", "-y", "-i", "research/shared/runs/20260919T_audio_fanout/source.flac", "-ar", "32000", "-c:a", "pcm_f32le", "-f", "f32le", "research/shared/runs/20260919T_audio_shared_source_cost/-1-baseline-32000.f32"]
["ffmpeg", "-nostdin", "-v", "error", "-y", "-i", "research/shared/runs/20260919T_audio_fanout/source.flac", "-ar", "44100", "-c:a", "pcm_f32le", "-f", "f32le", "research/shared/runs/20260919T_audio_shared_source_cost/-1-baseline-44100.f32"]
["ffmpeg", "-nostdin", "-v", "error", "-y", "-i", "research/shared/runs/20260919T_audio_fanout/source.flac", "-ar", "48000", "-c:a", "pcm_f32le", "-f", "f32le", "research/shared/runs/20260919T_audio_shared_source_cost/-1-baseline-48000.f32"]
["ffmpeg", "-nostdin", "-v", "error", "-y", "-i", "research/shared/runs/20260919T_audio_fanout/source.flac", "-ar", "32000", "-c:a", "pcm_f32le", "-f", "f32le", "research/shared/runs/20260919T_audio_shared_source_cost/0-baseline-32000.f32"]
["ffmpeg", "-nostdin", "-v", "error", "-y", "-i", "research/shared/runs/20260919T_audio_fanout/source.flac", "-ar", "44100", "-c:a", "pcm_f32le", "-f", "f32le", "research/shared/runs/20260919T_audio_shared_source_cost/0-baseline-44100.f32"]
["ffmpeg", "-nostdin", "-v", "error", "-y", "-i", "research/shared/runs/20260919T_audio_fanout/source.flac", "-ar", "48000", "-c:a", "pcm_f32le", "-f", "f32le", "research/shared/runs/20260919T_audio_shared_source_cost/0-baseline-48000.f32"]
["ffmpeg", "-nostdin", "-v", "error", "-y", "-f", "f32le", "-ar", "48000", "-ac", "2", "-i", "pipe:0", "-ar", "32000", "-c:a", "pcm_f32le", "-f", "f32le", "research/shared/runs/20260919T_audio_shared_source_cost/0-candidate-32000.f32"]
["ffmpeg", "-nostdin", "-v", "error", "-y", "-f", "f32le", "-ar", "48000", "-ac", "2", "-i", "pipe:0", "-ar", "44100", "-c:a", "pcm_f32le", "-f", "f32le", "research/shared/runs/20260919T_audio_shared_source_cost/0-candidate-44100.f32"]
["ffmpeg", "-nostdin", "-v", "error", "-y", "-f", "f32le", "-ar", "48000", "-ac", "2", "-i", "pipe:0", "-ar", "48000", "-c:a", "pcm_f32le", "-f", "f32le", "research/shared/runs/20260919T_audio_shared_source_cost/0-candidate-48000.f32"]
["ffmpeg", "-nostdin", "-v", "error", "-y", "-i", "research/shared/runs/20260919T_audio_fanout/source.flac", "-c:a", "pcm_f32le", "-f", "f32le", "pipe:1"]
["ffmpeg", "-nostdin", "-v", "error", "-y", "-f", "f32le", "-ar", "48000", "-ac", "2", "-i", "pipe:0", "-ar", "32000", "-c:a", "pcm_f32le", "-f", "f32le", "research/shared/runs/20260919T_audio_shared_source_cost/1-candidate-32000.f32"]
["ffmpeg", "-nostdin", "-v", "error", "-y", "-f", "f32le", "-ar", "48000", "-ac", "2", "-i", "pipe:0", "-ar", "44100", "-c:a", "pcm_f32le", "-f", "f32le", "research/shared/runs/20260919T_audio_shared_source_cost/1-candidate-44100.f32"]
["ffmpeg", "-nostdin", "-v", "error", "-y", "-f", "f32le", "-ar", "48000", "-ac", "2", "-i", "pipe:0", "-ar", "48000", "-c:a", "pcm_f32le", "-f", "f32le", "research/shared/runs/20260919T_audio_shared_source_cost/1-candidate-48000.f32"]
["ffmpeg", "-nostdin", "-v", "error", "-y", "-i", "research/shared/runs/20260919T_audio_fanout/source.flac", "-c:a", "pcm_f32le", "-f", "f32le", "pipe:1"]
["ffmpeg", "-nostdin", "-v", "error", "-y", "-i", "research/shared/runs/20260919T_audio_fanout/source.flac", "-ar", "32000", "-c:a", "pcm_f32le", "-f", "f32le", "research/shared/runs/20260919T_audio_shared_source_cost/1-baseline-32000.f32"]
["ffmpeg", "-nostdin", "-v", "error", "-y", "-i", "research/shared/runs/20260919T_audio_fanout/source.flac", "-ar", "44100", "-c:a", "pcm_f32le", "-f", "f32le", "research/shared/runs/20260919T_audio_shared_source_cost/1-baseline-44100.f32"]
["ffmpeg", "-nostdin", "-v", "error", "-y", "-i", "research/shared/runs/20260919T_audio_fanout/source.flac", "-ar", "48000", "-c:a", "pcm_f32le", "-f", "f32le", "research/shared/runs/20260919T_audio_shared_source_cost/1-baseline-48000.f32"]
["ffmpeg", "-nostdin", "-v", "error", "-y", "-i", "research/shared/runs/20260919T_audio_fanout/source.flac", "-ar", "32000", "-c:a", "pcm_f32le", "-f", "f32le", "research/shared/runs/20260919T_audio_shared_source_cost/2-baseline-32000.f32"]
["ffmpeg", "-nostdin", "-v", "error", "-y", "-i", "research/shared/runs/20260919T_audio_fanout/source.flac", "-ar", "44100", "-c:a", "pcm_f32le", "-f", "f32le", "research/shared/runs/20260919T_audio_shared_source_cost/2-baseline-44100.f32"]
["ffmpeg", "-nostdin", "-v", "error", "-y", "-i", "research/shared/runs/20260919T_audio_fanout/source.flac", "-ar", "48000", "-c:a", "pcm_f32le", "-f", "f32le", "research/shared/runs/20260919T_audio_shared_source_cost/2-baseline-48000.f32"]
["ffmpeg", "-nostdin", "-v", "error", "-y", "-f", "f32le", "-ar", "48000", "-ac", "2", "-i", "pipe:0", "-ar", "32000", "-c:a", "pcm_f32le", "-f", "f32le", "research/shared/runs/20260919T_audio_shared_source_cost/2-candidate-32000.f32"]
["ffmpeg", "-nostdin", "-v", "error", "-y", "-f", "f32le", "-ar", "48000", "-ac", "2", "-i", "pipe:0", "-ar", "44100", "-c:a", "pcm_f32le", "-f", "f32le", "research/shared/runs/20260919T_audio_shared_source_cost/2-candidate-44100.f32"]
["ffmpeg", "-nostdin", "-v", "error", "-y", "-f", "f32le", "-ar", "48000", "-ac", "2", "-i", "pipe:0", "-ar", "48000", "-c:a", "pcm_f32le", "-f", "f32le", "research/shared/runs/20260919T_audio_shared_source_cost/2-candidate-48000.f32"]
["ffmpeg", "-nostdin", "-v", "error", "-y", "-i", "research/shared/runs/20260919T_audio_fanout/source.flac", "-c:a", "pcm_f32le", "-f", "f32le", "pipe:1"]
["ffmpeg", "-nostdin", "-v", "error", "-y", "-f", "f32le", "-ar", "48000", "-ac", "2", "-i", "pipe:0", "-ar", "32000", "-c:a", "pcm_f32le", "-f", "f32le", "research/shared/runs/20260919T_audio_shared_source_cost/3-candidate-32000.f32"]
["ffmpeg", "-nostdin", "-v", "error", "-y", "-f", "f32le", "-ar", "48000", "-ac", "2", "-i", "pipe:0", "-ar", "44100", "-c:a", "pcm_f32le", "-f", "f32le", "research/shared/runs/20260919T_audio_shared_source_cost/3-candidate-44100.f32"]
["ffmpeg", "-nostdin", "-v", "error", "-y", "-f", "f32le", "-ar", "48000", "-ac", "2", "-i", "pipe:0", "-ar", "48000", "-c:a", "pcm_f32le", "-f", "f32le", "research/shared/runs/20260919T_audio_shared_source_cost/3-candidate-48000.f32"]
["ffmpeg", "-nostdin", "-v", "error", "-y", "-i", "research/shared/runs/20260919T_audio_fanout/source.flac", "-c:a", "pcm_f32le", "-f", "f32le", "pipe:1"]
["ffmpeg", "-nostdin", "-v", "error", "-y", "-i", "research/shared/runs/20260919T_audio_fanout/source.flac", "-ar", "32000", "-c:a", "pcm_f32le", "-f", "f32le", "research/shared/runs/20260919T_audio_shared_source_cost/3-baseline-32000.f32"]
["ffmpeg", "-nostdin", "-v", "error", "-y", "-i", "research/shared/runs/20260919T_audio_fanout/source.flac", "-ar", "44100", "-c:a", "pcm_f32le", "-f", "f32le", "research/shared/runs/20260919T_audio_shared_source_cost/3-baseline-44100.f32"]
["ffmpeg", "-nostdin", "-v", "error", "-y", "-i", "research/shared/runs/20260919T_audio_fanout/source.flac", "-ar", "48000", "-c:a", "pcm_f32le", "-f", "f32le", "research/shared/runs/20260919T_audio_shared_source_cost/3-baseline-48000.f32"]
["ffmpeg", "-nostdin", "-v", "error", "-y", "-i", "research/shared/runs/20260919T_audio_fanout/source.flac", "-ar", "32000", "-c:a", "pcm_f32le", "-f", "f32le", "research/shared/runs/20260919T_audio_shared_source_cost/4-baseline-32000.f32"]
["ffmpeg", "-nostdin", "-v", "error", "-y", "-i", "research/shared/runs/20260919T_audio_fanout/source.flac", "-ar", "44100", "-c:a", "pcm_f32le", "-f", "f32le", "research/shared/runs/20260919T_audio_shared_source_cost/4-baseline-44100.f32"]
["ffmpeg", "-nostdin", "-v", "error", "-y", "-i", "research/shared/runs/20260919T_audio_fanout/source.flac", "-ar", "48000", "-c:a", "pcm_f32le", "-f", "f32le", "research/shared/runs/20260919T_audio_shared_source_cost/4-baseline-48000.f32"]
["ffmpeg", "-nostdin", "-v", "error", "-y", "-f", "f32le", "-ar", "48000", "-ac", "2", "-i", "pipe:0", "-ar", "32000", "-c:a", "pcm_f32le", "-f", "f32le", "research/shared/runs/20260919T_audio_shared_source_cost/4-candidate-32000.f32"]
["ffmpeg", "-nostdin", "-v", "error", "-y", "-f", "f32le", "-ar", "48000", "-ac", "2", "-i", "pipe:0", "-ar", "44100", "-c:a", "pcm_f32le", "-f", "f32le", "research/shared/runs/20260919T_audio_shared_source_cost/4-candidate-44100.f32"]
["ffmpeg", "-nostdin", "-v", "error", "-y", "-f", "f32le", "-ar", "48000", "-ac", "2", "-i", "pipe:0", "-ar", "48000", "-c:a", "pcm_f32le", "-f", "f32le", "research/shared/runs/20260919T_audio_shared_source_cost/4-candidate-48000.f32"]
["ffmpeg", "-nostdin", "-v", "error", "-y", "-i", "research/shared/runs/20260919T_audio_fanout/source.flac", "-c:a", "pcm_f32le", "-f", "f32le", "pipe:1"]
